<?xml version="1.0"?>
<link_info>
   <banner>TMS320C6x Linker PC v8.2.2</banner>
   <copyright>Copyright (c) 1996-2017 Texas Instruments Incorporated</copyright>
   <link_time>0x5b5f5c8e</link_time>
   <link_errors>0x0</link_errors>
   <output_file>RME.out</output_file>
   <entry_point>
      <name>_c_int00</name>
      <address>0x8004df80</address>
   </entry_point>
   <input_file_list>
      <input_file id="fl-2">
         <path>.\Kernel\</path>
         <kind>object</kind>
         <file>rme_captbl.obj</file>
         <name>rme_captbl.obj</name>
      </input_file>
      <input_file id="fl-3">
         <path>.\Kernel\</path>
         <kind>object</kind>
         <file>rme_kernel.obj</file>
         <name>rme_kernel.obj</name>
      </input_file>
      <input_file id="fl-4">
         <path>.\Kernel\</path>
         <kind>object</kind>
         <file>rme_kotbl.obj</file>
         <name>rme_kotbl.obj</name>
      </input_file>
      <input_file id="fl-5">
         <path>.\Kernel\</path>
         <kind>object</kind>
         <file>rme_pgtbl.obj</file>
         <name>rme_pgtbl.obj</name>
      </input_file>
      <input_file id="fl-6">
         <path>.\Kernel\</path>
         <kind>object</kind>
         <file>rme_prcthd.obj</file>
         <name>rme_prcthd.obj</name>
      </input_file>
      <input_file id="fl-7">
         <path>.\Kernel\</path>
         <kind>object</kind>
         <file>rme_siginv.obj</file>
         <name>rme_siginv.obj</name>
      </input_file>
      <input_file id="fl-8">
         <path>.\Platform\</path>
         <kind>object</kind>
         <file>rme_platform_c66x.obj</file>
         <name>rme_platform_c66x.obj</name>
      </input_file>
      <input_file id="fl-9">
         <path>.\Platform\</path>
         <kind>object</kind>
         <file>rme_platform_c66x_asm.obj</file>
         <name>rme_platform_c66x_asm.obj</name>
      </input_file>
      <input_file id="fl-d">
         <kind>object</kind>
         <file>&lt;internal&gt;</file>
         <name>&lt;internal&gt;</name>
      </input_file>
      <input_file id="fl-27">
         <path>D:\Program_Files_x86\TI\ccs740\ccsv7\tools\compiler\ti-cgt-c6000_8.2.2\lib\</path>
         <kind>archive</kind>
         <file>rts6600_elf.lib</file>
         <name>boot.obj</name>
      </input_file>
      <input_file id="fl-28">
         <path>D:\Program_Files_x86\TI\ccs740\ccsv7\tools\compiler\ti-cgt-c6000_8.2.2\lib\</path>
         <kind>archive</kind>
         <file>rts6600_elf.lib</file>
         <name>copy_decompress_none.obj</name>
      </input_file>
      <input_file id="fl-29">
         <path>D:\Program_Files_x86\TI\ccs740\ccsv7\tools\compiler\ti-cgt-c6000_8.2.2\lib\</path>
         <kind>archive</kind>
         <file>rts6600_elf.lib</file>
         <name>copy_decompress_rle.obj</name>
      </input_file>
      <input_file id="fl-2a">
         <path>D:\Program_Files_x86\TI\ccs740\ccsv7\tools\compiler\ti-cgt-c6000_8.2.2\lib\</path>
         <kind>archive</kind>
         <file>rts6600_elf.lib</file>
         <name>copy_zero_init.obj</name>
      </input_file>
      <input_file id="fl-2b">
         <path>D:\Program_Files_x86\TI\ccs740\ccsv7\tools\compiler\ti-cgt-c6000_8.2.2\lib\</path>
         <kind>archive</kind>
         <file>rts6600_elf.lib</file>
         <name>divu.obj</name>
      </input_file>
      <input_file id="fl-2c">
         <path>D:\Program_Files_x86\TI\ccs740\ccsv7\tools\compiler\ti-cgt-c6000_8.2.2\lib\</path>
         <kind>archive</kind>
         <file>rts6600_elf.lib</file>
         <name>exit.obj</name>
      </input_file>
      <input_file id="fl-2d">
         <path>D:\Program_Files_x86\TI\ccs740\ccsv7\tools\compiler\ti-cgt-c6000_8.2.2\lib\</path>
         <kind>archive</kind>
         <file>rts6600_elf.lib</file>
         <name>memcpy64.obj</name>
      </input_file>
      <input_file id="fl-2e">
         <path>D:\Program_Files_x86\TI\ccs740\ccsv7\tools\compiler\ti-cgt-c6000_8.2.2\lib\</path>
         <kind>archive</kind>
         <file>rts6600_elf.lib</file>
         <name>memset.obj</name>
      </input_file>
      <input_file id="fl-2f">
         <path>D:\Program_Files_x86\TI\ccs740\ccsv7\tools\compiler\ti-cgt-c6000_8.2.2\lib\</path>
         <kind>archive</kind>
         <file>rts6600_elf.lib</file>
         <name>pre_init.obj</name>
      </input_file>
      <input_file id="fl-30">
         <path>D:\Program_Files_x86\TI\ccs740\ccsv7\tools\compiler\ti-cgt-c6000_8.2.2\lib\</path>
         <kind>archive</kind>
         <file>rts6600_elf.lib</file>
         <name>remu.obj</name>
      </input_file>
      <input_file id="fl-31">
         <path>D:\Program_Files_x86\TI\ccs740\ccsv7\tools\compiler\ti-cgt-c6000_8.2.2\lib\</path>
         <kind>archive</kind>
         <file>rts6600_elf.lib</file>
         <name>args_main.obj</name>
      </input_file>
      <input_file id="fl-32">
         <path>D:\Program_Files_x86\TI\ccs740\ccsv7\tools\compiler\ti-cgt-c6000_8.2.2\lib\</path>
         <kind>archive</kind>
         <file>rts6600_elf.lib</file>
         <name>autoinit.obj</name>
      </input_file>
      <input_file id="fl-33">
         <path>D:\Program_Files_x86\TI\ccs740\ccsv7\tools\compiler\ti-cgt-c6000_8.2.2\lib\</path>
         <kind>archive</kind>
         <file>rts6600_elf.lib</file>
         <name>cpy_tbl.obj</name>
      </input_file>
      <input_file id="fl-34">
         <path>D:\Program_Files_x86\TI\ccs740\ccsv7\tools\compiler\ti-cgt-c6000_8.2.2\lib\</path>
         <kind>archive</kind>
         <file>rts6600_elf.lib</file>
         <name>startup.obj</name>
      </input_file>
      <input_file id="fl-35">
         <path>D:\Program_Files_x86\TI\ccs740\ccsv7\tools\compiler\ti-cgt-c6000_8.2.2\lib\</path>
         <kind>archive</kind>
         <file>rts6600_elf.lib</file>
         <name>tls.obj</name>
      </input_file>
      <input_file id="fl-36">
         <path>D:\Program_Files_x86\TI\ccs740\ccsv7\tools\compiler\ti-cgt-c6000_8.2.2\lib\</path>
         <kind>archive</kind>
         <file>rts6600_elf.lib</file>
         <name>tls_get_tp.obj</name>
      </input_file>
   </input_file_list>
   <object_component_list>
      <object_component id="oc-1ba">
         <name>.cinit..KERNEL_STACK.load</name>
         <load_address>0x84000000</load_address>
         <run_address>0x84000000</run_address>
         <size>0xd</size>
      </object_component>
      <object_component id="oc-1b8">
         <name>__TI_handler_table</name>
         <load_address>0x84000010</load_address>
         <run_address>0x84000010</run_address>
         <size>0x8</size>
      </object_component>
      <object_component id="oc-1b9">
         <name>__TI_cinit_table</name>
         <load_address>0x84000018</load_address>
         <run_address>0x84000018</run_address>
         <size>0x8</size>
      </object_component>
      <object_component id="oc-74">
         <name>.data</name>
         <load_address>0x80000000</load_address>
         <run_address>0x80000000</run_address>
         <size>0x20000</size>
         <input_file_ref idref="fl-9"/>
      </object_component>
      <object_component id="oc-4c">
         <name>.stack</name>
         <load_address>0x80020000</load_address>
         <run_address>0x80020000</run_address>
         <size>0x20</size>
         <input_file_ref idref="fl-9"/>
      </object_component>
      <object_component id="oc-e7">
         <name>.text</name>
         <load_address>0x80040000</load_address>
         <run_address>0x80040000</run_address>
         <size>0x46c0</size>
         <input_file_ref idref="fl-6"/>
      </object_component>
      <object_component id="oc-ad">
         <name>.text</name>
         <load_address>0x800446c0</load_address>
         <run_address>0x800446c0</run_address>
         <size>0x2b00</size>
         <input_file_ref idref="fl-8"/>
      </object_component>
      <object_component id="oc-ff">
         <name>.text</name>
         <load_address>0x800471c0</load_address>
         <run_address>0x800471c0</run_address>
         <size>0x1f60</size>
         <input_file_ref idref="fl-7"/>
      </object_component>
      <object_component id="oc-f9">
         <name>.text</name>
         <load_address>0x80049120</load_address>
         <run_address>0x80049120</run_address>
         <size>0x1e80</size>
         <input_file_ref idref="fl-5"/>
      </object_component>
      <object_component id="oc-ed">
         <name>.text</name>
         <load_address>0x8004afa0</load_address>
         <run_address>0x8004afa0</run_address>
         <size>0x1700</size>
         <input_file_ref idref="fl-3"/>
      </object_component>
      <object_component id="oc-f3">
         <name>.text</name>
         <load_address>0x8004c6a0</load_address>
         <run_address>0x8004c6a0</run_address>
         <size>0x1580</size>
         <input_file_ref idref="fl-2"/>
      </object_component>
      <object_component id="oc-87">
         <name>.text:_auto_init_elf</name>
         <load_address>0x8004dc20</load_address>
         <run_address>0x8004dc20</run_address>
         <size>0x160</size>
         <input_file_ref idref="fl-32"/>
      </object_component>
      <object_component id="oc-5c">
         <name>.text:__TI_decompress_rle_core</name>
         <load_address>0x8004dd80</load_address>
         <run_address>0x8004dd80</run_address>
         <size>0x100</size>
         <input_file_ref idref="fl-29"/>
      </object_component>
      <object_component id="oc-c1">
         <name>.text:copy_in</name>
         <load_address>0x8004de80</load_address>
         <run_address>0x8004de80</run_address>
         <size>0x100</size>
         <input_file_ref idref="fl-33"/>
      </object_component>
      <object_component id="oc-46">
         <name>.text:_c_int00</name>
         <load_address>0x8004df80</load_address>
         <run_address>0x8004df80</run_address>
         <size>0x80</size>
         <input_file_ref idref="fl-27"/>
      </object_component>
      <object_component id="oc-e2">
         <name>.text</name>
         <load_address>0x8004e000</load_address>
         <run_address>0x8004e000</run_address>
         <size>0x6e0</size>
         <input_file_ref idref="fl-9"/>
      </object_component>
      <object_component id="oc-135">
         <name>.text</name>
         <load_address>0x8004e6e0</load_address>
         <run_address>0x8004e6e0</run_address>
         <size>0x580</size>
         <input_file_ref idref="fl-4"/>
      </object_component>
      <object_component id="oc-7b">
         <name>.text:exit</name>
         <load_address>0x8004ec60</load_address>
         <run_address>0x8004ec60</run_address>
         <size>0xe0</size>
         <input_file_ref idref="fl-2c"/>
      </object_component>
      <object_component id="oc-68">
         <name>.text:memset</name>
         <load_address>0x8004ed40</load_address>
         <run_address>0x8004ed40</run_address>
         <size>0xe0</size>
         <input_file_ref idref="fl-2e"/>
      </object_component>
      <object_component id="oc-dd">
         <name>.text:__divu</name>
         <load_address>0x8004ee20</load_address>
         <run_address>0x8004ee20</run_address>
         <size>0xc0</size>
         <input_file_ref idref="fl-2b"/>
      </object_component>
      <object_component id="oc-cd">
         <name>.text:tls:init:__TI_tls_init</name>
         <load_address>0x8004eee0</load_address>
         <run_address>0x8004eee0</run_address>
         <size>0xc0</size>
         <input_file_ref idref="fl-35"/>
      </object_component>
      <object_component id="oc-143">
         <name>.text:__remu</name>
         <load_address>0x8004efa0</load_address>
         <run_address>0x8004efa0</run_address>
         <size>0xa0</size>
         <input_file_ref idref="fl-30"/>
      </object_component>
      <object_component id="oc-50">
         <name>.text:memcpy</name>
         <load_address>0x8004f040</load_address>
         <run_address>0x8004f040</run_address>
         <size>0xa0</size>
         <input_file_ref idref="fl-2d"/>
      </object_component>
      <object_component id="oc-75">
         <name>.text:_args_main</name>
         <load_address>0x8004f0e0</load_address>
         <run_address>0x8004f0e0</run_address>
         <size>0x40</size>
         <input_file_ref idref="fl-31"/>
      </object_component>
      <object_component id="oc-c7">
         <name>.text:_system_post_cinit</name>
         <load_address>0x8004f120</load_address>
         <run_address>0x8004f120</run_address>
         <size>0x20</size>
         <input_file_ref idref="fl-34"/>
      </object_component>
      <object_component id="oc-81">
         <name>.text:_system_pre_init</name>
         <load_address>0x8004f140</load_address>
         <run_address>0x8004f140</run_address>
         <size>0x20</size>
         <input_file_ref idref="fl-2f"/>
      </object_component>
      <object_component id="oc-b8">
         <name>.text:abort</name>
         <load_address>0x8004f160</load_address>
         <run_address>0x8004f160</run_address>
         <size>0x20</size>
         <input_file_ref idref="fl-2c"/>
      </object_component>
      <object_component id="oc-34">
         <name>.text:decompress:none:__TI_decompress_none</name>
         <load_address>0x8004f180</load_address>
         <run_address>0x8004f180</run_address>
         <size>0x20</size>
         <input_file_ref idref="fl-28"/>
      </object_component>
      <object_component id="oc-3a">
         <name>.text:decompress:rle24:__TI_decompress_rle24</name>
         <load_address>0x8004f1a0</load_address>
         <run_address>0x8004f1a0</run_address>
         <size>0x20</size>
         <input_file_ref idref="fl-29"/>
      </object_component>
      <object_component id="oc-4d">
         <name>.stack</name>
         <load_address>0x8004f1c0</load_address>
         <run_address>0x8004f1c0</run_address>
         <size>0x8</size>
         <input_file_ref idref="fl-27"/>
      </object_component>
      <object_component id="oc-10b">
         <name>.const:.string</name>
         <load_address>0x8004f1c8</load_address>
         <run_address>0x8004f1c8</run_address>
         <size>0x164</size>
         <input_file_ref idref="fl-8"/>
      </object_component>
      <object_component id="oc-149">
         <name>.const:.string</name>
         <load_address>0x8004f32c</load_address>
         <run_address>0x8004f32c</run_address>
         <size>0x94</size>
         <input_file_ref idref="fl-2"/>
      </object_component>
      <object_component id="oc-141">
         <name>.const:.string</name>
         <load_address>0x8004f3c0</load_address>
         <run_address>0x8004f3c0</run_address>
         <size>0x94</size>
         <input_file_ref idref="fl-3"/>
      </object_component>
      <object_component id="oc-151">
         <name>.const:.string</name>
         <load_address>0x8004f454</load_address>
         <run_address>0x8004f454</run_address>
         <size>0x94</size>
         <input_file_ref idref="fl-5"/>
      </object_component>
      <object_component id="oc-13b">
         <name>.const:.string</name>
         <load_address>0x8004f4e8</load_address>
         <run_address>0x8004f4e8</run_address>
         <size>0x94</size>
         <input_file_ref idref="fl-6"/>
      </object_component>
      <object_component id="oc-154">
         <name>.const:.string</name>
         <load_address>0x8004f57c</load_address>
         <run_address>0x8004f57c</run_address>
         <size>0x94</size>
         <input_file_ref idref="fl-7"/>
      </object_component>
      <object_component id="oc-142">
         <name>.switch:_RME_Svc_Handler</name>
         <load_address>0x8004f610</load_address>
         <run_address>0x8004f610</run_address>
         <size>0x84</size>
         <input_file_ref idref="fl-3"/>
      </object_component>
      <object_component id="oc-10f">
         <name>.switch:__RME_C66X_Generic_Handler</name>
         <load_address>0x8004f694</load_address>
         <run_address>0x8004f694</run_address>
         <size>0x48</size>
         <input_file_ref idref="fl-8"/>
      </object_component>
      <object_component id="oc-155">
         <name>.switch:_RME_Sig_Rcv</name>
         <load_address>0x8004f6dc</load_address>
         <run_address>0x8004f6dc</run_address>
         <size>0x10</size>
         <input_file_ref idref="fl-7"/>
      </object_component>
      <object_component id="oc-18a">
         <name>.far:RME_Kotbl</name>
         <load_address>0x8004f6f0</load_address>
         <run_address>0x8004f6f0</run_address>
         <size>0x7e000</size>
         <input_file_ref idref="fl-4"/>
      </object_component>
      <object_component id="oc-108">
         <name>.common:RME_C66X_CPU_Local</name>
         <load_address>0x800cd6f0</load_address>
         <run_address>0x800cd6f0</run_address>
         <size>0x8a0</size>
      </object_component>
      <object_component id="oc-10c">
         <name>.far:__RME_C66X_Boot_Done</name>
         <load_address>0x800cdf90</load_address>
         <run_address>0x800cdf90</run_address>
         <size>0x20</size>
         <input_file_ref idref="fl-8"/>
      </object_component>
      <object_component id="oc-13c">
         <name>.common:RME_Timestamp</name>
         <load_address>0x800cdfb0</load_address>
         <run_address>0x800cdfb0</run_address>
         <size>0x4</size>
      </object_component>
      <object_component id="oc-105">
         <name>.far</name>
         <load_address>0x800cdfb4</load_address>
         <run_address>0x800cdfb4</run_address>
         <size>0x4</size>
         <input_file_ref idref="fl-8"/>
      </object_component>
      <object_component id="oc-b5">
         <name>.fardata</name>
         <load_address>0x800cdfb8</load_address>
         <run_address>0x800cdfb8</run_address>
         <size>0xc</size>
         <input_file_ref idref="fl-2c"/>
      </object_component>
      <object_component id="oc-150">
         <name>.debug_info</name>
         <load_address>0x0</load_address>
         <run_address>0x0</run_address>
         <size>0x831</size>
         <input_file_ref idref="fl-2"/>
      </object_component>
      <object_component id="oc-f5">
         <name>.debug_info</name>
         <load_address>0x831</load_address>
         <run_address>0x831</run_address>
         <size>0x1700</size>
         <input_file_ref idref="fl-2"/>
      </object_component>
      <object_component id="oc-14b">
         <name>.debug_info</name>
         <load_address>0x1f31</load_address>
         <run_address>0x1f31</run_address>
         <size>0x8f5</size>
         <input_file_ref idref="fl-2"/>
      </object_component>
      <object_component id="oc-161">
         <name>.debug_info</name>
         <load_address>0x2826</load_address>
         <run_address>0x2826</run_address>
         <size>0x11e</size>
         <input_file_ref idref="fl-2"/>
      </object_component>
      <object_component id="oc-190">
         <name>.debug_info</name>
         <load_address>0x2944</load_address>
         <run_address>0x2944</run_address>
         <size>0xb3</size>
         <input_file_ref idref="fl-2"/>
      </object_component>
      <object_component id="oc-166">
         <name>.debug_info</name>
         <load_address>0x29f7</load_address>
         <run_address>0x29f7</run_address>
         <size>0x7d</size>
         <input_file_ref idref="fl-2"/>
      </object_component>
      <object_component id="oc-99">
         <name>.debug_info</name>
         <load_address>0x2a74</load_address>
         <run_address>0x2a74</run_address>
         <size>0xb2</size>
         <input_file_ref idref="fl-2"/>
      </object_component>
      <object_component id="oc-13d">
         <name>.debug_info</name>
         <load_address>0x2b26</load_address>
         <run_address>0x2b26</run_address>
         <size>0x141f</size>
         <input_file_ref idref="fl-3"/>
      </object_component>
      <object_component id="oc-ee">
         <name>.debug_info</name>
         <load_address>0x3f45</load_address>
         <run_address>0x3f45</run_address>
         <size>0x2a57</size>
         <input_file_ref idref="fl-3"/>
      </object_component>
      <object_component id="oc-15c">
         <name>.debug_info</name>
         <load_address>0x699c</load_address>
         <run_address>0x699c</run_address>
         <size>0x387</size>
         <input_file_ref idref="fl-3"/>
      </object_component>
      <object_component id="oc-16b">
         <name>.debug_info</name>
         <load_address>0x6d23</load_address>
         <run_address>0x6d23</run_address>
         <size>0x16f</size>
         <input_file_ref idref="fl-3"/>
      </object_component>
      <object_component id="oc-111">
         <name>.debug_info</name>
         <load_address>0x6e92</load_address>
         <run_address>0x6e92</run_address>
         <size>0x8eb</size>
         <input_file_ref idref="fl-3"/>
      </object_component>
      <object_component id="oc-1a0">
         <name>.debug_info</name>
         <load_address>0x777d</load_address>
         <run_address>0x777d</run_address>
         <size>0x665</size>
         <input_file_ref idref="fl-4"/>
      </object_component>
      <object_component id="oc-18b">
         <name>.debug_info</name>
         <load_address>0x7de2</load_address>
         <run_address>0x7de2</run_address>
         <size>0x11f</size>
         <input_file_ref idref="fl-4"/>
      </object_component>
      <object_component id="oc-138">
         <name>.debug_info</name>
         <load_address>0x7f01</load_address>
         <run_address>0x7f01</run_address>
         <size>0x625</size>
         <input_file_ref idref="fl-4"/>
      </object_component>
      <object_component id="oc-153">
         <name>.debug_info</name>
         <load_address>0x8526</load_address>
         <run_address>0x8526</run_address>
         <size>0xa2b</size>
         <input_file_ref idref="fl-5"/>
      </object_component>
      <object_component id="oc-fb">
         <name>.debug_info</name>
         <load_address>0x8f51</load_address>
         <run_address>0x8f51</run_address>
         <size>0x2220</size>
         <input_file_ref idref="fl-5"/>
      </object_component>
      <object_component id="oc-140">
         <name>.debug_info</name>
         <load_address>0xb171</load_address>
         <run_address>0xb171</run_address>
         <size>0xb92</size>
         <input_file_ref idref="fl-6"/>
      </object_component>
      <object_component id="oc-e9">
         <name>.debug_info</name>
         <load_address>0xbd03</load_address>
         <run_address>0xbd03</run_address>
         <size>0x4f96</size>
         <input_file_ref idref="fl-6"/>
      </object_component>
      <object_component id="oc-157">
         <name>.debug_info</name>
         <load_address>0x10c99</load_address>
         <run_address>0x10c99</run_address>
         <size>0xbae</size>
         <input_file_ref idref="fl-7"/>
      </object_component>
      <object_component id="oc-100">
         <name>.debug_info</name>
         <load_address>0x11847</load_address>
         <run_address>0x11847</run_address>
         <size>0x25aa</size>
         <input_file_ref idref="fl-7"/>
      </object_component>
      <object_component id="oc-109">
         <name>.debug_info</name>
         <load_address>0x13df1</load_address>
         <run_address>0x13df1</run_address>
         <size>0xf0e</size>
         <input_file_ref idref="fl-8"/>
      </object_component>
      <object_component id="oc-106">
         <name>.debug_info</name>
         <load_address>0x14cff</load_address>
         <run_address>0x14cff</run_address>
         <size>0x13d</size>
         <input_file_ref idref="fl-8"/>
      </object_component>
      <object_component id="oc-10d">
         <name>.debug_info</name>
         <load_address>0x14e3c</load_address>
         <run_address>0x14e3c</run_address>
         <size>0x145</size>
         <input_file_ref idref="fl-8"/>
      </object_component>
      <object_component id="oc-ae">
         <name>.debug_info</name>
         <load_address>0x14f81</load_address>
         <run_address>0x14f81</run_address>
         <size>0x5425</size>
         <input_file_ref idref="fl-8"/>
      </object_component>
      <object_component id="oc-e3">
         <name>.debug_info</name>
         <load_address>0x1a3a6</load_address>
         <run_address>0x1a3a6</run_address>
         <size>0x1d0</size>
         <input_file_ref idref="fl-9"/>
      </object_component>
      <object_component id="oc-90">
         <name>.debug_info</name>
         <load_address>0x1a576</load_address>
         <run_address>0x1a576</run_address>
         <size>0x5d6</size>
         <input_file_ref idref="fl-27"/>
      </object_component>
      <object_component id="oc-4e">
         <name>.debug_info</name>
         <load_address>0x1ab4c</load_address>
         <run_address>0x1ab4c</run_address>
         <size>0xed</size>
         <input_file_ref idref="fl-27"/>
      </object_component>
      <object_component id="oc-48">
         <name>.debug_info</name>
         <load_address>0x1ac39</load_address>
         <run_address>0x1ac39</run_address>
         <size>0x17a</size>
         <input_file_ref idref="fl-27"/>
      </object_component>
      <object_component id="oc-5b">
         <name>.debug_info</name>
         <load_address>0x1adb3</load_address>
         <run_address>0x1adb3</run_address>
         <size>0x5ab</size>
         <input_file_ref idref="fl-28"/>
      </object_component>
      <object_component id="oc-36">
         <name>.debug_info</name>
         <load_address>0x1b35e</load_address>
         <run_address>0x1b35e</run_address>
         <size>0x1c4</size>
         <input_file_ref idref="fl-28"/>
      </object_component>
      <object_component id="oc-56">
         <name>.debug_info</name>
         <load_address>0x1b522</load_address>
         <run_address>0x1b522</run_address>
         <size>0x46</size>
         <input_file_ref idref="fl-28"/>
      </object_component>
      <object_component id="oc-92">
         <name>.debug_info</name>
         <load_address>0x1b568</load_address>
         <run_address>0x1b568</run_address>
         <size>0x2c</size>
         <input_file_ref idref="fl-28"/>
      </object_component>
      <object_component id="oc-9f">
         <name>.debug_info</name>
         <load_address>0x1b594</load_address>
         <run_address>0x1b594</run_address>
         <size>0x595</size>
         <input_file_ref idref="fl-29"/>
      </object_component>
      <object_component id="oc-5d">
         <name>.debug_info</name>
         <load_address>0x1bb29</load_address>
         <run_address>0x1bb29</run_address>
         <size>0x24c</size>
         <input_file_ref idref="fl-29"/>
      </object_component>
      <object_component id="oc-3b">
         <name>.debug_info</name>
         <load_address>0x1bd75</load_address>
         <run_address>0x1bd75</run_address>
         <size>0x1a9</size>
         <input_file_ref idref="fl-29"/>
      </object_component>
      <object_component id="oc-63">
         <name>.debug_info</name>
         <load_address>0x1bf1e</load_address>
         <run_address>0x1bf1e</run_address>
         <size>0x46</size>
         <input_file_ref idref="fl-29"/>
      </object_component>
      <object_component id="oc-a7">
         <name>.debug_info</name>
         <load_address>0x1bf64</load_address>
         <run_address>0x1bf64</run_address>
         <size>0x2c</size>
         <input_file_ref idref="fl-29"/>
      </object_component>
      <object_component id="oc-a0">
         <name>.debug_info</name>
         <load_address>0x1bf90</load_address>
         <run_address>0x1bf90</run_address>
         <size>0x39</size>
         <input_file_ref idref="fl-29"/>
      </object_component>
      <object_component id="oc-df">
         <name>.debug_info</name>
         <load_address>0x1bfc9</load_address>
         <run_address>0x1bfc9</run_address>
         <size>0x10c</size>
         <input_file_ref idref="fl-2b"/>
      </object_component>
      <object_component id="oc-bf">
         <name>.debug_info</name>
         <load_address>0x1c0d5</load_address>
         <run_address>0x1c0d5</run_address>
         <size>0x5bf</size>
         <input_file_ref idref="fl-2c"/>
      </object_component>
      <object_component id="oc-b6">
         <name>.debug_info</name>
         <load_address>0x1c694</load_address>
         <run_address>0x1c694</run_address>
         <size>0x17d</size>
         <input_file_ref idref="fl-2c"/>
      </object_component>
      <object_component id="oc-b9">
         <name>.debug_info</name>
         <load_address>0x1c811</load_address>
         <run_address>0x1c811</run_address>
         <size>0x10f</size>
         <input_file_ref idref="fl-2c"/>
      </object_component>
      <object_component id="oc-7c">
         <name>.debug_info</name>
         <load_address>0x1c920</load_address>
         <run_address>0x1c920</run_address>
         <size>0x16f</size>
         <input_file_ref idref="fl-2c"/>
      </object_component>
      <object_component id="oc-51">
         <name>.debug_info</name>
         <load_address>0x1ca8f</load_address>
         <run_address>0x1ca8f</run_address>
         <size>0x119</size>
         <input_file_ref idref="fl-2d"/>
      </object_component>
      <object_component id="oc-a6">
         <name>.debug_info</name>
         <load_address>0x1cba8</load_address>
         <run_address>0x1cba8</run_address>
         <size>0x674</size>
         <input_file_ref idref="fl-2e"/>
      </object_component>
      <object_component id="oc-69">
         <name>.debug_info</name>
         <load_address>0x1d21c</load_address>
         <run_address>0x1d21c</run_address>
         <size>0x21e</size>
         <input_file_ref idref="fl-2e"/>
      </object_component>
      <object_component id="oc-82">
         <name>.debug_info</name>
         <load_address>0x1d43a</load_address>
         <run_address>0x1d43a</run_address>
         <size>0x140</size>
         <input_file_ref idref="fl-2f"/>
      </object_component>
      <object_component id="oc-144">
         <name>.debug_info</name>
         <load_address>0x1d57a</load_address>
         <run_address>0x1d57a</run_address>
         <size>0x10c</size>
         <input_file_ref idref="fl-30"/>
      </object_component>
      <object_component id="oc-b4">
         <name>.debug_info</name>
         <load_address>0x1d686</load_address>
         <run_address>0x1d686</run_address>
         <size>0x5cc</size>
         <input_file_ref idref="fl-31"/>
      </object_component>
      <object_component id="oc-76">
         <name>.debug_info</name>
         <load_address>0x1dc52</load_address>
         <run_address>0x1dc52</run_address>
         <size>0x15f</size>
         <input_file_ref idref="fl-31"/>
      </object_component>
      <object_component id="oc-118">
         <name>.debug_info</name>
         <load_address>0x1ddb1</load_address>
         <run_address>0x1ddb1</run_address>
         <size>0x5e</size>
         <input_file_ref idref="fl-31"/>
      </object_component>
      <object_component id="oc-d4">
         <name>.debug_info</name>
         <load_address>0x1de0f</load_address>
         <run_address>0x1de0f</run_address>
         <size>0x79e</size>
         <input_file_ref idref="fl-32"/>
      </object_component>
      <object_component id="oc-8a">
         <name>.debug_info</name>
         <load_address>0x1e5ad</load_address>
         <run_address>0x1e5ad</run_address>
         <size>0x1bc</size>
         <input_file_ref idref="fl-32"/>
      </object_component>
      <object_component id="oc-129">
         <name>.debug_info</name>
         <load_address>0x1e769</load_address>
         <run_address>0x1e769</run_address>
         <size>0x39</size>
         <input_file_ref idref="fl-32"/>
      </object_component>
      <object_component id="oc-185">
         <name>.debug_info</name>
         <load_address>0x1e7a2</load_address>
         <run_address>0x1e7a2</run_address>
         <size>0x39</size>
         <input_file_ref idref="fl-32"/>
      </object_component>
      <object_component id="oc-12e">
         <name>.debug_info</name>
         <load_address>0x1e7db</load_address>
         <run_address>0x1e7db</run_address>
         <size>0xcd</size>
         <input_file_ref idref="fl-32"/>
      </object_component>
      <object_component id="oc-123">
         <name>.debug_info</name>
         <load_address>0x1e8a8</load_address>
         <run_address>0x1e8a8</run_address>
         <size>0x650</size>
         <input_file_ref idref="fl-33"/>
      </object_component>
      <object_component id="oc-c2">
         <name>.debug_info</name>
         <load_address>0x1eef8</load_address>
         <run_address>0x1eef8</run_address>
         <size>0x194</size>
         <input_file_ref idref="fl-33"/>
      </object_component>
      <object_component id="oc-174">
         <name>.debug_info</name>
         <load_address>0x1f08c</load_address>
         <run_address>0x1f08c</run_address>
         <size>0x2c</size>
         <input_file_ref idref="fl-33"/>
      </object_component>
      <object_component id="oc-cb">
         <name>.debug_info</name>
         <load_address>0x1f0b8</load_address>
         <run_address>0x1f0b8</run_address>
         <size>0x13d</size>
         <input_file_ref idref="fl-34"/>
      </object_component>
      <object_component id="oc-126">
         <name>.debug_info</name>
         <load_address>0x1f1f5</load_address>
         <run_address>0x1f1f5</run_address>
         <size>0x744</size>
         <input_file_ref idref="fl-35"/>
      </object_component>
      <object_component id="oc-cf">
         <name>.debug_info</name>
         <load_address>0x1f939</load_address>
         <run_address>0x1f939</run_address>
         <size>0x207</size>
         <input_file_ref idref="fl-35"/>
      </object_component>
      <object_component id="oc-17b">
         <name>.debug_info</name>
         <load_address>0x1fb40</load_address>
         <run_address>0x1fb40</run_address>
         <size>0x2c</size>
         <input_file_ref idref="fl-35"/>
      </object_component>
      <object_component id="oc-180">
         <name>.debug_info</name>
         <load_address>0x1fb6c</load_address>
         <run_address>0x1fb6c</run_address>
         <size>0x39</size>
         <input_file_ref idref="fl-35"/>
      </object_component>
      <object_component id="oc-1bc">
         <name>.debug_info</name>
         <load_address>0x1fba5</load_address>
         <run_address>0x1fba5</run_address>
         <size>0xbd</size>
      </object_component>
      <object_component id="oc-199">
         <name>.debug_line</name>
         <load_address>0x0</load_address>
         <run_address>0x0</run_address>
         <size>0x126</size>
         <input_file_ref idref="fl-2"/>
      </object_component>
      <object_component id="oc-f8">
         <name>.debug_line</name>
         <load_address>0x126</load_address>
         <run_address>0x126</run_address>
         <size>0x294</size>
         <input_file_ref idref="fl-2"/>
      </object_component>
      <object_component id="oc-14d">
         <name>.debug_line</name>
         <load_address>0x3ba</load_address>
         <run_address>0x3ba</run_address>
         <size>0x81</size>
         <input_file_ref idref="fl-2"/>
      </object_component>
      <object_component id="oc-163">
         <name>.debug_line</name>
         <load_address>0x43b</load_address>
         <run_address>0x43b</run_address>
         <size>0x73</size>
         <input_file_ref idref="fl-2"/>
      </object_component>
      <object_component id="oc-192">
         <name>.debug_line</name>
         <load_address>0x4ae</load_address>
         <run_address>0x4ae</run_address>
         <size>0x73</size>
         <input_file_ref idref="fl-2"/>
      </object_component>
      <object_component id="oc-168">
         <name>.debug_line</name>
         <load_address>0x521</load_address>
         <run_address>0x521</run_address>
         <size>0x72</size>
         <input_file_ref idref="fl-2"/>
      </object_component>
      <object_component id="oc-9b">
         <name>.debug_line</name>
         <load_address>0x593</load_address>
         <run_address>0x593</run_address>
         <size>0x20</size>
         <input_file_ref idref="fl-2"/>
      </object_component>
      <object_component id="oc-18f">
         <name>.debug_line</name>
         <load_address>0x5b3</load_address>
         <run_address>0x5b3</run_address>
         <size>0x271</size>
         <input_file_ref idref="fl-3"/>
      </object_component>
      <object_component id="oc-f2">
         <name>.debug_line</name>
         <load_address>0x824</load_address>
         <run_address>0x824</run_address>
         <size>0x4ca</size>
         <input_file_ref idref="fl-3"/>
      </object_component>
      <object_component id="oc-15e">
         <name>.debug_line</name>
         <load_address>0xcee</load_address>
         <run_address>0xcee</run_address>
         <size>0x73</size>
         <input_file_ref idref="fl-3"/>
      </object_component>
      <object_component id="oc-16d">
         <name>.debug_line</name>
         <load_address>0xd61</load_address>
         <run_address>0xd61</run_address>
         <size>0x73</size>
         <input_file_ref idref="fl-3"/>
      </object_component>
      <object_component id="oc-113">
         <name>.debug_line</name>
         <load_address>0xdd4</load_address>
         <run_address>0xdd4</run_address>
         <size>0x81</size>
         <input_file_ref idref="fl-3"/>
      </object_component>
      <object_component id="oc-1a2">
         <name>.debug_line</name>
         <load_address>0xe55</load_address>
         <run_address>0xe55</run_address>
         <size>0x81</size>
         <input_file_ref idref="fl-4"/>
      </object_component>
      <object_component id="oc-19f">
         <name>.debug_line</name>
         <load_address>0xed6</load_address>
         <run_address>0xed6</run_address>
         <size>0x72</size>
         <input_file_ref idref="fl-4"/>
      </object_component>
      <object_component id="oc-136">
         <name>.debug_line</name>
         <load_address>0xf48</load_address>
         <run_address>0xf48</run_address>
         <size>0x1b1</size>
         <input_file_ref idref="fl-4"/>
      </object_component>
      <object_component id="oc-19b">
         <name>.debug_line</name>
         <load_address>0x10f9</load_address>
         <run_address>0x10f9</run_address>
         <size>0x126</size>
         <input_file_ref idref="fl-5"/>
      </object_component>
      <object_component id="oc-fa">
         <name>.debug_line</name>
         <load_address>0x121f</load_address>
         <run_address>0x121f</run_address>
         <size>0x2d5</size>
         <input_file_ref idref="fl-5"/>
      </object_component>
      <object_component id="oc-196">
         <name>.debug_line</name>
         <load_address>0x14f4</load_address>
         <run_address>0x14f4</run_address>
         <size>0x179</size>
         <input_file_ref idref="fl-6"/>
      </object_component>
      <object_component id="oc-e8">
         <name>.debug_line</name>
         <load_address>0x166d</load_address>
         <run_address>0x166d</run_address>
         <size>0x6ab</size>
         <input_file_ref idref="fl-6"/>
      </object_component>
      <object_component id="oc-19d">
         <name>.debug_line</name>
         <load_address>0x1d18</load_address>
         <run_address>0x1d18</run_address>
         <size>0x179</size>
         <input_file_ref idref="fl-7"/>
      </object_component>
      <object_component id="oc-104">
         <name>.debug_line</name>
         <load_address>0x1e91</load_address>
         <run_address>0x1e91</run_address>
         <size>0x356</size>
         <input_file_ref idref="fl-7"/>
      </object_component>
      <object_component id="oc-15b">
         <name>.debug_line</name>
         <load_address>0x21e7</load_address>
         <run_address>0x21e7</run_address>
         <size>0x21f</size>
         <input_file_ref idref="fl-8"/>
      </object_component>
      <object_component id="oc-159">
         <name>.debug_line</name>
         <load_address>0x2406</load_address>
         <run_address>0x2406</run_address>
         <size>0x81</size>
         <input_file_ref idref="fl-8"/>
      </object_component>
      <object_component id="oc-171">
         <name>.debug_line</name>
         <load_address>0x2487</load_address>
         <run_address>0x2487</run_address>
         <size>0x81</size>
         <input_file_ref idref="fl-8"/>
      </object_component>
      <object_component id="oc-b1">
         <name>.debug_line</name>
         <load_address>0x2508</load_address>
         <run_address>0x2508</run_address>
         <size>0xa13</size>
         <input_file_ref idref="fl-8"/>
      </object_component>
      <object_component id="oc-e6">
         <name>.debug_line</name>
         <load_address>0x2f1b</load_address>
         <run_address>0x2f1b</run_address>
         <size>0x11c</size>
         <input_file_ref idref="fl-9"/>
      </object_component>
      <object_component id="oc-d6">
         <name>.debug_line</name>
         <load_address>0x3037</load_address>
         <run_address>0x3037</run_address>
         <size>0x48</size>
         <input_file_ref idref="fl-27"/>
      </object_component>
      <object_component id="oc-8f">
         <name>.debug_line</name>
         <load_address>0x307f</load_address>
         <run_address>0x307f</run_address>
         <size>0x2a</size>
         <input_file_ref idref="fl-27"/>
      </object_component>
      <object_component id="oc-47">
         <name>.debug_line</name>
         <load_address>0x30a9</load_address>
         <run_address>0x30a9</run_address>
         <size>0x5d</size>
         <input_file_ref idref="fl-27"/>
      </object_component>
      <object_component id="oc-98">
         <name>.debug_line</name>
         <load_address>0x3106</load_address>
         <run_address>0x3106</run_address>
         <size>0x8a</size>
         <input_file_ref idref="fl-28"/>
      </object_component>
      <object_component id="oc-35">
         <name>.debug_line</name>
         <load_address>0x3190</load_address>
         <run_address>0x3190</run_address>
         <size>0x53</size>
         <input_file_ref idref="fl-28"/>
      </object_component>
      <object_component id="oc-58">
         <name>.debug_line</name>
         <load_address>0x31e3</load_address>
         <run_address>0x31e3</run_address>
         <size>0x3a</size>
         <input_file_ref idref="fl-28"/>
      </object_component>
      <object_component id="oc-94">
         <name>.debug_line</name>
         <load_address>0x321d</load_address>
         <run_address>0x321d</run_address>
         <size>0x8a</size>
         <input_file_ref idref="fl-28"/>
      </object_component>
      <object_component id="oc-d8">
         <name>.debug_line</name>
         <load_address>0x32a7</load_address>
         <run_address>0x32a7</run_address>
         <size>0x8a</size>
         <input_file_ref idref="fl-29"/>
      </object_component>
      <object_component id="oc-60">
         <name>.debug_line</name>
         <load_address>0x3331</load_address>
         <run_address>0x3331</run_address>
         <size>0xc3</size>
         <input_file_ref idref="fl-29"/>
      </object_component>
      <object_component id="oc-3e">
         <name>.debug_line</name>
         <load_address>0x33f4</load_address>
         <run_address>0x33f4</run_address>
         <size>0x49</size>
         <input_file_ref idref="fl-29"/>
      </object_component>
      <object_component id="oc-65">
         <name>.debug_line</name>
         <load_address>0x343d</load_address>
         <run_address>0x343d</run_address>
         <size>0x39</size>
         <input_file_ref idref="fl-29"/>
      </object_component>
      <object_component id="oc-a9">
         <name>.debug_line</name>
         <load_address>0x3476</load_address>
         <run_address>0x3476</run_address>
         <size>0x8a</size>
         <input_file_ref idref="fl-29"/>
      </object_component>
      <object_component id="oc-a2">
         <name>.debug_line</name>
         <load_address>0x3500</load_address>
         <run_address>0x3500</run_address>
         <size>0x8a</size>
         <input_file_ref idref="fl-29"/>
      </object_component>
      <object_component id="oc-e1">
         <name>.debug_line</name>
         <load_address>0x358a</load_address>
         <run_address>0x358a</run_address>
         <size>0x47</size>
         <input_file_ref idref="fl-2b"/>
      </object_component>
      <object_component id="oc-121">
         <name>.debug_line</name>
         <load_address>0x35d1</load_address>
         <run_address>0x35d1</run_address>
         <size>0x89</size>
         <input_file_ref idref="fl-2c"/>
      </object_component>
      <object_component id="oc-11e">
         <name>.debug_line</name>
         <load_address>0x365a</load_address>
         <run_address>0x365a</run_address>
         <size>0x2a</size>
         <input_file_ref idref="fl-2c"/>
      </object_component>
      <object_component id="oc-bc">
         <name>.debug_line</name>
         <load_address>0x3684</load_address>
         <run_address>0x3684</run_address>
         <size>0x3a</size>
         <input_file_ref idref="fl-2c"/>
      </object_component>
      <object_component id="oc-7f">
         <name>.debug_line</name>
         <load_address>0x36be</load_address>
         <run_address>0x36be</run_address>
         <size>0x89</size>
         <input_file_ref idref="fl-2c"/>
      </object_component>
      <object_component id="oc-54">
         <name>.debug_line</name>
         <load_address>0x3747</load_address>
         <run_address>0x3747</run_address>
         <size>0x4d</size>
         <input_file_ref idref="fl-2d"/>
      </object_component>
      <object_component id="oc-da">
         <name>.debug_line</name>
         <load_address>0x3794</load_address>
         <run_address>0x3794</run_address>
         <size>0x20</size>
         <input_file_ref idref="fl-2e"/>
      </object_component>
      <object_component id="oc-6c">
         <name>.debug_line</name>
         <load_address>0x37b4</load_address>
         <run_address>0x37b4</run_address>
         <size>0x6b</size>
         <input_file_ref idref="fl-2e"/>
      </object_component>
      <object_component id="oc-85">
         <name>.debug_line</name>
         <load_address>0x381f</load_address>
         <run_address>0x381f</run_address>
         <size>0x40</size>
         <input_file_ref idref="fl-2f"/>
      </object_component>
      <object_component id="oc-147">
         <name>.debug_line</name>
         <load_address>0x385f</load_address>
         <run_address>0x385f</run_address>
         <size>0x44</size>
         <input_file_ref idref="fl-30"/>
      </object_component>
      <object_component id="oc-117">
         <name>.debug_line</name>
         <load_address>0x38a3</load_address>
         <run_address>0x38a3</run_address>
         <size>0x2b</size>
         <input_file_ref idref="fl-31"/>
      </object_component>
      <object_component id="oc-79">
         <name>.debug_line</name>
         <load_address>0x38ce</load_address>
         <run_address>0x38ce</run_address>
         <size>0x4a</size>
         <input_file_ref idref="fl-31"/>
      </object_component>
      <object_component id="oc-11a">
         <name>.debug_line</name>
         <load_address>0x3918</load_address>
         <run_address>0x3918</run_address>
         <size>0x2b</size>
         <input_file_ref idref="fl-31"/>
      </object_component>
      <object_component id="oc-128">
         <name>.debug_line</name>
         <load_address>0x3943</load_address>
         <run_address>0x3943</run_address>
         <size>0xa9</size>
         <input_file_ref idref="fl-32"/>
      </object_component>
      <object_component id="oc-88">
         <name>.debug_line</name>
         <load_address>0x39ec</load_address>
         <run_address>0x39ec</run_address>
         <size>0xdd</size>
         <input_file_ref idref="fl-32"/>
      </object_component>
      <object_component id="oc-12b">
         <name>.debug_line</name>
         <load_address>0x3ac9</load_address>
         <run_address>0x3ac9</run_address>
         <size>0x2e</size>
         <input_file_ref idref="fl-32"/>
      </object_component>
      <object_component id="oc-187">
         <name>.debug_line</name>
         <load_address>0x3af7</load_address>
         <run_address>0x3af7</run_address>
         <size>0x8a</size>
         <input_file_ref idref="fl-32"/>
      </object_component>
      <object_component id="oc-130">
         <name>.debug_line</name>
         <load_address>0x3b81</load_address>
         <run_address>0x3b81</run_address>
         <size>0x8b</size>
         <input_file_ref idref="fl-32"/>
      </object_component>
      <object_component id="oc-173">
         <name>.debug_line</name>
         <load_address>0x3c0c</load_address>
         <run_address>0x3c0c</run_address>
         <size>0x98</size>
         <input_file_ref idref="fl-33"/>
      </object_component>
      <object_component id="oc-c5">
         <name>.debug_line</name>
         <load_address>0x3ca4</load_address>
         <run_address>0x3ca4</run_address>
         <size>0xa3</size>
         <input_file_ref idref="fl-33"/>
      </object_component>
      <object_component id="oc-176">
         <name>.debug_line</name>
         <load_address>0x3d47</load_address>
         <run_address>0x3d47</run_address>
         <size>0x2e</size>
         <input_file_ref idref="fl-33"/>
      </object_component>
      <object_component id="oc-c8">
         <name>.debug_line</name>
         <load_address>0x3d75</load_address>
         <run_address>0x3d75</run_address>
         <size>0x3b</size>
         <input_file_ref idref="fl-34"/>
      </object_component>
      <object_component id="oc-17a">
         <name>.debug_line</name>
         <load_address>0x3db0</load_address>
         <run_address>0x3db0</run_address>
         <size>0x29</size>
         <input_file_ref idref="fl-35"/>
      </object_component>
      <object_component id="oc-d2">
         <name>.debug_line</name>
         <load_address>0x3dd9</load_address>
         <run_address>0x3dd9</run_address>
         <size>0x7a</size>
         <input_file_ref idref="fl-35"/>
      </object_component>
      <object_component id="oc-17d">
         <name>.debug_line</name>
         <load_address>0x3e53</load_address>
         <run_address>0x3e53</run_address>
         <size>0x29</size>
         <input_file_ref idref="fl-35"/>
      </object_component>
      <object_component id="oc-182">
         <name>.debug_line</name>
         <load_address>0x3e7c</load_address>
         <run_address>0x3e7c</run_address>
         <size>0x8a</size>
         <input_file_ref idref="fl-35"/>
      </object_component>
      <object_component id="oc-f4">
         <name>.debug_frame</name>
         <load_address>0x0</load_address>
         <run_address>0x0</run_address>
         <size>0x144</size>
         <input_file_ref idref="fl-2"/>
      </object_component>
      <object_component id="oc-f1">
         <name>.debug_frame</name>
         <load_address>0x144</load_address>
         <run_address>0x144</run_address>
         <size>0x20c</size>
         <input_file_ref idref="fl-3"/>
      </object_component>
      <object_component id="oc-137">
         <name>.debug_frame</name>
         <load_address>0x350</load_address>
         <run_address>0x350</run_address>
         <size>0x78</size>
         <input_file_ref idref="fl-4"/>
      </object_component>
      <object_component id="oc-fe">
         <name>.debug_frame</name>
         <load_address>0x3c8</load_address>
         <run_address>0x3c8</run_address>
         <size>0x190</size>
         <input_file_ref idref="fl-5"/>
      </object_component>
      <object_component id="oc-ec">
         <name>.debug_frame</name>
         <load_address>0x558</load_address>
         <run_address>0x558</run_address>
         <size>0x3d4</size>
         <input_file_ref idref="fl-6"/>
      </object_component>
      <object_component id="oc-103">
         <name>.debug_frame</name>
         <load_address>0x92c</load_address>
         <run_address>0x92c</run_address>
         <size>0x1f0</size>
         <input_file_ref idref="fl-7"/>
      </object_component>
      <object_component id="oc-b2">
         <name>.debug_frame</name>
         <load_address>0xb1c</load_address>
         <run_address>0xb1c</run_address>
         <size>0x468</size>
         <input_file_ref idref="fl-8"/>
      </object_component>
      <object_component id="oc-4b">
         <name>.debug_frame</name>
         <load_address>0xf84</load_address>
         <run_address>0xf84</run_address>
         <size>0x38</size>
         <input_file_ref idref="fl-27"/>
      </object_component>
      <object_component id="oc-39">
         <name>.debug_frame</name>
         <load_address>0xfbc</load_address>
         <run_address>0xfbc</run_address>
         <size>0x3c</size>
         <input_file_ref idref="fl-28"/>
      </object_component>
      <object_component id="oc-61">
         <name>.debug_frame</name>
         <load_address>0xff8</load_address>
         <run_address>0xff8</run_address>
         <size>0x68</size>
         <input_file_ref idref="fl-29"/>
      </object_component>
      <object_component id="oc-3f">
         <name>.debug_frame</name>
         <load_address>0x1060</load_address>
         <run_address>0x1060</run_address>
         <size>0x3c</size>
         <input_file_ref idref="fl-29"/>
      </object_component>
      <object_component id="oc-bd">
         <name>.debug_frame</name>
         <load_address>0x109c</load_address>
         <run_address>0x109c</run_address>
         <size>0x3c</size>
         <input_file_ref idref="fl-2c"/>
      </object_component>
      <object_component id="oc-80">
         <name>.debug_frame</name>
         <load_address>0x10d8</load_address>
         <run_address>0x10d8</run_address>
         <size>0x4c</size>
         <input_file_ref idref="fl-2c"/>
      </object_component>
      <object_component id="oc-6d">
         <name>.debug_frame</name>
         <load_address>0x1124</load_address>
         <run_address>0x1124</run_address>
         <size>0x40</size>
         <input_file_ref idref="fl-2e"/>
      </object_component>
      <object_component id="oc-86">
         <name>.debug_frame</name>
         <load_address>0x1164</load_address>
         <run_address>0x1164</run_address>
         <size>0x3c</size>
         <input_file_ref idref="fl-2f"/>
      </object_component>
      <object_component id="oc-7a">
         <name>.debug_frame</name>
         <load_address>0x11a0</load_address>
         <run_address>0x11a0</run_address>
         <size>0x3c</size>
         <input_file_ref idref="fl-31"/>
      </object_component>
      <object_component id="oc-89">
         <name>.debug_frame</name>
         <load_address>0x11dc</load_address>
         <run_address>0x11dc</run_address>
         <size>0x5c</size>
         <input_file_ref idref="fl-32"/>
      </object_component>
      <object_component id="oc-c6">
         <name>.debug_frame</name>
         <load_address>0x1238</load_address>
         <run_address>0x1238</run_address>
         <size>0x60</size>
         <input_file_ref idref="fl-33"/>
      </object_component>
      <object_component id="oc-ca">
         <name>.debug_frame</name>
         <load_address>0x1298</load_address>
         <run_address>0x1298</run_address>
         <size>0x3c</size>
         <input_file_ref idref="fl-34"/>
      </object_component>
      <object_component id="oc-ce">
         <name>.debug_frame</name>
         <load_address>0x12d4</load_address>
         <run_address>0x12d4</run_address>
         <size>0x68</size>
         <input_file_ref idref="fl-35"/>
      </object_component>
      <object_component id="oc-198">
         <name>.debug_abbrev</name>
         <load_address>0x0</load_address>
         <run_address>0x0</run_address>
         <size>0xc4</size>
         <input_file_ref idref="fl-2"/>
      </object_component>
      <object_component id="oc-14a">
         <name>.debug_abbrev</name>
         <load_address>0xc4</load_address>
         <run_address>0xc4</run_address>
         <size>0xda</size>
         <input_file_ref idref="fl-2"/>
      </object_component>
      <object_component id="oc-14e">
         <name>.debug_abbrev</name>
         <load_address>0x19e</load_address>
         <run_address>0x19e</run_address>
         <size>0x92</size>
         <input_file_ref idref="fl-2"/>
      </object_component>
      <object_component id="oc-164">
         <name>.debug_abbrev</name>
         <load_address>0x230</load_address>
         <run_address>0x230</run_address>
         <size>0x50</size>
         <input_file_ref idref="fl-2"/>
      </object_component>
      <object_component id="oc-193">
         <name>.debug_abbrev</name>
         <load_address>0x280</load_address>
         <run_address>0x280</run_address>
         <size>0x3a</size>
         <input_file_ref idref="fl-2"/>
      </object_component>
      <object_component id="oc-169">
         <name>.debug_abbrev</name>
         <load_address>0x2ba</load_address>
         <run_address>0x2ba</run_address>
         <size>0x3a</size>
         <input_file_ref idref="fl-2"/>
      </object_component>
      <object_component id="oc-9c">
         <name>.debug_abbrev</name>
         <load_address>0x2f4</load_address>
         <run_address>0x2f4</run_address>
         <size>0x2e</size>
         <input_file_ref idref="fl-2"/>
      </object_component>
      <object_component id="oc-18e">
         <name>.debug_abbrev</name>
         <load_address>0x322</load_address>
         <run_address>0x322</run_address>
         <size>0x131</size>
         <input_file_ref idref="fl-3"/>
      </object_component>
      <object_component id="oc-148">
         <name>.debug_abbrev</name>
         <load_address>0x453</load_address>
         <run_address>0x453</run_address>
         <size>0x161</size>
         <input_file_ref idref="fl-3"/>
      </object_component>
      <object_component id="oc-15f">
         <name>.debug_abbrev</name>
         <load_address>0x5b4</load_address>
         <run_address>0x5b4</run_address>
         <size>0x61</size>
         <input_file_ref idref="fl-3"/>
      </object_component>
      <object_component id="oc-16e">
         <name>.debug_abbrev</name>
         <load_address>0x615</load_address>
         <run_address>0x615</run_address>
         <size>0x3a</size>
         <input_file_ref idref="fl-3"/>
      </object_component>
      <object_component id="oc-114">
         <name>.debug_abbrev</name>
         <load_address>0x64f</load_address>
         <run_address>0x64f</run_address>
         <size>0x83</size>
         <input_file_ref idref="fl-3"/>
      </object_component>
      <object_component id="oc-1a1">
         <name>.debug_abbrev</name>
         <load_address>0x6d2</load_address>
         <run_address>0x6d2</run_address>
         <size>0x82</size>
         <input_file_ref idref="fl-4"/>
      </object_component>
      <object_component id="oc-19e">
         <name>.debug_abbrev</name>
         <load_address>0x754</load_address>
         <run_address>0x754</run_address>
         <size>0x27</size>
         <input_file_ref idref="fl-4"/>
      </object_component>
      <object_component id="oc-18d">
         <name>.debug_abbrev</name>
         <load_address>0x77b</load_address>
         <run_address>0x77b</run_address>
         <size>0x7c</size>
         <input_file_ref idref="fl-4"/>
      </object_component>
      <object_component id="oc-19a">
         <name>.debug_abbrev</name>
         <load_address>0x7f7</load_address>
         <run_address>0x7f7</run_address>
         <size>0xc4</size>
         <input_file_ref idref="fl-5"/>
      </object_component>
      <object_component id="oc-152">
         <name>.debug_abbrev</name>
         <load_address>0x8bb</load_address>
         <run_address>0x8bb</run_address>
         <size>0xab</size>
         <input_file_ref idref="fl-5"/>
      </object_component>
      <object_component id="oc-195">
         <name>.debug_abbrev</name>
         <load_address>0x966</load_address>
         <run_address>0x966</run_address>
         <size>0x116</size>
         <input_file_ref idref="fl-6"/>
      </object_component>
      <object_component id="oc-13f">
         <name>.debug_abbrev</name>
         <load_address>0xa7c</load_address>
         <run_address>0xa7c</run_address>
         <size>0x107</size>
         <input_file_ref idref="fl-6"/>
      </object_component>
      <object_component id="oc-19c">
         <name>.debug_abbrev</name>
         <load_address>0xb83</load_address>
         <run_address>0xb83</run_address>
         <size>0x12e</size>
         <input_file_ref idref="fl-7"/>
      </object_component>
      <object_component id="oc-156">
         <name>.debug_abbrev</name>
         <load_address>0xcb1</load_address>
         <run_address>0xcb1</run_address>
         <size>0xd8</size>
         <input_file_ref idref="fl-7"/>
      </object_component>
      <object_component id="oc-15a">
         <name>.debug_abbrev</name>
         <load_address>0xd89</load_address>
         <run_address>0xd89</run_address>
         <size>0x13e</size>
         <input_file_ref idref="fl-8"/>
      </object_component>
      <object_component id="oc-158">
         <name>.debug_abbrev</name>
         <load_address>0xec7</load_address>
         <run_address>0xec7</run_address>
         <size>0x27</size>
         <input_file_ref idref="fl-8"/>
      </object_component>
      <object_component id="oc-170">
         <name>.debug_abbrev</name>
         <load_address>0xeee</load_address>
         <run_address>0xeee</run_address>
         <size>0x27</size>
         <input_file_ref idref="fl-8"/>
      </object_component>
      <object_component id="oc-110">
         <name>.debug_abbrev</name>
         <load_address>0xf15</load_address>
         <run_address>0xf15</run_address>
         <size>0x161</size>
         <input_file_ref idref="fl-8"/>
      </object_component>
      <object_component id="oc-134">
         <name>.debug_abbrev</name>
         <load_address>0x1076</load_address>
         <run_address>0x1076</run_address>
         <size>0x35</size>
         <input_file_ref idref="fl-9"/>
      </object_component>
      <object_component id="oc-d5">
         <name>.debug_abbrev</name>
         <load_address>0x10ab</load_address>
         <run_address>0x10ab</run_address>
         <size>0x79</size>
         <input_file_ref idref="fl-27"/>
      </object_component>
      <object_component id="oc-8e">
         <name>.debug_abbrev</name>
         <load_address>0x1124</load_address>
         <run_address>0x1124</run_address>
         <size>0x29</size>
         <input_file_ref idref="fl-27"/>
      </object_component>
      <object_component id="oc-8d">
         <name>.debug_abbrev</name>
         <load_address>0x114d</load_address>
         <run_address>0x114d</run_address>
         <size>0x64</size>
         <input_file_ref idref="fl-27"/>
      </object_component>
      <object_component id="oc-97">
         <name>.debug_abbrev</name>
         <load_address>0x11b1</load_address>
         <run_address>0x11b1</run_address>
         <size>0x64</size>
         <input_file_ref idref="fl-28"/>
      </object_component>
      <object_component id="oc-55">
         <name>.debug_abbrev</name>
         <load_address>0x1215</load_address>
         <run_address>0x1215</run_address>
         <size>0x74</size>
         <input_file_ref idref="fl-28"/>
      </object_component>
      <object_component id="oc-59">
         <name>.debug_abbrev</name>
         <load_address>0x1289</load_address>
         <run_address>0x1289</run_address>
         <size>0x24</size>
         <input_file_ref idref="fl-28"/>
      </object_component>
      <object_component id="oc-95">
         <name>.debug_abbrev</name>
         <load_address>0x12ad</load_address>
         <run_address>0x12ad</run_address>
         <size>0x24</size>
         <input_file_ref idref="fl-28"/>
      </object_component>
      <object_component id="oc-d7">
         <name>.debug_abbrev</name>
         <load_address>0x12d1</load_address>
         <run_address>0x12d1</run_address>
         <size>0x5d</size>
         <input_file_ref idref="fl-29"/>
      </object_component>
      <object_component id="oc-9e">
         <name>.debug_abbrev</name>
         <load_address>0x132e</load_address>
         <run_address>0x132e</run_address>
         <size>0x7b</size>
         <input_file_ref idref="fl-29"/>
      </object_component>
      <object_component id="oc-62">
         <name>.debug_abbrev</name>
         <load_address>0x13a9</load_address>
         <run_address>0x13a9</run_address>
         <size>0x66</size>
         <input_file_ref idref="fl-29"/>
      </object_component>
      <object_component id="oc-66">
         <name>.debug_abbrev</name>
         <load_address>0x140f</load_address>
         <run_address>0x140f</run_address>
         <size>0x24</size>
         <input_file_ref idref="fl-29"/>
      </object_component>
      <object_component id="oc-aa">
         <name>.debug_abbrev</name>
         <load_address>0x1433</load_address>
         <run_address>0x1433</run_address>
         <size>0x24</size>
         <input_file_ref idref="fl-29"/>
      </object_component>
      <object_component id="oc-a3">
         <name>.debug_abbrev</name>
         <load_address>0x1457</load_address>
         <run_address>0x1457</run_address>
         <size>0x35</size>
         <input_file_ref idref="fl-29"/>
      </object_component>
      <object_component id="oc-133">
         <name>.debug_abbrev</name>
         <load_address>0x148c</load_address>
         <run_address>0x148c</run_address>
         <size>0x3e</size>
         <input_file_ref idref="fl-2b"/>
      </object_component>
      <object_component id="oc-120">
         <name>.debug_abbrev</name>
         <load_address>0x14ca</load_address>
         <run_address>0x14ca</run_address>
         <size>0x72</size>
         <input_file_ref idref="fl-2c"/>
      </object_component>
      <object_component id="oc-11d">
         <name>.debug_abbrev</name>
         <load_address>0x153c</load_address>
         <run_address>0x153c</run_address>
         <size>0x29</size>
         <input_file_ref idref="fl-2c"/>
      </object_component>
      <object_component id="oc-11f">
         <name>.debug_abbrev</name>
         <load_address>0x1565</load_address>
         <run_address>0x1565</run_address>
         <size>0x45</size>
         <input_file_ref idref="fl-2c"/>
      </object_component>
      <object_component id="oc-be">
         <name>.debug_abbrev</name>
         <load_address>0x15aa</load_address>
         <run_address>0x15aa</run_address>
         <size>0x8c</size>
         <input_file_ref idref="fl-2c"/>
      </object_component>
      <object_component id="oc-91">
         <name>.debug_abbrev</name>
         <load_address>0x1636</load_address>
         <run_address>0x1636</run_address>
         <size>0x3e</size>
         <input_file_ref idref="fl-2d"/>
      </object_component>
      <object_component id="oc-d9">
         <name>.debug_abbrev</name>
         <load_address>0x1674</load_address>
         <run_address>0x1674</run_address>
         <size>0x6e</size>
         <input_file_ref idref="fl-2e"/>
      </object_component>
      <object_component id="oc-a5">
         <name>.debug_abbrev</name>
         <load_address>0x16e2</load_address>
         <run_address>0x16e2</run_address>
         <size>0x71</size>
         <input_file_ref idref="fl-2e"/>
      </object_component>
      <object_component id="oc-c0">
         <name>.debug_abbrev</name>
         <load_address>0x1753</load_address>
         <run_address>0x1753</run_address>
         <size>0x55</size>
         <input_file_ref idref="fl-2f"/>
      </object_component>
      <object_component id="oc-197">
         <name>.debug_abbrev</name>
         <load_address>0x17a8</load_address>
         <run_address>0x17a8</run_address>
         <size>0x3e</size>
         <input_file_ref idref="fl-30"/>
      </object_component>
      <object_component id="oc-116">
         <name>.debug_abbrev</name>
         <load_address>0x17e6</load_address>
         <run_address>0x17e6</run_address>
         <size>0x99</size>
         <input_file_ref idref="fl-31"/>
      </object_component>
      <object_component id="oc-b3">
         <name>.debug_abbrev</name>
         <load_address>0x187f</load_address>
         <run_address>0x187f</run_address>
         <size>0x68</size>
         <input_file_ref idref="fl-31"/>
      </object_component>
      <object_component id="oc-11b">
         <name>.debug_abbrev</name>
         <load_address>0x18e7</load_address>
         <run_address>0x18e7</run_address>
         <size>0x49</size>
         <input_file_ref idref="fl-31"/>
      </object_component>
      <object_component id="oc-127">
         <name>.debug_abbrev</name>
         <load_address>0x1930</load_address>
         <run_address>0x1930</run_address>
         <size>0xb9</size>
         <input_file_ref idref="fl-32"/>
      </object_component>
      <object_component id="oc-d3">
         <name>.debug_abbrev</name>
         <load_address>0x19e9</load_address>
         <run_address>0x19e9</run_address>
         <size>0x7e</size>
         <input_file_ref idref="fl-32"/>
      </object_component>
      <object_component id="oc-12c">
         <name>.debug_abbrev</name>
         <load_address>0x1a67</load_address>
         <run_address>0x1a67</run_address>
         <size>0x24</size>
         <input_file_ref idref="fl-32"/>
      </object_component>
      <object_component id="oc-188">
         <name>.debug_abbrev</name>
         <load_address>0x1a8b</load_address>
         <run_address>0x1a8b</run_address>
         <size>0x24</size>
         <input_file_ref idref="fl-32"/>
      </object_component>
      <object_component id="oc-131">
         <name>.debug_abbrev</name>
         <load_address>0x1aaf</load_address>
         <run_address>0x1aaf</run_address>
         <size>0x4b</size>
         <input_file_ref idref="fl-32"/>
      </object_component>
      <object_component id="oc-172">
         <name>.debug_abbrev</name>
         <load_address>0x1afa</load_address>
         <run_address>0x1afa</run_address>
         <size>0xae</size>
         <input_file_ref idref="fl-33"/>
      </object_component>
      <object_component id="oc-122">
         <name>.debug_abbrev</name>
         <load_address>0x1ba8</load_address>
         <run_address>0x1ba8</run_address>
         <size>0x8c</size>
         <input_file_ref idref="fl-33"/>
      </object_component>
      <object_component id="oc-177">
         <name>.debug_abbrev</name>
         <load_address>0x1c34</load_address>
         <run_address>0x1c34</run_address>
         <size>0x24</size>
         <input_file_ref idref="fl-33"/>
      </object_component>
      <object_component id="oc-124">
         <name>.debug_abbrev</name>
         <load_address>0x1c58</load_address>
         <run_address>0x1c58</run_address>
         <size>0x53</size>
         <input_file_ref idref="fl-34"/>
      </object_component>
      <object_component id="oc-179">
         <name>.debug_abbrev</name>
         <load_address>0x1cab</load_address>
         <run_address>0x1cab</run_address>
         <size>0xb7</size>
         <input_file_ref idref="fl-35"/>
      </object_component>
      <object_component id="oc-125">
         <name>.debug_abbrev</name>
         <load_address>0x1d62</load_address>
         <run_address>0x1d62</run_address>
         <size>0x7e</size>
         <input_file_ref idref="fl-35"/>
      </object_component>
      <object_component id="oc-17e">
         <name>.debug_abbrev</name>
         <load_address>0x1de0</load_address>
         <run_address>0x1de0</run_address>
         <size>0x24</size>
         <input_file_ref idref="fl-35"/>
      </object_component>
      <object_component id="oc-183">
         <name>.debug_abbrev</name>
         <load_address>0x1e04</load_address>
         <run_address>0x1e04</run_address>
         <size>0x24</size>
         <input_file_ref idref="fl-35"/>
      </object_component>
      <object_component id="oc-1bd">
         <name>.debug_abbrev</name>
         <load_address>0x1e28</load_address>
         <run_address>0x1e28</run_address>
         <size>0xf</size>
      </object_component>
      <object_component id="oc-14f">
         <name>.debug_str</name>
         <load_address>0x0</load_address>
         <run_address>0x0</run_address>
         <size>0x3b3</size>
         <input_file_ref idref="fl-2"/>
      </object_component>
      <object_component id="oc-165">
         <name>.debug_str</name>
         <load_address>0x3b3</load_address>
         <run_address>0x3b3</run_address>
         <size>0x15a</size>
         <input_file_ref idref="fl-2"/>
      </object_component>
      <object_component id="oc-194">
         <name>.debug_str</name>
         <load_address>0x50d</load_address>
         <run_address>0x50d</run_address>
         <size>0x122</size>
         <input_file_ref idref="fl-2"/>
      </object_component>
      <object_component id="oc-16a">
         <name>.debug_str</name>
         <load_address>0x62f</load_address>
         <run_address>0x62f</run_address>
         <size>0x125</size>
         <input_file_ref idref="fl-2"/>
      </object_component>
      <object_component id="oc-9d">
         <name>.debug_str</name>
         <load_address>0x754</load_address>
         <run_address>0x754</run_address>
         <size>0x127</size>
         <input_file_ref idref="fl-2"/>
      </object_component>
      <object_component id="oc-160">
         <name>.debug_str</name>
         <load_address>0x87b</load_address>
         <run_address>0x87b</run_address>
         <size>0x242</size>
         <input_file_ref idref="fl-3"/>
      </object_component>
      <object_component id="oc-16f">
         <name>.debug_str</name>
         <load_address>0xabd</load_address>
         <run_address>0xabd</run_address>
         <size>0x175</size>
         <input_file_ref idref="fl-3"/>
      </object_component>
      <object_component id="oc-115">
         <name>.debug_str</name>
         <load_address>0xc32</load_address>
         <run_address>0xc32</run_address>
         <size>0x3a5</size>
         <input_file_ref idref="fl-3"/>
      </object_component>
      <object_component id="oc-5a">
         <name>.debug_str</name>
         <load_address>0xfd7</load_address>
         <run_address>0xfd7</run_address>
         <size>0xf8</size>
         <input_file_ref idref="fl-28"/>
      </object_component>
      <object_component id="oc-96">
         <name>.debug_str</name>
         <load_address>0x10cf</load_address>
         <run_address>0x10cf</run_address>
         <size>0x125</size>
         <input_file_ref idref="fl-28"/>
      </object_component>
      <object_component id="oc-67">
         <name>.debug_str</name>
         <load_address>0x11f4</load_address>
         <run_address>0x11f4</run_address>
         <size>0xf3</size>
         <input_file_ref idref="fl-29"/>
      </object_component>
      <object_component id="oc-ab">
         <name>.debug_str</name>
         <load_address>0x12e7</load_address>
         <run_address>0x12e7</run_address>
         <size>0x125</size>
         <input_file_ref idref="fl-29"/>
      </object_component>
      <object_component id="oc-a4">
         <name>.debug_str</name>
         <load_address>0x140c</load_address>
         <run_address>0x140c</run_address>
         <size>0x135</size>
         <input_file_ref idref="fl-29"/>
      </object_component>
      <object_component id="oc-11c">
         <name>.debug_str</name>
         <load_address>0x1541</load_address>
         <run_address>0x1541</run_address>
         <size>0xce</size>
         <input_file_ref idref="fl-31"/>
      </object_component>
      <object_component id="oc-12d">
         <name>.debug_str</name>
         <load_address>0x160f</load_address>
         <run_address>0x160f</run_address>
         <size>0xda</size>
         <input_file_ref idref="fl-32"/>
      </object_component>
      <object_component id="oc-189">
         <name>.debug_str</name>
         <load_address>0x16e9</load_address>
         <run_address>0x16e9</run_address>
         <size>0x130</size>
         <input_file_ref idref="fl-32"/>
      </object_component>
      <object_component id="oc-132">
         <name>.debug_str</name>
         <load_address>0x1819</load_address>
         <run_address>0x1819</run_address>
         <size>0x17c</size>
         <input_file_ref idref="fl-32"/>
      </object_component>
      <object_component id="oc-178">
         <name>.debug_str</name>
         <load_address>0x1995</load_address>
         <run_address>0x1995</run_address>
         <size>0xcf</size>
         <input_file_ref idref="fl-33"/>
      </object_component>
      <object_component id="oc-17f">
         <name>.debug_str</name>
         <load_address>0x1a64</load_address>
         <run_address>0x1a64</run_address>
         <size>0xca</size>
         <input_file_ref idref="fl-35"/>
      </object_component>
      <object_component id="oc-184">
         <name>.debug_str</name>
         <load_address>0x1b2e</load_address>
         <run_address>0x1b2e</run_address>
         <size>0x12f</size>
         <input_file_ref idref="fl-35"/>
      </object_component>
      <object_component id="oc-f6">
         <name>.debug_aranges</name>
         <load_address>0x0</load_address>
         <run_address>0x0</run_address>
         <size>0x50</size>
         <input_file_ref idref="fl-2"/>
      </object_component>
      <object_component id="oc-ef">
         <name>.debug_aranges</name>
         <load_address>0x50</load_address>
         <run_address>0x50</run_address>
         <size>0x98</size>
         <input_file_ref idref="fl-3"/>
      </object_component>
      <object_component id="oc-139">
         <name>.debug_aranges</name>
         <load_address>0xe8</load_address>
         <run_address>0xe8</run_address>
         <size>0x30</size>
         <input_file_ref idref="fl-4"/>
      </object_component>
      <object_component id="oc-fc">
         <name>.debug_aranges</name>
         <load_address>0x118</load_address>
         <run_address>0x118</run_address>
         <size>0x60</size>
         <input_file_ref idref="fl-5"/>
      </object_component>
      <object_component id="oc-ea">
         <name>.debug_aranges</name>
         <load_address>0x178</load_address>
         <run_address>0x178</run_address>
         <size>0xe8</size>
         <input_file_ref idref="fl-6"/>
      </object_component>
      <object_component id="oc-101">
         <name>.debug_aranges</name>
         <load_address>0x260</load_address>
         <run_address>0x260</run_address>
         <size>0x78</size>
         <input_file_ref idref="fl-7"/>
      </object_component>
      <object_component id="oc-af">
         <name>.debug_aranges</name>
         <load_address>0x2d8</load_address>
         <run_address>0x2d8</run_address>
         <size>0x150</size>
         <input_file_ref idref="fl-8"/>
      </object_component>
      <object_component id="oc-e4">
         <name>.debug_aranges</name>
         <load_address>0x428</load_address>
         <run_address>0x428</run_address>
         <size>0x20</size>
         <input_file_ref idref="fl-9"/>
      </object_component>
      <object_component id="oc-49">
         <name>.debug_aranges</name>
         <load_address>0x448</load_address>
         <run_address>0x448</run_address>
         <size>0x20</size>
         <input_file_ref idref="fl-27"/>
      </object_component>
      <object_component id="oc-37">
[...]
      </symbol>
      <symbol id="sm-59f">
         <name>__RME_Thd_Fatal</name>
         <value>0x80040104</value>
         <object_component_ref idref="oc-e7"/>
      </symbol>
      <symbol id="sm-5a0">
         <name>_RME_Proc_Pgt</name>
         <value>0x80041b24</value>
         <object_component_ref idref="oc-e7"/>
      </symbol>
      <symbol id="sm-5a1">
         <name>_RME_Run_Notif</name>
         <value>0x80040524</value>
         <object_component_ref idref="oc-e7"/>
      </symbol>
      <symbol id="sm-5a2">
         <name>_RME_Run_Ins</name>
         <value>0x80040214</value>
         <object_component_ref idref="oc-e7"/>
      </symbol>
      <symbol id="sm-5a3">
         <name>_RME_Proc_Crt</name>
         <value>0x80040d18</value>
         <object_component_ref idref="oc-e7"/>
      </symbol>
      <symbol id="sm-5a4">
         <name>_RME_Run_Del</name>
         <value>0x80040314</value>
         <object_component_ref idref="oc-e7"/>
      </symbol>
      <symbol id="sm-5a5">
         <name>_RME_Proc_Cpt</name>
         <value>0x80041804</value>
         <object_component_ref idref="oc-e7"/>
      </symbol>
      <symbol id="sm-5a6">
         <name>__RME_List_Del</name>
         <value>0x800400a8</value>
         <object_component_ref idref="oc-e7"/>
      </symbol>
      <symbol id="sm-5a7">
         <name>_RME_Proc_Boot_Crt</name>
         <value>0x800406cc</value>
         <object_component_ref idref="oc-e7"/>
      </symbol>
      <symbol id="sm-5a8">
         <name>_RME_Thd_Hyp_Set</name>
         <value>0x80042de0</value>
         <object_component_ref idref="oc-e7"/>
      </symbol>
      <symbol id="sm-5a9">
         <name>_RME_Thd_Crt</name>
         <value>0x80042298</value>
         <object_component_ref idref="oc-e7"/>
      </symbol>
      <symbol id="sm-5aa">
         <name>_RME_Run_Swt</name>
         <value>0x80040580</value>
         <object_component_ref idref="oc-e7"/>
      </symbol>
      <symbol id="sm-5ab">
         <name>_RME_Thd_Del</name>
         <value>0x80042850</value>
         <object_component_ref idref="oc-e7"/>
      </symbol>
      <symbol id="sm-5ac">
         <name>_RME_Proc_Del</name>
         <value>0x800414c8</value>
         <object_component_ref idref="oc-e7"/>
      </symbol>
      <symbol id="sm-5ad">
         <name>_RME_Run_High</name>
         <value>0x80040424</value>
         <object_component_ref idref="oc-e7"/>
      </symbol>
      <symbol id="sm-5ae">
         <name>_RME_CPU_Local_Init</name>
         <value>0x80040000</value>
         <object_component_ref idref="oc-e7"/>
      </symbol>
      <symbol id="sm-5af">
         <name>__RME_List_Crt</name>
         <value>0x80040088</value>
         <object_component_ref idref="oc-e7"/>
      </symbol>
      <symbol id="sm-5b0">
         <name>_RME_Thd_Exec_Set</name>
         <value>0x80042bc4</value>
         <object_component_ref idref="oc-e7"/>
      </symbol>
      <symbol id="sm-5b1">
         <name>_RME_Thd_Sched_Prio</name>
         <value>0x8004352c</value>
         <object_component_ref idref="oc-e7"/>
      </symbol>
      <symbol id="sm-5b2">
         <name>_RME_Thd_Sched_Bind</name>
         <value>0x80042fe4</value>
         <object_component_ref idref="oc-e7"/>
      </symbol>
      <symbol id="sm-5b3">
         <name>_RME_Thd_Time_Xfer</name>
         <value>0x80043da4</value>
         <object_component_ref idref="oc-e7"/>
      </symbol>
      <symbol id="sm-5b4">
         <name>_RME_Thd_Boot_Crt</name>
         <value>0x80041e44</value>
         <object_component_ref idref="oc-e7"/>
      </symbol>
      <symbol id="sm-5b5">
         <name>_RME_Thd_Sched_Free</name>
         <value>0x80043840</value>
         <object_component_ref idref="oc-e7"/>
      </symbol>
      <symbol id="sm-5b6">
         <name>__RME_List_Ins</name>
         <value>0x800400cc</value>
         <object_component_ref idref="oc-e7"/>
      </symbol>
      <symbol id="sm-5b7">
         <name>_RME_Thd_Sched_Rcv</name>
         <value>0x80043b84</value>
         <object_component_ref idref="oc-e7"/>
      </symbol>
      <symbol id="sm-6c1">
         <name>_RME_Inv_Ret</name>
         <value>0x80048f98</value>
         <object_component_ref idref="oc-ff"/>
      </symbol>
      <symbol id="sm-6c2">
         <name>_RME_Sig_Boot_Crt</name>
         <value>0x800471c0</value>
         <object_component_ref idref="oc-ff"/>
      </symbol>
      <symbol id="sm-6c3">
         <name>_RME_Sig_Snd</name>
         <value>0x80047cf8</value>
         <object_component_ref idref="oc-ff"/>
      </symbol>
      <symbol id="sm-6c4">
         <name>_RME_Sig_Crt</name>
         <value>0x800473e4</value>
         <object_component_ref idref="oc-ff"/>
      </symbol>
      <symbol id="sm-6c5">
         <name>_RME_Inv_Set</name>
         <value>0x80048bc8</value>
         <object_component_ref idref="oc-ff"/>
      </symbol>
      <symbol id="sm-6c6">
         <name>_RME_Inv_Act</name>
         <value>0x80048d68</value>
         <object_component_ref idref="oc-ff"/>
      </symbol>
      <symbol id="sm-6c7">
         <name>_RME_Kern_Snd</name>
         <value>0x80047bf0</value>
         <object_component_ref idref="oc-ff"/>
      </symbol>
      <symbol id="sm-6c8">
         <name>_RME_Inv_Crt</name>
         <value>0x800483a0</value>
         <object_component_ref idref="oc-ff"/>
      </symbol>
      <symbol id="sm-6c9">
         <name>_RME_Sig_Rcv</name>
         <value>0x80047fa8</value>
         <object_component_ref idref="oc-ff"/>
      </symbol>
      <symbol id="sm-6ca">
         <name>_RME_Sig_Del</name>
         <value>0x80047778</value>
         <object_component_ref idref="oc-ff"/>
      </symbol>
      <symbol id="sm-6cb">
         <name>_RME_Inv_Del</name>
         <value>0x800488a4</value>
         <object_component_ref idref="oc-ff"/>
      </symbol>
      <symbol id="sm-6cc">
         <name>_RME_Kern_High</name>
         <value>0x80047ab0</value>
         <object_component_ref idref="oc-ff"/>
      </symbol>
      <symbol id="sm-8e8">
         <name>RME_C66X_CPU_Local</name>
         <value>0x800cd6f0</value>
      </symbol>
      <symbol id="sm-8e9">
         <name>__RME_C66X_Fetch_And</name>
         <value>0x80044860</value>
         <object_component_ref idref="oc-ad"/>
      </symbol>
      <symbol id="sm-8ea">
         <name>__RME_C66X_Int_Handler</name>
         <value>0x800467c0</value>
         <object_component_ref idref="oc-ad"/>
      </symbol>
      <symbol id="sm-8eb">
         <name>__RME_SMP_Kmain</name>
         <value>0x80044c44</value>
         <object_component_ref idref="oc-ad"/>
      </symbol>
      <symbol id="sm-8ec">
         <name>__RME_Thd_Reg_Copy</name>
         <value>0x80045b54</value>
         <object_component_ref idref="oc-ad"/>
      </symbol>
      <symbol id="sm-8ed">
         <name>__RME_Pgtbl_Pgdir_Unmap</name>
         <value>0x80046e98</value>
         <object_component_ref idref="oc-ad"/>
      </symbol>
      <symbol id="sm-8ee">
         <name>__RME_Pgtbl_Lookup</name>
         <value>0x80046f48</value>
         <object_component_ref idref="oc-ad"/>
      </symbol>
      <symbol id="sm-8ef">
         <name>__RME_Set_Syscall_Retval</name>
         <value>0x80045b00</value>
         <object_component_ref idref="oc-ad"/>
      </symbol>
      <symbol id="sm-8f0">
         <name>__RME_Pgtbl_Init</name>
         <value>0x80046a94</value>
         <object_component_ref idref="oc-ad"/>
      </symbol>
      <symbol id="sm-8f1">
         <name>__RME_SMP_Low_Level_Init</name>
         <value>0x80044a90</value>
         <object_component_ref idref="oc-ad"/>
      </symbol>
      <symbol id="sm-8f2">
         <name>__RME_Pgtbl_Page_Map</name>
         <value>0x80046c38</value>
         <object_component_ref idref="oc-ad"/>
      </symbol>
      <symbol id="sm-8f3">
         <name>__RME_C66X_Comp_Swap</name>
         <value>0x800446c0</value>
         <object_component_ref idref="oc-ad"/>
      </symbol>
      <symbol id="sm-8f4">
         <name>__RME_Pgtbl_Del_Check</name>
         <value>0x80046c08</value>
         <object_component_ref idref="oc-ad"/>
      </symbol>
      <symbol id="sm-8f5">
         <name>__RME_Boot</name>
         <value>0x80044ff8</value>
         <object_component_ref idref="oc-ad"/>
      </symbol>
      <symbol id="sm-8f6">
         <name>__RME_Get_Syscall_Param</name>
         <value>0x80045a90</value>
         <object_component_ref idref="oc-ad"/>
      </symbol>
      <symbol id="sm-8f7">
         <name>__RME_Kern_Func_Handler</name>
         <value>0x80046160</value>
         <object_component_ref idref="oc-ad"/>
      </symbol>
      <symbol id="sm-8f8">
         <name>main</name>
         <value>0x80044eec</value>
         <object_component_ref idref="oc-ad"/>
      </symbol>
      <symbol id="sm-8f9">
         <name>__RME_C66X_SMP_Init</name>
         <value>0x80044f08</value>
         <object_component_ref idref="oc-ad"/>
      </symbol>
      <symbol id="sm-8fa">
         <name>__RME_Inv_Reg_Save</name>
         <value>0x800460e0</value>
         <object_component_ref idref="oc-ad"/>
      </symbol>
      <symbol id="sm-8fb">
         <name>__RME_Inv_Reg_Restore</name>
         <value>0x8004610c</value>
         <object_component_ref idref="oc-ad"/>
      </symbol>
      <symbol id="sm-8fc">
         <name>__RME_Thd_Reg_Init</name>
         <value>0x80045b20</value>
         <object_component_ref idref="oc-ad"/>
      </symbol>
      <symbol id="sm-8fd">
         <name>__RME_Set_Inv_Retval</name>
         <value>0x80046140</value>
         <object_component_ref idref="oc-ad"/>
      </symbol>
      <symbol id="sm-8fe">
         <name>__RME_Shutdown</name>
         <value>0x80045a14</value>
         <object_component_ref idref="oc-ad"/>
      </symbol>
      <symbol id="sm-8ff">
         <name>__RME_Pgtbl_Pgdir_Map</name>
         <value>0x80046dc0</value>
         <object_component_ref idref="oc-ad"/>
      </symbol>
      <symbol id="sm-900">
         <name>__RME_Pgtbl_Page_Unmap</name>
         <value>0x80046d2c</value>
         <object_component_ref idref="oc-ad"/>
      </symbol>
      <symbol id="sm-901">
         <name>__RME_C66X_Fault_Handler</name>
         <value>0x80046698</value>
         <object_component_ref idref="oc-ad"/>
      </symbol>
      <symbol id="sm-902">
         <name>__RME_C66X_Fetch_Add</name>
         <value>0x80044794</value>
         <object_component_ref idref="oc-ad"/>
      </symbol>
      <symbol id="sm-903">
         <name>__RME_C66X_Generic_Handler</name>
         <value>0x800467d4</value>
         <object_component_ref idref="oc-ad"/>
      </symbol>
      <symbol id="sm-904">
         <name>__RME_Thd_Cop_Init</name>
         <value>0x80046050</value>
         <object_component_ref idref="oc-ad"/>
      </symbol>
      <symbol id="sm-905">
         <name>__RME_Pgtbl_Check</name>
         <value>0x80046a0c</value>
         <object_component_ref idref="oc-ad"/>
      </symbol>
      <symbol id="sm-906">
         <name>__RME_Low_Level_Init</name>
         <value>0x800449e8</value>
         <object_component_ref idref="oc-ad"/>
      </symbol>
      <symbol id="sm-907">
         <name>__RME_Reboot</name>
         <value>0x80045998</value>
         <object_component_ref idref="oc-ad"/>
      </symbol>
      <symbol id="sm-908">
         <name>__RME_C66X_Timer_Init</name>
         <value>0x80044980</value>
         <object_component_ref idref="oc-ad"/>
      </symbol>
      <symbol id="sm-909">
         <name>__RME_Thd_Cop_Save</name>
         <value>0x800460a8</value>
         <object_component_ref idref="oc-ad"/>
      </symbol>
      <symbol id="sm-90a">
         <name>__RME_Thd_Cop_Restore</name>
         <value>0x800460c4</value>
         <object_component_ref idref="oc-ad"/>
      </symbol>
      <symbol id="sm-90b">
         <name>__RME_Pgtbl_Kmem_Init</name>
         <value>0x80046a04</value>
         <object_component_ref idref="oc-ad"/>
      </symbol>
      <symbol id="sm-90c">
         <name>__RME_Putchar</name>
         <value>0x8004492c</value>
         <object_component_ref idref="oc-ad"/>
      </symbol>
      <symbol id="sm-90d">
         <name>__RME_Pgtbl_Set</name>
         <value>0x80046180</value>
         <object_component_ref idref="oc-ad"/>
      </symbol>
      <symbol id="sm-90e">
         <name>__RME_Pgtbl_Walk</name>
         <value>0x80047000</value>
         <object_component_ref idref="oc-ad"/>
      </symbol>
      <symbol id="sm-919">
         <name>_RME_Kmain</name>
         <value>0x8004e468</value>
         <object_component_ref idref="oc-e2"/>
      </symbol>
      <symbol id="sm-91a">
         <name>__RME_C66X_CPUID_Get</name>
         <value>0x8004e484</value>
         <object_component_ref idref="oc-e2"/>
      </symbol>
      <symbol id="sm-91b">
         <name>__RME_C66X_Set_ISTP</name>
         <value>0x8004e42c</value>
         <object_component_ref idref="oc-e2"/>
      </symbol>
      <symbol id="sm-91c">
         <name>___RME_C66X_Thd_Cop_Restore</name>
         <value>0x8004e4e4</value>
         <object_component_ref idref="oc-e2"/>
      </symbol>
      <symbol id="sm-91d">
         <name>__RME_C66X_Read_Acquire</name>
         <value>0x8004e450</value>
         <object_component_ref idref="oc-e2"/>
      </symbol>
      <symbol id="sm-91e">
         <name>__RME_C66X_Stack_Addr</name>
         <value>0x80020000</value>
         <object_component_ref idref="oc-4c"/>
      </symbol>
      <symbol id="sm-91f">
         <name>__RME_C66X_Get_EFR</name>
         <value>0x8004e434</value>
         <object_component_ref idref="oc-e2"/>
      </symbol>
      <symbol id="sm-920">
         <name>___RME_C66X_Thd_Cop_Save</name>
         <value>0x8004e4a8</value>
         <object_component_ref idref="oc-e2"/>
      </symbol>
      <symbol id="sm-921">
         <name>__RME_C66X_Stack</name>
         <value>0x80000000</value>
         <object_component_ref idref="oc-74"/>
      </symbol>
      <symbol id="sm-922">
         <name>__RME_C66X_Write_Release</name>
         <value>0x8004e460</value>
         <object_component_ref idref="oc-e2"/>
      </symbol>
      <symbol id="sm-923">
         <name>__RME_Disable_Int</name>
         <value>0x8004e414</value>
         <object_component_ref idref="oc-e2"/>
      </symbol>
      <symbol id="sm-924">
         <name>__RME_Enable_Int</name>
         <value>0x8004e41c</value>
         <object_component_ref idref="oc-e2"/>
      </symbol>
      <symbol id="sm-925">
         <name>__RME_C66X_Idle</name>
         <value>0x8004e424</value>
         <object_component_ref idref="oc-e2"/>
      </symbol>
      <symbol id="sm-926">
         <name>__RME_Enter_User_Mode</name>
         <value>0x8004e48c</value>
         <object_component_ref idref="oc-e2"/>
      </symbol>
      <symbol id="sm-927">
         <name>__RME_C66X_MSB_Get</name>
         <value>0x8004e470</value>
         <object_component_ref idref="oc-e2"/>
      </symbol>
      <symbol id="sm-928">
         <name>__TI_STACK_END</name>
         <value>0x80004000</value>
         <object_component_ref idref="oc-74"/>
      </symbol>
      <symbol id="sm-929">
         <name>__RME_C66X_Get_IERR</name>
         <value>0x8004e448</value>
         <object_component_ref idref="oc-e2"/>
      </symbol>
      <symbol id="sm-92a">
         <name>__RME_C66X_Set_ECR</name>
         <value>0x8004e440</value>
         <object_component_ref idref="oc-e2"/>
      </symbol>
      <symbol id="sm-92b">
         <name>_RME_C66X_SMP_Kmain</name>
         <value>0x8004e400</value>
         <object_component_ref idref="oc-e2"/>
      </symbol>
      <symbol id="sm-92c">
         <name>__RME_C66X_Vector_Table</name>
         <value>0x8004e000</value>
         <object_component_ref idref="oc-e2"/>
      </symbol>
      <symbol id="sm-942">
         <name>_c_int00</name>
         <value>0x8004df80</value>
         <object_component_ref idref="oc-46"/>
      </symbol>
      <symbol id="sm-943">
         <name>_stack</name>
         <value>0x8004f1c0</value>
         <object_component_ref idref="oc-4d"/>
      </symbol>
      <symbol id="sm-95a">
         <name>__TI_decompress_none</name>
         <value>0x8004f180</value>
         <object_component_ref idref="oc-34"/>
      </symbol>
      <symbol id="sm-985">
         <name>__TI_decompress_rle24</name>
         <value>0x8004f1a0</value>
         <object_component_ref idref="oc-3a"/>
      </symbol>
      <symbol id="sm-98f">
         <name>__c6xabi_divu</name>
         <value>0x8004ee20</value>
         <object_component_ref idref="oc-dd"/>
      </symbol>
      <symbol id="sm-990">
         <name>__divu</name>
         <value>0x8004ee20</value>
         <object_component_ref idref="oc-dd"/>
      </symbol>
      <symbol id="sm-9b1">
         <name>C$$EXIT</name>
         <value>0x8004f160</value>
         <object_component_ref idref="oc-b8"/>
      </symbol>
      <symbol id="sm-9b2">
         <name>abort</name>
         <value>0x8004f160</value>
         <object_component_ref idref="oc-b8"/>
      </symbol>
      <symbol id="sm-9b3">
         <name>exit</name>
         <value>0x8004ec60</value>
         <object_component_ref idref="oc-7b"/>
      </symbol>
      <symbol id="sm-9b4">
         <name>__TI_dtors_ptr</name>
         <value>0x800cdfbc</value>
         <object_component_ref idref="oc-b5"/>
      </symbol>
      <symbol id="sm-9b5">
         <name>__TI_cleanup_ptr</name>
         <value>0x800cdfb8</value>
         <object_component_ref idref="oc-b5"/>
      </symbol>
      <symbol id="sm-9b6">
         <name>__TI_enable_exit_profile_output</name>
         <value>0x800cdfc0</value>
         <object_component_ref idref="oc-b5"/>
      </symbol>
      <symbol id="sm-9bf">
         <name>memcpy</name>
         <value>0x8004f040</value>
         <object_component_ref idref="oc-50"/>
      </symbol>
      <symbol id="sm-9cf">
         <name>memset</name>
         <value>0x8004ed40</value>
         <object_component_ref idref="oc-68"/>
      </symbol>
      <symbol id="sm-9d8">
         <name>_system_pre_init</name>
         <value>0x8004f140</value>
         <object_component_ref idref="oc-81"/>
      </symbol>
      <symbol id="sm-9e1">
         <name>__remu</name>
         <value>0x8004efa0</value>
         <object_component_ref idref="oc-143"/>
      </symbol>
      <symbol id="sm-9e2">
         <name>__c6xabi_remu</name>
         <value>0x8004efa0</value>
         <object_component_ref idref="oc-143"/>
      </symbol>
      <symbol id="sm-9f4">
         <name>_args_main</name>
         <value>0x8004f0e0</value>
         <object_component_ref idref="oc-75"/>
      </symbol>
      <symbol id="sm-a1a">
         <name>_auto_init_elf</name>
         <value>0x8004dc20</value>
         <object_component_ref idref="oc-87"/>
      </symbol>
      <symbol id="sm-a31">
         <name>copy_in</name>
         <value>0x8004de80</value>
         <object_component_ref idref="oc-c1"/>
      </symbol>
      <symbol id="sm-a3a">
         <name>_system_post_cinit</name>
         <value>0x8004f120</value>
         <object_component_ref idref="oc-c7"/>
      </symbol>
      <symbol id="sm-a53">
         <name>__TI_tls_init</name>
         <value>0x8004eee0</value>
         <object_component_ref idref="oc-cd"/>
      </symbol>
      <symbol id="sm-a55">
         <name>__TI_STATIC_BASE</name>
         <value>0x0</value>
      </symbol>
      <symbol id="sm-a57">
         <name>__TI_INITARRAY_Limit</name>
         <value>0x0</value>
      </symbol>
      <symbol id="sm-a58">
         <name>__TI_INITARRAY_Base</name>
         <value>0x0</value>
      </symbol>
      <symbol id="sm-a59">
         <name>__TI_TLS_INIT_Base</name>
         <value>0x0</value>
      </symbol>
      <symbol id="sm-a5a">
         <name>__TI_TLS_INIT_Limit</name>
         <value>0x0</value>
      </symbol>
   </symbol_table>
   <title>Link successful</title>
</link_info>
