<!doctype html public "-//w3c//dtd html 4.0 transitional//en">
<html><head>
<title>Static Call Graph - [.\Debug\Output\RME.axf]</title></head>
<body><HR>
<H1>Static Call Graph for image .\Debug\Output\RME.axf</H1><HR>
<BR><P>#&#060CALLGRAPH&#062# ARM Linker, 5060750: Last Updated: Tue Oct 08 20:30:06 2019
<BR><P>
<H3>Maximum Stack Usage =        232 bytes + Unknown(Functions without stacksize, Untraceable Function Pointers)</H3><H3>
Call chain for Maximum Stack Depth:</H3>
SVC_Handler &rArr; _RME_Svc_Handler &rArr; __RME_Pgtbl_Pgdir_Unmap &rArr; ___RME_Pgtbl_MPU_Update &rArr; RME_Print_Int &rArr; __RME_Putchar
<P>
<H3>
Functions with no stack information
</H3><UL>
 <LI><a href="#[fe]">__RME_Disable_Int</a>
 <LI><a href="#[ff]">__RME_Enable_Int</a>
 <LI><a href="#[100]">__RME_A7M_Barrier</a>
 <LI><a href="#[101]">__RME_A7M_Wait_Int</a>
 <LI><a href="#[102]">_RME_Kmain</a>
 <LI><a href="#[103]">__RME_A7M_MSB_Get</a>
 <LI><a href="#[104]">__RME_Enter_User_Mode</a>
 <LI><a href="#[105]">___RME_A7M_Thd_Cop_Save</a>
 <LI><a href="#[106]">___RME_A7M_Thd_Cop_Restore</a>
 <LI><a href="#[107]">___RME_A7M_MPU_Set</a>
 <LI><a href="#[9]">SysTick_Handler</a>
 <LI><a href="#[6]">SVC_Handler</a>
 <LI><a href="#[1]">NMI_Handler</a>
 <LI><a href="#[8]">PendSV_Handler</a>
 <LI><a href="#[7]">DebugMon_Handler</a>
 <LI><a href="#[2]">HardFault_Handler</a>
 <LI><a href="#[3]">MemManage_Handler</a>
 <LI><a href="#[4]">BusFault_Handler</a>
 <LI><a href="#[5]">UsageFault_Handler</a>
</UL>
</UL>
<P>
<H3>
Function Pointers
</H3><UL>
 <LI><a href="#[4]">BusFault_Handler</a> from rme_platform_a7m_asm.o(RESET) referenced from rme_platform_a7m_asm.o(RESET)
 <LI><a href="#[7]">DebugMon_Handler</a> from rme_platform_a7m_asm.o(RESET) referenced from rme_platform_a7m_asm.o(RESET)
 <LI><a href="#[2]">HardFault_Handler</a> from rme_platform_a7m_asm.o(RESET) referenced from rme_platform_a7m_asm.o(RESET)
 <LI><a href="#[a]">IRQ0_Handler</a> from rme_platform_a7m_asm.o(RESET) referenced from rme_platform_a7m_asm.o(RESET)
 <LI><a href="#[6e]">IRQ100_Handler</a> from rme_platform_a7m_asm.o(RESET) referenced from rme_platform_a7m_asm.o(RESET)
 <LI><a href="#[6f]">IRQ101_Handler</a> from rme_platform_a7m_asm.o(RESET) referenced from rme_platform_a7m_asm.o(RESET)
 <LI><a href="#[70]">IRQ102_Handler</a> from rme_platform_a7m_asm.o(RESET) referenced from rme_platform_a7m_asm.o(RESET)
 <LI><a href="#[71]">IRQ103_Handler</a> from rme_platform_a7m_asm.o(RESET) referenced from rme_platform_a7m_asm.o(RESET)
 <LI><a href="#[72]">IRQ104_Handler</a> from rme_platform_a7m_asm.o(RESET) referenced from rme_platform_a7m_asm.o(RESET)
 <LI><a href="#[73]">IRQ105_Handler</a> from rme_platform_a7m_asm.o(RESET) referenced from rme_platform_a7m_asm.o(RESET)
 <LI><a href="#[74]">IRQ106_Handler</a> from rme_platform_a7m_asm.o(RESET) referenced from rme_platform_a7m_asm.o(RESET)
 <LI><a href="#[75]">IRQ107_Handler</a> from rme_platform_a7m_asm.o(RESET) referenced from rme_platform_a7m_asm.o(RESET)
 <LI><a href="#[76]">IRQ108_Handler</a> from rme_platform_a7m_asm.o(RESET) referenced from rme_platform_a7m_asm.o(RESET)
 <LI><a href="#[77]">IRQ109_Handler</a> from rme_platform_a7m_asm.o(RESET) referenced from rme_platform_a7m_asm.o(RESET)
 <LI><a href="#[14]">IRQ10_Handler</a> from rme_platform_a7m_asm.o(RESET) referenced from rme_platform_a7m_asm.o(RESET)
 <LI><a href="#[78]">IRQ110_Handler</a> from rme_platform_a7m_asm.o(RESET) referenced from rme_platform_a7m_asm.o(RESET)
 <LI><a href="#[79]">IRQ111_Handler</a> from rme_platform_a7m_asm.o(RESET) referenced from rme_platform_a7m_asm.o(RESET)
 <LI><a href="#[7a]">IRQ112_Handler</a> from rme_platform_a7m_asm.o(RESET) referenced from rme_platform_a7m_asm.o(RESET)
 <LI><a href="#[7b]">IRQ113_Handler</a> from rme_platform_a7m_asm.o(RESET) referenced from rme_platform_a7m_asm.o(RESET)
 <LI><a href="#[7c]">IRQ114_Handler</a> from rme_platform_a7m_asm.o(RESET) referenced from rme_platform_a7m_asm.o(RESET)
 <LI><a href="#[7d]">IRQ115_Handler</a> from rme_platform_a7m_asm.o(RESET) referenced from rme_platform_a7m_asm.o(RESET)
 <LI><a href="#[7e]">IRQ116_Handler</a> from rme_platform_a7m_asm.o(RESET) referenced from rme_platform_a7m_asm.o(RESET)
 <LI><a href="#[7f]">IRQ117_Handler</a> from rme_platform_a7m_asm.o(RESET) referenced from rme_platform_a7m_asm.o(RESET)
 <LI><a href="#[80]">IRQ118_Handler</a> from rme_platform_a7m_asm.o(RESET) referenced from rme_platform_a7m_asm.o(RESET)
 <LI><a href="#[81]">IRQ119_Handler</a> from rme_platform_a7m_asm.o(RESET) referenced from rme_platform_a7m_asm.o(RESET)
 <LI><a href="#[15]">IRQ11_Handler</a> from rme_platform_a7m_asm.o(RESET) referenced from rme_platform_a7m_asm.o(RESET)
 <LI><a href="#[82]">IRQ120_Handler</a> from rme_platform_a7m_asm.o(RESET) referenced from rme_platform_a7m_asm.o(RESET)
 <LI><a href="#[83]">IRQ121_Handler</a> from rme_platform_a7m_asm.o(RESET) referenced from rme_platform_a7m_asm.o(RESET)
 <LI><a href="#[84]">IRQ122_Handler</a> from rme_platform_a7m_asm.o(RESET) referenced from rme_platform_a7m_asm.o(RESET)
 <LI><a href="#[85]">IRQ123_Handler</a> from rme_platform_a7m_asm.o(RESET) referenced from rme_platform_a7m_asm.o(RESET)
 <LI><a href="#[86]">IRQ124_Handler</a> from rme_platform_a7m_asm.o(RESET) referenced from rme_platform_a7m_asm.o(RESET)
 <LI><a href="#[87]">IRQ125_Handler</a> from rme_platform_a7m_asm.o(RESET) referenced from rme_platform_a7m_asm.o(RESET)
 <LI><a href="#[88]">IRQ126_Handler</a> from rme_platform_a7m_asm.o(RESET) referenced from rme_platform_a7m_asm.o(RESET)
 <LI><a href="#[89]">IRQ127_Handler</a> from rme_platform_a7m_asm.o(RESET) referenced from rme_platform_a7m_asm.o(RESET)
 <LI><a href="#[8a]">IRQ128_Handler</a> from rme_platform_a7m_asm.o(RESET) referenced from rme_platform_a7m_asm.o(RESET)
 <LI><a href="#[8b]">IRQ129_Handler</a> from rme_platform_a7m_asm.o(RESET) referenced from rme_platform_a7m_asm.o(RESET)
 <LI><a href="#[16]">IRQ12_Handler</a> from rme_platform_a7m_asm.o(RESET) referenced from rme_platform_a7m_asm.o(RESET)
 <LI><a href="#[8c]">IRQ130_Handler</a> from rme_platform_a7m_asm.o(RESET) referenced from rme_platform_a7m_asm.o(RESET)
 <LI><a href="#[8d]">IRQ131_Handler</a> from rme_platform_a7m_asm.o(RESET) referenced from rme_platform_a7m_asm.o(RESET)
 <LI><a href="#[8e]">IRQ132_Handler</a> from rme_platform_a7m_asm.o(RESET) referenced from rme_platform_a7m_asm.o(RESET)
 <LI><a href="#[8f]">IRQ133_Handler</a> from rme_platform_a7m_asm.o(RESET) referenced from rme_platform_a7m_asm.o(RESET)
 <LI><a href="#[90]">IRQ134_Handler</a> from rme_platform_a7m_asm.o(RESET) referenced from rme_platform_a7m_asm.o(RESET)
 <LI><a href="#[91]">IRQ135_Handler</a> from rme_platform_a7m_asm.o(RESET) referenced from rme_platform_a7m_asm.o(RESET)
 <LI><a href="#[92]">IRQ136_Handler</a> from rme_platform_a7m_asm.o(RESET) referenced from rme_platform_a7m_asm.o(RESET)
 <LI><a href="#[93]">IRQ137_Handler</a> from rme_platform_a7m_asm.o(RESET) referenced from rme_platform_a7m_asm.o(RESET)
 <LI><a href="#[94]">IRQ138_Handler</a> from rme_platform_a7m_asm.o(RESET) referenced from rme_platform_a7m_asm.o(RESET)
 <LI><a href="#[95]">IRQ139_Handler</a> from rme_platform_a7m_asm.o(RESET) referenced from rme_platform_a7m_asm.o(RESET)
 <LI><a href="#[17]">IRQ13_Handler</a> from rme_platform_a7m_asm.o(RESET) referenced from rme_platform_a7m_asm.o(RESET)
 <LI><a href="#[96]">IRQ140_Handler</a> from rme_platform_a7m_asm.o(RESET) referenced from rme_platform_a7m_asm.o(RESET)
 <LI><a href="#[97]">IRQ141_Handler</a> from rme_platform_a7m_asm.o(RESET) referenced from rme_platform_a7m_asm.o(RESET)
 <LI><a href="#[98]">IRQ142_Handler</a> from rme_platform_a7m_asm.o(RESET) referenced from rme_platform_a7m_asm.o(RESET)
 <LI><a href="#[99]">IRQ143_Handler</a> from rme_platform_a7m_asm.o(RESET) referenced from rme_platform_a7m_asm.o(RESET)
 <LI><a href="#[9a]">IRQ144_Handler</a> from rme_platform_a7m_asm.o(RESET) referenced from rme_platform_a7m_asm.o(RESET)
 <LI><a href="#[9b]">IRQ145_Handler</a> from rme_platform_a7m_asm.o(RESET) referenced from rme_platform_a7m_asm.o(RESET)
 <LI><a href="#[9c]">IRQ146_Handler</a> from rme_platform_a7m_asm.o(RESET) referenced from rme_platform_a7m_asm.o(RESET)
 <LI><a href="#[9d]">IRQ147_Handler</a> from rme_platform_a7m_asm.o(RESET) referenced from rme_platform_a7m_asm.o(RESET)
 <LI><a href="#[9e]">IRQ148_Handler</a> from rme_platform_a7m_asm.o(RESET) referenced from rme_platform_a7m_asm.o(RESET)
 <LI><a href="#[9f]">IRQ149_Handler</a> from rme_platform_a7m_asm.o(RESET) referenced from rme_platform_a7m_asm.o(RESET)
 <LI><a href="#[18]">IRQ14_Handler</a> from rme_platform_a7m_asm.o(RESET) referenced from rme_platform_a7m_asm.o(RESET)
 <LI><a href="#[a0]">IRQ150_Handler</a> from rme_platform_a7m_asm.o(RESET) referenced from rme_platform_a7m_asm.o(RESET)
 <LI><a href="#[a1]">IRQ151_Handler</a> from rme_platform_a7m_asm.o(RESET) referenced from rme_platform_a7m_asm.o(RESET)
 <LI><a href="#[a2]">IRQ152_Handler</a> from rme_platform_a7m_asm.o(RESET) referenced from rme_platform_a7m_asm.o(RESET)
 <LI><a href="#[a3]">IRQ153_Handler</a> from rme_platform_a7m_asm.o(RESET) referenced from rme_platform_a7m_asm.o(RESET)
 <LI><a href="#[a4]">IRQ154_Handler</a> from rme_platform_a7m_asm.o(RESET) referenced from rme_platform_a7m_asm.o(RESET)
 <LI><a href="#[a5]">IRQ155_Handler</a> from rme_platform_a7m_asm.o(RESET) referenced from rme_platform_a7m_asm.o(RESET)
 <LI><a href="#[a6]">IRQ156_Handler</a> from rme_platform_a7m_asm.o(RESET) referenced from rme_platform_a7m_asm.o(RESET)
 <LI><a href="#[a7]">IRQ157_Handler</a> from rme_platform_a7m_asm.o(RESET) referenced from rme_platform_a7m_asm.o(RESET)
 <LI><a href="#[a8]">IRQ158_Handler</a> from rme_platform_a7m_asm.o(RESET) referenced from rme_platform_a7m_asm.o(RESET)
 <LI><a href="#[a9]">IRQ159_Handler</a> from rme_platform_a7m_asm.o(RESET) referenced from rme_platform_a7m_asm.o(RESET)
 <LI><a href="#[19]">IRQ15_Handler</a> from rme_platform_a7m_asm.o(RESET) referenced from rme_platform_a7m_asm.o(RESET)
 <LI><a href="#[aa]">IRQ160_Handler</a> from rme_platform_a7m_asm.o(RESET) referenced from rme_platform_a7m_asm.o(RESET)
 <LI><a href="#[ab]">IRQ161_Handler</a> from rme_platform_a7m_asm.o(RESET) referenced from rme_platform_a7m_asm.o(RESET)
 <LI><a href="#[ac]">IRQ162_Handler</a> from rme_platform_a7m_asm.o(RESET) referenced from rme_platform_a7m_asm.o(RESET)
 <LI><a href="#[ad]">IRQ163_Handler</a> from rme_platform_a7m_asm.o(RESET) referenced from rme_platform_a7m_asm.o(RESET)
 <LI><a href="#[ae]">IRQ164_Handler</a> from rme_platform_a7m_asm.o(RESET) referenced from rme_platform_a7m_asm.o(RESET)
 <LI><a href="#[af]">IRQ165_Handler</a> from rme_platform_a7m_asm.o(RESET) referenced from rme_platform_a7m_asm.o(RESET)
 <LI><a href="#[b0]">IRQ166_Handler</a> from rme_platform_a7m_asm.o(RESET) referenced from rme_platform_a7m_asm.o(RESET)
 <LI><a href="#[b1]">IRQ167_Handler</a> from rme_platform_a7m_asm.o(RESET) referenced from rme_platform_a7m_asm.o(RESET)
 <LI><a href="#[b2]">IRQ168_Handler</a> from rme_platform_a7m_asm.o(RESET) referenced from rme_platform_a7m_asm.o(RESET)
 <LI><a href="#[b3]">IRQ169_Handler</a> from rme_platform_a7m_asm.o(RESET) referenced from rme_platform_a7m_asm.o(RESET)
 <LI><a href="#[1a]">IRQ16_Handler</a> from rme_platform_a7m_asm.o(RESET) referenced from rme_platform_a7m_asm.o(RESET)
 <LI><a href="#[b4]">IRQ170_Handler</a> from rme_platform_a7m_asm.o(RESET) referenced from rme_platform_a7m_asm.o(RESET)
 <LI><a href="#[b5]">IRQ171_Handler</a> from rme_platform_a7m_asm.o(RESET) referenced from rme_platform_a7m_asm.o(RESET)
 <LI><a href="#[b6]">IRQ172_Handler</a> from rme_platform_a7m_asm.o(RESET) referenced from rme_platform_a7m_asm.o(RESET)
 <LI><a href="#[b7]">IRQ173_Handler</a> from rme_platform_a7m_asm.o(RESET) referenced from rme_platform_a7m_asm.o(RESET)
 <LI><a href="#[b8]">IRQ174_Handler</a> from rme_platform_a7m_asm.o(RESET) referenced from rme_platform_a7m_asm.o(RESET)
 <LI><a href="#[b9]">IRQ175_Handler</a> from rme_platform_a7m_asm.o(RESET) referenced from rme_platform_a7m_asm.o(RESET)
 <LI><a href="#[ba]">IRQ176_Handler</a> from rme_platform_a7m_asm.o(RESET) referenced from rme_platform_a7m_asm.o(RESET)
 <LI><a href="#[bb]">IRQ177_Handler</a> from rme_platform_a7m_asm.o(RESET) referenced from rme_platform_a7m_asm.o(RESET)
 <LI><a href="#[bc]">IRQ178_Handler</a> from rme_platform_a7m_asm.o(RESET) referenced from rme_platform_a7m_asm.o(RESET)
 <LI><a href="#[bd]">IRQ179_Handler</a> from rme_platform_a7m_asm.o(RESET) referenced from rme_platform_a7m_asm.o(RESET)
 <LI><a href="#[1b]">IRQ17_Handler</a> from rme_platform_a7m_asm.o(RESET) referenced from rme_platform_a7m_asm.o(RESET)
 <LI><a href="#[be]">IRQ180_Handler</a> from rme_platform_a7m_asm.o(RESET) referenced from rme_platform_a7m_asm.o(RESET)
 <LI><a href="#[bf]">IRQ181_Handler</a> from rme_platform_a7m_asm.o(RESET) referenced from rme_platform_a7m_asm.o(RESET)
 <LI><a href="#[c0]">IRQ182_Handler</a> from rme_platform_a7m_asm.o(RESET) referenced from rme_platform_a7m_asm.o(RESET)
 <LI><a href="#[c1]">IRQ183_Handler</a> from rme_platform_a7m_asm.o(RESET) referenced from rme_platform_a7m_asm.o(RESET)
 <LI><a href="#[c2]">IRQ184_Handler</a> from rme_platform_a7m_asm.o(RESET) referenced from rme_platform_a7m_asm.o(RESET)
 <LI><a href="#[c3]">IRQ185_Handler</a> from rme_platform_a7m_asm.o(RESET) referenced from rme_platform_a7m_asm.o(RESET)
 <LI><a href="#[c4]">IRQ186_Handler</a> from rme_platform_a7m_asm.o(RESET) referenced from rme_platform_a7m_asm.o(RESET)
 <LI><a href="#[c5]">IRQ187_Handler</a> from rme_platform_a7m_asm.o(RESET) referenced from rme_platform_a7m_asm.o(RESET)
 <LI><a href="#[c6]">IRQ188_Handler</a> from rme_platform_a7m_asm.o(RESET) referenced from rme_platform_a7m_asm.o(RESET)
 <LI><a href="#[c7]">IRQ189_Handler</a> from rme_platform_a7m_asm.o(RESET) referenced from rme_platform_a7m_asm.o(RESET)
 <LI><a href="#[1c]">IRQ18_Handler</a> from rme_platform_a7m_asm.o(RESET) referenced from rme_platform_a7m_asm.o(RESET)
 <LI><a href="#[c8]">IRQ190_Handler</a> from rme_platform_a7m_asm.o(RESET) referenced from rme_platform_a7m_asm.o(RESET)
 <LI><a href="#[c9]">IRQ191_Handler</a> from rme_platform_a7m_asm.o(RESET) referenced from rme_platform_a7m_asm.o(RESET)
 <LI><a href="#[ca]">IRQ192_Handler</a> from rme_platform_a7m_asm.o(RESET) referenced from rme_platform_a7m_asm.o(RESET)
 <LI><a href="#[cb]">IRQ193_Handler</a> from rme_platform_a7m_asm.o(RESET) referenced from rme_platform_a7m_asm.o(RESET)
 <LI><a href="#[cc]">IRQ194_Handler</a> from rme_platform_a7m_asm.o(RESET) referenced from rme_platform_a7m_asm.o(RESET)
 <LI><a href="#[cd]">IRQ195_Handler</a> from rme_platform_a7m_asm.o(RESET) referenced from rme_platform_a7m_asm.o(RESET)
 <LI><a href="#[ce]">IRQ196_Handler</a> from rme_platform_a7m_asm.o(RESET) referenced from rme_platform_a7m_asm.o(RESET)
 <LI><a href="#[cf]">IRQ197_Handler</a> from rme_platform_a7m_asm.o(RESET) referenced from rme_platform_a7m_asm.o(RESET)
 <LI><a href="#[d0]">IRQ198_Handler</a> from rme_platform_a7m_asm.o(RESET) referenced from rme_platform_a7m_asm.o(RESET)
 <LI><a href="#[d1]">IRQ199_Handler</a> from rme_platform_a7m_asm.o(RESET) referenced from rme_platform_a7m_asm.o(RESET)
 <LI><a href="#[1d]">IRQ19_Handler</a> from rme_platform_a7m_asm.o(RESET) referenced from rme_platform_a7m_asm.o(RESET)
 <LI><a href="#[b]">IRQ1_Handler</a> from rme_platform_a7m_asm.o(RESET) referenced from rme_platform_a7m_asm.o(RESET)
 <LI><a href="#[d2]">IRQ200_Handler</a> from rme_platform_a7m_asm.o(RESET) referenced from rme_platform_a7m_asm.o(RESET)
 <LI><a href="#[d3]">IRQ201_Handler</a> from rme_platform_a7m_asm.o(RESET) referenced from rme_platform_a7m_asm.o(RESET)
 <LI><a href="#[d4]">IRQ202_Handler</a> from rme_platform_a7m_asm.o(RESET) referenced from rme_platform_a7m_asm.o(RESET)
 <LI><a href="#[d5]">IRQ203_Handler</a> from rme_platform_a7m_asm.o(RESET) referenced from rme_platform_a7m_asm.o(RESET)
 <LI><a href="#[d6]">IRQ204_Handler</a> from rme_platform_a7m_asm.o(RESET) referenced from rme_platform_a7m_asm.o(RESET)
 <LI><a href="#[d7]">IRQ205_Handler</a> from rme_platform_a7m_asm.o(RESET) referenced from rme_platform_a7m_asm.o(RESET)
 <LI><a href="#[d8]">IRQ206_Handler</a> from rme_platform_a7m_asm.o(RESET) referenced from rme_platform_a7m_asm.o(RESET)
 <LI><a href="#[d9]">IRQ207_Handler</a> from rme_platform_a7m_asm.o(RESET) referenced from rme_platform_a7m_asm.o(RESET)
 <LI><a href="#[da]">IRQ208_Handler</a> from rme_platform_a7m_asm.o(RESET) referenced from rme_platform_a7m_asm.o(RESET)
 <LI><a href="#[db]">IRQ209_Handler</a> from rme_platform_a7m_asm.o(RESET) referenced from rme_platform_a7m_asm.o(RESET)
 <LI><a href="#[1e]">IRQ20_Handler</a> from rme_platform_a7m_asm.o(RESET) referenced from rme_platform_a7m_asm.o(RESET)
 <LI><a href="#[dc]">IRQ210_Handler</a> from rme_platform_a7m_asm.o(RESET) referenced from rme_platform_a7m_asm.o(RESET)
 <LI><a href="#[dd]">IRQ211_Handler</a> from rme_platform_a7m_asm.o(RESET) referenced from rme_platform_a7m_asm.o(RESET)
 <LI><a href="#[de]">IRQ212_Handler</a> from rme_platform_a7m_asm.o(RESET) referenced from rme_platform_a7m_asm.o(RESET)
 <LI><a href="#[df]">IRQ213_Handler</a> from rme_platform_a7m_asm.o(RESET) referenced from rme_platform_a7m_asm.o(RESET)
 <LI><a href="#[e0]">IRQ214_Handler</a> from rme_platform_a7m_asm.o(RESET) referenced from rme_platform_a7m_asm.o(RESET)
 <LI><a href="#[e1]">IRQ215_Handler</a> from rme_platform_a7m_asm.o(RESET) referenced from rme_platform_a7m_asm.o(RESET)
 <LI><a href="#[e2]">IRQ216_Handler</a> from rme_platform_a7m_asm.o(RESET) referenced from rme_platform_a7m_asm.o(RESET)
 <LI><a href="#[e3]">IRQ217_Handler</a> from rme_platform_a7m_asm.o(RESET) referenced from rme_platform_a7m_asm.o(RESET)
 <LI><a href="#[e4]">IRQ218_Handler</a> from rme_platform_a7m_asm.o(RESET) referenced from rme_platform_a7m_asm.o(RESET)
 <LI><a href="#[e5]">IRQ219_Handler</a> from rme_platform_a7m_asm.o(RESET) referenced from rme_platform_a7m_asm.o(RESET)
 <LI><a href="#[1f]">IRQ21_Handler</a> from rme_platform_a7m_asm.o(RESET) referenced from rme_platform_a7m_asm.o(RESET)
 <LI><a href="#[e6]">IRQ220_Handler</a> from rme_platform_a7m_asm.o(RESET) referenced from rme_platform_a7m_asm.o(RESET)
 <LI><a href="#[e7]">IRQ221_Handler</a> from rme_platform_a7m_asm.o(RESET) referenced from rme_platform_a7m_asm.o(RESET)
 <LI><a href="#[e8]">IRQ222_Handler</a> from rme_platform_a7m_asm.o(RESET) referenced from rme_platform_a7m_asm.o(RESET)
 <LI><a href="#[e9]">IRQ223_Handler</a> from rme_platform_a7m_asm.o(RESET) referenced from rme_platform_a7m_asm.o(RESET)
 <LI><a href="#[ea]">IRQ224_Handler</a> from rme_platform_a7m_asm.o(RESET) referenced from rme_platform_a7m_asm.o(RESET)
 <LI><a href="#[eb]">IRQ225_Handler</a> from rme_platform_a7m_asm.o(RESET) referenced from rme_platform_a7m_asm.o(RESET)
 <LI><a href="#[ec]">IRQ226_Handler</a> from rme_platform_a7m_asm.o(RESET) referenced from rme_platform_a7m_asm.o(RESET)
 <LI><a href="#[ed]">IRQ227_Handler</a> from rme_platform_a7m_asm.o(RESET) referenced from rme_platform_a7m_asm.o(RESET)
 <LI><a href="#[ee]">IRQ228_Handler</a> from rme_platform_a7m_asm.o(RESET) referenced from rme_platform_a7m_asm.o(RESET)
 <LI><a href="#[ef]">IRQ229_Handler</a> from rme_platform_a7m_asm.o(RESET) referenced from rme_platform_a7m_asm.o(RESET)
 <LI><a href="#[20]">IRQ22_Handler</a> from rme_platform_a7m_asm.o(RESET) referenced from rme_platform_a7m_asm.o(RESET)
 <LI><a href="#[f0]">IRQ230_Handler</a> from rme_platform_a7m_asm.o(RESET) referenced from rme_platform_a7m_asm.o(RESET)
 <LI><a href="#[f1]">IRQ231_Handler</a> from rme_platform_a7m_asm.o(RESET) referenced from rme_platform_a7m_asm.o(RESET)
 <LI><a href="#[f2]">IRQ232_Handler</a> from rme_platform_a7m_asm.o(RESET) referenced from rme_platform_a7m_asm.o(RESET)
 <LI><a href="#[f3]">IRQ233_Handler</a> from rme_platform_a7m_asm.o(RESET) referenced from rme_platform_a7m_asm.o(RESET)
 <LI><a href="#[f4]">IRQ234_Handler</a> from rme_platform_a7m_asm.o(RESET) referenced from rme_platform_a7m_asm.o(RESET)
 <LI><a href="#[f5]">IRQ235_Handler</a> from rme_platform_a7m_asm.o(RESET) referenced from rme_platform_a7m_asm.o(RESET)
 <LI><a href="#[f6]">IRQ236_Handler</a> from rme_platform_a7m_asm.o(RESET) referenced from rme_platform_a7m_asm.o(RESET)
 <LI><a href="#[f7]">IRQ237_Handler</a> from rme_platform_a7m_asm.o(RESET) referenced from rme_platform_a7m_asm.o(RESET)
 <LI><a href="#[f8]">IRQ238_Handler</a> from rme_platform_a7m_asm.o(RESET) referenced from rme_platform_a7m_asm.o(RESET)
 <LI><a href="#[f9]">IRQ239_Handler</a> from rme_platform_a7m_asm.o(RESET) referenced from rme_platform_a7m_asm.o(RESET)
 <LI><a href="#[21]">IRQ23_Handler</a> from rme_platform_a7m_asm.o(RESET) referenced from rme_platform_a7m_asm.o(RESET)
 <LI><a href="#[22]">IRQ24_Handler</a> from rme_platform_a7m_asm.o(RESET) referenced from rme_platform_a7m_asm.o(RESET)
 <LI><a href="#[23]">IRQ25_Handler</a> from rme_platform_a7m_asm.o(RESET) referenced from rme_platform_a7m_asm.o(RESET)
 <LI><a href="#[24]">IRQ26_Handler</a> from rme_platform_a7m_asm.o(RESET) referenced from rme_platform_a7m_asm.o(RESET)
 <LI><a href="#[25]">IRQ27_Handler</a> from rme_platform_a7m_asm.o(RESET) referenced from rme_platform_a7m_asm.o(RESET)
 <LI><a href="#[26]">IRQ28_Handler</a> from rme_platform_a7m_asm.o(RESET) referenced from rme_platform_a7m_asm.o(RESET)
 <LI><a href="#[27]">IRQ29_Handler</a> from rme_platform_a7m_asm.o(RESET) referenced from rme_platform_a7m_asm.o(RESET)
 <LI><a href="#[c]">IRQ2_Handler</a> from rme_platform_a7m_asm.o(RESET) referenced from rme_platform_a7m_asm.o(RESET)
 <LI><a href="#[28]">IRQ30_Handler</a> from rme_platform_a7m_asm.o(RESET) referenced from rme_platform_a7m_asm.o(RESET)
 <LI><a href="#[29]">IRQ31_Handler</a> from rme_platform_a7m_asm.o(RESET) referenced from rme_platform_a7m_asm.o(RESET)
 <LI><a href="#[2a]">IRQ32_Handler</a> from rme_platform_a7m_asm.o(RESET) referenced from rme_platform_a7m_asm.o(RESET)
 <LI><a href="#[2b]">IRQ33_Handler</a> from rme_platform_a7m_asm.o(RESET) referenced from rme_platform_a7m_asm.o(RESET)
 <LI><a href="#[2c]">IRQ34_Handler</a> from rme_platform_a7m_asm.o(RESET) referenced from rme_platform_a7m_asm.o(RESET)
 <LI><a href="#[2d]">IRQ35_Handler</a> from rme_platform_a7m_asm.o(RESET) referenced from rme_platform_a7m_asm.o(RESET)
 <LI><a href="#[2e]">IRQ36_Handler</a> from rme_platform_a7m_asm.o(RESET) referenced from rme_platform_a7m_asm.o(RESET)
 <LI><a href="#[2f]">IRQ37_Handler</a> from rme_platform_a7m_asm.o(RESET) referenced from rme_platform_a7m_asm.o(RESET)
 <LI><a href="#[30]">IRQ38_Handler</a> from rme_platform_a7m_asm.o(RESET) referenced from rme_platform_a7m_asm.o(RESET)
 <LI><a href="#[31]">IRQ39_Handler</a> from rme_platform_a7m_asm.o(RESET) referenced from rme_platform_a7m_asm.o(RESET)
 <LI><a href="#[d]">IRQ3_Handler</a> from rme_platform_a7m_asm.o(RESET) referenced from rme_platform_a7m_asm.o(RESET)
 <LI><a href="#[32]">IRQ40_Handler</a> from rme_platform_a7m_asm.o(RESET) referenced from rme_platform_a7m_asm.o(RESET)
 <LI><a href="#[33]">IRQ41_Handler</a> from rme_platform_a7m_asm.o(RESET) referenced from rme_platform_a7m_asm.o(RESET)
 <LI><a href="#[34]">IRQ42_Handler</a> from rme_platform_a7m_asm.o(RESET) referenced from rme_platform_a7m_asm.o(RESET)
 <LI><a href="#[35]">IRQ43_Handler</a> from rme_platform_a7m_asm.o(RESET) referenced from rme_platform_a7m_asm.o(RESET)
 <LI><a href="#[36]">IRQ44_Handler</a> from rme_platform_a7m_asm.o(RESET) referenced from rme_platform_a7m_asm.o(RESET)
 <LI><a href="#[37]">IRQ45_Handler</a> from rme_platform_a7m_asm.o(RESET) referenced from rme_platform_a7m_asm.o(RESET)
 <LI><a href="#[38]">IRQ46_Handler</a> from rme_platform_a7m_asm.o(RESET) referenced from rme_platform_a7m_asm.o(RESET)
 <LI><a href="#[39]">IRQ47_Handler</a> from rme_platform_a7m_asm.o(RESET) referenced from rme_platform_a7m_asm.o(RESET)
 <LI><a href="#[3a]">IRQ48_Handler</a> from rme_platform_a7m_asm.o(RESET) referenced from rme_platform_a7m_asm.o(RESET)
 <LI><a href="#[3b]">IRQ49_Handler</a> from rme_platform_a7m_asm.o(RESET) referenced from rme_platform_a7m_asm.o(RESET)
 <LI><a href="#[e]">IRQ4_Handler</a> from rme_platform_a7m_asm.o(RESET) referenced from rme_platform_a7m_asm.o(RESET)
 <LI><a href="#[3c]">IRQ50_Handler</a> from rme_platform_a7m_asm.o(RESET) referenced from rme_platform_a7m_asm.o(RESET)
 <LI><a href="#[3d]">IRQ51_Handler</a> from rme_platform_a7m_asm.o(RESET) referenced from rme_platform_a7m_asm.o(RESET)
 <LI><a href="#[3e]">IRQ52_Handler</a> from rme_platform_a7m_asm.o(RESET) referenced from rme_platform_a7m_asm.o(RESET)
 <LI><a href="#[3f]">IRQ53_Handler</a> from rme_platform_a7m_asm.o(RESET) referenced from rme_platform_a7m_asm.o(RESET)
 <LI><a href="#[40]">IRQ54_Handler</a> from rme_platform_a7m_asm.o(RESET) referenced from rme_platform_a7m_asm.o(RESET)
 <LI><a href="#[41]">IRQ55_Handler</a> from rme_platform_a7m_asm.o(RESET) referenced from rme_platform_a7m_asm.o(RESET)
 <LI><a href="#[42]">IRQ56_Handler</a> from rme_platform_a7m_asm.o(RESET) referenced from rme_platform_a7m_asm.o(RESET)
 <LI><a href="#[43]">IRQ57_Handler</a> from rme_platform_a7m_asm.o(RESET) referenced from rme_platform_a7m_asm.o(RESET)
 <LI><a href="#[44]">IRQ58_Handler</a> from rme_platform_a7m_asm.o(RESET) referenced from rme_platform_a7m_asm.o(RESET)
 <LI><a href="#[45]">IRQ59_Handler</a> from rme_platform_a7m_asm.o(RESET) referenced from rme_platform_a7m_asm.o(RESET)
 <LI><a href="#[f]">IRQ5_Handler</a> from rme_platform_a7m_asm.o(RESET) referenced from rme_platform_a7m_asm.o(RESET)
 <LI><a href="#[46]">IRQ60_Handler</a> from rme_platform_a7m_asm.o(RESET) referenced from rme_platform_a7m_asm.o(RESET)
 <LI><a href="#[47]">IRQ61_Handler</a> from rme_platform_a7m_asm.o(RESET) referenced from rme_platform_a7m_asm.o(RESET)
 <LI><a href="#[48]">IRQ62_Handler</a> from rme_platform_a7m_asm.o(RESET) referenced from rme_platform_a7m_asm.o(RESET)
 <LI><a href="#[49]">IRQ63_Handler</a> from rme_platform_a7m_asm.o(RESET) referenced from rme_platform_a7m_asm.o(RESET)
 <LI><a href="#[4a]">IRQ64_Handler</a> from rme_platform_a7m_asm.o(RESET) referenced from rme_platform_a7m_asm.o(RESET)
 <LI><a href="#[4b]">IRQ65_Handler</a> from rme_platform_a7m_asm.o(RESET) referenced from rme_platform_a7m_asm.o(RESET)
 <LI><a href="#[4c]">IRQ66_Handler</a> from rme_platform_a7m_asm.o(RESET) referenced from rme_platform_a7m_asm.o(RESET)
 <LI><a href="#[4d]">IRQ67_Handler</a> from rme_platform_a7m_asm.o(RESET) referenced from rme_platform_a7m_asm.o(RESET)
 <LI><a href="#[4e]">IRQ68_Handler</a> from rme_platform_a7m_asm.o(RESET) referenced from rme_platform_a7m_asm.o(RESET)
 <LI><a href="#[4f]">IRQ69_Handler</a> from rme_platform_a7m_asm.o(RESET) referenced from rme_platform_a7m_asm.o(RESET)
 <LI><a href="#[10]">IRQ6_Handler</a> from rme_platform_a7m_asm.o(RESET) referenced from rme_platform_a7m_asm.o(RESET)
 <LI><a href="#[50]">IRQ70_Handler</a> from rme_platform_a7m_asm.o(RESET) referenced from rme_platform_a7m_asm.o(RESET)
 <LI><a href="#[51]">IRQ71_Handler</a> from rme_platform_a7m_asm.o(RESET) referenced from rme_platform_a7m_asm.o(RESET)
 <LI><a href="#[52]">IRQ72_Handler</a> from rme_platform_a7m_asm.o(RESET) referenced from rme_platform_a7m_asm.o(RESET)
 <LI><a href="#[53]">IRQ73_Handler</a> from rme_platform_a7m_asm.o(RESET) referenced from rme_platform_a7m_asm.o(RESET)
 <LI><a href="#[54]">IRQ74_Handler</a> from rme_platform_a7m_asm.o(RESET) referenced from rme_platform_a7m_asm.o(RESET)
 <LI><a href="#[55]">IRQ75_Handler</a> from rme_platform_a7m_asm.o(RESET) referenced from rme_platform_a7m_asm.o(RESET)
 <LI><a href="#[56]">IRQ76_Handler</a> from rme_platform_a7m_asm.o(RESET) referenced from rme_platform_a7m_asm.o(RESET)
 <LI><a href="#[57]">IRQ77_Handler</a> from rme_platform_a7m_asm.o(RESET) referenced from rme_platform_a7m_asm.o(RESET)
 <LI><a href="#[58]">IRQ78_Handler</a> from rme_platform_a7m_asm.o(RESET) referenced from rme_platform_a7m_asm.o(RESET)
 <LI><a href="#[59]">IRQ79_Handler</a> from rme_platform_a7m_asm.o(RESET) referenced from rme_platform_a7m_asm.o(RESET)
 <LI><a href="#[11]">IRQ7_Handler</a> from rme_platform_a7m_asm.o(RESET) referenced from rme_platform_a7m_asm.o(RESET)
 <LI><a href="#[5a]">IRQ80_Handler</a> from rme_platform_a7m_asm.o(RESET) referenced from rme_platform_a7m_asm.o(RESET)
 <LI><a href="#[5b]">IRQ81_Handler</a> from rme_platform_a7m_asm.o(RESET) referenced from rme_platform_a7m_asm.o(RESET)
 <LI><a href="#[5c]">IRQ82_Handler</a> from rme_platform_a7m_asm.o(RESET) referenced from rme_platform_a7m_asm.o(RESET)
 <LI><a href="#[5d]">IRQ83_Handler</a> from rme_platform_a7m_asm.o(RESET) referenced from rme_platform_a7m_asm.o(RESET)
 <LI><a href="#[5e]">IRQ84_Handler</a> from rme_platform_a7m_asm.o(RESET) referenced from rme_platform_a7m_asm.o(RESET)
 <LI><a href="#[5f]">IRQ85_Handler</a> from rme_platform_a7m_asm.o(RESET) referenced from rme_platform_a7m_asm.o(RESET)
 <LI><a href="#[60]">IRQ86_Handler</a> from rme_platform_a7m_asm.o(RESET) referenced from rme_platform_a7m_asm.o(RESET)
 <LI><a href="#[61]">IRQ87_Handler</a> from rme_platform_a7m_asm.o(RESET) referenced from rme_platform_a7m_asm.o(RESET)
 <LI><a href="#[62]">IRQ88_Handler</a> from rme_platform_a7m_asm.o(RESET) referenced from rme_platform_a7m_asm.o(RESET)
 <LI><a href="#[63]">IRQ89_Handler</a> from rme_platform_a7m_asm.o(RESET) referenced from rme_platform_a7m_asm.o(RESET)
 <LI><a href="#[12]">IRQ8_Handler</a> from rme_platform_a7m_asm.o(RESET) referenced from rme_platform_a7m_asm.o(RESET)
 <LI><a href="#[64]">IRQ90_Handler</a> from rme_platform_a7m_asm.o(RESET) referenced from rme_platform_a7m_asm.o(RESET)
 <LI><a href="#[65]">IRQ91_Handler</a> from rme_platform_a7m_asm.o(RESET) referenced from rme_platform_a7m_asm.o(RESET)
 <LI><a href="#[66]">IRQ92_Handler</a> from rme_platform_a7m_asm.o(RESET) referenced from rme_platform_a7m_asm.o(RESET)
 <LI><a href="#[67]">IRQ93_Handler</a> from rme_platform_a7m_asm.o(RESET) referenced from rme_platform_a7m_asm.o(RESET)
 <LI><a href="#[68]">IRQ94_Handler</a> from rme_platform_a7m_asm.o(RESET) referenced from rme_platform_a7m_asm.o(RESET)
 <LI><a href="#[69]">IRQ95_Handler</a> from rme_platform_a7m_asm.o(RESET) referenced from rme_platform_a7m_asm.o(RESET)
 <LI><a href="#[6a]">IRQ96_Handler</a> from rme_platform_a7m_asm.o(RESET) referenced from rme_platform_a7m_asm.o(RESET)
 <LI><a href="#[6b]">IRQ97_Handler</a> from rme_platform_a7m_asm.o(RESET) referenced from rme_platform_a7m_asm.o(RESET)
 <LI><a href="#[6c]">IRQ98_Handler</a> from rme_platform_a7m_asm.o(RESET) referenced from rme_platform_a7m_asm.o(RESET)
 <LI><a href="#[6d]">IRQ99_Handler</a> from rme_platform_a7m_asm.o(RESET) referenced from rme_platform_a7m_asm.o(RESET)
 <LI><a href="#[13]">IRQ9_Handler</a> from rme_platform_a7m_asm.o(RESET) referenced from rme_platform_a7m_asm.o(RESET)
 <LI><a href="#[3]">MemManage_Handler</a> from rme_platform_a7m_asm.o(RESET) referenced from rme_platform_a7m_asm.o(RESET)
 <LI><a href="#[1]">NMI_Handler</a> from rme_platform_a7m_asm.o(RESET) referenced from rme_platform_a7m_asm.o(RESET)
 <LI><a href="#[8]">PendSV_Handler</a> from rme_platform_a7m_asm.o(RESET) referenced from rme_platform_a7m_asm.o(RESET)
 <LI><a href="#[0]">Reset_Handler</a> from rme_platform_a7m_asm.o(RESET) referenced from rme_platform_a7m_asm.o(RESET)
 <LI><a href="#[6]">SVC_Handler</a> from rme_platform_a7m_asm.o(RESET) referenced from rme_platform_a7m_asm.o(RESET)
 <LI><a href="#[9]">SysTick_Handler</a> from rme_platform_a7m_asm.o(RESET) referenced from rme_platform_a7m_asm.o(RESET)
 <LI><a href="#[5]">UsageFault_Handler</a> from rme_platform_a7m_asm.o(RESET) referenced from rme_platform_a7m_asm.o(RESET)
 <LI><a href="#[fa]">__RME_A7M_Low_Level_Preinit</a> from rme_platform_a7m.o(i.__RME_A7M_Low_Level_Preinit) referenced from rme_platform_a7m_asm.o(RESET)
 <LI><a href="#[fb]">__main</a> from entry.o(.ARM.Collect$$$$00000000) referenced from rme_platform_a7m_asm.o(RESET)
 <LI><a href="#[fc]">main</a> from rme_platform_a7m.o(i.main) referenced from entry9a.o(.ARM.Collect$$$$0000000B)
</UL>
<P>
<H3>
Global Symbols
</H3>
<P><STRONG><a name="[fd]"></a>__Vectors_End</STRONG> (Thumb, 0 bytes, Stack size 0 bytes, rme_platform_a7m_asm.o(RESET), UNUSED, KEPT)

<P><STRONG><a name="[a]"></a>IRQ0_Handler</STRONG> (Thumb, 0 bytes, Stack size 0 bytes, rme_platform_a7m_asm.o(RESET))
<BR><BR>[Stack]<UL><LI>Max Depth = 96 + Unknown Stack Size
<LI>Call Chain = IRQ0_Handler &rArr; __RME_A7M_Vect_Handler &rArr; _RME_Kern_Snd &rArr; _RME_Run_Ins &rArr; RME_Print_Int &rArr; __RME_Putchar
</UL>
<BR>[Calls]<UL><LI><a href="#[108]">&gt;&gt;</a>&nbsp;&nbsp;&nbsp;__RME_A7M_Vect_Handler
</UL>
<BR>[Address Reference Count : 1]<UL><LI> rme_platform_a7m_asm.o(RESET)
</UL>
<P><STRONG><a name="[6e]"></a>IRQ100_Handler</STRONG> (Thumb, 0 bytes, Stack size 0 bytes, rme_platform_a7m_asm.o(RESET))
<BR>[Address Reference Count : 1]<UL><LI> rme_platform_a7m_asm.o(RESET)
</UL>
<P><STRONG><a name="[6f]"></a>IRQ101_Handler</STRONG> (Thumb, 0 bytes, Stack size 0 bytes, rme_platform_a7m_asm.o(RESET))
<BR>[Address Reference Count : 1]<UL><LI> rme_platform_a7m_asm.o(RESET)
</UL>
<P><STRONG><a name="[70]"></a>IRQ102_Handler</STRONG> (Thumb, 0 bytes, Stack size 0 bytes, rme_platform_a7m_asm.o(RESET))
<BR>[Address Reference Count : 1]<UL><LI> rme_platform_a7m_asm.o(RESET)
</UL>
<P><STRONG><a name="[71]"></a>IRQ103_Handler</STRONG> (Thumb, 0 bytes, Stack size 0 bytes, rme_platform_a7m_asm.o(RESET))
<BR>[Address Reference Count : 1]<UL><LI> rme_platform_a7m_asm.o(RESET)
</UL>
<P><STRONG><a name="[72]"></a>IRQ104_Handler</STRONG> (Thumb, 0 bytes, Stack size 0 bytes, rme_platform_a7m_asm.o(RESET))
<BR>[Address Reference Count : 1]<UL><LI> rme_platform_a7m_asm.o(RESET)
</UL>
<P><STRONG><a name="[73]"></a>IRQ105_Handler</STRONG> (Thumb, 0 bytes, Stack size 0 bytes, rme_platform_a7m_asm.o(RESET))
<BR>[Address Reference Count : 1]<UL><LI> rme_platform_a7m_asm.o(RESET)
</UL>
<P><STRONG><a name="[74]"></a>IRQ106_Handler</STRONG> (Thumb, 0 bytes, Stack size 0 bytes, rme_platform_a7m_asm.o(RESET))
<BR>[Address Reference Count : 1]<UL><LI> rme_platform_a7m_asm.o(RESET)
</UL>
<P><STRONG><a name="[75]"></a>IRQ107_Handler</STRONG> (Thumb, 0 bytes, Stack size 0 bytes, rme_platform_a7m_asm.o(RESET))
<BR>[Address Reference Count : 1]<UL><LI> rme_platform_a7m_asm.o(RESET)
</UL>
<P><STRONG><a name="[76]"></a>IRQ108_Handler</STRONG> (Thumb, 0 bytes, Stack size 0 bytes, rme_platform_a7m_asm.o(RESET))
<BR>[Address Reference Count : 1]<UL><LI> rme_platform_a7m_asm.o(RESET)
</UL>
<P><STRONG><a name="[77]"></a>IRQ109_Handler</STRONG> (Thumb, 0 bytes, Stack size 0 bytes, rme_platform_a7m_asm.o(RESET))
<BR>[Address Reference Count : 1]<UL><LI> rme_platform_a7m_asm.o(RESET)
</UL>
<P><STRONG><a name="[14]"></a>IRQ10_Handler</STRONG> (Thumb, 0 bytes, Stack size 0 bytes, rme_platform_a7m_asm.o(RESET))
<BR>[Address Reference Count : 1]<UL><LI> rme_platform_a7m_asm.o(RESET)
</UL>
<P><STRONG><a name="[78]"></a>IRQ110_Handler</STRONG> (Thumb, 0 bytes, Stack size 0 bytes, rme_platform_a7m_asm.o(RESET))
<BR>[Address Reference Count : 1]<UL><LI> rme_platform_a7m_asm.o(RESET)
</UL>
<P><STRONG><a name="[79]"></a>IRQ111_Handler</STRONG> (Thumb, 0 bytes, Stack size 0 bytes, rme_platform_a7m_asm.o(RESET))
<BR>[Address Reference Count : 1]<UL><LI> rme_platform_a7m_asm.o(RESET)
</UL>
<P><STRONG><a name="[7a]"></a>IRQ112_Handler</STRONG> (Thumb, 0 bytes, Stack size 0 bytes, rme_platform_a7m_asm.o(RESET))
<BR>[Address Reference Count : 1]<UL><LI> rme_platform_a7m_asm.o(RESET)
</UL>
<P><STRONG><a name="[7b]"></a>IRQ113_Handler</STRONG> (Thumb, 0 bytes, Stack size 0 bytes, rme_platform_a7m_asm.o(RESET))
<BR>[Address Reference Count : 1]<UL><LI> rme_platform_a7m_asm.o(RESET)
</UL>
<P><STRONG><a name="[7c]"></a>IRQ114_Handler</STRONG> (Thumb, 0 bytes, Stack size 0 bytes, rme_platform_a7m_asm.o(RESET))
<BR>[Address Reference Count : 1]<UL><LI> rme_platform_a7m_asm.o(RESET)
</UL>
<P><STRONG><a name="[7d]"></a>IRQ115_Handler</STRONG> (Thumb, 0 bytes, Stack size 0 bytes, rme_platform_a7m_asm.o(RESET))
<BR>[Address Reference Count : 1]<UL><LI> rme_platform_a7m_asm.o(RESET)
</UL>
<P><STRONG><a name="[7e]"></a>IRQ116_Handler</STRONG> (Thumb, 0 bytes, Stack size 0 bytes, rme_platform_a7m_asm.o(RESET))
<BR>[Address Reference Count : 1]<UL><LI> rme_platform_a7m_asm.o(RESET)
</UL>
<P><STRONG><a name="[7f]"></a>IRQ117_Handler</STRONG> (Thumb, 0 bytes, Stack size 0 bytes, rme_platform_a7m_asm.o(RESET))
<BR>[Address Reference Count : 1]<UL><LI> rme_platform_a7m_asm.o(RESET)
</UL>
<P><STRONG><a name="[80]"></a>IRQ118_Handler</STRONG> (Thumb, 0 bytes, Stack size 0 bytes, rme_platform_a7m_asm.o(RESET))
<BR>[Address Reference Count : 1]<UL><LI> rme_platform_a7m_asm.o(RESET)
</UL>
<P><STRONG><a name="[81]"></a>IRQ119_Handler</STRONG> (Thumb, 0 bytes, Stack size 0 bytes, rme_platform_a7m_asm.o(RESET))
<BR>[Address Reference Count : 1]<UL><LI> rme_platform_a7m_asm.o(RESET)
</UL>
<P><STRONG><a name="[15]"></a>IRQ11_Handler</STRONG> (Thumb, 0 bytes, Stack size 0 bytes, rme_platform_a7m_asm.o(RESET))
<BR>[Address Reference Count : 1]<UL><LI> rme_platform_a7m_asm.o(RESET)
</UL>
<P><STRONG><a name="[82]"></a>IRQ120_Handler</STRONG> (Thumb, 0 bytes, Stack size 0 bytes, rme_platform_a7m_asm.o(RESET))
<BR>[Address Reference Count : 1]<UL><LI> rme_platform_a7m_asm.o(RESET)
</UL>
<P><STRONG><a name="[83]"></a>IRQ121_Handler</STRONG> (Thumb, 0 bytes, Stack size 0 bytes, rme_platform_a7m_asm.o(RESET))
<BR>[Address Reference Count : 1]<UL><LI> rme_platform_a7m_asm.o(RESET)
</UL>
<P><STRONG><a name="[84]"></a>IRQ122_Handler</STRONG> (Thumb, 0 bytes, Stack size 0 bytes, rme_platform_a7m_asm.o(RESET))
<BR>[Address Reference Count : 1]<UL><LI> rme_platform_a7m_asm.o(RESET)
</UL>
<P><STRONG><a name="[85]"></a>IRQ123_Handler</STRONG> (Thumb, 0 bytes, Stack size 0 bytes, rme_platform_a7m_asm.o(RESET))
<BR>[Address Reference Count : 1]<UL><LI> rme_platform_a7m_asm.o(RESET)
</UL>
<P><STRONG><a name="[86]"></a>IRQ124_Handler</STRONG> (Thumb, 0 bytes, Stack size 0 bytes, rme_platform_a7m_asm.o(RESET))
<BR>[Address Reference Count : 1]<UL><LI> rme_platform_a7m_asm.o(RESET)
</UL>
<P><STRONG><a name="[87]"></a>IRQ125_Handler</STRONG> (Thumb, 0 bytes, Stack size 0 bytes, rme_platform_a7m_asm.o(RESET))
<BR>[Address Reference Count : 1]<UL><LI> rme_platform_a7m_asm.o(RESET)
</UL>
<P><STRONG><a name="[88]"></a>IRQ126_Handler</STRONG> (Thumb, 0 bytes, Stack size 0 bytes, rme_platform_a7m_asm.o(RESET))
<BR>[Address Reference Count : 1]<UL><LI> rme_platform_a7m_asm.o(RESET)
</UL>
<P><STRONG><a name="[89]"></a>IRQ127_Handler</STRONG> (Thumb, 0 bytes, Stack size 0 bytes, rme_platform_a7m_asm.o(RESET))
<BR>[Address Reference Count : 1]<UL><LI> rme_platform_a7m_asm.o(RESET)
</UL>
<P><STRONG><a name="[8a]"></a>IRQ128_Handler</STRONG> (Thumb, 0 bytes, Stack size 0 bytes, rme_platform_a7m_asm.o(RESET))
<BR>[Address Reference Count : 1]<UL><LI> rme_platform_a7m_asm.o(RESET)
</UL>
<P><STRONG><a name="[8b]"></a>IRQ129_Handler</STRONG> (Thumb, 0 bytes, Stack size 0 bytes, rme_platform_a7m_asm.o(RESET))
<BR>[Address Reference Count : 1]<UL><LI> rme_platform_a7m_asm.o(RESET)
</UL>
<P><STRONG><a name="[16]"></a>IRQ12_Handler</STRONG> (Thumb, 0 bytes, Stack size 0 bytes, rme_platform_a7m_asm.o(RESET))
<BR>[Address Reference Count : 1]<UL><LI> rme_platform_a7m_asm.o(RESET)
</UL>
<P><STRONG><a name="[8c]"></a>IRQ130_Handler</STRONG> (Thumb, 0 bytes, Stack size 0 bytes, rme_platform_a7m_asm.o(RESET))
<BR>[Address Reference Count : 1]<UL><LI> rme_platform_a7m_asm.o(RESET)
</UL>
<P><STRONG><a name="[8d]"></a>IRQ131_Handler</STRONG> (Thumb, 0 bytes, Stack size 0 bytes, rme_platform_a7m_asm.o(RESET))
<BR>[Address Reference Count : 1]<UL><LI> rme_platform_a7m_asm.o(RESET)
</UL>
<P><STRONG><a name="[8e]"></a>IRQ132_Handler</STRONG> (Thumb, 0 bytes, Stack size 0 bytes, rme_platform_a7m_asm.o(RESET))
<BR>[Address Reference Count : 1]<UL><LI> rme_platform_a7m_asm.o(RESET)
</UL>
<P><STRONG><a name="[8f]"></a>IRQ133_Handler</STRONG> (Thumb, 0 bytes, Stack size 0 bytes, rme_platform_a7m_asm.o(RESET))
<BR>[Address Reference Count : 1]<UL><LI> rme_platform_a7m_asm.o(RESET)
</UL>
<P><STRONG><a name="[90]"></a>IRQ134_Handler</STRONG> (Thumb, 0 bytes, Stack size 0 bytes, rme_platform_a7m_asm.o(RESET))
<BR>[Address Reference Count : 1]<UL><LI> rme_platform_a7m_asm.o(RESET)
</UL>
<P><STRONG><a name="[91]"></a>IRQ135_Handler</STRONG> (Thumb, 0 bytes, Stack size 0 bytes, rme_platform_a7m_asm.o(RESET))
<BR>[Address Reference Count : 1]<UL><LI> rme_platform_a7m_asm.o(RESET)
</UL>
<P><STRONG><a name="[92]"></a>IRQ136_Handler</STRONG> (Thumb, 0 bytes, Stack size 0 bytes, rme_platform_a7m_asm.o(RESET))
<BR>[Address Reference Count : 1]<UL><LI> rme_platform_a7m_asm.o(RESET)
</UL>
<P><STRONG><a name="[93]"></a>IRQ137_Handler</STRONG> (Thumb, 0 bytes, Stack size 0 bytes, rme_platform_a7m_asm.o(RESET))
<BR>[Address Reference Count : 1]<UL><LI> rme_platform_a7m_asm.o(RESET)
</UL>
<P><STRONG><a name="[94]"></a>IRQ138_Handler</STRONG> (Thumb, 0 bytes, Stack size 0 bytes, rme_platform_a7m_asm.o(RESET))
<BR>[Address Reference Count : 1]<UL><LI> rme_platform_a7m_asm.o(RESET)
</UL>
<P><STRONG><a name="[95]"></a>IRQ139_Handler</STRONG> (Thumb, 0 bytes, Stack size 0 bytes, rme_platform_a7m_asm.o(RESET))
<BR>[Address Reference Count : 1]<UL><LI> rme_platform_a7m_asm.o(RESET)
</UL>
<P><STRONG><a name="[17]"></a>IRQ13_Handler</STRONG> (Thumb, 0 bytes, Stack size 0 bytes, rme_platform_a7m_asm.o(RESET))
<BR>[Address Reference Count : 1]<UL><LI> rme_platform_a7m_asm.o(RESET)
</UL>
<P><STRONG><a name="[96]"></a>IRQ140_Handler</STRONG> (Thumb, 0 bytes, Stack size 0 bytes, rme_platform_a7m_asm.o(RESET))
<BR>[Address Reference Count : 1]<UL><LI> rme_platform_a7m_asm.o(RESET)
</UL>
<P><STRONG><a name="[97]"></a>IRQ141_Handler</STRONG> (Thumb, 0 bytes, Stack size 0 bytes, rme_platform_a7m_asm.o(RESET))
<BR>[Address Reference Count : 1]<UL><LI> rme_platform_a7m_asm.o(RESET)
</UL>
<P><STRONG><a name="[98]"></a>IRQ142_Handler</STRONG> (Thumb, 0 bytes, Stack size 0 bytes, rme_platform_a7m_asm.o(RESET))
<BR>[Address Reference Count : 1]<UL><LI> rme_platform_a7m_asm.o(RESET)
</UL>
<P><STRONG><a name="[99]"></a>IRQ143_Handler</STRONG> (Thumb, 0 bytes, Stack size 0 bytes, rme_platform_a7m_asm.o(RESET))
<BR>[Address Reference Count : 1]<UL><LI> rme_platform_a7m_asm.o(RESET)
</UL>
<P><STRONG><a name="[9a]"></a>IRQ144_Handler</STRONG> (Thumb, 0 bytes, Stack size 0 bytes, rme_platform_a7m_asm.o(RESET))
<BR>[Address Reference Count : 1]<UL><LI> rme_platform_a7m_asm.o(RESET)
</UL>
<P><STRONG><a name="[9b]"></a>IRQ145_Handler</STRONG> (Thumb, 0 bytes, Stack size 0 bytes, rme_platform_a7m_asm.o(RESET))
<BR>[Address Reference Count : 1]<UL><LI> rme_platform_a7m_asm.o(RESET)
</UL>
<P><STRONG><a name="[9c]"></a>IRQ146_Handler</STRONG> (Thumb, 0 bytes, Stack size 0 bytes, rme_platform_a7m_asm.o(RESET))
<BR>[Address Reference Count : 1]<UL><LI> rme_platform_a7m_asm.o(RESET)
</UL>
<P><STRONG><a name="[9d]"></a>IRQ147_Handler</STRONG> (Thumb, 0 bytes, Stack size 0 bytes, rme_platform_a7m_asm.o(RESET))
<BR>[Address Reference Count : 1]<UL><LI> rme_platform_a7m_asm.o(RESET)
</UL>
<P><STRONG><a name="[9e]"></a>IRQ148_Handler</STRONG> (Thumb, 0 bytes, Stack size 0 bytes, rme_platform_a7m_asm.o(RESET))
<BR>[Address Reference Count : 1]<UL><LI> rme_platform_a7m_asm.o(RESET)
</UL>
<P><STRONG><a name="[9f]"></a>IRQ149_Handler</STRONG> (Thumb, 0 bytes, Stack size 0 bytes, rme_platform_a7m_asm.o(RESET))
<BR>[Address Reference Count : 1]<UL><LI> rme_platform_a7m_asm.o(RESET)
</UL>
<P><STRONG><a name="[18]"></a>IRQ14_Handler</STRONG> (Thumb, 0 bytes, Stack size 0 bytes, rme_platform_a7m_asm.o(RESET))
<BR>[Address Reference Count : 1]<UL><LI> rme_platform_a7m_asm.o(RESET)
</UL>
<P><STRONG><a name="[a0]"></a>IRQ150_Handler</STRONG> (Thumb, 0 bytes, Stack size 0 bytes, rme_platform_a7m_asm.o(RESET))
<BR>[Address Reference Count : 1]<UL><LI> rme_platform_a7m_asm.o(RESET)
</UL>
<P><STRONG><a name="[a1]"></a>IRQ151_Handler</STRONG> (Thumb, 0 bytes, Stack size 0 bytes, rme_platform_a7m_asm.o(RESET))
<BR>[Address Reference Count : 1]<UL><LI> rme_platform_a7m_asm.o(RESET)
</UL>
<P><STRONG><a name="[a2]"></a>IRQ152_Handler</STRONG> (Thumb, 0 bytes, Stack size 0 bytes, rme_platform_a7m_asm.o(RESET))
<BR>[Address Reference Count : 1]<UL><LI> rme_platform_a7m_asm.o(RESET)
</UL>
<P><STRONG><a name="[a3]"></a>IRQ153_Handler</STRONG> (Thumb, 0 bytes, Stack size 0 bytes, rme_platform_a7m_asm.o(RESET))
<BR>[Address Reference Count : 1]<UL><LI> rme_platform_a7m_asm.o(RESET)
</UL>
<P><STRONG><a name="[a4]"></a>IRQ154_Handler</STRONG> (Thumb, 0 bytes, Stack size 0 bytes, rme_platform_a7m_asm.o(RESET))
<BR>[Address Reference Count : 1]<UL><LI> rme_platform_a7m_asm.o(RESET)
</UL>
<P><STRONG><a name="[a5]"></a>IRQ155_Handler</STRONG> (Thumb, 0 bytes, Stack size 0 bytes, rme_platform_a7m_asm.o(RESET))
<BR>[Address Reference Count : 1]<UL><LI> rme_platform_a7m_asm.o(RESET)
</UL>
<P><STRONG><a name="[a6]"></a>IRQ156_Handler</STRONG> (Thumb, 0 bytes, Stack size 0 bytes, rme_platform_a7m_asm.o(RESET))
<BR>[Address Reference Count : 1]<UL><LI> rme_platform_a7m_asm.o(RESET)
</UL>
<P><STRONG><a name="[a7]"></a>IRQ157_Handler</STRONG> (Thumb, 0 bytes, Stack size 0 bytes, rme_platform_a7m_asm.o(RESET))
<BR>[Address Reference Count : 1]<UL><LI> rme_platform_a7m_asm.o(RESET)
</UL>
<P><STRONG><a name="[a8]"></a>IRQ158_Handler</STRONG> (Thumb, 0 bytes, Stack size 0 bytes, rme_platform_a7m_asm.o(RESET))
<BR>[Address Reference Count : 1]<UL><LI> rme_platform_a7m_asm.o(RESET)
</UL>
<P><STRONG><a name="[a9]"></a>IRQ159_Handler</STRONG> (Thumb, 0 bytes, Stack size 0 bytes, rme_platform_a7m_asm.o(RESET))
<BR>[Address Reference Count : 1]<UL><LI> rme_platform_a7m_asm.o(RESET)
</UL>
<P><STRONG><a name="[19]"></a>IRQ15_Handler</STRONG> (Thumb, 0 bytes, Stack size 0 bytes, rme_platform_a7m_asm.o(RESET))
<BR>[Address Reference Count : 1]<UL><LI> rme_platform_a7m_asm.o(RESET)
</UL>
<P><STRONG><a name="[aa]"></a>IRQ160_Handler</STRONG> (Thumb, 0 bytes, Stack size 0 bytes, rme_platform_a7m_asm.o(RESET))
<BR>[Address Reference Count : 1]<UL><LI> rme_platform_a7m_asm.o(RESET)
</UL>
<P><STRONG><a name="[ab]"></a>IRQ161_Handler</STRONG> (Thumb, 0 bytes, Stack size 0 bytes, rme_platform_a7m_asm.o(RESET))
<BR>[Address Reference Count : 1]<UL><LI> rme_platform_a7m_asm.o(RESET)
</UL>
<P><STRONG><a name="[ac]"></a>IRQ162_Handler</STRONG> (Thumb, 0 bytes, Stack size 0 bytes, rme_platform_a7m_asm.o(RESET))
<BR>[Address Reference Count : 1]<UL><LI> rme_platform_a7m_asm.o(RESET)
</UL>
<P><STRONG><a name="[ad]"></a>IRQ163_Handler</STRONG> (Thumb, 0 bytes, Stack size 0 bytes, rme_platform_a7m_asm.o(RESET))
<BR>[Address Reference Count : 1]<UL><LI> rme_platform_a7m_asm.o(RESET)
</UL>
<P><STRONG><a name="[ae]"></a>IRQ164_Handler</STRONG> (Thumb, 0 bytes, Stack size 0 bytes, rme_platform_a7m_asm.o(RESET))
<BR>[Address Reference Count : 1]<UL><LI> rme_platform_a7m_asm.o(RESET)
</UL>
<P><STRONG><a name="[af]"></a>IRQ165_Handler</STRONG> (Thumb, 0 bytes, Stack size 0 bytes, rme_platform_a7m_asm.o(RESET))
<BR>[Address Reference Count : 1]<UL><LI> rme_platform_a7m_asm.o(RESET)
</UL>
<P><STRONG><a name="[b0]"></a>IRQ166_Handler</STRONG> (Thumb, 0 bytes, Stack size 0 bytes, rme_platform_a7m_asm.o(RESET))
<BR>[Address Reference Count : 1]<UL><LI> rme_platform_a7m_asm.o(RESET)
</UL>
<P><STRONG><a name="[b1]"></a>IRQ167_Handler</STRONG> (Thumb, 0 bytes, Stack size 0 bytes, rme_platform_a7m_asm.o(RESET))
<BR>[Address Reference Count : 1]<UL><LI> rme_platform_a7m_asm.o(RESET)
</UL>
<P><STRONG><a name="[b2]"></a>IRQ168_Handler</STRONG> (Thumb, 0 bytes, Stack size 0 bytes, rme_platform_a7m_asm.o(RESET))
<BR>[Address Reference Count : 1]<UL><LI> rme_platform_a7m_asm.o(RESET)
</UL>
<P><STRONG><a name="[b3]"></a>IRQ169_Handler</STRONG> (Thumb, 0 bytes, Stack size 0 bytes, rme_platform_a7m_asm.o(RESET))
<BR>[Address Reference Count : 1]<UL><LI> rme_platform_a7m_asm.o(RESET)
</UL>
<P><STRONG><a name="[1a]"></a>IRQ16_Handler</STRONG> (Thumb, 0 bytes, Stack size 0 bytes, rme_platform_a7m_asm.o(RESET))
<BR>[Address Reference Count : 1]<UL><LI> rme_platform_a7m_asm.o(RESET)
</UL>
<P><STRONG><a name="[b4]"></a>IRQ170_Handler</STRONG> (Thumb, 0 bytes, Stack size 0 bytes, rme_platform_a7m_asm.o(RESET))
<BR>[Address Reference Count : 1]<UL><LI> rme_platform_a7m_asm.o(RESET)
</UL>
<P><STRONG><a name="[b5]"></a>IRQ171_Handler</STRONG> (Thumb, 0 bytes, Stack size 0 bytes, rme_platform_a7m_asm.o(RESET))
<BR>[Address Reference Count : 1]<UL><LI> rme_platform_a7m_asm.o(RESET)
</UL>
<P><STRONG><a name="[b6]"></a>IRQ172_Handler</STRONG> (Thumb, 0 bytes, Stack size 0 bytes, rme_platform_a7m_asm.o(RESET))
<BR>[Address Reference Count : 1]<UL><LI> rme_platform_a7m_asm.o(RESET)
</UL>
<P><STRONG><a name="[b7]"></a>IRQ173_Handler</STRONG> (Thumb, 0 bytes, Stack size 0 bytes, rme_platform_a7m_asm.o(RESET))
<BR>[Address Reference Count : 1]<UL><LI> rme_platform_a7m_asm.o(RESET)
</UL>
<P><STRONG><a name="[b8]"></a>IRQ174_Handler</STRONG> (Thumb, 0 bytes, Stack size 0 bytes, rme_platform_a7m_asm.o(RESET))
<BR>[Address Reference Count : 1]<UL><LI> rme_platform_a7m_asm.o(RESET)
</UL>
<P><STRONG><a name="[b9]"></a>IRQ175_Handler</STRONG> (Thumb, 0 bytes, Stack size 0 bytes, rme_platform_a7m_asm.o(RESET))
<BR>[Address Reference Count : 1]<UL><LI> rme_platform_a7m_asm.o(RESET)
</UL>
<P><STRONG><a name="[ba]"></a>IRQ176_Handler</STRONG> (Thumb, 0 bytes, Stack size 0 bytes, rme_platform_a7m_asm.o(RESET))
<BR>[Address Reference Count : 1]<UL><LI> rme_platform_a7m_asm.o(RESET)
</UL>
<P><STRONG><a name="[bb]"></a>IRQ177_Handler</STRONG> (Thumb, 0 bytes, Stack size 0 bytes, rme_platform_a7m_asm.o(RESET))
<BR>[Address Reference Count : 1]<UL><LI> rme_platform_a7m_asm.o(RESET)
</UL>
<P><STRONG><a name="[bc]"></a>IRQ178_Handler</STRONG> (Thumb, 0 bytes, Stack size 0 bytes, rme_platform_a7m_asm.o(RESET))
<BR>[Address Reference Count : 1]<UL><LI> rme_platform_a7m_asm.o(RESET)
</UL>
<P><STRONG><a name="[bd]"></a>IRQ179_Handler</STRONG> (Thumb, 0 bytes, Stack size 0 bytes, rme_platform_a7m_asm.o(RESET))
<BR>[Address Reference Count : 1]<UL><LI> rme_platform_a7m_asm.o(RESET)
</UL>
<P><STRONG><a name="[1b]"></a>IRQ17_Handler</STRONG> (Thumb, 0 bytes, Stack size 0 bytes, rme_platform_a7m_asm.o(RESET))
<BR>[Address Reference Count : 1]<UL><LI> rme_platform_a7m_asm.o(RESET)
</UL>
<P><STRONG><a name="[be]"></a>IRQ180_Handler</STRONG> (Thumb, 0 bytes, Stack size 0 bytes, rme_platform_a7m_asm.o(RESET))
<BR>[Address Reference Count : 1]<UL><LI> rme_platform_a7m_asm.o(RESET)
</UL>
<P><STRONG><a name="[bf]"></a>IRQ181_Handler</STRONG> (Thumb, 0 bytes, Stack size 0 bytes, rme_platform_a7m_asm.o(RESET))
<BR>[Address Reference Count : 1]<UL><LI> rme_platform_a7m_asm.o(RESET)
</UL>
<P><STRONG><a name="[c0]"></a>IRQ182_Handler</STRONG> (Thumb, 0 bytes, Stack size 0 bytes, rme_platform_a7m_asm.o(RESET))
<BR>[Address Reference Count : 1]<UL><LI> rme_platform_a7m_asm.o(RESET)
</UL>
<P><STRONG><a name="[c1]"></a>IRQ183_Handler</STRONG> (Thumb, 0 bytes, Stack size 0 bytes, rme_platform_a7m_asm.o(RESET))
<BR>[Address Reference Count : 1]<UL><LI> rme_platform_a7m_asm.o(RESET)
</UL>
<P><STRONG><a name="[c2]"></a>IRQ184_Handler</STRONG> (Thumb, 0 bytes, Stack size 0 bytes, rme_platform_a7m_asm.o(RESET))
<BR>[Address Reference Count : 1]<UL><LI> rme_platform_a7m_asm.o(RESET)
</UL>
<P><STRONG><a name="[c3]"></a>IRQ185_Handler</STRONG> (Thumb, 0 bytes, Stack size 0 bytes, rme_platform_a7m_asm.o(RESET))
<BR>[Address Reference Count : 1]<UL><LI> rme_platform_a7m_asm.o(RESET)
</UL>
<P><STRONG><a name="[c4]"></a>IRQ186_Handler</STRONG> (Thumb, 0 bytes, Stack size 0 bytes, rme_platform_a7m_asm.o(RESET))
<BR>[Address Reference Count : 1]<UL><LI> rme_platform_a7m_asm.o(RESET)
</UL>
<P><STRONG><a name="[c5]"></a>IRQ187_Handler</STRONG> (Thumb, 0 bytes, Stack size 0 bytes, rme_platform_a7m_asm.o(RESET))
<BR>[Address Reference Count : 1]<UL><LI> rme_platform_a7m_asm.o(RESET)
</UL>
<P><STRONG><a name="[c6]"></a>IRQ188_Handler</STRONG> (Thumb, 0 bytes, Stack size 0 bytes, rme_platform_a7m_asm.o(RESET))
<BR>[Address Reference Count : 1]<UL><LI> rme_platform_a7m_asm.o(RESET)
</UL>
<P><STRONG><a name="[c7]"></a>IRQ189_Handler</STRONG> (Thumb, 0 bytes, Stack size 0 bytes, rme_platform_a7m_asm.o(RESET))
<BR>[Address Reference Count : 1]<UL><LI> rme_platform_a7m_asm.o(RESET)
</UL>
<P><STRONG><a name="[1c]"></a>IRQ18_Handler</STRONG> (Thumb, 0 bytes, Stack size 0 bytes, rme_platform_a7m_asm.o(RESET))
<BR>[Address Reference Count : 1]<UL><LI> rme_platform_a7m_asm.o(RESET)
</UL>
<P><STRONG><a name="[c8]"></a>IRQ190_Handler</STRONG> (Thumb, 0 bytes, Stack size 0 bytes, rme_platform_a7m_asm.o(RESET))
<BR>[Address Reference Count : 1]<UL><LI> rme_platform_a7m_asm.o(RESET)
</UL>
<P><STRONG><a name="[c9]"></a>IRQ191_Handler</STRONG> (Thumb, 0 bytes, Stack size 0 bytes, rme_platform_a7m_asm.o(RESET))
<BR>[Address Reference Count : 1]<UL><LI> rme_platform_a7m_asm.o(RESET)
</UL>
<P><STRONG><a name="[ca]"></a>IRQ192_Handler</STRONG> (Thumb, 0 bytes, Stack size 0 bytes, rme_platform_a7m_asm.o(RESET))
<BR>[Address Reference Count : 1]<UL><LI> rme_platform_a7m_asm.o(RESET)
</UL>
<P><STRONG><a name="[cb]"></a>IRQ193_Handler</STRONG> (Thumb, 0 bytes, Stack size 0 bytes, rme_platform_a7m_asm.o(RESET))
<BR>[Address Reference Count : 1]<UL><LI> rme_platform_a7m_asm.o(RESET)
</UL>
<P><STRONG><a name="[cc]"></a>IRQ194_Handler</STRONG> (Thumb, 0 bytes, Stack size 0 bytes, rme_platform_a7m_asm.o(RESET))
<BR>[Address Reference Count : 1]<UL><LI> rme_platform_a7m_asm.o(RESET)
</UL>
<P><STRONG><a name="[cd]"></a>IRQ195_Handler</STRONG> (Thumb, 0 bytes, Stack size 0 bytes, rme_platform_a7m_asm.o(RESET))
<BR>[Address Reference Count : 1]<UL><LI> rme_platform_a7m_asm.o(RESET)
</UL>
<P><STRONG><a name="[ce]"></a>IRQ196_Handler</STRONG> (Thumb, 0 bytes, Stack size 0 bytes, rme_platform_a7m_asm.o(RESET))
<BR>[Address Reference Count : 1]<UL><LI> rme_platform_a7m_asm.o(RESET)
</UL>
<P><STRONG><a name="[cf]"></a>IRQ197_Handler</STRONG> (Thumb, 0 bytes, Stack size 0 bytes, rme_platform_a7m_asm.o(RESET))
<BR>[Address Reference Count : 1]<UL><LI> rme_platform_a7m_asm.o(RESET)
</UL>
<P><STRONG><a name="[d0]"></a>IRQ198_Handler</STRONG> (Thumb, 0 bytes, Stack size 0 bytes, rme_platform_a7m_asm.o(RESET))
<BR>[Address Reference Count : 1]<UL><LI> rme_platform_a7m_asm.o(RESET)
</UL>
<P><STRONG><a name="[d1]"></a>IRQ199_Handler</STRONG> (Thumb, 0 bytes, Stack size 0 bytes, rme_platform_a7m_asm.o(RESET))
<BR>[Address Reference Count : 1]<UL><LI> rme_platform_a7m_asm.o(RESET)
</UL>
<P><STRONG><a name="[1d]"></a>IRQ19_Handler</STRONG> (Thumb, 0 bytes, Stack size 0 bytes, rme_platform_a7m_asm.o(RESET))
<BR>[Address Reference Count : 1]<UL><LI> rme_platform_a7m_asm.o(RESET)
</UL>
<P><STRONG><a name="[b]"></a>IRQ1_Handler</STRONG> (Thumb, 0 bytes, Stack size 0 bytes, rme_platform_a7m_asm.o(RESET))
<BR>[Address Reference Count : 1]<UL><LI> rme_platform_a7m_asm.o(RESET)
</UL>
<P><STRONG><a name="[d2]"></a>IRQ200_Handler</STRONG> (Thumb, 0 bytes, Stack size 0 bytes, rme_platform_a7m_asm.o(RESET))
<BR>[Address Reference Count : 1]<UL><LI> rme_platform_a7m_asm.o(RESET)
</UL>
<P><STRONG><a name="[d3]"></a>IRQ201_Handler</STRONG> (Thumb, 0 bytes, Stack size 0 bytes, rme_platform_a7m_asm.o(RESET))
<BR>[Address Reference Count : 1]<UL><LI> rme_platform_a7m_asm.o(RESET)
</UL>
<P><STRONG><a name="[d4]"></a>IRQ202_Handler</STRONG> (Thumb, 0 bytes, Stack size 0 bytes, rme_platform_a7m_asm.o(RESET))
<BR>[Address Reference Count : 1]<UL><LI> rme_platform_a7m_asm.o(RESET)
</UL>
<P><STRONG><a name="[d5]"></a>IRQ203_Handler</STRONG> (Thumb, 0 bytes, Stack size 0 bytes, rme_platform_a7m_asm.o(RESET))
<BR>[Address Reference Count : 1]<UL><LI> rme_platform_a7m_asm.o(RESET)
</UL>
<P><STRONG><a name="[d6]"></a>IRQ204_Handler</STRONG> (Thumb, 0 bytes, Stack size 0 bytes, rme_platform_a7m_asm.o(RESET))
<BR>[Address Reference Count : 1]<UL><LI> rme_platform_a7m_asm.o(RESET)
</UL>
<P><STRONG><a name="[d7]"></a>IRQ205_Handler</STRONG> (Thumb, 0 bytes, Stack size 0 bytes, rme_platform_a7m_asm.o(RESET))
<BR>[Address Reference Count : 1]<UL><LI> rme_platform_a7m_asm.o(RESET)
</UL>
<P><STRONG><a name="[d8]"></a>IRQ206_Handler</STRONG> (Thumb, 0 bytes, Stack size 0 bytes, rme_platform_a7m_asm.o(RESET))
<BR>[Address Reference Count : 1]<UL><LI> rme_platform_a7m_asm.o(RESET)
</UL>
<P><STRONG><a name="[d9]"></a>IRQ207_Handler</STRONG> (Thumb, 0 bytes, Stack size 0 bytes, rme_platform_a7m_asm.o(RESET))
<BR>[Address Reference Count : 1]<UL><LI> rme_platform_a7m_asm.o(RESET)
</UL>
<P><STRONG><a name="[da]"></a>IRQ208_Handler</STRONG> (Thumb, 0 bytes, Stack size 0 bytes, rme_platform_a7m_asm.o(RESET))
<BR>[Address Reference Count : 1]<UL><LI> rme_platform_a7m_asm.o(RESET)
</UL>
<P><STRONG><a name="[db]"></a>IRQ209_Handler</STRONG> (Thumb, 0 bytes, Stack size 0 bytes, rme_platform_a7m_asm.o(RESET))
<BR>[Address Reference Count : 1]<UL><LI> rme_platform_a7m_asm.o(RESET)
</UL>
<P><STRONG><a name="[1e]"></a>IRQ20_Handler</STRONG> (Thumb, 0 bytes, Stack size 0 bytes, rme_platform_a7m_asm.o(RESET))
<BR>[Address Reference Count : 1]<UL><LI> rme_platform_a7m_asm.o(RESET)
</UL>
<P><STRONG><a name="[dc]"></a>IRQ210_Handler</STRONG> (Thumb, 0 bytes, Stack size 0 bytes, rme_platform_a7m_asm.o(RESET))
<BR>[Address Reference Count : 1]<UL><LI> rme_platform_a7m_asm.o(RESET)
</UL>
<P><STRONG><a name="[dd]"></a>IRQ211_Handler</STRONG> (Thumb, 0 bytes, Stack size 0 bytes, rme_platform_a7m_asm.o(RESET))
<BR>[Address Reference Count : 1]<UL><LI> rme_platform_a7m_asm.o(RESET)
</UL>
<P><STRONG><a name="[de]"></a>IRQ212_Handler</STRONG> (Thumb, 0 bytes, Stack size 0 bytes, rme_platform_a7m_asm.o(RESET))
<BR>[Address Reference Count : 1]<UL><LI> rme_platform_a7m_asm.o(RESET)
</UL>
<P><STRONG><a name="[df]"></a>IRQ213_Handler</STRONG> (Thumb, 0 bytes, Stack size 0 bytes, rme_platform_a7m_asm.o(RESET))
<BR>[Address Reference Count : 1]<UL><LI> rme_platform_a7m_asm.o(RESET)
</UL>
<P><STRONG><a name="[e0]"></a>IRQ214_Handler</STRONG> (Thumb, 0 bytes, Stack size 0 bytes, rme_platform_a7m_asm.o(RESET))
<BR>[Address Reference Count : 1]<UL><LI> rme_platform_a7m_asm.o(RESET)
</UL>
<P><STRONG><a name="[e1]"></a>IRQ215_Handler</STRONG> (Thumb, 0 bytes, Stack size 0 bytes, rme_platform_a7m_asm.o(RESET))
<BR>[Address Reference Count : 1]<UL><LI> rme_platform_a7m_asm.o(RESET)
</UL>
<P><STRONG><a name="[e2]"></a>IRQ216_Handler</STRONG> (Thumb, 0 bytes, Stack size 0 bytes, rme_platform_a7m_asm.o(RESET))
<BR>[Address Reference Count : 1]<UL><LI> rme_platform_a7m_asm.o(RESET)
</UL>
<P><STRONG><a name="[e3]"></a>IRQ217_Handler</STRONG> (Thumb, 0 bytes, Stack size 0 bytes, rme_platform_a7m_asm.o(RESET))
<BR>[Address Reference Count : 1]<UL><LI> rme_platform_a7m_asm.o(RESET)
</UL>
<P><STRONG><a name="[e4]"></a>IRQ218_Handler</STRONG> (Thumb, 0 bytes, Stack size 0 bytes, rme_platform_a7m_asm.o(RESET))
<BR>[Address Reference Count : 1]<UL><LI> rme_platform_a7m_asm.o(RESET)
</UL>
<P><STRONG><a name="[e5]"></a>IRQ219_Handler</STRONG> (Thumb, 0 bytes, Stack size 0 bytes, rme_platform_a7m_asm.o(RESET))
<BR>[Address Reference Count : 1]<UL><LI> rme_platform_a7m_asm.o(RESET)
</UL>
<P><STRONG><a name="[1f]"></a>IRQ21_Handler</STRONG> (Thumb, 0 bytes, Stack size 0 bytes, rme_platform_a7m_asm.o(RESET))
<BR>[Address Reference Count : 1]<UL><LI> rme_platform_a7m_asm.o(RESET)
</UL>
<P><STRONG><a name="[e6]"></a>IRQ220_Handler</STRONG> (Thumb, 0 bytes, Stack size 0 bytes, rme_platform_a7m_asm.o(RESET))
<BR>[Address Reference Count : 1]<UL><LI> rme_platform_a7m_asm.o(RESET)
</UL>
<P><STRONG><a name="[e7]"></a>IRQ221_Handler</STRONG> (Thumb, 0 bytes, Stack size 0 bytes, rme_platform_a7m_asm.o(RESET))
<BR>[Address Reference Count : 1]<UL><LI> rme_platform_a7m_asm.o(RESET)
</UL>
<P><STRONG><a name="[e8]"></a>IRQ222_Handler</STRONG> (Thumb, 0 bytes, Stack size 0 bytes, rme_platform_a7m_asm.o(RESET))
<BR>[Address Reference Count : 1]<UL><LI> rme_platform_a7m_asm.o(RESET)
</UL>
<P><STRONG><a name="[e9]"></a>IRQ223_Handler</STRONG> (Thumb, 0 bytes, Stack size 0 bytes, rme_platform_a7m_asm.o(RESET))
<BR>[Address Reference Count : 1]<UL><LI> rme_platform_a7m_asm.o(RESET)
</UL>
<P><STRONG><a name="[ea]"></a>IRQ224_Handler</STRONG> (Thumb, 0 bytes, Stack size 0 bytes, rme_platform_a7m_asm.o(RESET))
<BR>[Address Reference Count : 1]<UL><LI> rme_platform_a7m_asm.o(RESET)
</UL>
<P><STRONG><a name="[eb]"></a>IRQ225_Handler</STRONG> (Thumb, 0 bytes, Stack size 0 bytes, rme_platform_a7m_asm.o(RESET))
<BR>[Address Reference Count : 1]<UL><LI> rme_platform_a7m_asm.o(RESET)
</UL>
<P><STRONG><a name="[ec]"></a>IRQ226_Handler</STRONG> (Thumb, 0 bytes, Stack size 0 bytes, rme_platform_a7m_asm.o(RESET))
<BR>[Address Reference Count : 1]<UL><LI> rme_platform_a7m_asm.o(RESET)
</UL>
<P><STRONG><a name="[ed]"></a>IRQ227_Handler</STRONG> (Thumb, 0 bytes, Stack size 0 bytes, rme_platform_a7m_asm.o(RESET))
<BR>[Address Reference Count : 1]<UL><LI> rme_platform_a7m_asm.o(RESET)
</UL>
<P><STRONG><a name="[ee]"></a>IRQ228_Handler</STRONG> (Thumb, 0 bytes, Stack size 0 bytes, rme_platform_a7m_asm.o(RESET))
<BR>[Address Reference Count : 1]<UL><LI> rme_platform_a7m_asm.o(RESET)
</UL>
<P><STRONG><a name="[ef]"></a>IRQ229_Handler</STRONG> (Thumb, 0 bytes, Stack size 0 bytes, rme_platform_a7m_asm.o(RESET))
<BR>[Address Reference Count : 1]<UL><LI> rme_platform_a7m_asm.o(RESET)
</UL>
<P><STRONG><a name="[20]"></a>IRQ22_Handler</STRONG> (Thumb, 0 bytes, Stack size 0 bytes, rme_platform_a7m_asm.o(RESET))
<BR>[Address Reference Count : 1]<UL><LI> rme_platform_a7m_asm.o(RESET)
</UL>
<P><STRONG><a name="[f0]"></a>IRQ230_Handler</STRONG> (Thumb, 0 bytes, Stack size 0 bytes, rme_platform_a7m_asm.o(RESET))
<BR>[Address Reference Count : 1]<UL><LI> rme_platform_a7m_asm.o(RESET)
</UL>
<P><STRONG><a name="[f1]"></a>IRQ231_Handler</STRONG> (Thumb, 0 bytes, Stack size 0 bytes, rme_platform_a7m_asm.o(RESET))
<BR>[Address Reference Count : 1]<UL><LI> rme_platform_a7m_asm.o(RESET)
</UL>
<P><STRONG><a name="[f2]"></a>IRQ232_Handler</STRONG> (Thumb, 0 bytes, Stack size 0 bytes, rme_platform_a7m_asm.o(RESET))
<BR>[Address Reference Count : 1]<UL><LI> rme_platform_a7m_asm.o(RESET)
</UL>
<P><STRONG><a name="[f3]"></a>IRQ233_Handler</STRONG> (Thumb, 0 bytes, Stack size 0 bytes, rme_platform_a7m_asm.o(RESET))
<BR>[Address Reference Count : 1]<UL><LI> rme_platform_a7m_asm.o(RESET)
</UL>
<P><STRONG><a name="[f4]"></a>IRQ234_Handler</STRONG> (Thumb, 0 bytes, Stack size 0 bytes, rme_platform_a7m_asm.o(RESET))
<BR>[Address Reference Count : 1]<UL><LI> rme_platform_a7m_asm.o(RESET)
</UL>
<P><STRONG><a name="[f5]"></a>IRQ235_Handler</STRONG> (Thumb, 0 bytes, Stack size 0 bytes, rme_platform_a7m_asm.o(RESET))
<BR>[Address Reference Count : 1]<UL><LI> rme_platform_a7m_asm.o(RESET)
</UL>
<P><STRONG><a name="[f6]"></a>IRQ236_Handler</STRONG> (Thumb, 0 bytes, Stack size 0 bytes, rme_platform_a7m_asm.o(RESET))
<BR>[Address Reference Count : 1]<UL><LI> rme_platform_a7m_asm.o(RESET)
</UL>
<P><STRONG><a name="[f7]"></a>IRQ237_Handler</STRONG> (Thumb, 0 bytes, Stack size 0 bytes, rme_platform_a7m_asm.o(RESET))
<BR>[Address Reference Count : 1]<UL><LI> rme_platform_a7m_asm.o(RESET)
</UL>
<P><STRONG><a name="[f8]"></a>IRQ238_Handler</STRONG> (Thumb, 0 bytes, Stack size 0 bytes, rme_platform_a7m_asm.o(RESET))
<BR>[Address Reference Count : 1]<UL><LI> rme_platform_a7m_asm.o(RESET)
</UL>
<P><STRONG><a name="[f9]"></a>IRQ239_Handler</STRONG> (Thumb, 0 bytes, Stack size 0 bytes, rme_platform_a7m_asm.o(RESET))
<BR>[Address Reference Count : 1]<UL><LI> rme_platform_a7m_asm.o(RESET)
</UL>
<P><STRONG><a name="[21]"></a>IRQ23_Handler</STRONG> (Thumb, 0 bytes, Stack size 0 bytes, rme_platform_a7m_asm.o(RESET))
<BR>[Address Reference Count : 1]<UL><LI> rme_platform_a7m_asm.o(RESET)
</UL>
<P><STRONG><a name="[22]"></a>IRQ24_Handler</STRONG> (Thumb, 0 bytes, Stack size 0 bytes, rme_platform_a7m_asm.o(RESET))
<BR>[Address Reference Count : 1]<UL><LI> rme_platform_a7m_asm.o(RESET)
</UL>
<P><STRONG><a name="[23]"></a>IRQ25_Handler</STRONG> (Thumb, 0 bytes, Stack size 0 bytes, rme_platform_a7m_asm.o(RESET))
<BR>[Address Reference Count : 1]<UL><LI> rme_platform_a7m_asm.o(RESET)
</UL>
<P><STRONG><a name="[24]"></a>IRQ26_Handler</STRONG> (Thumb, 0 bytes, Stack size 0 bytes, rme_platform_a7m_asm.o(RESET))
<BR>[Address Reference Count : 1]<UL><LI> rme_platform_a7m_asm.o(RESET)
</UL>
<P><STRONG><a name="[25]"></a>IRQ27_Handler</STRONG> (Thumb, 0 bytes, Stack size 0 bytes, rme_platform_a7m_asm.o(RESET))
<BR>[Address Reference Count : 1]<UL><LI> rme_platform_a7m_asm.o(RESET)
</UL>
<P><STRONG><a name="[26]"></a>IRQ28_Handler</STRONG> (Thumb, 0 bytes, Stack size 0 bytes, rme_platform_a7m_asm.o(RESET))
<BR>[Address Reference Count : 1]<UL><LI> rme_platform_a7m_asm.o(RESET)
</UL>
<P><STRONG><a name="[27]"></a>IRQ29_Handler</STRONG> (Thumb, 0 bytes, Stack size 0 bytes, rme_platform_a7m_asm.o(RESET))
<BR>[Address Reference Count : 1]<UL><LI> rme_platform_a7m_asm.o(RESET)
</UL>
<P><STRONG><a name="[c]"></a>IRQ2_Handler</STRONG> (Thumb, 0 bytes, Stack size 0 bytes, rme_platform_a7m_asm.o(RESET))
<BR>[Address Reference Count : 1]<UL><LI> rme_platform_a7m_asm.o(RESET)
</UL>
<P><STRONG><a name="[28]"></a>IRQ30_Handler</STRONG> (Thumb, 0 bytes, Stack size 0 bytes, rme_platform_a7m_asm.o(RESET))
<BR>[Address Reference Count : 1]<UL><LI> rme_platform_a7m_asm.o(RESET)
</UL>
<P><STRONG><a name="[29]"></a>IRQ31_Handler</STRONG> (Thumb, 0 bytes, Stack size 0 bytes, rme_platform_a7m_asm.o(RESET))
<BR>[Address Reference Count : 1]<UL><LI> rme_platform_a7m_asm.o(RESET)
</UL>
<P><STRONG><a name="[2a]"></a>IRQ32_Handler</STRONG> (Thumb, 0 bytes, Stack size 0 bytes, rme_platform_a7m_asm.o(RESET))
<BR>[Address Reference Count : 1]<UL><LI> rme_platform_a7m_asm.o(RESET)
</UL>
<P><STRONG><a name="[2b]"></a>IRQ33_Handler</STRONG> (Thumb, 0 bytes, Stack size 0 bytes, rme_platform_a7m_asm.o(RESET))
<BR>[Address Reference Count : 1]<UL><LI> rme_platform_a7m_asm.o(RESET)
</UL>
<P><STRONG><a name="[2c]"></a>IRQ34_Handler</STRONG> (Thumb, 0 bytes, Stack size 0 bytes, rme_platform_a7m_asm.o(RESET))
<BR>[Address Reference Count : 1]<UL><LI> rme_platform_a7m_asm.o(RESET)
</UL>
<P><STRONG><a name="[2d]"></a>IRQ35_Handler</STRONG> (Thumb, 0 bytes, Stack size 0 bytes, rme_platform_a7m_asm.o(RESET))
<BR>[Address Reference Count : 1]<UL><LI> rme_platform_a7m_asm.o(RESET)
</UL>
<P><STRONG><a name="[2e]"></a>IRQ36_Handler</STRONG> (Thumb, 0 bytes, Stack size 0 bytes, rme_platform_a7m_asm.o(RESET))
<BR>[Address Reference Count : 1]<UL><LI> rme_platform_a7m_asm.o(RESET)
</UL>
<P><STRONG><a name="[2f]"></a>IRQ37_Handler</STRONG> (Thumb, 0 bytes, Stack size 0 bytes, rme_platform_a7m_asm.o(RESET))
<BR>[Address Reference Count : 1]<UL><LI> rme_platform_a7m_asm.o(RESET)
</UL>
<P><STRONG><a name="[30]"></a>IRQ38_Handler</STRONG> (Thumb, 0 bytes, Stack size 0 bytes, rme_platform_a7m_asm.o(RESET))
<BR>[Address Reference Count : 1]<UL><LI> rme_platform_a7m_asm.o(RESET)
</UL>
<P><STRONG><a name="[31]"></a>IRQ39_Handler</STRONG> (Thumb, 0 bytes, Stack size 0 bytes, rme_platform_a7m_asm.o(RESET))
<BR>[Address Reference Count : 1]<UL><LI> rme_platform_a7m_asm.o(RESET)
</UL>
<P><STRONG><a name="[d]"></a>IRQ3_Handler</STRONG> (Thumb, 0 bytes, Stack size 0 bytes, rme_platform_a7m_asm.o(RESET))
<BR>[Address Reference Count : 1]<UL><LI> rme_platform_a7m_asm.o(RESET)
</UL>
<P><STRONG><a name="[32]"></a>IRQ40_Handler</STRONG> (Thumb, 0 bytes, Stack size 0 bytes, rme_platform_a7m_asm.o(RESET))
<BR>[Address Reference Count : 1]<UL><LI> rme_platform_a7m_asm.o(RESET)
</UL>
<P><STRONG><a name="[33]"></a>IRQ41_Handler</STRONG> (Thumb, 0 bytes, Stack size 0 bytes, rme_platform_a7m_asm.o(RESET))
<BR>[Address Reference Count : 1]<UL><LI> rme_platform_a7m_asm.o(RESET)
</UL>
<P><STRONG><a name="[34]"></a>IRQ42_Handler</STRONG> (Thumb, 0 bytes, Stack size 0 bytes, rme_platform_a7m_asm.o(RESET))
<BR>[Address Reference Count : 1]<UL><LI> rme_platform_a7m_asm.o(RESET)
</UL>
<P><STRONG><a name="[35]"></a>IRQ43_Handler</STRONG> (Thumb, 0 bytes, Stack size 0 bytes, rme_platform_a7m_asm.o(RESET))
<BR>[Address Reference Count : 1]<UL><LI> rme_platform_a7m_asm.o(RESET)
</UL>
<P><STRONG><a name="[36]"></a>IRQ44_Handler</STRONG> (Thumb, 0 bytes, Stack size 0 bytes, rme_platform_a7m_asm.o(RESET))
<BR>[Address Reference Count : 1]<UL><LI> rme_platform_a7m_asm.o(RESET)
</UL>
<P><STRONG><a name="[37]"></a>IRQ45_Handler</STRONG> (Thumb, 0 bytes, Stack size 0 bytes, rme_platform_a7m_asm.o(RESET))
<BR>[Address Reference Count : 1]<UL><LI> rme_platform_a7m_asm.o(RESET)
</UL>
<P><STRONG><a name="[38]"></a>IRQ46_Handler</STRONG> (Thumb, 0 bytes, Stack size 0 bytes, rme_platform_a7m_asm.o(RESET))
<BR>[Address Reference Count : 1]<UL><LI> rme_platform_a7m_asm.o(RESET)
</UL>
<P><STRONG><a name="[39]"></a>IRQ47_Handler</STRONG> (Thumb, 0 bytes, Stack size 0 bytes, rme_platform_a7m_asm.o(RESET))
<BR>[Address Reference Count : 1]<UL><LI> rme_platform_a7m_asm.o(RESET)
</UL>
<P><STRONG><a name="[3a]"></a>IRQ48_Handler</STRONG> (Thumb, 0 bytes, Stack size 0 bytes, rme_platform_a7m_asm.o(RESET))
<BR>[Address Reference Count : 1]<UL><LI> rme_platform_a7m_asm.o(RESET)
</UL>
<P><STRONG><a name="[3b]"></a>IRQ49_Handler</STRONG> (Thumb, 0 bytes, Stack size 0 bytes, rme_platform_a7m_asm.o(RESET))
<BR>[Address Reference Count : 1]<UL><LI> rme_platform_a7m_asm.o(RESET)
</UL>
<P><STRONG><a name="[e]"></a>IRQ4_Handler</STRONG> (Thumb, 0 bytes, Stack size 0 bytes, rme_platform_a7m_asm.o(RESET))
<BR>[Address Reference Count : 1]<UL><LI> rme_platform_a7m_asm.o(RESET)
</UL>
<P><STRONG><a name="[3c]"></a>IRQ50_Handler</STRONG> (Thumb, 0 bytes, Stack size 0 bytes, rme_platform_a7m_asm.o(RESET))
<BR>[Address Reference Count : 1]<UL><LI> rme_platform_a7m_asm.o(RESET)
</UL>
<P><STRONG><a name="[3d]"></a>IRQ51_Handler</STRONG> (Thumb, 0 bytes, Stack size 0 bytes, rme_platform_a7m_asm.o(RESET))
<BR>[Address Reference Count : 1]<UL><LI> rme_platform_a7m_asm.o(RESET)
</UL>
<P><STRONG><a name="[3e]"></a>IRQ52_Handler</STRONG> (Thumb, 0 bytes, Stack size 0 bytes, rme_platform_a7m_asm.o(RESET))
<BR>[Address Reference Count : 1]<UL><LI> rme_platform_a7m_asm.o(RESET)
</UL>
<P><STRONG><a name="[3f]"></a>IRQ53_Handler</STRONG> (Thumb, 0 bytes, Stack size 0 bytes, rme_platform_a7m_asm.o(RESET))
<BR>[Address Reference Count : 1]<UL><LI> rme_platform_a7m_asm.o(RESET)
</UL>
<P><STRONG><a name="[40]"></a>IRQ54_Handler</STRONG> (Thumb, 0 bytes, Stack size 0 bytes, rme_platform_a7m_asm.o(RESET))
<BR>[Address Reference Count : 1]<UL><LI> rme_platform_a7m_asm.o(RESET)
</UL>
<P><STRONG><a name="[41]"></a>IRQ55_Handler</STRONG> (Thumb, 0 bytes, Stack size 0 bytes, rme_platform_a7m_asm.o(RESET))
<BR>[Address Reference Count : 1]<UL><LI> rme_platform_a7m_asm.o(RESET)
</UL>
<P><STRONG><a name="[42]"></a>IRQ56_Handler</STRONG> (Thumb, 0 bytes, Stack size 0 bytes, rme_platform_a7m_asm.o(RESET))
<BR>[Address Reference Count : 1]<UL><LI> rme_platform_a7m_asm.o(RESET)
</UL>
<P><STRONG><a name="[43]"></a>IRQ57_Handler</STRONG> (Thumb, 0 bytes, Stack size 0 bytes, rme_platform_a7m_asm.o(RESET))
<BR>[Address Reference Count : 1]<UL><LI> rme_platform_a7m_asm.o(RESET)
</UL>
<P><STRONG><a name="[44]"></a>IRQ58_Handler</STRONG> (Thumb, 0 bytes, Stack size 0 bytes, rme_platform_a7m_asm.o(RESET))
<BR>[Address Reference Count : 1]<UL><LI> rme_platform_a7m_asm.o(RESET)
</UL>
<P><STRONG><a name="[45]"></a>IRQ59_Handler</STRONG> (Thumb, 0 bytes, Stack size 0 bytes, rme_platform_a7m_asm.o(RESET))
<BR>[Address Reference Count : 1]<UL><LI> rme_platform_a7m_asm.o(RESET)
</UL>
<P><STRONG><a name="[f]"></a>IRQ5_Handler</STRONG> (Thumb, 0 bytes, Stack size 0 bytes, rme_platform_a7m_asm.o(RESET))
<BR>[Address Reference Count : 1]<UL><LI> rme_platform_a7m_asm.o(RESET)
</UL>
<P><STRONG><a name="[46]"></a>IRQ60_Handler</STRONG> (Thumb, 0 bytes, Stack size 0 bytes, rme_platform_a7m_asm.o(RESET))
<BR>[Address Reference Count : 1]<UL><LI> rme_platform_a7m_asm.o(RESET)
</UL>
<P><STRONG><a name="[47]"></a>IRQ61_Handler</STRONG> (Thumb, 0 bytes, Stack size 0 bytes, rme_platform_a7m_asm.o(RESET))
<BR>[Address Reference Count : 1]<UL><LI> rme_platform_a7m_asm.o(RESET)
</UL>
<P><STRONG><a name="[48]"></a>IRQ62_Handler</STRONG> (Thumb, 0 bytes, Stack size 0 bytes, rme_platform_a7m_asm.o(RESET))
<BR>[Address Reference Count : 1]<UL><LI> rme_platform_a7m_asm.o(RESET)
</UL>
<P><STRONG><a name="[49]"></a>IRQ63_Handler</STRONG> (Thumb, 0 bytes, Stack size 0 bytes, rme_platform_a7m_asm.o(RESET))
<BR>[Address Reference Count : 1]<UL><LI> rme_platform_a7m_asm.o(RESET)
</UL>
<P><STRONG><a name="[4a]"></a>IRQ64_Handler</STRONG> (Thumb, 0 bytes, Stack size 0 bytes, rme_platform_a7m_asm.o(RESET))
<BR>[Address Reference Count : 1]<UL><LI> rme_platform_a7m_asm.o(RESET)
</UL>
<P><STRONG><a name="[4b]"></a>IRQ65_Handler</STRONG> (Thumb, 0 bytes, Stack size 0 bytes, rme_platform_a7m_asm.o(RESET))
<BR>[Address Reference Count : 1]<UL><LI> rme_platform_a7m_asm.o(RESET)
</UL>
<P><STRONG><a name="[4c]"></a>IRQ66_Handler</STRONG> (Thumb, 0 bytes, Stack size 0 bytes, rme_platform_a7m_asm.o(RESET))
<BR>[Address Reference Count : 1]<UL><LI> rme_platform_a7m_asm.o(RESET)
</UL>
<P><STRONG><a name="[4d]"></a>IRQ67_Handler</STRONG> (Thumb, 0 bytes, Stack size 0 bytes, rme_platform_a7m_asm.o(RESET))
<BR>[Address Reference Count : 1]<UL><LI> rme_platform_a7m_asm.o(RESET)
</UL>
<P><STRONG><a name="[4e]"></a>IRQ68_Handler</STRONG> (Thumb, 0 bytes, Stack size 0 bytes, rme_platform_a7m_asm.o(RESET))
<BR>[Address Reference Count : 1]<UL><LI> rme_platform_a7m_asm.o(RESET)
</UL>
<P><STRONG><a name="[4f]"></a>IRQ69_Handler</STRONG> (Thumb, 0 bytes, Stack size 0 bytes, rme_platform_a7m_asm.o(RESET))
<BR>[Address Reference Count : 1]<UL><LI> rme_platform_a7m_asm.o(RESET)
</UL>
<P><STRONG><a name="[10]"></a>IRQ6_Handler</STRONG> (Thumb, 0 bytes, Stack size 0 bytes, rme_platform_a7m_asm.o(RESET))
<BR>[Address Reference Count : 1]<UL><LI> rme_platform_a7m_asm.o(RESET)
</UL>
<P><STRONG><a name="[50]"></a>IRQ70_Handler</STRONG> (Thumb, 0 bytes, Stack size 0 bytes, rme_platform_a7m_asm.o(RESET))
<BR>[Address Reference Count : 1]<UL><LI> rme_platform_a7m_asm.o(RESET)
</UL>
<P><STRONG><a name="[51]"></a>IRQ71_Handler</STRONG> (Thumb, 0 bytes, Stack size 0 bytes, rme_platform_a7m_asm.o(RESET))
<BR>[Address Reference Count : 1]<UL><LI> rme_platform_a7m_asm.o(RESET)
</UL>
<P><STRONG><a name="[52]"></a>IRQ72_Handler</STRONG> (Thumb, 0 bytes, Stack size 0 bytes, rme_platform_a7m_asm.o(RESET))
<BR>[Address Reference Count : 1]<UL><LI> rme_platform_a7m_asm.o(RESET)
</UL>
<P><STRONG><a name="[53]"></a>IRQ73_Handler</STRONG> (Thumb, 0 bytes, Stack size 0 bytes, rme_platform_a7m_asm.o(RESET))
<BR>[Address Reference Count : 1]<UL><LI> rme_platform_a7m_asm.o(RESET)
</UL>
<P><STRONG><a name="[54]"></a>IRQ74_Handler</STRONG> (Thumb, 0 bytes, Stack size 0 bytes, rme_platform_a7m_asm.o(RESET))
<BR>[Address Reference Count : 1]<UL><LI> rme_platform_a7m_asm.o(RESET)
</UL>
<P><STRONG><a name="[55]"></a>IRQ75_Handler</STRONG> (Thumb, 0 bytes, Stack size 0 bytes, rme_platform_a7m_asm.o(RESET))
<BR>[Address Reference Count : 1]<UL><LI> rme_platform_a7m_asm.o(RESET)
</UL>
<P><STRONG><a name="[56]"></a>IRQ76_Handler</STRONG> (Thumb, 0 bytes, Stack size 0 bytes, rme_platform_a7m_asm.o(RESET))
<BR>[Address Reference Count : 1]<UL><LI> rme_platform_a7m_asm.o(RESET)
</UL>
<P><STRONG><a name="[57]"></a>IRQ77_Handler</STRONG> (Thumb, 0 bytes, Stack size 0 bytes, rme_platform_a7m_asm.o(RESET))
<BR>[Address Reference Count : 1]<UL><LI> rme_platform_a7m_asm.o(RESET)
</UL>
<P><STRONG><a name="[58]"></a>IRQ78_Handler</STRONG> (Thumb, 0 bytes, Stack size 0 bytes, rme_platform_a7m_asm.o(RESET))
<BR>[Address Reference Count : 1]<UL><LI> rme_platform_a7m_asm.o(RESET)
</UL>
<P><STRONG><a name="[59]"></a>IRQ79_Handler</STRONG> (Thumb, 0 bytes, Stack size 0 bytes, rme_platform_a7m_asm.o(RESET))
<BR>[Address Reference Count : 1]<UL><LI> rme_platform_a7m_asm.o(RESET)
</UL>
<P><STRONG><a name="[11]"></a>IRQ7_Handler</STRONG> (Thumb, 0 bytes, Stack size 0 bytes, rme_platform_a7m_asm.o(RESET))
<BR>[Address Reference Count : 1]<UL><LI> rme_platform_a7m_asm.o(RESET)
</UL>
<P><STRONG><a name="[5a]"></a>IRQ80_Handler</STRONG> (Thumb, 0 bytes, Stack size 0 bytes, rme_platform_a7m_asm.o(RESET))
<BR>[Address Reference Count : 1]<UL><LI> rme_platform_a7m_asm.o(RESET)
</UL>
<P><STRONG><a name="[5b]"></a>IRQ81_Handler</STRONG> (Thumb, 0 bytes, Stack size 0 bytes, rme_platform_a7m_asm.o(RESET))
<BR>[Address Reference Count : 1]<UL><LI> rme_platform_a7m_asm.o(RESET)
</UL>
<P><STRONG><a name="[5c]"></a>IRQ82_Handler</STRONG> (Thumb, 0 bytes, Stack size 0 bytes, rme_platform_a7m_asm.o(RESET))
<BR>[Address Reference Count : 1]<UL><LI> rme_platform_a7m_asm.o(RESET)
</UL>
<P><STRONG><a name="[5d]"></a>IRQ83_Handler</STRONG> (Thumb, 0 bytes, Stack size 0 bytes, rme_platform_a7m_asm.o(RESET))
<BR>[Address Reference Count : 1]<UL><LI> rme_platform_a7m_asm.o(RESET)
</UL>
<P><STRONG><a name="[5e]"></a>IRQ84_Handler</STRONG> (Thumb, 0 bytes, Stack size 0 bytes, rme_platform_a7m_asm.o(RESET))
<BR>[Address Reference Count : 1]<UL><LI> rme_platform_a7m_asm.o(RESET)
</UL>
<P><STRONG><a name="[5f]"></a>IRQ85_Handler</STRONG> (Thumb, 0 bytes, Stack size 0 bytes, rme_platform_a7m_asm.o(RESET))
<BR>[Address Reference Count : 1]<UL><LI> rme_platform_a7m_asm.o(RESET)
</UL>
<P><STRONG><a name="[60]"></a>IRQ86_Handler</STRONG> (Thumb, 0 bytes, Stack size 0 bytes, rme_platform_a7m_asm.o(RESET))
<BR>[Address Reference Count : 1]<UL><LI> rme_platform_a7m_asm.o(RESET)
</UL>
<P><STRONG><a name="[61]"></a>IRQ87_Handler</STRONG> (Thumb, 0 bytes, Stack size 0 bytes, rme_platform_a7m_asm.o(RESET))
<BR>[Address Reference Count : 1]<UL><LI> rme_platform_a7m_asm.o(RESET)
</UL>
<P><STRONG><a name="[62]"></a>IRQ88_Handler</STRONG> (Thumb, 0 bytes, Stack size 0 bytes, rme_platform_a7m_asm.o(RESET))
<BR>[Address Reference Count : 1]<UL><LI> rme_platform_a7m_asm.o(RESET)
</UL>
<P><STRONG><a name="[63]"></a>IRQ89_Handler</STRONG> (Thumb, 0 bytes, Stack size 0 bytes, rme_platform_a7m_asm.o(RESET))
<BR>[Address Reference Count : 1]<UL><LI> rme_platform_a7m_asm.o(RESET)
</UL>
<P><STRONG><a name="[12]"></a>IRQ8_Handler</STRONG> (Thumb, 0 bytes, Stack size 0 bytes, rme_platform_a7m_asm.o(RESET))
<BR>[Address Reference Count : 1]<UL><LI> rme_platform_a7m_asm.o(RESET)
</UL>
<P><STRONG><a name="[64]"></a>IRQ90_Handler</STRONG> (Thumb, 0 bytes, Stack size 0 bytes, rme_platform_a7m_asm.o(RESET))
<BR>[Address Reference Count : 1]<UL><LI> rme_platform_a7m_asm.o(RESET)
</UL>
<P><STRONG><a name="[65]"></a>IRQ91_Handler</STRONG> (Thumb, 0 bytes, Stack size 0 bytes, rme_platform_a7m_asm.o(RESET))
<BR>[Address Reference Count : 1]<UL><LI> rme_platform_a7m_asm.o(RESET)
</UL>
<P><STRONG><a name="[66]"></a>IRQ92_Handler</STRONG> (Thumb, 0 bytes, Stack size 0 bytes, rme_platform_a7m_asm.o(RESET))
<BR>[Address Reference Count : 1]<UL><LI> rme_platform_a7m_asm.o(RESET)
</UL>
<P><STRONG><a name="[67]"></a>IRQ93_Handler</STRONG> (Thumb, 0 bytes, Stack size 0 bytes, rme_platform_a7m_asm.o(RESET))
<BR>[Address Reference Count : 1]<UL><LI> rme_platform_a7m_asm.o(RESET)
</UL>
<P><STRONG><a name="[68]"></a>IRQ94_Handler</STRONG> (Thumb, 0 bytes, Stack size 0 bytes, rme_platform_a7m_asm.o(RESET))
<BR>[Address Reference Count : 1]<UL><LI> rme_platform_a7m_asm.o(RESET)
</UL>
<P><STRONG><a name="[69]"></a>IRQ95_Handler</STRONG> (Thumb, 0 bytes, Stack size 0 bytes, rme_platform_a7m_asm.o(RESET))
<BR>[Address Reference Count : 1]<UL><LI> rme_platform_a7m_asm.o(RESET)
</UL>
<P><STRONG><a name="[6a]"></a>IRQ96_Handler</STRONG> (Thumb, 0 bytes, Stack size 0 bytes, rme_platform_a7m_asm.o(RESET))
<BR>[Address Reference Count : 1]<UL><LI> rme_platform_a7m_asm.o(RESET)
</UL>
<P><STRONG><a name="[6b]"></a>IRQ97_Handler</STRONG> (Thumb, 0 bytes, Stack size 0 bytes, rme_platform_a7m_asm.o(RESET))
<BR>[Address Reference Count : 1]<UL><LI> rme_platform_a7m_asm.o(RESET)
</UL>
<P><STRONG><a name="[6c]"></a>IRQ98_Handler</STRONG> (Thumb, 0 bytes, Stack size 0 bytes, rme_platform_a7m_asm.o(RESET))
[...]
<BR><BR>[Stack]<UL><LI>Max Depth = 96 + Unknown Stack Size
<LI>Call Chain = __RME_Kern_Func_Handler &rArr; _RME_Kern_Snd &rArr; _RME_Run_Ins &rArr; RME_Print_Int &rArr; __RME_Putchar
</UL>
<BR>[Calls]<UL><LI><a href="#[101]">&gt;&gt;</a>&nbsp;&nbsp;&nbsp;__RME_A7M_Wait_Int
<LI><a href="#[144]">&gt;&gt;</a>&nbsp;&nbsp;&nbsp;__RME_A7M_Debug_Reg_Mod
<LI><a href="#[11d]">&gt;&gt;</a>&nbsp;&nbsp;&nbsp;_RME_Kern_Snd
<LI><a href="#[11a]">&gt;&gt;</a>&nbsp;&nbsp;&nbsp;_RME_Kern_High
</UL>
<BR>[Called By]<UL><LI><a href="#[10b]">&gt;&gt;</a>&nbsp;&nbsp;&nbsp;_RME_Svc_Handler
</UL>

<P><STRONG><a name="[110]"></a>__RME_Low_Level_Init</STRONG> (Thumb, 502 bytes, Stack size 8 bytes, rme_platform_a7m.o(i.__RME_Low_Level_Init))
<BR><BR>[Stack]<UL><LI>Max Depth = 56 + Unknown Stack Size
<LI>Call Chain = __RME_Low_Level_Init &rArr; RME_Print_Int &rArr; __RME_Putchar
</UL>
<BR>[Calls]<UL><LI><a href="#[100]">&gt;&gt;</a>&nbsp;&nbsp;&nbsp;__RME_A7M_Barrier
<LI><a href="#[145]">&gt;&gt;</a>&nbsp;&nbsp;&nbsp;_RME_CPU_Local_Init
<LI><a href="#[115]">&gt;&gt;</a>&nbsp;&nbsp;&nbsp;RME_Print_String
<LI><a href="#[113]">&gt;&gt;</a>&nbsp;&nbsp;&nbsp;RME_Print_Int
</UL>
<BR>[Called By]<UL><LI><a href="#[109]">&gt;&gt;</a>&nbsp;&nbsp;&nbsp;RME_Kmain
</UL>

<P><STRONG><a name="[127]"></a>__RME_Pgtbl_Check</STRONG> (Thumb, 28 bytes, Stack size 0 bytes, rme_platform_a7m.o(i.__RME_Pgtbl_Check))
<BR><BR>[Called By]<UL><LI><a href="#[126]">&gt;&gt;</a>&nbsp;&nbsp;&nbsp;_RME_Pgtbl_Boot_Crt
<LI><a href="#[129]">&gt;&gt;</a>&nbsp;&nbsp;&nbsp;_RME_Pgtbl_Crt
</UL>

<P><STRONG><a name="[139]"></a>__RME_Pgtbl_Del_Check</STRONG> (Thumb, 18 bytes, Stack size 0 bytes, rme_platform_a7m.o(i.__RME_Pgtbl_Del_Check))
<BR><BR>[Called By]<UL><LI><a href="#[10b]">&gt;&gt;</a>&nbsp;&nbsp;&nbsp;_RME_Svc_Handler
</UL>

<P><STRONG><a name="[128]"></a>__RME_Pgtbl_Init</STRONG> (Thumb, 158 bytes, Stack size 0 bytes, rme_platform_a7m.o(i.__RME_Pgtbl_Init))
<BR><BR>[Called By]<UL><LI><a href="#[126]">&gt;&gt;</a>&nbsp;&nbsp;&nbsp;_RME_Pgtbl_Boot_Crt
<LI><a href="#[129]">&gt;&gt;</a>&nbsp;&nbsp;&nbsp;_RME_Pgtbl_Crt
</UL>

<P><STRONG><a name="[111]"></a>__RME_Pgtbl_Kmem_Init</STRONG> (Thumb, 4 bytes, Stack size 0 bytes, rme_platform_a7m.o(i.__RME_Pgtbl_Kmem_Init))
<BR><BR>[Called By]<UL><LI><a href="#[109]">&gt;&gt;</a>&nbsp;&nbsp;&nbsp;RME_Kmain
</UL>

<P><STRONG><a name="[13a]"></a>__RME_Pgtbl_Lookup</STRONG> (Thumb, 78 bytes, Stack size 0 bytes, rme_platform_a7m.o(i.__RME_Pgtbl_Lookup))
<BR><BR>[Called By]<UL><LI><a href="#[10b]">&gt;&gt;</a>&nbsp;&nbsp;&nbsp;_RME_Svc_Handler
</UL>

<P><STRONG><a name="[125]"></a>__RME_Pgtbl_Page_Map</STRONG> (Thumb, 148 bytes, Stack size 16 bytes, rme_platform_a7m.o(i.__RME_Pgtbl_Page_Map))
<BR><BR>[Stack]<UL><LI>Max Depth = 120 + Unknown Stack Size
<LI>Call Chain = __RME_Pgtbl_Page_Map &rArr; ___RME_Pgtbl_MPU_Update &rArr; RME_Print_Int &rArr; __RME_Putchar
</UL>
<BR>[Calls]<UL><LI><a href="#[142]">&gt;&gt;</a>&nbsp;&nbsp;&nbsp;___RME_Pgtbl_MPU_Update
</UL>
<BR>[Called By]<UL><LI><a href="#[10b]">&gt;&gt;</a>&nbsp;&nbsp;&nbsp;_RME_Svc_Handler
<LI><a href="#[124]">&gt;&gt;</a>&nbsp;&nbsp;&nbsp;_RME_Pgtbl_Boot_Add
</UL>

<P><STRONG><a name="[13b]"></a>__RME_Pgtbl_Page_Unmap</STRONG> (Thumb, 116 bytes, Stack size 24 bytes, rme_platform_a7m.o(i.__RME_Pgtbl_Page_Unmap))
<BR><BR>[Stack]<UL><LI>Max Depth = 128 + Unknown Stack Size
<LI>Call Chain = __RME_Pgtbl_Page_Unmap &rArr; ___RME_Pgtbl_MPU_Update &rArr; RME_Print_Int &rArr; __RME_Putchar
</UL>
<BR>[Calls]<UL><LI><a href="#[142]">&gt;&gt;</a>&nbsp;&nbsp;&nbsp;___RME_Pgtbl_MPU_Update
</UL>
<BR>[Called By]<UL><LI><a href="#[10b]">&gt;&gt;</a>&nbsp;&nbsp;&nbsp;_RME_Svc_Handler
</UL>

<P><STRONG><a name="[13c]"></a>__RME_Pgtbl_Pgdir_Map</STRONG> (Thumb, 162 bytes, Stack size 24 bytes, rme_platform_a7m.o(i.__RME_Pgtbl_Pgdir_Map))
<BR><BR>[Stack]<UL><LI>Max Depth = 128 + Unknown Stack Size
<LI>Call Chain = __RME_Pgtbl_Pgdir_Map &rArr; ___RME_Pgtbl_MPU_Update &rArr; RME_Print_Int &rArr; __RME_Putchar
</UL>
<BR>[Calls]<UL><LI><a href="#[142]">&gt;&gt;</a>&nbsp;&nbsp;&nbsp;___RME_Pgtbl_MPU_Update
</UL>
<BR>[Called By]<UL><LI><a href="#[10b]">&gt;&gt;</a>&nbsp;&nbsp;&nbsp;_RME_Svc_Handler
</UL>

<P><STRONG><a name="[13d]"></a>__RME_Pgtbl_Pgdir_Unmap</STRONG> (Thumb, 98 bytes, Stack size 24 bytes, rme_platform_a7m.o(i.__RME_Pgtbl_Pgdir_Unmap))
<BR><BR>[Stack]<UL><LI>Max Depth = 128 + Unknown Stack Size
<LI>Call Chain = __RME_Pgtbl_Pgdir_Unmap &rArr; ___RME_Pgtbl_MPU_Update &rArr; RME_Print_Int &rArr; __RME_Putchar
</UL>
<BR>[Calls]<UL><LI><a href="#[142]">&gt;&gt;</a>&nbsp;&nbsp;&nbsp;___RME_Pgtbl_MPU_Update
</UL>
<BR>[Called By]<UL><LI><a href="#[10b]">&gt;&gt;</a>&nbsp;&nbsp;&nbsp;_RME_Svc_Handler
</UL>

<P><STRONG><a name="[131]"></a>__RME_Pgtbl_Set</STRONG> (Thumb, 6 bytes, Stack size 0 bytes, rme_platform_a7m.o(i.__RME_Pgtbl_Set))
<BR><BR>[Calls]<UL><LI><a href="#[107]">&gt;&gt;</a>&nbsp;&nbsp;&nbsp;___RME_A7M_MPU_Set
</UL>
<BR>[Called By]<UL><LI><a href="#[140]">&gt;&gt;</a>&nbsp;&nbsp;&nbsp;__RME_Thd_Fatal
<LI><a href="#[10b]">&gt;&gt;</a>&nbsp;&nbsp;&nbsp;_RME_Svc_Handler
<LI><a href="#[11c]">&gt;&gt;</a>&nbsp;&nbsp;&nbsp;_RME_Run_Swt
</UL>

<P><STRONG><a name="[141]"></a>__RME_Pgtbl_Walk</STRONG> (Thumb, 190 bytes, Stack size 28 bytes, rme_platform_a7m.o(i.__RME_Pgtbl_Walk))
<BR><BR>[Stack]<UL><LI>Max Depth = 28<LI>Call Chain = __RME_Pgtbl_Walk
</UL>
<BR>[Called By]<UL><LI><a href="#[10c]">&gt;&gt;</a>&nbsp;&nbsp;&nbsp;__RME_A7M_Fault_Handler
</UL>

<P><STRONG><a name="[114]"></a>__RME_Putchar</STRONG> (Thumb, 48 bytes, Stack size 16 bytes, rme_platform_a7m.o(i.__RME_Putchar))
<BR><BR>[Stack]<UL><LI>Max Depth = 16 + Unknown Stack Size
<LI>Call Chain = __RME_Putchar
</UL>
<BR>[Calls]<UL><LI><a href="#[100]">&gt;&gt;</a>&nbsp;&nbsp;&nbsp;__RME_A7M_Barrier
</UL>
<BR>[Called By]<UL><LI><a href="#[140]">&gt;&gt;</a>&nbsp;&nbsp;&nbsp;__RME_Thd_Fatal
<LI><a href="#[10b]">&gt;&gt;</a>&nbsp;&nbsp;&nbsp;_RME_Svc_Handler
<LI><a href="#[12a]">&gt;&gt;</a>&nbsp;&nbsp;&nbsp;_RME_Proc_Boot_Crt
<LI><a href="#[126]">&gt;&gt;</a>&nbsp;&nbsp;&nbsp;_RME_Pgtbl_Boot_Crt
<LI><a href="#[121]">&gt;&gt;</a>&nbsp;&nbsp;&nbsp;_RME_Kmem_Boot_Crt
<LI><a href="#[11a]">&gt;&gt;</a>&nbsp;&nbsp;&nbsp;_RME_Kern_High
<LI><a href="#[115]">&gt;&gt;</a>&nbsp;&nbsp;&nbsp;RME_Print_String
<LI><a href="#[113]">&gt;&gt;</a>&nbsp;&nbsp;&nbsp;RME_Print_Int
<LI><a href="#[11f]">&gt;&gt;</a>&nbsp;&nbsp;&nbsp;_RME_Run_Ins
<LI><a href="#[11b]">&gt;&gt;</a>&nbsp;&nbsp;&nbsp;_RME_Run_High
<LI><a href="#[12c]">&gt;&gt;</a>&nbsp;&nbsp;&nbsp;_RME_Run_Del
<LI><a href="#[12b]">&gt;&gt;</a>&nbsp;&nbsp;&nbsp;_RME_Proc_Crt
<LI><a href="#[129]">&gt;&gt;</a>&nbsp;&nbsp;&nbsp;_RME_Pgtbl_Crt
</UL>

<P><STRONG><a name="[135]"></a>__RME_Set_Inv_Retval</STRONG> (Thumb, 4 bytes, Stack size 0 bytes, rme_platform_a7m.o(i.__RME_Set_Inv_Retval))
<BR><BR>[Called By]<UL><LI><a href="#[140]">&gt;&gt;</a>&nbsp;&nbsp;&nbsp;__RME_Thd_Fatal
<LI><a href="#[10b]">&gt;&gt;</a>&nbsp;&nbsp;&nbsp;_RME_Svc_Handler
</UL>

<P><STRONG><a name="[11e]"></a>__RME_Set_Syscall_Retval</STRONG> (Thumb, 4 bytes, Stack size 0 bytes, rme_platform_a7m.o(i.__RME_Set_Syscall_Retval))
<BR><BR>[Called By]<UL><LI><a href="#[140]">&gt;&gt;</a>&nbsp;&nbsp;&nbsp;__RME_Thd_Fatal
<LI><a href="#[10a]">&gt;&gt;</a>&nbsp;&nbsp;&nbsp;_RME_Tick_Handler
<LI><a href="#[10b]">&gt;&gt;</a>&nbsp;&nbsp;&nbsp;_RME_Svc_Handler
<LI><a href="#[11d]">&gt;&gt;</a>&nbsp;&nbsp;&nbsp;_RME_Kern_Snd
<LI><a href="#[12d]">&gt;&gt;</a>&nbsp;&nbsp;&nbsp;_RME_Run_Notif
</UL>

<P><STRONG><a name="[13e]"></a>__RME_Thd_Cop_Init</STRONG> (Thumb, 2 bytes, Stack size 0 bytes, rme_platform_a7m.o(i.__RME_Thd_Cop_Init))
<BR><BR>[Called By]<UL><LI><a href="#[10b]">&gt;&gt;</a>&nbsp;&nbsp;&nbsp;_RME_Svc_Handler
</UL>

<P><STRONG><a name="[130]"></a>__RME_Thd_Cop_Restore</STRONG> (Thumb, 18 bytes, Stack size 0 bytes, rme_platform_a7m.o(i.__RME_Thd_Cop_Restore))
<BR><BR>[Calls]<UL><LI><a href="#[106]">&gt;&gt;</a>&nbsp;&nbsp;&nbsp;___RME_A7M_Thd_Cop_Restore
</UL>
<BR>[Called By]<UL><LI><a href="#[11c]">&gt;&gt;</a>&nbsp;&nbsp;&nbsp;_RME_Run_Swt
</UL>

<P><STRONG><a name="[12f]"></a>__RME_Thd_Cop_Save</STRONG> (Thumb, 18 bytes, Stack size 0 bytes, rme_platform_a7m.o(i.__RME_Thd_Cop_Save))
<BR><BR>[Calls]<UL><LI><a href="#[105]">&gt;&gt;</a>&nbsp;&nbsp;&nbsp;___RME_A7M_Thd_Cop_Save
</UL>
<BR>[Called By]<UL><LI><a href="#[11c]">&gt;&gt;</a>&nbsp;&nbsp;&nbsp;_RME_Run_Swt
</UL>

<P><STRONG><a name="[140]"></a>__RME_Thd_Fatal</STRONG> (Thumb, 314 bytes, Stack size 32 bytes, rme_kernel.o(i.__RME_Thd_Fatal))
<BR><BR>[Stack]<UL><LI>Max Depth = 112 + Unknown Stack Size
<LI>Call Chain = __RME_Thd_Fatal &rArr; _RME_Kern_High &rArr; _RME_Run_High &rArr; RME_Print_Int &rArr; __RME_Putchar
</UL>
<BR>[Calls]<UL><LI><a href="#[11e]">&gt;&gt;</a>&nbsp;&nbsp;&nbsp;__RME_Set_Syscall_Retval
<LI><a href="#[135]">&gt;&gt;</a>&nbsp;&nbsp;&nbsp;__RME_Set_Inv_Retval
<LI><a href="#[114]">&gt;&gt;</a>&nbsp;&nbsp;&nbsp;__RME_Putchar
<LI><a href="#[131]">&gt;&gt;</a>&nbsp;&nbsp;&nbsp;__RME_Pgtbl_Set
<LI><a href="#[134]">&gt;&gt;</a>&nbsp;&nbsp;&nbsp;__RME_Inv_Reg_Restore
<LI><a href="#[11a]">&gt;&gt;</a>&nbsp;&nbsp;&nbsp;_RME_Kern_High
<LI><a href="#[113]">&gt;&gt;</a>&nbsp;&nbsp;&nbsp;RME_Print_Int
<LI><a href="#[12d]">&gt;&gt;</a>&nbsp;&nbsp;&nbsp;_RME_Run_Notif
<LI><a href="#[12c]">&gt;&gt;</a>&nbsp;&nbsp;&nbsp;_RME_Run_Del
</UL>
<BR>[Called By]<UL><LI><a href="#[10c]">&gt;&gt;</a>&nbsp;&nbsp;&nbsp;__RME_A7M_Fault_Handler
</UL>

<P><STRONG><a name="[12e]"></a>__RME_Thd_Reg_Copy</STRONG> (Thumb, 42 bytes, Stack size 0 bytes, rme_platform_a7m.o(i.__RME_Thd_Reg_Copy))
<BR><BR>[Called By]<UL><LI><a href="#[11c]">&gt;&gt;</a>&nbsp;&nbsp;&nbsp;_RME_Run_Swt
</UL>

<P><STRONG><a name="[137]"></a>__RME_Thd_Reg_Init</STRONG> (Thumb, 20 bytes, Stack size 0 bytes, rme_platform_a7m.o(i.__RME_Thd_Reg_Init))
<BR><BR>[Called By]<UL><LI><a href="#[10b]">&gt;&gt;</a>&nbsp;&nbsp;&nbsp;_RME_Svc_Handler
</UL>

<P><STRONG><a name="[14d]"></a>__scatterload_copy</STRONG> (Thumb, 14 bytes, Stack size unknown bytes, handlers.o(i.__scatterload_copy), UNUSED)

<P><STRONG><a name="[14e]"></a>__scatterload_null</STRONG> (Thumb, 2 bytes, Stack size unknown bytes, handlers.o(i.__scatterload_null), UNUSED)

<P><STRONG><a name="[14f]"></a>__scatterload_zeroinit</STRONG> (Thumb, 14 bytes, Stack size unknown bytes, handlers.o(i.__scatterload_zeroinit), UNUSED)

<P><STRONG><a name="[fc]"></a>main</STRONG> (Thumb, 12 bytes, Stack size 8 bytes, rme_platform_a7m.o(i.main))
<BR><BR>[Stack]<UL><LI>Max Depth = 192 + Unknown Stack Size
<LI>Call Chain = main &rArr; _RME_Kmain &rArr; RME_Kmain &rArr; __RME_Boot &rArr; _RME_Pgtbl_Boot_Add &rArr; __RME_Pgtbl_Page_Map &rArr; ___RME_Pgtbl_MPU_Update &rArr; RME_Print_Int &rArr; __RME_Putchar
</UL>
<BR>[Calls]<UL><LI><a href="#[102]">&gt;&gt;</a>&nbsp;&nbsp;&nbsp;_RME_Kmain
</UL>
<BR>[Address Reference Count : 1]<UL><LI> entry9a.o(.ARM.Collect$$$$0000000B)
</UL><P>
<H3>
Local Symbols
</H3>
<P><STRONG><a name="[129]"></a>_RME_Pgtbl_Crt</STRONG> (Thumb, 918 bytes, Stack size 48 bytes, rme_kernel.o(i._RME_Pgtbl_Crt))
<BR><BR>[Stack]<UL><LI>Max Depth = 96 + Unknown Stack Size
<LI>Call Chain = _RME_Pgtbl_Crt &rArr; RME_Print_Int &rArr; __RME_Putchar
</UL>
<BR>[Calls]<UL><LI><a href="#[114]">&gt;&gt;</a>&nbsp;&nbsp;&nbsp;__RME_Putchar
<LI><a href="#[128]">&gt;&gt;</a>&nbsp;&nbsp;&nbsp;__RME_Pgtbl_Init
<LI><a href="#[127]">&gt;&gt;</a>&nbsp;&nbsp;&nbsp;__RME_Pgtbl_Check
<LI><a href="#[119]">&gt;&gt;</a>&nbsp;&nbsp;&nbsp;__RME_A7M_Comp_Swap
<LI><a href="#[117]">&gt;&gt;</a>&nbsp;&nbsp;&nbsp;_RME_Kotbl_Mark
<LI><a href="#[122]">&gt;&gt;</a>&nbsp;&nbsp;&nbsp;_RME_Kotbl_Erase
<LI><a href="#[113]">&gt;&gt;</a>&nbsp;&nbsp;&nbsp;RME_Print_Int
</UL>
<BR>[Called By]<UL><LI><a href="#[10b]">&gt;&gt;</a>&nbsp;&nbsp;&nbsp;_RME_Svc_Handler
</UL>

<P><STRONG><a name="[12b]"></a>_RME_Proc_Crt</STRONG> (Thumb, 1042 bytes, Stack size 40 bytes, rme_kernel.o(i._RME_Proc_Crt))
<BR><BR>[Stack]<UL><LI>Max Depth = 88 + Unknown Stack Size
<LI>Call Chain = _RME_Proc_Crt &rArr; RME_Print_Int &rArr; __RME_Putchar
</UL>
<BR>[Calls]<UL><LI><a href="#[114]">&gt;&gt;</a>&nbsp;&nbsp;&nbsp;__RME_Putchar
<LI><a href="#[120]">&gt;&gt;</a>&nbsp;&nbsp;&nbsp;__RME_A7M_Fetch_Add
<LI><a href="#[119]">&gt;&gt;</a>&nbsp;&nbsp;&nbsp;__RME_A7M_Comp_Swap
<LI><a href="#[117]">&gt;&gt;</a>&nbsp;&nbsp;&nbsp;_RME_Kotbl_Mark
<LI><a href="#[122]">&gt;&gt;</a>&nbsp;&nbsp;&nbsp;_RME_Kotbl_Erase
<LI><a href="#[113]">&gt;&gt;</a>&nbsp;&nbsp;&nbsp;RME_Print_Int
</UL>
<BR>[Called By]<UL><LI><a href="#[10b]">&gt;&gt;</a>&nbsp;&nbsp;&nbsp;_RME_Svc_Handler
</UL>

<P><STRONG><a name="[12c]"></a>_RME_Run_Del</STRONG> (Thumb, 214 bytes, Stack size 16 bytes, rme_kernel.o(i._RME_Run_Del))
<BR><BR>[Stack]<UL><LI>Max Depth = 64 + Unknown Stack Size
<LI>Call Chain = _RME_Run_Del &rArr; RME_Print_Int &rArr; __RME_Putchar
</UL>
<BR>[Calls]<UL><LI><a href="#[114]">&gt;&gt;</a>&nbsp;&nbsp;&nbsp;__RME_Putchar
<LI><a href="#[113]">&gt;&gt;</a>&nbsp;&nbsp;&nbsp;RME_Print_Int
</UL>
<BR>[Called By]<UL><LI><a href="#[140]">&gt;&gt;</a>&nbsp;&nbsp;&nbsp;__RME_Thd_Fatal
<LI><a href="#[10a]">&gt;&gt;</a>&nbsp;&nbsp;&nbsp;_RME_Tick_Handler
<LI><a href="#[10b]">&gt;&gt;</a>&nbsp;&nbsp;&nbsp;_RME_Svc_Handler
</UL>

<P><STRONG><a name="[11b]"></a>_RME_Run_High</STRONG> (Thumb, 178 bytes, Stack size 16 bytes, rme_kernel.o(i._RME_Run_High))
<BR><BR>[Stack]<UL><LI>Max Depth = 64 + Unknown Stack Size
<LI>Call Chain = _RME_Run_High &rArr; RME_Print_Int &rArr; __RME_Putchar
</UL>
<BR>[Calls]<UL><LI><a href="#[114]">&gt;&gt;</a>&nbsp;&nbsp;&nbsp;__RME_Putchar
<LI><a href="#[103]">&gt;&gt;</a>&nbsp;&nbsp;&nbsp;__RME_A7M_MSB_Get
<LI><a href="#[113]">&gt;&gt;</a>&nbsp;&nbsp;&nbsp;RME_Print_Int
</UL>
<BR>[Called By]<UL><LI><a href="#[10b]">&gt;&gt;</a>&nbsp;&nbsp;&nbsp;_RME_Svc_Handler
<LI><a href="#[11a]">&gt;&gt;</a>&nbsp;&nbsp;&nbsp;_RME_Kern_High
</UL>

<P><STRONG><a name="[11f]"></a>_RME_Run_Ins</STRONG> (Thumb, 212 bytes, Stack size 16 bytes, rme_kernel.o(i._RME_Run_Ins))
<BR><BR>[Stack]<UL><LI>Max Depth = 64 + Unknown Stack Size
<LI>Call Chain = _RME_Run_Ins &rArr; RME_Print_Int &rArr; __RME_Putchar
</UL>
<BR>[Calls]<UL><LI><a href="#[114]">&gt;&gt;</a>&nbsp;&nbsp;&nbsp;__RME_Putchar
<LI><a href="#[113]">&gt;&gt;</a>&nbsp;&nbsp;&nbsp;RME_Print_Int
</UL>
<BR>[Called By]<UL><LI><a href="#[10a]">&gt;&gt;</a>&nbsp;&nbsp;&nbsp;_RME_Tick_Handler
<LI><a href="#[13f]">&gt;&gt;</a>&nbsp;&nbsp;&nbsp;_RME_Thd_Boot_Crt
<LI><a href="#[10b]">&gt;&gt;</a>&nbsp;&nbsp;&nbsp;_RME_Svc_Handler
<LI><a href="#[11d]">&gt;&gt;</a>&nbsp;&nbsp;&nbsp;_RME_Kern_Snd
<LI><a href="#[12d]">&gt;&gt;</a>&nbsp;&nbsp;&nbsp;_RME_Run_Notif
</UL>

<P><STRONG><a name="[12d]"></a>_RME_Run_Notif</STRONG> (Thumb, 104 bytes, Stack size 16 bytes, rme_kernel.o(i._RME_Run_Notif))
<BR><BR>[Stack]<UL><LI>Max Depth = 80 + Unknown Stack Size
<LI>Call Chain = _RME_Run_Notif &rArr; _RME_Run_Ins &rArr; RME_Print_Int &rArr; __RME_Putchar
</UL>
<BR>[Calls]<UL><LI><a href="#[11e]">&gt;&gt;</a>&nbsp;&nbsp;&nbsp;__RME_Set_Syscall_Retval
<LI><a href="#[120]">&gt;&gt;</a>&nbsp;&nbsp;&nbsp;__RME_A7M_Fetch_Add
<LI><a href="#[11f]">&gt;&gt;</a>&nbsp;&nbsp;&nbsp;_RME_Run_Ins
</UL>
<BR>[Called By]<UL><LI><a href="#[140]">&gt;&gt;</a>&nbsp;&nbsp;&nbsp;__RME_Thd_Fatal
<LI><a href="#[10a]">&gt;&gt;</a>&nbsp;&nbsp;&nbsp;_RME_Tick_Handler
<LI><a href="#[10b]">&gt;&gt;</a>&nbsp;&nbsp;&nbsp;_RME_Svc_Handler
</UL>

<P><STRONG><a name="[11c]"></a>_RME_Run_Swt</STRONG> (Thumb, 112 bytes, Stack size 16 bytes, rme_kernel.o(i._RME_Run_Swt))
<BR><BR>[Stack]<UL><LI>Max Depth = 16 + Unknown Stack Size
<LI>Call Chain = _RME_Run_Swt
</UL>
<BR>[Calls]<UL><LI><a href="#[12e]">&gt;&gt;</a>&nbsp;&nbsp;&nbsp;__RME_Thd_Reg_Copy
<LI><a href="#[12f]">&gt;&gt;</a>&nbsp;&nbsp;&nbsp;__RME_Thd_Cop_Save
<LI><a href="#[130]">&gt;&gt;</a>&nbsp;&nbsp;&nbsp;__RME_Thd_Cop_Restore
<LI><a href="#[131]">&gt;&gt;</a>&nbsp;&nbsp;&nbsp;__RME_Pgtbl_Set
</UL>
<BR>[Called By]<UL><LI><a href="#[10b]">&gt;&gt;</a>&nbsp;&nbsp;&nbsp;_RME_Svc_Handler
<LI><a href="#[11a]">&gt;&gt;</a>&nbsp;&nbsp;&nbsp;_RME_Kern_High
</UL>

<P><STRONG><a name="[142]"></a>___RME_Pgtbl_MPU_Update</STRONG> (Thumb, 756 bytes, Stack size 56 bytes, rme_platform_a7m.o(i.___RME_Pgtbl_MPU_Update))
<BR><BR>[Stack]<UL><LI>Max Depth = 104 + Unknown Stack Size
<LI>Call Chain = ___RME_Pgtbl_MPU_Update &rArr; RME_Print_Int &rArr; __RME_Putchar
</UL>
<BR>[Calls]<UL><LI><a href="#[115]">&gt;&gt;</a>&nbsp;&nbsp;&nbsp;RME_Print_String
<LI><a href="#[113]">&gt;&gt;</a>&nbsp;&nbsp;&nbsp;RME_Print_Int
</UL>
<BR>[Called By]<UL><LI><a href="#[10c]">&gt;&gt;</a>&nbsp;&nbsp;&nbsp;__RME_A7M_Fault_Handler
<LI><a href="#[13d]">&gt;&gt;</a>&nbsp;&nbsp;&nbsp;__RME_Pgtbl_Pgdir_Unmap
<LI><a href="#[13c]">&gt;&gt;</a>&nbsp;&nbsp;&nbsp;__RME_Pgtbl_Pgdir_Map
<LI><a href="#[13b]">&gt;&gt;</a>&nbsp;&nbsp;&nbsp;__RME_Pgtbl_Page_Unmap
<LI><a href="#[125]">&gt;&gt;</a>&nbsp;&nbsp;&nbsp;__RME_Pgtbl_Page_Map
</UL>

<P><STRONG><a name="[0]"></a>Reset_Handler</STRONG> (Thumb, 8 bytes, Stack size 0 bytes, rme_platform_a7m_asm.o(RESET))
<BR>[Address Reference Count : 1]<UL><LI> rme_platform_a7m_asm.o(RESET)
</UL>
<P><STRONG><a name="[9]"></a>SysTick_Handler</STRONG> (Thumb, 0 bytes, Stack size unknown bytes, rme_platform_a7m_asm.o(RESET))
<BR><BR>[Stack]<UL><LI>Max Depth = 104 + Unknown Stack Size
<LI>Call Chain = SysTick_Handler &rArr; _RME_Tick_Handler &rArr; _RME_Kern_High &rArr; _RME_Run_High &rArr; RME_Print_Int &rArr; __RME_Putchar
</UL>
<BR>[Calls]<UL><LI><a href="#[10a]">&gt;&gt;</a>&nbsp;&nbsp;&nbsp;_RME_Tick_Handler
</UL>
<BR>[Address Reference Count : 1]<UL><LI> rme_platform_a7m_asm.o(RESET)
</UL>
<P><STRONG><a name="[6]"></a>SVC_Handler</STRONG> (Thumb, 0 bytes, Stack size unknown bytes, rme_platform_a7m_asm.o(RESET))
<BR><BR>[Stack]<UL><LI>Max Depth = 232 + Unknown Stack Size
<LI>Call Chain = SVC_Handler &rArr; _RME_Svc_Handler &rArr; __RME_Pgtbl_Pgdir_Unmap &rArr; ___RME_Pgtbl_MPU_Update &rArr; RME_Print_Int &rArr; __RME_Putchar
</UL>
<BR>[Calls]<UL><LI><a href="#[10b]">&gt;&gt;</a>&nbsp;&nbsp;&nbsp;_RME_Svc_Handler
</UL>
<BR>[Address Reference Count : 1]<UL><LI> rme_platform_a7m_asm.o(RESET)
</UL>
<P><STRONG><a name="[1]"></a>NMI_Handler</STRONG> (Thumb, 0 bytes, Stack size unknown bytes, rme_platform_a7m_asm.o(RESET))
<BR>[Address Reference Count : 1]<UL><LI> rme_platform_a7m_asm.o(RESET)
</UL>
<P><STRONG><a name="[8]"></a>PendSV_Handler</STRONG> (Thumb, 0 bytes, Stack size unknown bytes, rme_platform_a7m_asm.o(RESET))
<BR>[Address Reference Count : 1]<UL><LI> rme_platform_a7m_asm.o(RESET)
</UL>
<P><STRONG><a name="[7]"></a>DebugMon_Handler</STRONG> (Thumb, 0 bytes, Stack size unknown bytes, rme_platform_a7m_asm.o(RESET))
<BR>[Address Reference Count : 1]<UL><LI> rme_platform_a7m_asm.o(RESET)
</UL>
<P><STRONG><a name="[2]"></a>HardFault_Handler</STRONG> (Thumb, 0 bytes, Stack size unknown bytes, rme_platform_a7m_asm.o(RESET))
<BR>[Address Reference Count : 1]<UL><LI> rme_platform_a7m_asm.o(RESET)
</UL>
<P><STRONG><a name="[3]"></a>MemManage_Handler</STRONG> (Thumb, 0 bytes, Stack size unknown bytes, rme_platform_a7m_asm.o(RESET))
<BR>[Address Reference Count : 1]<UL><LI> rme_platform_a7m_asm.o(RESET)
</UL>
<P><STRONG><a name="[4]"></a>BusFault_Handler</STRONG> (Thumb, 0 bytes, Stack size unknown bytes, rme_platform_a7m_asm.o(RESET))
<BR>[Address Reference Count : 1]<UL><LI> rme_platform_a7m_asm.o(RESET)
</UL>
<P><STRONG><a name="[5]"></a>UsageFault_Handler</STRONG> (Thumb, 0 bytes, Stack size unknown bytes, rme_platform_a7m_asm.o(RESET))
<BR><BR>[Stack]<UL><LI>Max Depth = 176 + Unknown Stack Size
<LI>Call Chain = UsageFault_Handler &rArr; __RME_A7M_Fault_Handler &rArr; __RME_Thd_Fatal &rArr; _RME_Kern_High &rArr; _RME_Run_High &rArr; RME_Print_Int &rArr; __RME_Putchar
</UL>
<BR>[Calls]<UL><LI><a href="#[10c]">&gt;&gt;</a>&nbsp;&nbsp;&nbsp;__RME_A7M_Fault_Handler
</UL>
<BR>[Address Reference Count : 1]<UL><LI> rme_platform_a7m_asm.o(RESET)
</UL><P>
<H3>
Undefined Global Symbols
</H3><HR></body></html>
