Archive member included to satisfy reference by file (symbol)

/home/pry/eclipse/gcc-arm-none-eabi-5_4-2016q3/bin/../lib/gcc/arm-none-eabi/5.4.1/armv7e-m/softfp/libgcc.a(_aeabi_uldivmod.o)
                              ./Lib/stm32f7xx_hal_rcc.o (__aeabi_uldivmod)
/home/pry/eclipse/gcc-arm-none-eabi-5_4-2016q3/bin/../lib/gcc/arm-none-eabi/5.4.1/armv7e-m/softfp/libgcc.a(_udivmoddi4.o)
                              /home/pry/eclipse/gcc-arm-none-eabi-5_4-2016q3/bin/../lib/gcc/arm-none-eabi/5.4.1/armv7e-m/softfp/libgcc.a(_aeabi_uldivmod.o) (__udivmoddi4)
/home/pry/eclipse/gcc-arm-none-eabi-5_4-2016q3/bin/../lib/gcc/arm-none-eabi/5.4.1/armv7e-m/softfp/libgcc.a(_dvmd_tls.o)
                              /home/pry/eclipse/gcc-arm-none-eabi-5_4-2016q3/bin/../lib/gcc/arm-none-eabi/5.4.1/armv7e-m/softfp/libgcc.a(_aeabi_uldivmod.o) (__aeabi_ldiv0)

Allocating common symbols
Common symbol       size              file

uwTick              0x4               ./Lib/stm32f7xx_hal.o
RME_CMX_Local       0x114             ./Platform/rme_platform_cmx.o
RME_Timestamp       0x4               ./Kernel/rme_kernel.o

Discarded input sections

 .group         0x00000000        0x8 ./User/M7M2_Init.o
 .data          0x00000000        0x0 ./User/M7M2_Init.o
 .bss           0x00000000        0x0 ./User/M7M2_Init.o
 .group         0x00000000        0x8 ./User/VM1.o
 .data          0x00000000        0x0 ./User/VM1.o
 .bss           0x00000000        0x0 ./User/VM1.o
 .debug_macro   0x00000000      0x886 ./User/VM1.o
 .group         0x00000000        0x8 ./Platform/rme_platform_cmx.o
 .group         0x00000000        0x8 ./Platform/rme_platform_cmx.o
 .group         0x00000000        0x8 ./Platform/rme_platform_cmx.o
 .group         0x00000000        0x8 ./Platform/rme_platform_cmx.o
 .group         0x00000000        0x8 ./Platform/rme_platform_cmx.o
 .group         0x00000000        0x8 ./Platform/rme_platform_cmx.o
 .group         0x00000000        0x8 ./Platform/rme_platform_cmx.o
 .group         0x00000000        0x8 ./Platform/rme_platform_cmx.o
 .group         0x00000000        0x8 ./Platform/rme_platform_cmx.o
 .group         0x00000000        0x8 ./Platform/rme_platform_cmx.o
 .group         0x00000000        0x8 ./Platform/rme_platform_cmx.o
 .group         0x00000000        0x8 ./Platform/rme_platform_cmx.o
 .group         0x00000000        0x8 ./Platform/rme_platform_cmx.o
 .group         0x00000000        0x8 ./Platform/rme_platform_cmx.o
 .group         0x00000000        0x8 ./Platform/rme_platform_cmx.o
 .group         0x00000000        0x8 ./Platform/rme_platform_cmx.o
 .group         0x00000000        0x8 ./Platform/rme_platform_cmx.o
 .group         0x00000000        0x8 ./Platform/rme_platform_cmx.o
 .group         0x00000000        0x8 ./Platform/rme_platform_cmx.o
 .group         0x00000000        0x8 ./Platform/rme_platform_cmx.o
 .group         0x00000000        0x8 ./Platform/rme_platform_cmx.o
 .group         0x00000000        0x8 ./Platform/rme_platform_cmx.o
 .group         0x00000000        0x8 ./Platform/rme_platform_cmx.o
 .group         0x00000000        0x8 ./Platform/rme_platform_cmx.o
 .group         0x00000000        0x8 ./Platform/rme_platform_cmx.o
 .group         0x00000000        0x8 ./Platform/rme_platform_cmx.o
 .group         0x00000000        0x8 ./Platform/rme_platform_cmx.o
 .group         0x00000000        0x8 ./Platform/rme_platform_cmx.o
 .group         0x00000000        0x8 ./Platform/rme_platform_cmx.o
 .group         0x00000000        0x8 ./Platform/rme_platform_cmx.o
 .group         0x00000000        0x8 ./Platform/rme_platform_cmx.o
 .group         0x00000000        0x8 ./Platform/rme_platform_cmx.o
 .group         0x00000000        0x8 ./Platform/rme_platform_cmx.o
 .group         0x00000000        0x8 ./Platform/rme_platform_cmx.o
 .group         0x00000000        0x8 ./Platform/rme_platform_cmx.o
 .group         0x00000000        0x8 ./Platform/rme_platform_cmx.o
 .group         0x00000000        0x8 ./Platform/rme_platform_cmx.o
 .group         0x00000000        0x8 ./Platform/rme_platform_cmx.o
 .group         0x00000000        0x8 ./Platform/rme_platform_cmx.o
 .group         0x00000000        0x8 ./Platform/rme_platform_cmx.o
 .group         0x00000000        0x8 ./Platform/rme_platform_cmx.o
 .group         0x00000000        0x8 ./Platform/rme_platform_cmx.o
 .group         0x00000000        0x8 ./Platform/rme_platform_cmx.o
 .group         0x00000000        0x8 ./Platform/rme_platform_cmx.o
 .group         0x00000000        0x8 ./Platform/rme_platform_cmx.o
 .group         0x00000000        0x8 ./Platform/rme_platform_cmx.o
 .group         0x00000000        0x8 ./Platform/rme_platform_cmx.o
 .group         0x00000000        0x8 ./Platform/rme_platform_cmx.o
 .group         0x00000000        0x8 ./Platform/rme_platform_cmx.o
 .group         0x00000000        0x8 ./Platform/rme_platform_cmx.o
 .group         0x00000000        0x8 ./Platform/rme_platform_cmx.o
[...]
Memory Configuration

Name             Origin             Length             Attributes
KSRAM            0x20000000         0x00001000         xrw
KIRAM            0x20001000         0x00002000         xrw
KORAM            0x20003000         0x0000d000         xrw
URAM             0x20010000         0x00060000         xrw
KFLASH           0x08000000         0x00010000         xr
IFLASH           0x08010000         0x00010000         xr
UFLASH           0x08020000         0x000e0000         xr
*default*        0x00000000         0xffffffff

Linker script and memory map

                0x20000f00                __stack = ((ORIGIN (KSRAM) + LENGTH (KSRAM)) - 0x100)
                0x20000f00                __initial_sp = __stack

.init_text      0x08010000     0x3c8c
 *M7M2_Init.o(.text .text.*)
 .text          0x08010000        0x0 ./User/M7M2_Init.o
 *M7M2_Init.o(.rodata .rodata.* .constdata .constdata.*)
 .rodata.M7M2_Init
                0x08010000     0x3c8c ./User/M7M2_Init.o
                0x08010000                M7M2_Init

.vm_text        0x08020000     0x225c
 *VM*.o(.text .text.*)
 .text          0x08020000        0x0 ./User/VM1.o
 *VM*.o(.rodata .rodata.* .constdata .constdata.*)
 .rodata.VM1    0x08020000     0x225c ./User/VM1.o
                0x08020000                VM1

.text           0x08000000     0x7c6c
 *rme_platform_cmx_asm_gcc.o(.text .text.*)
 .text          0x08000000      0x554 ./Platform/rme_platform_cmx_asm_gcc.o
                0x08000000                __Vectors
                0x08000400                _start
                0x08000400                __Vectors_End
                0x08000432                IRQ132_Handler
                0x08000432                IRQ191_Handler
                0x08000432                IRQ156_Handler
                0x08000432                IRQ210_Handler
                0x08000432                IRQ113_Handler
                0x08000432                IRQ182_Handler
                0x08000432                IRQ145_Handler
                0x08000432                IRQ108_Handler
                0x08000432                IRQ174_Handler
                0x08000432                IRQ139_Handler
                0x08000432                IRQ0_Handler
                0x08000432                IRQ173_Handler
                0x08000432                IRQ138_Handler
                0x08000432                IRQ5_Handler
                0x08000432                IRQ176_Handler
                0x08000432                IRQ35_Handler
                0x08000432                IRQ73_Handler
                0x08000432                IRQ151_Handler
                0x08000432                IRQ116_Handler
                0x08000432                IRQ208_Handler
                0x08000432                IRQ150_Handler
                0x08000432                IRQ115_Handler
                0x08000432                IRQ53_Handler
                0x08000432                IRQ94_Handler
                0x08000432                IRQ90_Handler
                0x08000432                IRQ16_Handler
                0x08000432                IRQ4_Handler
                0x08000432                IRQ152_Handler
                0x08000432                IRQ117_Handler
                0x08000432                IRQ25_Handler
                0x08000432                IRQ75_Handler
                0x08000432                IRQ23_Handler
                0x08000432                IRQ45_Handler
                0x08000432                IRQ72_Handler
                0x08000432                IRQ60_Handler
                0x08000432                IRQ175_Handler
                0x08000432                IRQ70_Handler
                0x08000432                IRQ221_Handler
                0x08000432                IRQ190_Handler
                0x08000432                IRQ155_Handler
                0x08000432                IRQ71_Handler
                0x08000432                IRQ46_Handler
                0x08000432                IRQ212_Handler
                0x08000432                IRQ219_Handler
                0x08000432                IRQ95_Handler
                0x08000432                IRQ78_Handler
                0x08000432                IRQ185_Handler
                0x08000432                IRQ148_Handler
                0x08000432                IRQ133_Handler
                0x08000432                IRQ22_Handler
                0x08000432                IRQ163_Handler
                0x08000432                IRQ126_Handler
                0x08000432                IRQ80_Handler
                0x08000432                IRQ49_Handler
                0x08000432                IRQ29_Handler
                0x08000432                IRQ232_Handler
                0x08000432                IRQ20_Handler
                0x08000432                IRQ199_Handler
                0x08000432                IRQ122_Handler
                0x08000432                IRQ48_Handler
                0x08000432                IRQ121_Handler
                0x08000432                IRQ81_Handler
                0x08000432                IRQ194_Handler
                0x08000432                IRQ159_Handler
                0x08000432                IRQ74_Handler
                0x08000432                IRQ58_Handler
                0x08000432                IRQ13_Handler
                0x08000432                IRQ87_Handler
                0x08000432                IRQ67_Handler
                0x08000432                IRQ200_Handler
                0x08000432                IRQ239_Handler
                0x08000432                IRQ204_Handler
                0x08000432                IRQ130_Handler
                0x08000432                IRQ111_Handler
                0x08000432                IRQ134_Handler
                0x08000432                IRQ166_Handler
                0x08000432                IRQ129_Handler
                0x08000432                IRQ54_Handler
                0x08000432                IRQ222_Handler
                0x08000432                IRQ233_Handler
                0x08000432                IRQ142_Handler
                0x08000432                IRQ105_Handler
                0x08000432                IRQ140_Handler
                0x08000432                IRQ103_Handler
                0x08000432                IRQ30_Handler
                0x08000432                IRQ84_Handler
                0x08000432                IRQ21_Handler
                0x08000432                IRQ195_Handler
                0x08000432                IRQ225_Handler
                0x08000432                IRQ177_Handler
                0x08000432                IRQ89_Handler
                0x08000432                IRQ223_Handler
                0x08000432                IRQ201_Handler
                0x08000432                IRQ36_Handler
                0x08000432                IRQ31_Handler
                0x08000432                IRQ28_Handler
                0x08000432                IRQ44_Handler
                0x08000432                IRQ52_Handler
                0x08000432                IRQ63_Handler
                0x08000432                IRQ184_Handler
                0x08000432                IRQ147_Handler
                0x08000432                IRQ205_Handler
                0x08000432                IRQ167_Handler
                0x08000432                IRQ215_Handler
                0x08000432                IRQ79_Handler
                0x08000432                IRQ2_Handler
                0x08000432                IRQ168_Handler
                0x08000432                IRQ96_Handler
                0x08000432                IRQ99_Handler
                0x08000432                IRQ55_Handler
                0x08000432                IRQ10_Handler
                0x08000432                IRQ85_Handler
                0x08000432                IRQ211_Handler
                0x08000432                IRQ203_Handler
                0x08000432                IRQ187_Handler
                0x08000432                IRQ153_Handler
                0x08000432                IRQ118_Handler
                0x08000432                IRQ216_Handler
                0x08000432                IRQ189_Handler
                0x08000432                IRQ76_Handler
                0x08000432                IRQ83_Handler
                0x08000432                IRQ162_Handler
                0x08000432                IRQ125_Handler
                0x08000432                IRQ234_Handler
                0x08000432                IRQ220_Handler
                0x08000432                IRQ102_Handler
                0x08000432                IRQ169_Handler
                0x08000432                IRQ181_Handler
                0x08000432                IRQ144_Handler
                0x08000432                IRQ107_Handler
                0x08000432                IRQ112_Handler
                0x08000432                IRQ32_Handler
                0x08000432                IRQ24_Handler
                0x08000432                IRQ64_Handler
                0x08000432                IRQ179_Handler
                0x08000432                IRQ33_Handler
                0x08000432                IRQ82_Handler
                0x08000432                IRQ198_Handler
                0x08000432                IRQ180_Handler
                0x08000432                IRQ143_Handler
                0x08000432                IRQ106_Handler
                0x08000432                IRQ238_Handler
                0x08000432                IRQ42_Handler
                0x08000432                IRQ1_Handler
                0x08000432                IRQ165_Handler
                0x08000432                IRQ128_Handler
                0x08000432                IRQ37_Handler
                0x08000432                IRQ161_Handler
                0x08000432                IRQ124_Handler
                0x08000432                IRQ171_Handler
                0x08000432                IRQ136_Handler
                0x08000432                IRQ88_Handler
                0x08000432                IRQ160_Handler
                0x08000432                IRQ123_Handler
                0x08000432                IRQ192_Handler
                0x08000432                IRQ157_Handler
                0x08000432                IRQ93_Handler
                0x08000432                IRQ19_Handler
                0x08000432                IRQ226_Handler
                0x08000432                IRQ61_Handler
                0x08000432                IRQ235_Handler
                0x08000432                IRQ131_Handler
                0x08000432                IRQ206_Handler
                0x08000432                IRQ141_Handler
                0x08000432                IRQ104_Handler
                0x08000432                IRQ101_Handler
                0x08000432                IRQ224_Handler
                0x08000432                IRQ6_Handler
                0x08000432                IRQ231_Handler
                0x08000432                IRQ15_Handler
                0x08000432                IRQ92_Handler
                0x08000432                IRQ18_Handler
                0x08000432                IRQ218_Handler
                0x08000432                IRQ236_Handler
                0x08000432                IRQ47_Handler
                0x08000432                IRQ230_Handler
                0x08000432                IRQ183_Handler
                0x08000432                IRQ146_Handler
                0x08000432                IRQ109_Handler
                0x08000432                IRQ237_Handler
                0x08000432                IRQ56_Handler
                0x08000432                IRQ11_Handler
                0x08000432                IRQ202_Handler
                0x08000432                IRQ229_Handler
                0x08000432                IRQ34_Handler
                0x08000432                IRQ197_Handler
                0x08000432                IRQ154_Handler
                0x08000432                IRQ119_Handler
                0x08000432                IRQ62_Handler
                0x08000432                IRQ172_Handler
                0x08000432                IRQ137_Handler
                0x08000432                IRQ40_Handler
                0x08000432                IRQ110_Handler
                0x08000432                IRQ188_Handler
                0x08000432                IRQ227_Handler
                0x08000432                IRQ59_Handler
                0x08000432                IRQ14_Handler
                0x08000432                IRQ66_Handler
                0x08000432                IRQ77_Handler
                0x08000432                IRQ50_Handler
                0x08000432                IRQ213_Handler
                0x08000432                IRQ217_Handler
                0x08000432                IRQ164_Handler
                0x08000432                IRQ127_Handler
                0x08000432                IRQ9_Handler
                0x08000432                IRQ39_Handler
                0x08000432                IRQ7_Handler
                0x08000432                IRQ97_Handler
                0x08000432                IRQ57_Handler
                0x08000432                IRQ12_Handler
                0x08000432                IRQ68_Handler
                0x08000432                IRQ98_Handler
                0x08000432                IRQ8_Handler
                0x08000432                IRQ196_Handler
                0x08000432                IRQ38_Handler
                0x08000432                IRQ207_Handler
                0x08000432                IRQ3_Handler
                0x08000432                IRQ41_Handler
                0x08000432                IRQ114_Handler
                0x08000432                IRQ193_Handler
                0x08000432                IRQ158_Handler
                0x08000432                IRQ27_Handler
                0x08000432                IRQ209_Handler
                0x08000432                IRQ65_Handler
                0x08000432                IRQ51_Handler
                0x08000432                IRQ186_Handler
                0x08000432                IRQ149_Handler
                0x08000432                IRQ26_Handler
                0x08000432                IRQ91_Handler
                0x08000432                IRQ17_Handler
                0x08000432                IRQ228_Handler
                0x08000432                IRQ178_Handler
                0x08000432                IRQ170_Handler
                0x08000432                IRQ135_Handler
                0x08000432                IRQ69_Handler
                0x08000432                IRQ100_Handler
                0x08000432                IRQ86_Handler
                0x08000432                IRQ120_Handler
                0x08000432                IRQ43_Handler
                0x08000432                IRQ214_Handler
                0x0800045e                __RME_Disable_Int
                0x08000462                __RME_Enable_Int
                0x08000466                __RME_CMX_Wait_Int
                0x0800046a                _RME_Kmain
                0x08000472                __RME_CMX_MSB_Get
                0x08000480                __RME_Enter_User_Mode
                0x08000500                ___RME_CMX_Thd_Cop_Save
                0x08000508                ___RME_CMX_Thd_Cop_Restore
                0x08000510                ___RME_CMX_MPU_Set
 *(.text .text.*)
 .text.__RME_Pgtbl_Walk.part.0
                0x08000554       0xac ./Platform/rme_platform_cmx.o
 .text.___RME_Pgtbl_MPU_Update
                0x08000600      0x564 ./Platform/rme_platform_cmx.o
 .text.__RME_CMX_Comp_Swap
                0x08000b64       0x10 ./Platform/rme_platform_cmx.o
                0x08000b64                __RME_CMX_Comp_Swap
 .text.__RME_CMX_Fetch_Add
                0x08000b74        0xc ./Platform/rme_platform_cmx.o
                0x08000b74                __RME_CMX_Fetch_Add
 .text.__RME_CMX_Fetch_And
                0x08000b80        0xc ./Platform/rme_platform_cmx.o
                0x08000b80                __RME_CMX_Fetch_And
 .text.__RME_Putchar
                0x08000b8c       0x2c ./Platform/rme_platform_cmx.o
                0x08000b8c                __RME_Putchar
 .text.__RME_Low_Level_Init
                0x08000bb8      0x2d0 ./Platform/rme_platform_cmx.o
                0x08000bb8                __RME_Low_Level_Init
 .text.startup.main
                0x08000e88       0x10 ./Platform/rme_platform_cmx.o
                0x08000e88                main
 .text.__RME_Boot
                0x08000e98      0x54c ./Platform/rme_platform_cmx.o
                0x08000e98                __RME_Boot
 .text.__RME_Reboot
                0x080013e4       0x58 ./Platform/rme_platform_cmx.o
                0x080013e4                __RME_Reboot
 .text.__RME_Get_Syscall_Param
                0x0800143c       0x1c ./Platform/rme_platform_cmx.o
                0x0800143c                __RME_Get_Syscall_Param
 .text.__RME_Set_Syscall_Retval
                0x08001458        0x4 ./Platform/rme_platform_cmx.o
                0x08001458                __RME_Set_Syscall_Retval
 .text.__RME_Thd_Reg_Init
                0x0800145c       0x14 ./Platform/rme_platform_cmx.o
                0x0800145c                __RME_Thd_Reg_Init
 .text.__RME_Thd_Reg_Copy
                0x08001470       0x2c ./Platform/rme_platform_cmx.o
                0x08001470                __RME_Thd_Reg_Copy
 .text.__RME_Thd_Cop_Init
                0x0800149c        0x4 ./Platform/rme_platform_cmx.o
                0x0800149c                __RME_Thd_Cop_Init
 .text.__RME_Thd_Cop_Save
                0x080014a0        0x4 ./Platform/rme_platform_cmx.o
                0x080014a0                __RME_Thd_Cop_Save
 .text.__RME_Thd_Cop_Restore
                0x080014a4        0x4 ./Platform/rme_platform_cmx.o
                0x080014a4                __RME_Thd_Cop_Restore
 .text.__RME_Inv_Reg_Save
                0x080014a8        0xc ./Platform/rme_platform_cmx.o
                0x080014a8                __RME_Inv_Reg_Save
 .text.__RME_Inv_Reg_Restore
                0x080014b4        0xc ./Platform/rme_platform_cmx.o
                0x080014b4                __RME_Inv_Reg_Restore
 .text.__RME_Set_Inv_Retval
                0x080014c0        0x4 ./Platform/rme_platform_cmx.o
                0x080014c0                __RME_Set_Inv_Retval
 .text.__RME_Kern_Func_Handler
                0x080014c4       0xbc ./Platform/rme_platform_cmx.o
                0x080014c4                __RME_Kern_Func_Handler
 .text.__RME_Pgtbl_Set
                0x08001580        0x8 ./Platform/rme_platform_cmx.o
                0x08001580                __RME_Pgtbl_Set
 .text.__RME_CMX_Fault_Handler
                0x08001588      0x1e8 ./Platform/rme_platform_cmx.o
                0x08001588                __RME_CMX_Fault_Handler
 .text.__RME_CMX_Generic_Handler
                0x08001770       0x64 ./Platform/rme_platform_cmx.o
                0x08001770                __RME_CMX_Generic_Handler
 .text.__RME_Pgtbl_Kmem_Init
                0x080017d4        0x4 ./Platform/rme_platform_cmx.o
                0x080017d4                __RME_Pgtbl_Kmem_Init
 .text.__RME_Pgtbl_Check
                0x080017d8       0x20 ./Platform/rme_platform_cmx.o
                0x080017d8                __RME_Pgtbl_Check
 .text.__RME_Pgtbl_Init
                0x080017f8       0x80 ./Platform/rme_platform_cmx.o
                0x080017f8                __RME_Pgtbl_Init
 .text.__RME_Pgtbl_Del_Check
                0x08001878       0x18 ./Platform/rme_platform_cmx.o
                0x08001878                __RME_Pgtbl_Del_Check
 .text.__RME_Pgtbl_Page_Map
                0x08001890       0x80 ./Platform/rme_platform_cmx.o
                0x08001890                __RME_Pgtbl_Page_Map
 .text.__RME_Pgtbl_Page_Unmap
                0x08001910       0x60 ./Platform/rme_platform_cmx.o
                0x08001910                __RME_Pgtbl_Page_Unmap
 .text.__RME_Pgtbl_Pgdir_Map
                0x08001970       0x84 ./Platform/rme_platform_cmx.o
                0x08001970                __RME_Pgtbl_Pgdir_Map
 .text.__RME_Pgtbl_Pgdir_Unmap
                0x080019f4      0x1b0 ./Platform/rme_platform_cmx.o
                0x080019f4                __RME_Pgtbl_Pgdir_Unmap
 .text.__RME_Pgtbl_Lookup
                0x08001ba4       0x44 ./Platform/rme_platform_cmx.o
                0x08001ba4                __RME_Pgtbl_Lookup
 .text.HAL_InitTick
                0x08001be8       0x48 ./Lib/stm32f7xx_hal.o
                0x08001be8                HAL_InitTick
 .text.HAL_GetTick
                0x08001c30        0xc ./Lib/stm32f7xx_hal.o
                0x08001c30                HAL_GetTick
 .text.HAL_NVIC_SetPriority
                0x08001c3c       0x74 ./Lib/stm32f7xx_hal_cortex.o
                0x08001c3c                HAL_NVIC_SetPriority
 .text.HAL_SYSTICK_Config
                0x08001cb0       0x30 ./Lib/stm32f7xx_hal_cortex.o
                0x08001cb0                HAL_SYSTICK_Config
 .text.HAL_GPIO_Init
                0x08001ce0      0x220 ./Lib/stm32f7xx_hal_gpio.o
                0x08001ce0                HAL_GPIO_Init
 .text.HAL_PWREx_EnableOverDrive
                0x08001f00       0x78 ./Lib/stm32f7xx_hal_pwr_ex.o
                0x08001f00                HAL_PWREx_EnableOverDrive
 .text.HAL_RCC_OscConfig
                0x08001f78      0x3ac ./Lib/stm32f7xx_hal_rcc.o
                0x08001f78                HAL_RCC_OscConfig
 .text.HAL_RCC_ClockConfig
                0x08002324      0x1a0 ./Lib/stm32f7xx_hal_rcc.o
                0x08002324                HAL_RCC_ClockConfig
 .text.HAL_RCC_GetSysClockFreq
                0x080024c4       0x68 ./Lib/stm32f7xx_hal_rcc.o
                0x080024c4                HAL_RCC_GetSysClockFreq
 .text.HAL_RCC_GetPCLK1Freq
                0x0800252c       0x20 ./Lib/stm32f7xx_hal_rcc.o
                0x0800252c                HAL_RCC_GetPCLK1Freq
 .text.HAL_RCC_GetPCLK2Freq
                0x0800254c       0x20 ./Lib/stm32f7xx_hal_rcc.o
                0x0800254c                HAL_RCC_GetPCLK2Freq
 .text.HAL_UART_MspInit
                0x0800256c        0x4 ./Lib/stm32f7xx_hal_uart.o
                0x0800256c                HAL_UART_MspInit
 .text.UART_AdvFeatureConfig
                0x08002570       0xbc ./Lib/stm32f7xx_hal_uart.o
                0x08002570                UART_AdvFeatureConfig
 .text.HAL_UART_Init
                0x0800262c      0x3b8 ./Lib/stm32f7xx_hal_uart.o
                0x0800262c                HAL_UART_Init
 .text.SystemInit
                0x080029e4       0x50 ./Lib/system_stm32f7xx.o
                0x080029e4                SystemInit
 .text._RME_Captbl_Boot_Init
                0x08002a34       0x54 ./Kernel/rme_captbl.o
                0x08002a34                _RME_Captbl_Boot_Init
 .text._RME_Captbl_Crt
                0x08002a88      0x174 ./Kernel/rme_captbl.o
                0x08002a88                _RME_Captbl_Crt
 .text._RME_Captbl_Del
                0x08002bfc      0x144 ./Kernel/rme_captbl.o
                0x08002bfc                _RME_Captbl_Del
 .text._RME_Captbl_Frz
                0x08002d40       0xb4 ./Kernel/rme_captbl.o
                0x08002d40                _RME_Captbl_Frz
 .text._RME_Captbl_Add
                0x08002df4      0x220 ./Kernel/rme_captbl.o
                0x08002df4                _RME_Captbl_Add
 .text._RME_Captbl_Rem
                0x08003014       0xb8 ./Kernel/rme_captbl.o
                0x08003014                _RME_Captbl_Rem
 .text._RME_Clear
                0x080030cc       0xa4 ./Kernel/rme_kernel.o
                0x080030cc                _RME_Clear
 .text._RME_Kern_Boot_Crt
                0x08003170       0xb0 ./Kernel/rme_kernel.o
                0x08003170                _RME_Kern_Boot_Crt
 .text._RME_Kern_Act
                0x08003220       0x98 ./Kernel/rme_kernel.o
                0x08003220                _RME_Kern_Act
 .text._RME_Kmem_Boot_Crt
                0x080032b8      0x200 ./Kernel/rme_kernel.o
                0x080032b8                _RME_Kmem_Boot_Crt
 .text._RME_Svc_Handler
                0x080034b8      0x314 ./Kernel/rme_kernel.o
                0x080034b8                _RME_Svc_Handler
 .text._RME_Tick_Handler
                0x080037cc       0x54 ./Kernel/rme_kernel.o
                0x080037cc                _RME_Tick_Handler
 .text.RME_Kmain
                0x08003820       0x2c ./Kernel/rme_kernel.o
                0x08003820                RME_Kmain
 .text.RME_Print_Int
                0x0800384c       0xcc ./Kernel/rme_kernel.o
                0x0800384c                RME_Print_Int
 .text.RME_Print_String
                0x08003918       0x20 ./Kernel/rme_kernel.o
                0x08003918                RME_Print_String
 .text._RME_Kotbl_Init
                0x08003938       0x34 ./Kernel/rme_kotbl.o
                0x08003938                _RME_Kotbl_Init
 .text._RME_Kotbl_Mark
                0x0800396c      0x11c ./Kernel/rme_kotbl.o
                0x0800396c                _RME_Kotbl_Mark
 .text._RME_Kotbl_Erase
                0x08003a88      0x108 ./Kernel/rme_kotbl.o
                0x08003a88                _RME_Kotbl_Erase
 .text._RME_Pgtbl_Boot_Crt
                0x08003b90      0x240 ./Kernel/rme_pgtbl.o
                0x08003b90                _RME_Pgtbl_Boot_Crt
 .text._RME_Pgtbl_Boot_Add
                0x08003dd0       0xa8 ./Kernel/rme_pgtbl.o
                0x08003dd0                _RME_Pgtbl_Boot_Add
 .text._RME_Pgtbl_Crt
                0x08003e78      0x2e8 ./Kernel/rme_pgtbl.o
                0x08003e78                _RME_Pgtbl_Crt
 .text._RME_Pgtbl_Del
                0x08004160      0x14c ./Kernel/rme_pgtbl.o
                0x08004160                _RME_Pgtbl_Del
 .text._RME_Pgtbl_Add
                0x080042ac      0x184 ./Kernel/rme_pgtbl.o
                0x080042ac                _RME_Pgtbl_Add
 .text._RME_Pgtbl_Rem
                0x08004430       0x9c ./Kernel/rme_pgtbl.o
                0x08004430                _RME_Pgtbl_Rem
 .text._RME_Pgtbl_Con
                0x080044cc      0x124 ./Kernel/rme_pgtbl.o
                0x080044cc                _RME_Pgtbl_Con
 .text._RME_Pgtbl_Des
                0x080045f0       0x9c ./Kernel/rme_pgtbl.o
                0x080045f0                _RME_Pgtbl_Des
 .text._RME_CPU_Local_Init
                0x0800468c       0x30 ./Kernel/rme_prcthd.o
                0x0800468c                _RME_CPU_Local_Init
 .text.__RME_List_Del
                0x080046bc        0x8 ./Kernel/rme_prcthd.o
                0x080046bc                __RME_List_Del
 .text.__RME_List_Ins
                0x080046c4        0xc ./Kernel/rme_prcthd.o
                0x080046c4                __RME_List_Ins
 .text.__RME_Thd_Fatal
                0x080046d0      0x12c ./Kernel/rme_prcthd.o
                0x080046d0                __RME_Thd_Fatal
 .text._RME_Run_Ins
                0x080047fc       0x8c ./Kernel/rme_prcthd.o
                0x080047fc                _RME_Run_Ins
 .text._RME_Run_Del
                0x08004888       0x94 ./Kernel/rme_prcthd.o
                0x08004888                _RME_Run_Del
 .text._RME_Run_High
                0x0800491c       0x68 ./Kernel/rme_prcthd.o
                0x0800491c                _RME_Run_High
 .text._RME_Run_Notif
                0x08004984       0x2c ./Kernel/rme_prcthd.o
                0x08004984                _RME_Run_Notif
 .text._RME_Run_Swt
                0x080049b0       0x7c ./Kernel/rme_prcthd.o
                0x080049b0                _RME_Run_Swt
 .text._RME_Proc_Boot_Crt
                0x08004a2c      0x2dc ./Kernel/rme_prcthd.o
                0x08004a2c                _RME_Proc_Boot_Crt
 .text._RME_Proc_Crt
                0x08004d08      0x35c ./Kernel/rme_prcthd.o
                0x08004d08                _RME_Proc_Crt
 .text._RME_Proc_Del
                0x08005064      0x140 ./Kernel/rme_prcthd.o
                0x08005064                _RME_Proc_Del
 .text._RME_Proc_Cpt
                0x080051a4      0x110 ./Kernel/rme_prcthd.o
                0x080051a4                _RME_Proc_Cpt
 .text._RME_Proc_Pgt
                0x080052b4      0x110 ./Kernel/rme_prcthd.o
                0x080052b4                _RME_Proc_Pgt
 .text._RME_Thd_Boot_Crt
                0x080053c4      0x25c ./Kernel/rme_prcthd.o
                0x080053c4                _RME_Thd_Boot_Crt
 .text._RME_Thd_Crt
                0x08005620      0x238 ./Kernel/rme_prcthd.o
                0x08005620                _RME_Thd_Crt
 .text._RME_Thd_Del
                0x08005858      0x15c ./Kernel/rme_prcthd.o
                0x08005858                _RME_Thd_Del
 .text._RME_Thd_Exec_Set
                0x080059b4       0xb4 ./Kernel/rme_prcthd.o
                0x080059b4                _RME_Thd_Exec_Set
 .text._RME_Thd_Hyp_Set
                0x08005a68       0xc4 ./Kernel/rme_prcthd.o
                0x08005a68                _RME_Thd_Hyp_Set
 .text._RME_Thd_Sched_Bind
                0x08005b2c      0x194 ./Kernel/rme_prcthd.o
                0x08005b2c                _RME_Thd_Sched_Bind
 .text._RME_Thd_Sched_Prio
                0x08005cc0      0x2ac ./Kernel/rme_prcthd.o
                0x08005cc0                _RME_Thd_Sched_Prio
 .text._RME_Thd_Sched_Free
                0x08005f6c      0x2d8 ./Kernel/rme_prcthd.o
                0x08005f6c                _RME_Thd_Sched_Free
 .text._RME_Thd_Sched_Rcv
                0x08006244       0xa8 ./Kernel/rme_prcthd.o
                0x08006244                _RME_Thd_Sched_Rcv
 .text._RME_Thd_Time_Xfer
                0x080062ec      0x2c4 ./Kernel/rme_prcthd.o
                0x080062ec                _RME_Thd_Time_Xfer
 .text._RME_Thd_Swt
                0x080065b0      0x4bc ./Kernel/rme_prcthd.o
                0x080065b0                _RME_Thd_Swt
 .text._RME_Sig_Boot_Crt
                0x08006a6c       0xc4 ./Kernel/rme_siginv.o
                0x08006a6c                _RME_Sig_Boot_Crt
 .text._RME_Sig_Crt
                0x08006b30      0x154 ./Kernel/rme_siginv.o
                0x08006b30                _RME_Sig_Crt
 .text._RME_Sig_Del
                0x08006c84      0x13c ./Kernel/rme_siginv.o
                0x08006c84                _RME_Sig_Del
 .text._RME_Kern_High
                0x08006dc0       0x94 ./Kernel/rme_siginv.o
                0x08006dc0                _RME_Kern_High
 .text._RME_Kern_Snd
                0x08006e54       0x64 ./Kernel/rme_siginv.o
                0x08006e54                _RME_Kern_Snd
 .text._RME_Sig_Snd
                0x08006eb8       0xf4 ./Kernel/rme_siginv.o
                0x08006eb8                _RME_Sig_Snd
 .text._RME_Sig_Rcv
                0x08006fac      0x1c8 ./Kernel/rme_siginv.o
                0x08006fac                _RME_Sig_Rcv
 .text._RME_Inv_Crt
                0x08007174      0x1d4 ./Kernel/rme_siginv.o
                0x08007174                _RME_Inv_Crt
 .text._RME_Inv_Del
                0x08007348      0x134 ./Kernel/rme_siginv.o
                0x08007348                _RME_Inv_Del
 .text._RME_Inv_Set
                0x0800747c       0x80 ./Kernel/rme_siginv.o
                0x0800747c                _RME_Inv_Set
 .text._RME_Inv_Act
                0x080074fc       0xe0 ./Kernel/rme_siginv.o
                0x080074fc                _RME_Inv_Act
 .text._RME_Inv_Ret
                0x080075dc       0xc4 ./Kernel/rme_siginv.o
                0x080075dc                _RME_Inv_Ret
 .text          0x080076a0       0x30 /home/pry/eclipse/gcc-arm-none-eabi-5_4-2016q3/bin/../lib/gcc/arm-none-eabi/5.4.1/armv7e-m/softfp/libgcc.a(_aeabi_uldivmod.o)
                0x080076a0                __aeabi_uldivmod
 .text          0x080076d0      0x2e4 /home/pry/eclipse/gcc-arm-none-eabi-5_4-2016q3/bin/../lib/gcc/arm-none-eabi/5.4.1/armv7e-m/softfp/libgcc.a(_udivmoddi4.o)
                0x080076d0                __udivmoddi4
 .text          0x080079b4        0x4 /home/pry/eclipse/gcc-arm-none-eabi-5_4-2016q3/bin/../lib/gcc/arm-none-eabi/5.4.1/armv7e-m/softfp/libgcc.a(_dvmd_tls.o)
                0x080079b4                __aeabi_ldiv0
                0x080079b4                __aeabi_idiv0
 *(.rodata .rodata.* .constdata .constdata.*)
 .rodata.str1.4
                0x080079b8       0xb9 ./Platform/rme_platform_cmx.o
 *fill*         0x08007a71        0x3 
 .rodata.CSWTCH.38
                0x08007a74        0x4 ./Lib/stm32f7xx_hal_uart.o
 .rodata.CSWTCH.39
                0x08007a78        0xd ./Lib/stm32f7xx_hal_uart.o
 *fill*         0x08007a85        0x3 
 .rodata.AHBPrescTable
                0x08007a88       0x10 ./Lib/system_stm32f7xx.o
                0x08007a88                AHBPrescTable
 .rodata.APBPrescTable
                0x08007a98        0x8 ./Lib/system_stm32f7xx.o
                0x08007a98                APBPrescTable
 .rodata.str1.4
                0x08007aa0       0x55 ./Kernel/rme_captbl.o
                                 0xa9 (size before relaxing)
 *fill*         0x08007af5        0x3 
 .rodata.str1.4
                0x08007af8       0x61 ./Kernel/rme_kernel.o
                                 0xa9 (size before relaxing)
 *fill*         0x08007b59        0x3 
 .rodata.str1.4
                0x08007b5c       0x54 ./Kernel/rme_pgtbl.o
                                 0xa5 (size before relaxing)
 .rodata.str1.4
                0x08007bb0       0x61 ./Kernel/rme_prcthd.o
                                 0xa9 (size before relaxing)
 *fill*         0x08007c11        0x3 
 .rodata.str1.4
                0x08007c14       0x58 ./Kernel/rme_siginv.o
                                 0xa9 (size before relaxing)
                0x08008000                _sidata = LOADADDR (.data)

.glue_7         0x08007c6c        0x0
 .glue_7        0x08007c6c        0x0 linker stubs

.glue_7t        0x08007c6c        0x0
 .glue_7t       0x08007c6c        0x0 linker stubs

.vfp11_veneer   0x08007c6c        0x0
 .vfp11_veneer  0x08007c6c        0x0 linker stubs

.v4_bx          0x08007c6c        0x0
 .v4_bx         0x08007c6c        0x0 linker stubs

.iplt           0x08007c6c        0x0
 .iplt          0x08007c6c        0x0 ./User/M7M2_Init.o

.rel.dyn        0x08007c6c        0x0
 .rel.iplt      0x08007c6c        0x0 ./User/M7M2_Init.o

.ARM.exidx      0x08007c6c        0x8
 .ARM.exidx     0x08007c6c        0x8 /home/pry/eclipse/gcc-arm-none-eabi-5_4-2016q3/bin/../lib/gcc/arm-none-eabi/5.4.1/armv7e-m/softfp/libgcc.a(_udivmoddi4.o)

.data           0x20002000        0xc load address 0x08008000
 FILL mask 0xff
                0x20002000                _sdata = .
                0x20002000                __data_start__ = .
 *(.data_begin .data_begin.*)
 *(.data .data.*)
 .data.uwTickPrio
                0x20002000        0x4 ./Lib/stm32f7xx_hal.o
                0x20002000                uwTickPrio
 .data.uwTickFreq
                0x20002004        0x1 ./Lib/stm32f7xx_hal.o
                0x20002004                uwTickFreq
 *fill*         0x20002005        0x3 ff
 .data.SystemCoreClock
                0x20002008        0x4 ./Lib/system_stm32f7xx.o
                0x20002008                SystemCoreClock
 *(.data_end .data_end.*)
                0x2000200c                . = ALIGN (0x4)
                0x2000200c                _edata = .
                0x2000200c                __data_end__ = .

.igot.plt       0x2000200c        0x0 load address 0x0800800c
 .igot.plt      0x2000200c        0x0 ./User/M7M2_Init.o

.bss            0x2000200c      0x2bc load address 0x0800800c
                0x2000200c                __bss_start__ = .
                0x2000200c                _sbss = .
 *(.bss_begin .bss_begin.*)
 *(.bss .bss.*)
 .bss.RME_Kotbl
                0x2000200c      0x1a0 ./Kernel/rme_kotbl.o
 *(COMMON)
 COMMON         0x200021ac      0x114 ./Platform/rme_platform_cmx.o
                0x200021ac                RME_CMX_Local
 COMMON         0x200022c0        0x4 ./Lib/stm32f7xx_hal.o
                0x200022c0                uwTick
 COMMON         0x200022c4        0x4 ./Kernel/rme_kernel.o
                0x200022c4                RME_Timestamp
 *(.bss_end .bss_end.*)
                0x200022c8                . = ALIGN (0x4)
                0x200022c8                __bss_end__ = .
                0x200022c8                _ebss = .

.noinit         0x200022c8        0x0 load address 0x0800800c
                0x200022c8                _noinit = .
 *(.noinit .noinit.*)
                0x200022c8                . = ALIGN (0x4)
                0x200022c8                _end_noinit = .
                [!provide]                PROVIDE (end, _end_noinit)
                [!provide]                PROVIDE (_end, _end_noinit)
                [!provide]                PROVIDE (__end, _end_noinit)
                [!provide]                PROVIDE (__end__, _end_noinit)
LOAD ./User/M7M2_Init.o
LOAD ./User/VM1.o
LOAD ./Platform/rme_platform_cmx.o
LOAD ./Platform/rme_platform_cmx_asm_gcc.o
LOAD ./Lib/stm32f7xx_hal.o
LOAD ./Lib/stm32f7xx_hal_cortex.o
LOAD ./Lib/stm32f7xx_hal_dma.o
LOAD ./Lib/stm32f7xx_hal_dma_ex.o
LOAD ./Lib/stm32f7xx_hal_gpio.o
LOAD ./Lib/stm32f7xx_hal_pwr_ex.o
LOAD ./Lib/stm32f7xx_hal_rcc.o
LOAD ./Lib/stm32f7xx_hal_tim.o
LOAD ./Lib/stm32f7xx_hal_tim_ex.o
LOAD ./Lib/stm32f7xx_hal_uart.o
LOAD ./Lib/system_stm32f7xx.o
LOAD ./Kernel/rme_captbl.o
LOAD ./Kernel/rme_kernel.o
LOAD ./Kernel/rme_kotbl.o
LOAD ./Kernel/rme_pgtbl.o
LOAD ./Kernel/rme_prcthd.o
LOAD ./Kernel/rme_siginv.o
START GROUP
LOAD /home/pry/eclipse/gcc-arm-none-eabi-5_4-2016q3/bin/../lib/gcc/arm-none-eabi/5.4.1/armv7e-m/softfp/libgcc.a
LOAD /home/pry/eclipse/gcc-arm-none-eabi-5_4-2016q3/bin/../lib/gcc/arm-none-eabi/5.4.1/../../../../arm-none-eabi/lib/armv7e-m/softfp/libc.a
END GROUP
OUTPUT(RME elf32-littlearm)

.debug_info     0x00000000    0x13553
 .debug_info    0x00000000       0x58 ./User/M7M2_Init.o
 .debug_info    0x00000058       0x58 ./User/VM1.o
 .debug_info    0x000000b0     0x4aba ./Platform/rme_platform_cmx.o
 .debug_info    0x00004b6a      0xaee ./Lib/stm32f7xx_hal.o
 .debug_info    0x00005658     0x1146 ./Lib/stm32f7xx_hal_cortex.o
 .debug_info    0x0000679e      0x73b ./Lib/stm32f7xx_hal_gpio.o
 .debug_info    0x00006ed9      0x9b0 ./Lib/stm32f7xx_hal_pwr_ex.o
 .debug_info    0x00007889      0xbb9 ./Lib/stm32f7xx_hal_rcc.o
 .debug_info    0x00008442     0x1ff9 ./Lib/stm32f7xx_hal_uart.o
 .debug_info    0x0000a43b      0x6c8 ./Lib/system_stm32f7xx.o
 .debug_info    0x0000ab03      0x90b ./Kernel/rme_captbl.o
 .debug_info    0x0000b40e     0x17c5 ./Kernel/rme_kernel.o
 .debug_info    0x0000cbd3      0x39d ./Kernel/rme_kotbl.o
 .debug_info    0x0000cf70      0xfe3 ./Kernel/rme_pgtbl.o
 .debug_info    0x0000df53     0x3f75 ./Kernel/rme_prcthd.o
 .debug_info    0x00011ec8     0x168b ./Kernel/rme_siginv.o

.debug_abbrev   0x00000000     0x22d1
 .debug_abbrev  0x00000000       0x46 ./User/M7M2_Init.o
 .debug_abbrev  0x00000046       0x46 ./User/VM1.o
 .debug_abbrev  0x0000008c      0x4e1 ./Platform/rme_platform_cmx.o
 .debug_abbrev  0x0000056d      0x23a ./Lib/stm32f7xx_hal.o
 .debug_abbrev  0x000007a7      0x31a ./Lib/stm32f7xx_hal_cortex.o
 .debug_abbrev  0x00000ac1      0x1cb ./Lib/stm32f7xx_hal_gpio.o
 .debug_abbrev  0x00000c8c      0x1e1 ./Lib/stm32f7xx_hal_pwr_ex.o
 .debug_abbrev  0x00000e6d      0x2f2 ./Lib/stm32f7xx_hal_rcc.o
 .debug_abbrev  0x0000115f      0x35d ./Lib/stm32f7xx_hal_uart.o
 .debug_abbrev  0x000014bc      0x120 ./Lib/system_stm32f7xx.o
 .debug_abbrev  0x000015dc      0x1a8 ./Kernel/rme_captbl.o
 .debug_abbrev  0x00001784      0x35a ./Kernel/rme_kernel.o
 .debug_abbrev  0x00001ade       0xfe ./Kernel/rme_kotbl.o
 .debug_abbrev  0x00001bdc      0x1b0 ./Kernel/rme_pgtbl.o
 .debug_abbrev  0x00001d8c      0x345 ./Kernel/rme_prcthd.o
 .debug_abbrev  0x000020d1      0x200 ./Kernel/rme_siginv.o

.debug_aranges  0x00000000      0x888
 .debug_aranges
                0x00000000       0x18 ./User/M7M2_Init.o
 .debug_aranges
                0x00000018       0x18 ./User/VM1.o
 .debug_aranges
                0x00000030      0x120 ./Platform/rme_platform_cmx.o
 .debug_aranges
                0x00000150      0x108 ./Lib/stm32f7xx_hal.o
 .debug_aranges
                0x00000258       0xa8 ./Lib/stm32f7xx_hal_cortex.o
 .debug_aranges
                0x00000300       0x58 ./Lib/stm32f7xx_hal_gpio.o
 .debug_aranges
                0x00000358       0x80 ./Lib/stm32f7xx_hal_pwr_ex.o
 .debug_aranges
                0x000003d8       0x88 ./Lib/stm32f7xx_hal_rcc.o
 .debug_aranges
                0x00000460      0x138 ./Lib/stm32f7xx_hal_uart.o
 .debug_aranges
                0x00000598       0x28 ./Lib/system_stm32f7xx.o
 .debug_aranges
                0x000005c0       0x50 ./Kernel/rme_captbl.o
 .debug_aranges
                0x00000610       0x88 ./Kernel/rme_kernel.o
 .debug_aranges
                0x00000698       0x30 ./Kernel/rme_kotbl.o
 .debug_aranges
                0x000006c8       0x60 ./Kernel/rme_pgtbl.o
 .debug_aranges
                0x00000728       0xe8 ./Kernel/rme_prcthd.o
 .debug_aranges
                0x00000810       0x78 ./Kernel/rme_siginv.o

.debug_macro    0x00000000    0x3086d
 .debug_macro   0x00000000       0x11 ./User/M7M2_Init.o
 .debug_macro   0x00000011      0x886 ./User/M7M2_Init.o
 .debug_macro   0x00000897       0x11 ./User/VM1.o
 .debug_macro   0x000008a8      0x5cc ./Platform/rme_platform_cmx.o
 .debug_macro   0x00000e74      0x106 ./Platform/rme_platform_cmx.o
 .debug_macro   0x00000f7a      0x5b8 ./Platform/rme_platform_cmx.o
 .debug_macro   0x00001532       0x22 ./Platform/rme_platform_cmx.o
 .debug_macro   0x00001554       0x28 ./Platform/rme_platform_cmx.o
 .debug_macro   0x0000157c       0xe4 ./Platform/rme_platform_cmx.o
 .debug_macro   0x00001660       0x58 ./Platform/rme_platform_cmx.o
 .debug_macro   0x000016b8       0x64 ./Platform/rme_platform_cmx.o
 .debug_macro   0x0000171c       0x22 ./Platform/rme_platform_cmx.o
 .debug_macro   0x0000173e       0xb8 ./Platform/rme_platform_cmx.o
 .debug_macro   0x000017f6       0x2e ./Platform/rme_platform_cmx.o
 .debug_macro   0x00001824       0x3b ./Platform/rme_platform_cmx.o
 .debug_macro   0x0000185f      0x34e ./Platform/rme_platform_cmx.o
 .debug_macro   0x00001bad       0x35 ./Platform/rme_platform_cmx.o
 .debug_macro   0x00001be2       0x50 ./Platform/rme_platform_cmx.o
 .debug_macro   0x00001c32     0x1114 ./Platform/rme_platform_cmx.o
 .debug_macro   0x00002d46    0x19f38 ./Platform/rme_platform_cmx.o
 .debug_macro   0x0001cc7e       0x43 ./Platform/rme_platform_cmx.o
 .debug_macro   0x0001ccc1      0x252 ./Platform/rme_platform_cmx.o
 .debug_macro   0x0001cf13     0x35cf ./Platform/rme_platform_cmx.o
 .debug_macro   0x000204e2       0x22 ./Platform/rme_platform_cmx.o
 .debug_macro   0x00020504       0x4c ./Platform/rme_platform_cmx.o
 .debug_macro   0x00020550       0x8d ./Platform/rme_platform_cmx.o
 .debug_macro   0x000205dd       0x35 ./Platform/rme_platform_cmx.o
 .debug_macro   0x00020612       0x9c ./Platform/rme_platform_cmx.o
 .debug_macro   0x000206ae       0x16 ./Platform/rme_platform_cmx.o
 .debug_macro   0x000206c4       0x4a ./Platform/rme_platform_cmx.o
 .debug_macro   0x0002070e       0x97 ./Platform/rme_platform_cmx.o
 .debug_macro   0x000207a5      0x30d ./Platform/rme_platform_cmx.o
 .debug_macro   0x00020ab2       0xfd ./Platform/rme_platform_cmx.o
 .debug_macro   0x00020baf       0x10 ./Platform/rme_platform_cmx.o
 .debug_macro   0x00020bbf       0x52 ./Platform/rme_platform_cmx.o
 .debug_macro   0x00020c11       0x1f ./Platform/rme_platform_cmx.o
 .debug_macro   0x00020c30       0x43 ./Platform/rme_platform_cmx.o
 .debug_macro   0x00020c73       0x20 ./Platform/rme_platform_cmx.o
 .debug_macro   0x00020c93      0x187 ./Platform/rme_platform_cmx.o
 .debug_macro   0x00020e1a       0x10 ./Platform/rme_platform_cmx.o
 .debug_macro   0x00020e2a       0x5e ./Platform/rme_platform_cmx.o
 .debug_macro   0x00020e88       0x1c ./Platform/rme_platform_cmx.o
 .debug_macro   0x00020ea4       0x52 ./Platform/rme_platform_cmx.o
 .debug_macro   0x00020ef6       0x40 ./Platform/rme_platform_cmx.o
 .debug_macro   0x00020f36       0x10 ./Platform/rme_platform_cmx.o
 .debug_macro   0x00020f46       0x40 ./Platform/rme_platform_cmx.o
 .debug_macro   0x00020f86       0xd7 ./Platform/rme_platform_cmx.o
 .debug_macro   0x0002105d       0x16 ./Platform/rme_platform_cmx.o
 .debug_macro   0x00021073      0x18b ./Platform/rme_platform_cmx.o
 .debug_macro   0x000211fe       0x5e ./Platform/rme_platform_cmx.o
 .debug_macro   0x0002125c     0x1add ./Platform/rme_platform_cmx.o
 .debug_macro   0x00022d39      0x6ca ./Platform/rme_platform_cmx.o
 .debug_macro   0x00023403      0x11e ./Platform/rme_platform_cmx.o
 .debug_macro   0x00023521      0x277 ./Platform/rme_platform_cmx.o
 .debug_macro   0x00023798       0x27 ./Platform/rme_platform_cmx.o
 .debug_macro   0x000237bf      0x24f ./Platform/rme_platform_cmx.o
 .debug_macro   0x00023a0e       0x71 ./Platform/rme_platform_cmx.o
 .debug_macro   0x00023a7f       0x58 ./Platform/rme_platform_cmx.o
 .debug_macro   0x00023ad7      0x23a ./Platform/rme_platform_cmx.o
 .debug_macro   0x00023d11      0x408 ./Platform/rme_platform_cmx.o
 .debug_macro   0x00024119      0x161 ./Platform/rme_platform_cmx.o
 .debug_macro   0x0002427a      0x100 ./Platform/rme_platform_cmx.o
 .debug_macro   0x0002437a      0x3f3 ./Platform/rme_platform_cmx.o
 .debug_macro   0x0002476d      0x2e2 ./Platform/rme_platform_cmx.o
 .debug_macro   0x00024a4f       0xab ./Platform/rme_platform_cmx.o
 .debug_macro   0x00024afa       0x4c ./Platform/rme_platform_cmx.o
 .debug_macro   0x00024b46       0x2e ./Platform/rme_platform_cmx.o
 .debug_macro   0x00024b74      0x22b ./Platform/rme_platform_cmx.o
 .debug_macro   0x00024d9f       0xe5 ./Platform/rme_platform_cmx.o
 .debug_macro   0x00024e84       0xa1 ./Platform/rme_platform_cmx.o
 .debug_macro   0x00024f25       0x3c ./Platform/rme_platform_cmx.o
 .debug_macro   0x00024f61      0x22c ./Platform/rme_platform_cmx.o
 .debug_macro   0x0002518d      0xcd5 ./Platform/rme_platform_cmx.o
 .debug_macro   0x00025e62      0x156 ./Platform/rme_platform_cmx.o
 .debug_macro   0x00025fb8      0x3de ./Platform/rme_platform_cmx.o
 .debug_macro   0x00026396       0x12 ./Platform/rme_platform_cmx.o
 .debug_macro   0x000263a8      0x516 ./Platform/rme_platform_cmx.o
 .debug_macro   0x000268be       0x88 ./Platform/rme_platform_cmx.o
 .debug_macro   0x00026946       0xe3 ./Platform/rme_platform_cmx.o
 .debug_macro   0x00026a29       0x10 ./Platform/rme_platform_cmx.o
 .debug_macro   0x00026a39      0x209 ./Platform/rme_platform_cmx.o
 .debug_macro   0x00026c42       0x61 ./Platform/rme_platform_cmx.o
 .debug_macro   0x00026ca3       0x90 ./Platform/rme_platform_cmx.o
 .debug_macro   0x00026d33      0x1b5 ./Platform/rme_platform_cmx.o
 .debug_macro   0x00026ee8       0x87 ./Platform/rme_platform_cmx.o
 .debug_macro   0x00026f6f      0x28d ./Platform/rme_platform_cmx.o
 .debug_macro   0x000271fc      0x255 ./Platform/rme_platform_cmx.o
 .debug_macro   0x00027451      0x132 ./Platform/rme_platform_cmx.o
 .debug_macro   0x00027583      0x10c ./Platform/rme_platform_cmx.o
 .debug_macro   0x0002768f       0x35 ./Platform/rme_platform_cmx.o
 .debug_macro   0x000276c4      0x2e2 ./Platform/rme_platform_cmx.o
 .debug_macro   0x000279a6       0x7b ./Platform/rme_platform_cmx.o
 .debug_macro   0x00027a21      0x313 ./Platform/rme_platform_cmx.o
 .debug_macro   0x00027d34      0x4da ./Platform/rme_platform_cmx.o
 .debug_macro   0x0002820e       0xd6 ./Platform/rme_platform_cmx.o
 .debug_macro   0x000282e4      0x447 ./Platform/rme_platform_cmx.o
 .debug_macro   0x0002872b      0x757 ./Platform/rme_platform_cmx.o
 .debug_macro   0x00028e82      0x198 ./Platform/rme_platform_cmx.o
 .debug_macro   0x0002901a      0x1ed ./Platform/rme_platform_cmx.o
 .debug_macro   0x00029207      0x2e2 ./Platform/rme_platform_cmx.o
 .debug_macro   0x000294e9      0x65b ./Platform/rme_platform_cmx.o
 .debug_macro   0x00029b44      0x2aa ./Platform/rme_platform_cmx.o
 .debug_macro   0x00029dee      0x169 ./Platform/rme_platform_cmx.o
 .debug_macro   0x00029f57      0x4e8 ./Platform/rme_platform_cmx.o
 .debug_macro   0x0002a43f       0x47 ./Platform/rme_platform_cmx.o
 .debug_macro   0x0002a486      0x1df ./Platform/rme_platform_cmx.o
 .debug_macro   0x0002a665       0x29 ./Platform/rme_platform_cmx.o
 .debug_macro   0x0002a68e       0x58 ./Platform/rme_platform_cmx.o
 .debug_macro   0x0002a6e6      0x1f4 ./Platform/rme_platform_cmx.o
 .debug_macro   0x0002a8da       0x30 ./Platform/rme_platform_cmx.o
 .debug_macro   0x0002a90a       0x58 ./Platform/rme_platform_cmx.o
 .debug_macro   0x0002a962      0x2f7 ./Platform/rme_platform_cmx.o
 .debug_macro   0x0002ac59       0x5e ./Platform/rme_platform_cmx.o
 .debug_macro   0x0002acb7       0xa5 ./Platform/rme_platform_cmx.o
 .debug_macro   0x0002ad5c       0x89 ./Platform/rme_platform_cmx.o
 .debug_macro   0x0002ade5      0x1f4 ./Platform/rme_platform_cmx.o
 .debug_macro   0x0002afd9      0x120 ./Platform/rme_platform_cmx.o
 .debug_macro   0x0002b0f9       0x75 ./Platform/rme_platform_cmx.o
 .debug_macro   0x0002b16e      0x2a3 ./Platform/rme_platform_cmx.o
 .debug_macro   0x0002b411      0x137 ./Platform/rme_platform_cmx.o
 .debug_macro   0x0002b548      0x2c4 ./Platform/rme_platform_cmx.o
 .debug_macro   0x0002b80c      0x16c ./Platform/rme_platform_cmx.o
 .debug_macro   0x0002b978      0x357 ./Platform/rme_platform_cmx.o
 .debug_macro   0x0002bccf      0x257 ./Platform/rme_platform_cmx.o
 .debug_macro   0x0002bf26       0x19 ./Platform/rme_platform_cmx.o
 .debug_macro   0x0002bf3f       0x19 ./Platform/rme_platform_cmx.o
 .debug_macro   0x0002bf58       0x16 ./Platform/rme_platform_cmx.o
 .debug_macro   0x0002bf6e       0x16 ./Platform/rme_platform_cmx.o
 .debug_macro   0x0002bf84       0x16 ./Platform/rme_platform_cmx.o
 .debug_macro   0x0002bf9a       0x35 ./Platform/rme_platform_cmx.o
 .debug_macro   0x0002bfcf       0x35 ./Platform/rme_platform_cmx.o
 .debug_macro   0x0002c004       0x35 ./Platform/rme_platform_cmx.o
 .debug_macro   0x0002c039       0x2f ./Platform/rme_platform_cmx.o
 .debug_macro   0x0002c068       0x35 ./Platform/rme_platform_cmx.o
 .debug_macro   0x0002c09d       0x2f ./Platform/rme_platform_cmx.o
 .debug_macro   0x0002c0cc      0x506 ./Lib/stm32f7xx_hal.o
 .debug_macro   0x0002c5d2      0x4e2 ./Lib/stm32f7xx_hal_cortex.o
 .debug_macro   0x0002cab4      0x51a ./Lib/stm32f7xx_hal_gpio.o
 .debug_macro   0x0002cfce      0x4fa ./Lib/stm32f7xx_hal_pwr_ex.o
 .debug_macro   0x0002d4c8      0x506 ./Lib/stm32f7xx_hal_rcc.o
 .debug_macro   0x0002d9ce      0x4ea ./Lib/stm32f7xx_hal_uart.o
 .debug_macro   0x0002deb8      0x4e8 ./Lib/system_stm32f7xx.o
 .debug_macro   0x0002e3a0      0x5c6 ./Kernel/rme_captbl.o
 .debug_macro   0x0002e966       0x19 ./Kernel/rme_captbl.o
 .debug_macro   0x0002e97f       0x16 ./Kernel/rme_captbl.o
 .debug_macro   0x0002e995       0x35 ./Kernel/rme_captbl.o
 .debug_macro   0x0002e9ca       0x35 ./Kernel/rme_captbl.o
 .debug_macro   0x0002e9ff       0x2e ./Kernel/rme_captbl.o
 .debug_macro   0x0002ea2d      0x5f3 ./Kernel/rme_kernel.o
 .debug_macro   0x0002f020       0x35 ./Kernel/rme_kernel.o
 .debug_macro   0x0002f055      0x5a2 ./Kernel/rme_kotbl.o
 .debug_macro   0x0002f5f7       0x2e ./Kernel/rme_kotbl.o
 .debug_macro   0x0002f625      0x5cf ./Kernel/rme_pgtbl.o
 .debug_macro   0x0002fbf4       0x2f ./Kernel/rme_pgtbl.o
 .debug_macro   0x0002fc23      0x5f3 ./Kernel/rme_prcthd.o
 .debug_macro   0x00030216       0x35 ./Kernel/rme_prcthd.o
 .debug_macro   0x0003024b      0x5f3 ./Kernel/rme_siginv.o
 .debug_macro   0x0003083e       0x2f ./Kernel/rme_siginv.o

.debug_line     0x00000000    0x11561
 .debug_line    0x00000000       0x8c ./User/M7M2_Init.o
 .debug_line    0x0000008c       0x8c ./User/VM1.o
 .debug_line    0x00000118     0x1740 ./Platform/rme_platform_cmx.o
 .debug_line    0x00001858      0xf69 ./Lib/stm32f7xx_hal.o
 .debug_line    0x000027c1      0xfa6 ./Lib/stm32f7xx_hal_cortex.o
 .debug_line    0x00003767      0xf6a ./Lib/stm32f7xx_hal_gpio.o
 .debug_line    0x000046d1      0xeec ./Lib/stm32f7xx_hal_pwr_ex.o
 .debug_line    0x000055bd     0x10eb ./Lib/stm32f7xx_hal_rcc.o
 .debug_line    0x000066a8     0x1c11 ./Lib/stm32f7xx_hal_uart.o
 .debug_line    0x000082b9      0xd96 ./Lib/system_stm32f7xx.o
 .debug_line    0x0000904f     0x1473 ./Kernel/rme_captbl.o
 .debug_line    0x0000a4c2     0x1493 ./Kernel/rme_kernel.o
 .debug_line    0x0000b955     0x1117 ./Kernel/rme_kotbl.o
 .debug_line    0x0000ca6c     0x158e ./Kernel/rme_pgtbl.o
 .debug_line    0x0000dffa     0x1fa1 ./Kernel/rme_prcthd.o
 .debug_line    0x0000ff9b     0x15c6 ./Kernel/rme_siginv.o

.debug_str      0x00000000   0x132581
 .debug_str     0x00000000     0x256b ./User/M7M2_Init.o
                               0x2579 (size before relaxing)
 .debug_str     0x0000256b       0x6c ./User/VM1.o
                               0x256f (size before relaxing)
 .debug_str     0x000025d7   0x12e00b ./Platform/rme_platform_cmx.o
                             0x130a3a (size before relaxing)
 .debug_str     0x001305e2      0x4c8 ./Lib/stm32f7xx_hal.o
                             0x1297db (size before relaxing)
 .debug_str     0x00130aaa      0x2c9 ./Lib/stm32f7xx_hal_cortex.o
                             0x12975a (size before relaxing)
 .debug_str     0x00130d73      0x29d ./Lib/stm32f7xx_hal_gpio.o
                             0x128f40 (size before relaxing)
 .debug_str     0x00131010      0x228 ./Lib/stm32f7xx_hal_pwr_ex.o
                             0x129007 (size before relaxing)
 .debug_str     0x00131238      0x2dc ./Lib/stm32f7xx_hal_rcc.o
                             0x1290db (size before relaxing)
 .debug_str     0x00131514      0x5c6 ./Lib/stm32f7xx_hal_uart.o
                             0x129722 (size before relaxing)
 .debug_str     0x00131ada       0xd4 ./Lib/system_stm32f7xx.o
                             0x128dcb (size before relaxing)
 .debug_str     0x00131bae      0x242 ./Kernel/rme_captbl.o
                             0x12f1da (size before relaxing)
 .debug_str     0x00131df0      0x336 ./Kernel/rme_kernel.o
                             0x12f7e1 (size before relaxing)
 .debug_str     0x00132126       0x81 ./Kernel/rme_kotbl.o
                             0x12dad5 (size before relaxing)
 .debug_str     0x001321a7      0x108 ./Kernel/rme_pgtbl.o
                             0x12f2d4 (size before relaxing)
 .debug_str     0x001322af      0x246 ./Kernel/rme_prcthd.o
                             0x12f801 (size before relaxing)
 .debug_str     0x001324f5       0x8c ./Kernel/rme_siginv.o
                             0x12f5ab (size before relaxing)

.comment        0x00000000       0x6e
 .comment       0x00000000       0x6e ./User/M7M2_Init.o
                                 0x6f (size before relaxing)
 .comment       0x0000006e       0x6f ./User/VM1.o
 .comment       0x0000006e       0x6f ./Platform/rme_platform_cmx.o
 .comment       0x0000006e       0x6f ./Lib/stm32f7xx_hal.o
 .comment       0x0000006e       0x6f ./Lib/stm32f7xx_hal_cortex.o
 .comment       0x0000006e       0x6f ./Lib/stm32f7xx_hal_gpio.o
 .comment       0x0000006e       0x6f ./Lib/stm32f7xx_hal_pwr_ex.o
 .comment       0x0000006e       0x6f ./Lib/stm32f7xx_hal_rcc.o
 .comment       0x0000006e       0x6f ./Lib/stm32f7xx_hal_uart.o
 .comment       0x0000006e       0x6f ./Lib/system_stm32f7xx.o
 .comment       0x0000006e       0x6f ./Kernel/rme_captbl.o
 .comment       0x0000006e       0x6f ./Kernel/rme_kernel.o
 .comment       0x0000006e       0x6f ./Kernel/rme_kotbl.o
 .comment       0x0000006e       0x6f ./Kernel/rme_pgtbl.o
 .comment       0x0000006e       0x6f ./Kernel/rme_prcthd.o
 .comment       0x0000006e       0x6f ./Kernel/rme_siginv.o

.ARM.attributes
                0x00000000       0x35
 .ARM.attributes
                0x00000000       0x35 ./User/M7M2_Init.o
 .ARM.attributes
                0x00000035       0x35 ./User/VM1.o
 .ARM.attributes
                0x0000006a       0x35 ./Platform/rme_platform_cmx.o
 .ARM.attributes
                0x0000009f       0x1f ./Platform/rme_platform_cmx_asm_gcc.o
 .ARM.attributes
                0x000000be       0x35 ./Lib/stm32f7xx_hal.o
 .ARM.attributes
                0x000000f3       0x35 ./Lib/stm32f7xx_hal_cortex.o
 .ARM.attributes
                0x00000128       0x35 ./Lib/stm32f7xx_hal_gpio.o
 .ARM.attributes
                0x0000015d       0x35 ./Lib/stm32f7xx_hal_pwr_ex.o
 .ARM.attributes
                0x00000192       0x35 ./Lib/stm32f7xx_hal_rcc.o
 .ARM.attributes
                0x000001c7       0x35 ./Lib/stm32f7xx_hal_uart.o
 .ARM.attributes
                0x000001fc       0x35 ./Lib/system_stm32f7xx.o
 .ARM.attributes
                0x00000231       0x35 ./Kernel/rme_captbl.o
 .ARM.attributes
                0x00000266       0x35 ./Kernel/rme_kernel.o
 .ARM.attributes
                0x0000029b       0x35 ./Kernel/rme_kotbl.o
 .ARM.attributes
                0x000002d0       0x35 ./Kernel/rme_pgtbl.o
 .ARM.attributes
                0x00000305       0x35 ./Kernel/rme_prcthd.o
 .ARM.attributes
                0x0000033a       0x35 ./Kernel/rme_siginv.o
 .ARM.attributes
                0x0000036f       0x22 /home/pry/eclipse/gcc-arm-none-eabi-5_4-2016q3/bin/../lib/gcc/arm-none-eabi/5.4.1/armv7e-m/softfp/libgcc.a(_aeabi_uldivmod.o)
 .ARM.attributes
                0x00000391       0x32 /home/pry/eclipse/gcc-arm-none-eabi-5_4-2016q3/bin/../lib/gcc/arm-none-eabi/5.4.1/armv7e-m/softfp/libgcc.a(_udivmoddi4.o)
 .ARM.attributes
                0x000003c3       0x22 /home/pry/eclipse/gcc-arm-none-eabi-5_4-2016q3/bin/../lib/gcc/arm-none-eabi/5.4.1/armv7e-m/softfp/libgcc.a(_dvmd_tls.o)

.debug_loc      0x00000000     0xf83a
 .debug_loc     0x00000000     0x1fc5 ./Platform/rme_platform_cmx.o
 .debug_loc     0x00001fc5      0x11b ./Lib/stm32f7xx_hal.o
 .debug_loc     0x000020e0      0x620 ./Lib/stm32f7xx_hal_cortex.o
 .debug_loc     0x00002700      0x3f9 ./Lib/stm32f7xx_hal_gpio.o
 .debug_loc     0x00002af9      0x257 ./Lib/stm32f7xx_hal_pwr_ex.o
 .debug_loc     0x00002d50      0x621 ./Lib/stm32f7xx_hal_rcc.o
 .debug_loc     0x00003371     0x2b48 ./Lib/stm32f7xx_hal_uart.o
 .debug_loc     0x00005eb9      0x162 ./Lib/system_stm32f7xx.o
 .debug_loc     0x0000601b      0xef3 ./Kernel/rme_captbl.o
 .debug_loc     0x00006f0e     0x1a67 ./Kernel/rme_kernel.o
 .debug_loc     0x00008975      0x4b2 ./Kernel/rme_kotbl.o
 .debug_loc     0x00008e27     0x1589 ./Kernel/rme_pgtbl.o
 .debug_loc     0x0000a3b0     0x3c87 ./Kernel/rme_prcthd.o
 .debug_loc     0x0000e037     0x1803 ./Kernel/rme_siginv.o

.debug_ranges   0x00000000     0x1600
 .debug_ranges  0x00000000      0x330 ./Platform/rme_platform_cmx.o
 .debug_ranges  0x00000330       0xf8 ./Lib/stm32f7xx_hal.o
 .debug_ranges  0x00000428      0x1a8 ./Lib/stm32f7xx_hal_cortex.o
 .debug_ranges  0x000005d0       0x78 ./Lib/stm32f7xx_hal_gpio.o
 .debug_ranges  0x00000648      0x110 ./Lib/stm32f7xx_hal_pwr_ex.o
 .debug_ranges  0x00000758      0x168 ./Lib/stm32f7xx_hal_rcc.o
 .debug_ranges  0x000008c0      0x610 ./Lib/stm32f7xx_hal_uart.o
 .debug_ranges  0x00000ed0       0x18 ./Lib/system_stm32f7xx.o
 .debug_ranges  0x00000ee8       0x40 ./Kernel/rme_captbl.o
 .debug_ranges  0x00000f28       0xc0 ./Kernel/rme_kernel.o
 .debug_ranges  0x00000fe8       0x20 ./Kernel/rme_kotbl.o
 .debug_ranges  0x00001008       0x50 ./Kernel/rme_pgtbl.o
 .debug_ranges  0x00001058      0x540 ./Kernel/rme_prcthd.o
 .debug_ranges  0x00001598       0x68 ./Kernel/rme_siginv.o

.debug_frame    0x00000000     0x1aa0
 .debug_frame   0x00000000      0x398 ./Platform/rme_platform_cmx.o
 .debug_frame   0x00000398      0x22c ./Lib/stm32f7xx_hal.o
 .debug_frame   0x000005c4      0x194 ./Lib/stm32f7xx_hal_cortex.o
 .debug_frame   0x00000758       0xd8 ./Lib/stm32f7xx_hal_gpio.o
 .debug_frame   0x00000830      0x15c ./Lib/stm32f7xx_hal_pwr_ex.o
 .debug_frame   0x0000098c      0x188 ./Lib/stm32f7xx_hal_rcc.o
 .debug_frame   0x00000b14      0x4e4 ./Lib/stm32f7xx_hal_uart.o
 .debug_frame   0x00000ff8       0x4c ./Lib/system_stm32f7xx.o
 .debug_frame   0x00001044      0x108 ./Kernel/rme_captbl.o
 .debug_frame   0x0000114c      0x20c ./Kernel/rme_kernel.o
 .debug_frame   0x00001358       0xa8 ./Kernel/rme_kotbl.o
 .debug_frame   0x00001400      0x198 ./Kernel/rme_pgtbl.o
 .debug_frame   0x00001598      0x310 ./Kernel/rme_prcthd.o
 .debug_frame   0x000018a8      0x198 ./Kernel/rme_siginv.o
 .debug_frame   0x00001a40       0x2c /home/pry/eclipse/gcc-arm-none-eabi-5_4-2016q3/bin/../lib/gcc/arm-none-eabi/5.4.1/armv7e-m/softfp/libgcc.a(_aeabi_uldivmod.o)
 .debug_frame   0x00001a6c       0x34 /home/pry/eclipse/gcc-arm-none-eabi-5_4-2016q3/bin/../lib/gcc/arm-none-eabi/5.4.1/armv7e-m/softfp/libgcc.a(_udivmoddi4.o)
