
Discarded input sections

 .group         0x0000000000000000        0x8 ./Platform/rme_platform_x64.o
 .group         0x0000000000000000        0x8 ./Platform/rme_platform_x64.o
 .group         0x0000000000000000        0x8 ./Platform/rme_platform_x64.o
 .group         0x0000000000000000        0x8 ./Platform/rme_platform_x64.o
 .group         0x0000000000000000        0x8 ./Platform/rme_platform_x64.o
 .group         0x0000000000000000        0x8 ./Platform/rme_platform_x64.o
 .group         0x0000000000000000        0x8 ./Platform/rme_platform_x64.o
 .group         0x0000000000000000        0x8 ./Platform/rme_platform_x64.o
 .group         0x0000000000000000        0x8 ./Platform/rme_platform_x64.o
 .group         0x0000000000000000        0x8 ./Platform/rme_platform_x64.o
 .group         0x0000000000000000        0x8 ./Platform/rme_platform_x64.o
 .group         0x0000000000000000        0x8 ./Platform/rme_platform_x64.o
 .group         0x0000000000000000        0x8 ./Platform/rme_platform_x64.o
 .group         0x0000000000000000        0x8 ./Platform/rme_platform_x64.o
 .group         0x0000000000000000        0x8 ./Platform/rme_platform_x64.o
 .group         0x0000000000000000        0x8 ./Platform/rme_platform_x64.o
 .group         0x0000000000000000        0x8 ./Platform/rme_platform_x64.o
 .group         0x0000000000000000        0x8 ./Platform/rme_platform_x64.o
 .group         0x0000000000000000        0x8 ./Platform/rme_platform_x64.o
 .group         0x0000000000000000        0x8 ./Platform/rme_platform_x64.o
 .group         0x0000000000000000        0x8 ./Platform/rme_platform_x64.o
 .group         0x0000000000000000        0x8 ./Platform/rme_platform_x64.o
 .group         0x0000000000000000        0x8 ./Platform/rme_platform_x64.o
 .group         0x0000000000000000        0x8 ./Platform/rme_platform_x64.o
 .group         0x0000000000000000        0x8 ./Platform/rme_platform_x64.o
 .group         0x0000000000000000        0x8 ./Platform/rme_platform_x64.o
 .note.GNU-stack
                0x0000000000000000        0x0 ./Platform/rme_platform_x64.o
 .eh_frame      0x0000000000000000      0x4b8 ./Platform/rme_platform_x64.o
 .group         0x0000000000000000        0x8 ./Kernel/rme_captbl.o
 .group         0x0000000000000000        0x8 ./Kernel/rme_captbl.o
 .group         0x0000000000000000        0x8 ./Kernel/rme_captbl.o
 .group         0x0000000000000000        0x8 ./Kernel/rme_captbl.o
 .group         0x0000000000000000        0x8 ./Kernel/rme_captbl.o
 .group         0x0000000000000000        0x8 ./Kernel/rme_captbl.o
 .group         0x0000000000000000        0x8 ./Kernel/rme_captbl.o
 .group         0x0000000000000000        0x8 ./Kernel/rme_captbl.o
 .group         0x0000000000000000        0x8 ./Kernel/rme_captbl.o
 .group         0x0000000000000000        0x8 ./Kernel/rme_captbl.o
 .group         0x0000000000000000        0x8 ./Kernel/rme_captbl.o
 .group         0x0000000000000000        0x8 ./Kernel/rme_captbl.o
 .group         0x0000000000000000        0x8 ./Kernel/rme_captbl.o
 .group         0x0000000000000000        0x8 ./Kernel/rme_captbl.o
 .group         0x0000000000000000        0x8 ./Kernel/rme_captbl.o
 .group         0x0000000000000000        0x8 ./Kernel/rme_captbl.o
 .group         0x0000000000000000        0x8 ./Kernel/rme_captbl.o
 .group         0x0000000000000000        0x8 ./Kernel/rme_captbl.o
 .group         0x0000000000000000        0x8 ./Kernel/rme_captbl.o
 .group         0x0000000000000000        0x8 ./Kernel/rme_captbl.o
 .debug_macro   0x0000000000000000      0x5aa ./Kernel/rme_captbl.o
 .debug_macro   0x0000000000000000       0xd2 ./Kernel/rme_captbl.o
 .debug_macro   0x0000000000000000       0xf1 ./Kernel/rme_captbl.o
 .debug_macro   0x0000000000000000       0x2e ./Kernel/rme_captbl.o
 .debug_macro   0x0000000000000000      0x560 ./Kernel/rme_captbl.o
 .debug_macro   0x0000000000000000      0x106 ./Kernel/rme_captbl.o
 .debug_macro   0x0000000000000000      0x5b8 ./Kernel/rme_captbl.o
 .debug_macro   0x0000000000000000       0x22 ./Kernel/rme_captbl.o
 .debug_macro   0x0000000000000000       0x58 ./Kernel/rme_captbl.o
 .debug_macro   0x0000000000000000       0x28 ./Kernel/rme_captbl.o
 .debug_macro   0x0000000000000000       0x19 ./Kernel/rme_captbl.o
 .debug_macro   0x0000000000000000       0x19 ./Kernel/rme_captbl.o
 .debug_macro   0x0000000000000000       0x19 ./Kernel/rme_captbl.o
 .debug_macro   0x0000000000000000       0x16 ./Kernel/rme_captbl.o
 .debug_macro   0x0000000000000000       0x35 ./Kernel/rme_captbl.o
 .debug_macro   0x0000000000000000       0x2e ./Kernel/rme_captbl.o
 .note.GNU-stack
                0x0000000000000000        0x0 ./Kernel/rme_captbl.o
 .eh_frame      0x0000000000000000      0x170 ./Kernel/rme_captbl.o
 .group         0x0000000000000000        0x8 ./Kernel/rme_kernel.o
 .group         0x0000000000000000        0x8 ./Kernel/rme_kernel.o
 .group         0x0000000000000000        0x8 ./Kernel/rme_kernel.o
 .group         0x0000000000000000        0x8 ./Kernel/rme_kernel.o
 .group         0x0000000000000000        0x8 ./Kernel/rme_kernel.o
 .group         0x0000000000000000        0x8 ./Kernel/rme_kernel.o
 .group         0x0000000000000000        0x8 ./Kernel/rme_kernel.o
 .group         0x0000000000000000        0x8 ./Kernel/rme_kernel.o
 .group         0x0000000000000000        0x8 ./Kernel/rme_kernel.o
 .group         0x0000000000000000        0x8 ./Kernel/rme_kernel.o
 .group         0x0000000000000000        0x8 ./Kernel/rme_kernel.o
 .group         0x0000000000000000        0x8 ./Kernel/rme_kernel.o
 .group         0x0000000000000000        0x8 ./Kernel/rme_kernel.o
 .group         0x0000000000000000        0x8 ./Kernel/rme_kernel.o
 .group         0x0000000000000000        0x8 ./Kernel/rme_kernel.o
 .group         0x0000000000000000        0x8 ./Kernel/rme_kernel.o
 .group         0x0000000000000000        0x8 ./Kernel/rme_kernel.o
 .group         0x0000000000000000        0x8 ./Kernel/rme_kernel.o
 .group         0x0000000000000000        0x8 ./Kernel/rme_kernel.o
 .group         0x0000000000000000        0x8 ./Kernel/rme_kernel.o
 .group         0x0000000000000000        0x8 ./Kernel/rme_kernel.o
 .group         0x0000000000000000        0x8 ./Kernel/rme_kernel.o
 .group         0x0000000000000000        0x8 ./Kernel/rme_kernel.o
 .group         0x0000000000000000        0x8 ./Kernel/rme_kernel.o
 .group         0x0000000000000000        0x8 ./Kernel/rme_kernel.o
 .group         0x0000000000000000        0x8 ./Kernel/rme_kernel.o
 .group         0x0000000000000000        0x8 ./Kernel/rme_kernel.o
 .debug_macro   0x0000000000000000      0x5aa ./Kernel/rme_kernel.o
 .debug_macro   0x0000000000000000       0xd2 ./Kernel/rme_kernel.o
 .debug_macro   0x0000000000000000       0xf1 ./Kernel/rme_kernel.o
 .debug_macro   0x0000000000000000       0x2e ./Kernel/rme_kernel.o
 .debug_macro   0x0000000000000000      0x560 ./Kernel/rme_kernel.o
 .debug_macro   0x0000000000000000      0x106 ./Kernel/rme_kernel.o
 .debug_macro   0x0000000000000000      0x5b8 ./Kernel/rme_kernel.o
 .debug_macro   0x0000000000000000       0x22 ./Kernel/rme_kernel.o
 .debug_macro   0x0000000000000000       0xe4 ./Kernel/rme_kernel.o
 .debug_macro   0x0000000000000000       0x58 ./Kernel/rme_kernel.o
 .debug_macro   0x0000000000000000       0x28 ./Kernel/rme_kernel.o
 .debug_macro   0x0000000000000000       0x64 ./Kernel/rme_kernel.o
 .debug_macro   0x0000000000000000       0x22 ./Kernel/rme_kernel.o
 .debug_macro   0x0000000000000000       0x19 ./Kernel/rme_kernel.o
 .debug_macro   0x0000000000000000       0x19 ./Kernel/rme_kernel.o
 .debug_macro   0x0000000000000000       0x19 ./Kernel/rme_kernel.o
 .debug_macro   0x0000000000000000       0x16 ./Kernel/rme_kernel.o
 .debug_macro   0x0000000000000000       0x16 ./Kernel/rme_kernel.o
 .debug_macro   0x0000000000000000       0x16 ./Kernel/rme_kernel.o
 .debug_macro   0x0000000000000000       0x16 ./Kernel/rme_kernel.o
 .debug_macro   0x0000000000000000       0x35 ./Kernel/rme_kernel.o
 .debug_macro   0x0000000000000000       0x35 ./Kernel/rme_kernel.o
 .debug_macro   0x0000000000000000       0x2f ./Kernel/rme_kernel.o
 .debug_macro   0x0000000000000000       0x2e ./Kernel/rme_kernel.o
 .debug_macro   0x0000000000000000       0x35 ./Kernel/rme_kernel.o
 .debug_macro   0x0000000000000000       0x2f ./Kernel/rme_kernel.o
 .note.GNU-stack
                0x0000000000000000        0x0 ./Kernel/rme_kernel.o
 .eh_frame      0x0000000000000000      0x2c8 ./Kernel/rme_kernel.o
 .group         0x0000000000000000        0x8 ./Kernel/rme_kotbl.o
 .group         0x0000000000000000        0x8 ./Kernel/rme_kotbl.o
 .group         0x0000000000000000        0x8 ./Kernel/rme_kotbl.o
 .group         0x0000000000000000        0x8 ./Kernel/rme_kotbl.o
 .group         0x0000000000000000        0x8 ./Kernel/rme_kotbl.o
 .group         0x0000000000000000        0x8 ./Kernel/rme_kotbl.o
 .group         0x0000000000000000        0x8 ./Kernel/rme_kotbl.o
 .group         0x0000000000000000        0x8 ./Kernel/rme_kotbl.o
 .group         0x0000000000000000        0x8 ./Kernel/rme_kotbl.o
 .group         0x0000000000000000        0x8 ./Kernel/rme_kotbl.o
 .group         0x0000000000000000        0x8 ./Kernel/rme_kotbl.o
 .group         0x0000000000000000        0x8 ./Kernel/rme_kotbl.o
 .group         0x0000000000000000        0x8 ./Kernel/rme_kotbl.o
 .group         0x0000000000000000        0x8 ./Kernel/rme_kotbl.o
 .group         0x0000000000000000        0x8 ./Kernel/rme_kotbl.o
 .group         0x0000000000000000        0x8 ./Kernel/rme_kotbl.o
 .debug_macro   0x0000000000000000      0x5aa ./Kernel/rme_kotbl.o
 .debug_macro   0x0000000000000000       0xd2 ./Kernel/rme_kotbl.o
 .debug_macro   0x0000000000000000       0xf1 ./Kernel/rme_kotbl.o
 .debug_macro   0x0000000000000000       0x2e ./Kernel/rme_kotbl.o
 .debug_macro   0x0000000000000000      0x560 ./Kernel/rme_kotbl.o
 .debug_macro   0x0000000000000000      0x106 ./Kernel/rme_kotbl.o
 .debug_macro   0x0000000000000000      0x5b8 ./Kernel/rme_kotbl.o
 .debug_macro   0x0000000000000000       0x22 ./Kernel/rme_kotbl.o
 .debug_macro   0x0000000000000000       0x28 ./Kernel/rme_kotbl.o
 .debug_macro   0x0000000000000000       0x19 ./Kernel/rme_kotbl.o
 .debug_macro   0x0000000000000000       0x19 ./Kernel/rme_kotbl.o
 .debug_macro   0x0000000000000000       0x16 ./Kernel/rme_kotbl.o
 .debug_macro   0x0000000000000000       0x16 ./Kernel/rme_kotbl.o
 .debug_macro   0x0000000000000000       0x35 ./Kernel/rme_kotbl.o
 .debug_macro   0x0000000000000000       0x35 ./Kernel/rme_kotbl.o
 .note.GNU-stack
                0x0000000000000000        0x0 ./Kernel/rme_kotbl.o
 .eh_frame      0x0000000000000000       0xa8 ./Kernel/rme_kotbl.o
 .group         0x0000000000000000        0x8 ./Kernel/rme_pgtbl.o
 .group         0x0000000000000000        0x8 ./Kernel/rme_pgtbl.o
 .group         0x0000000000000000        0x8 ./Kernel/rme_pgtbl.o
 .group         0x0000000000000000        0x8 ./Kernel/rme_pgtbl.o
 .group         0x0000000000000000        0x8 ./Kernel/rme_pgtbl.o
 .group         0x0000000000000000        0x8 ./Kernel/rme_pgtbl.o
 .group         0x0000000000000000        0x8 ./Kernel/rme_pgtbl.o
 .group         0x0000000000000000        0x8 ./Kernel/rme_pgtbl.o
 .group         0x0000000000000000        0x8 ./Kernel/rme_pgtbl.o
 .group         0x0000000000000000        0x8 ./Kernel/rme_pgtbl.o
 .group         0x0000000000000000        0x8 ./Kernel/rme_pgtbl.o
 .group         0x0000000000000000        0x8 ./Kernel/rme_pgtbl.o
 .group         0x0000000000000000        0x8 ./Kernel/rme_pgtbl.o
 .group         0x0000000000000000        0x8 ./Kernel/rme_pgtbl.o
 .group         0x0000000000000000        0x8 ./Kernel/rme_pgtbl.o
 .group         0x0000000000000000        0x8 ./Kernel/rme_pgtbl.o
 .group         0x0000000000000000        0x8 ./Kernel/rme_pgtbl.o
 .group         0x0000000000000000        0x8 ./Kernel/rme_pgtbl.o
 .group         0x0000000000000000        0x8 ./Kernel/rme_pgtbl.o
 .group         0x0000000000000000        0x8 ./Kernel/rme_pgtbl.o
 .group         0x0000000000000000        0x8 ./Kernel/rme_pgtbl.o
 .debug_macro   0x0000000000000000      0x5aa ./Kernel/rme_pgtbl.o
 .debug_macro   0x0000000000000000       0xd2 ./Kernel/rme_pgtbl.o
 .debug_macro   0x0000000000000000       0xf1 ./Kernel/rme_pgtbl.o
 .debug_macro   0x0000000000000000       0x2e ./Kernel/rme_pgtbl.o
 .debug_macro   0x0000000000000000      0x560 ./Kernel/rme_pgtbl.o
 .debug_macro   0x0000000000000000      0x106 ./Kernel/rme_pgtbl.o
 .debug_macro   0x0000000000000000      0x5b8 ./Kernel/rme_pgtbl.o
 .debug_macro   0x0000000000000000       0x22 ./Kernel/rme_pgtbl.o
 .debug_macro   0x0000000000000000       0xe4 ./Kernel/rme_pgtbl.o
 .debug_macro   0x0000000000000000       0x28 ./Kernel/rme_pgtbl.o
 .debug_macro   0x0000000000000000       0x58 ./Kernel/rme_pgtbl.o
 .debug_macro   0x0000000000000000       0x19 ./Kernel/rme_pgtbl.o
 .debug_macro   0x0000000000000000       0x19 ./Kernel/rme_pgtbl.o
 .debug_macro   0x0000000000000000       0x19 ./Kernel/rme_pgtbl.o
 .debug_macro   0x0000000000000000       0x16 ./Kernel/rme_pgtbl.o
 .debug_macro   0x0000000000000000       0x16 ./Kernel/rme_pgtbl.o
 .debug_macro   0x0000000000000000       0x35 ./Kernel/rme_pgtbl.o
 .debug_macro   0x0000000000000000       0x35 ./Kernel/rme_pgtbl.o
 .debug_macro   0x0000000000000000       0x35 ./Kernel/rme_pgtbl.o
 .debug_macro   0x0000000000000000       0x2e ./Kernel/rme_pgtbl.o
 .note.GNU-stack
                0x0000000000000000        0x0 ./Kernel/rme_pgtbl.o
 .eh_frame      0x0000000000000000      0x2f0 ./Kernel/rme_pgtbl.o
 .group         0x0000000000000000        0x8 ./Kernel/rme_prcthd.o
 .group         0x0000000000000000        0x8 ./Kernel/rme_prcthd.o
 .group         0x0000000000000000        0x8 ./Kernel/rme_prcthd.o
 .group         0x0000000000000000        0x8 ./Kernel/rme_prcthd.o
 .group         0x0000000000000000        0x8 ./Kernel/rme_prcthd.o
 .group         0x0000000000000000        0x8 ./Kernel/rme_prcthd.o
 .group         0x0000000000000000        0x8 ./Kernel/rme_prcthd.o
 .group         0x0000000000000000        0x8 ./Kernel/rme_prcthd.o
 .group         0x0000000000000000        0x8 ./Kernel/rme_prcthd.o
 .group         0x0000000000000000        0x8 ./Kernel/rme_prcthd.o
 .group         0x0000000000000000        0x8 ./Kernel/rme_prcthd.o
 .group         0x0000000000000000        0x8 ./Kernel/rme_prcthd.o
 .group         0x0000000000000000        0x8 ./Kernel/rme_prcthd.o
 .group         0x0000000000000000        0x8 ./Kernel/rme_prcthd.o
 .group         0x0000000000000000        0x8 ./Kernel/rme_prcthd.o
 .group         0x0000000000000000        0x8 ./Kernel/rme_prcthd.o
 .group         0x0000000000000000        0x8 ./Kernel/rme_prcthd.o
 .group         0x0000000000000000        0x8 ./Kernel/rme_prcthd.o
 .group         0x0000000000000000        0x8 ./Kernel/rme_prcthd.o
 .group         0x0000000000000000        0x8 ./Kernel/rme_prcthd.o
 .group         0x0000000000000000        0x8 ./Kernel/rme_prcthd.o
 .group         0x0000000000000000        0x8 ./Kernel/rme_prcthd.o
 .group         0x0000000000000000        0x8 ./Kernel/rme_prcthd.o
 .group         0x0000000000000000        0x8 ./Kernel/rme_prcthd.o
 .group         0x0000000000000000        0x8 ./Kernel/rme_prcthd.o
 .group         0x0000000000000000        0x8 ./Kernel/rme_prcthd.o
 .group         0x0000000000000000        0x8 ./Kernel/rme_prcthd.o
 .debug_macro   0x0000000000000000      0x5aa ./Kernel/rme_prcthd.o
 .debug_macro   0x0000000000000000       0xd2 ./Kernel/rme_prcthd.o
 .debug_macro   0x0000000000000000       0xf1 ./Kernel/rme_prcthd.o
 .debug_macro   0x0000000000000000       0x2e ./Kernel/rme_prcthd.o
 .debug_macro   0x0000000000000000      0x560 ./Kernel/rme_prcthd.o
 .debug_macro   0x0000000000000000      0x106 ./Kernel/rme_prcthd.o
 .debug_macro   0x0000000000000000      0x5b8 ./Kernel/rme_prcthd.o
 .debug_macro   0x0000000000000000       0x22 ./Kernel/rme_prcthd.o
 .debug_macro   0x0000000000000000       0xe4 ./Kernel/rme_prcthd.o
 .debug_macro   0x0000000000000000       0x58 ./Kernel/rme_prcthd.o
 .debug_macro   0x0000000000000000       0x22 ./Kernel/rme_prcthd.o
 .debug_macro   0x0000000000000000       0x28 ./Kernel/rme_prcthd.o
 .debug_macro   0x0000000000000000       0x64 ./Kernel/rme_prcthd.o
 .debug_macro   0x0000000000000000       0x19 ./Kernel/rme_prcthd.o
 .debug_macro   0x0000000000000000       0x19 ./Kernel/rme_prcthd.o
 .debug_macro   0x0000000000000000       0x19 ./Kernel/rme_prcthd.o
 .debug_macro   0x0000000000000000       0x16 ./Kernel/rme_prcthd.o
 .debug_macro   0x0000000000000000       0x16 ./Kernel/rme_prcthd.o
 .debug_macro   0x0000000000000000       0x16 ./Kernel/rme_prcthd.o
 .debug_macro   0x0000000000000000       0x16 ./Kernel/rme_prcthd.o
 .debug_macro   0x0000000000000000       0x35 ./Kernel/rme_prcthd.o
 .debug_macro   0x0000000000000000       0x35 ./Kernel/rme_prcthd.o
 .debug_macro   0x0000000000000000       0x35 ./Kernel/rme_prcthd.o
 .debug_macro   0x0000000000000000       0x2f ./Kernel/rme_prcthd.o
 .debug_macro   0x0000000000000000       0x2e ./Kernel/rme_prcthd.o
 .debug_macro   0x0000000000000000       0x2f ./Kernel/rme_prcthd.o
 .note.GNU-stack
                0x0000000000000000        0x0 ./Kernel/rme_prcthd.o
 .eh_frame      0x0000000000000000      0x6c0 ./Kernel/rme_prcthd.o
 .group         0x0000000000000000        0x8 ./Kernel/rme_siginv.o
 .group         0x0000000000000000        0x8 ./Kernel/rme_siginv.o
 .group         0x0000000000000000        0x8 ./Kernel/rme_siginv.o
 .group         0x0000000000000000        0x8 ./Kernel/rme_siginv.o
 .group         0x0000000000000000        0x8 ./Kernel/rme_siginv.o
 .group         0x0000000000000000        0x8 ./Kernel/rme_siginv.o
 .group         0x0000000000000000        0x8 ./Kernel/rme_siginv.o
 .group         0x0000000000000000        0x8 ./Kernel/rme_siginv.o
 .group         0x0000000000000000        0x8 ./Kernel/rme_siginv.o
 .group         0x0000000000000000        0x8 ./Kernel/rme_siginv.o
 .group         0x0000000000000000        0x8 ./Kernel/rme_siginv.o
 .group         0x0000000000000000        0x8 ./Kernel/rme_siginv.o
 .group         0x0000000000000000        0x8 ./Kernel/rme_siginv.o
 .group         0x0000000000000000        0x8 ./Kernel/rme_siginv.o
 .group         0x0000000000000000        0x8 ./Kernel/rme_siginv.o
 .group         0x0000000000000000        0x8 ./Kernel/rme_siginv.o
 .group         0x0000000000000000        0x8 ./Kernel/rme_siginv.o
 .group         0x0000000000000000        0x8 ./Kernel/rme_siginv.o
 .group         0x0000000000000000        0x8 ./Kernel/rme_siginv.o
 .group         0x0000000000000000        0x8 ./Kernel/rme_siginv.o
 .group         0x0000000000000000        0x8 ./Kernel/rme_siginv.o
 .group         0x0000000000000000        0x8 ./Kernel/rme_siginv.o
 .group         0x0000000000000000        0x8 ./Kernel/rme_siginv.o
 .group         0x0000000000000000        0x8 ./Kernel/rme_siginv.o
 .group         0x0000000000000000        0x8 ./Kernel/rme_siginv.o
 .group         0x0000000000000000        0x8 ./Kernel/rme_siginv.o
 .group         0x0000000000000000        0x8 ./Kernel/rme_siginv.o
 .debug_macro   0x0000000000000000      0x5aa ./Kernel/rme_siginv.o
 .debug_macro   0x0000000000000000       0xd2 ./Kernel/rme_siginv.o
 .debug_macro   0x0000000000000000       0xf1 ./Kernel/rme_siginv.o
 .debug_macro   0x0000000000000000       0x2e ./Kernel/rme_siginv.o
 .debug_macro   0x0000000000000000      0x560 ./Kernel/rme_siginv.o
 .debug_macro   0x0000000000000000      0x106 ./Kernel/rme_siginv.o
 .debug_macro   0x0000000000000000      0x5b8 ./Kernel/rme_siginv.o
 .debug_macro   0x0000000000000000       0x22 ./Kernel/rme_siginv.o
 .debug_macro   0x0000000000000000       0xe4 ./Kernel/rme_siginv.o
 .debug_macro   0x0000000000000000       0x58 ./Kernel/rme_siginv.o
 .debug_macro   0x0000000000000000       0x28 ./Kernel/rme_siginv.o
 .debug_macro   0x0000000000000000       0x64 ./Kernel/rme_siginv.o
 .debug_macro   0x0000000000000000       0x22 ./Kernel/rme_siginv.o
 .debug_macro   0x0000000000000000       0x19 ./Kernel/rme_siginv.o
 .debug_macro   0x0000000000000000       0x19 ./Kernel/rme_siginv.o
 .debug_macro   0x0000000000000000       0x19 ./Kernel/rme_siginv.o
 .debug_macro   0x0000000000000000       0x16 ./Kernel/rme_siginv.o
 .debug_macro   0x0000000000000000       0x16 ./Kernel/rme_siginv.o
 .debug_macro   0x0000000000000000       0x16 ./Kernel/rme_siginv.o
 .debug_macro   0x0000000000000000       0x16 ./Kernel/rme_siginv.o
 .debug_macro   0x0000000000000000       0x35 ./Kernel/rme_siginv.o
 .debug_macro   0x0000000000000000       0x35 ./Kernel/rme_siginv.o
 .debug_macro   0x0000000000000000       0x35 ./Kernel/rme_siginv.o
 .debug_macro   0x0000000000000000       0x2f ./Kernel/rme_siginv.o
 .debug_macro   0x0000000000000000       0x2e ./Kernel/rme_siginv.o
 .debug_macro   0x0000000000000000       0x35 ./Kernel/rme_siginv.o
 .note.GNU-stack
                0x0000000000000000        0x0 ./Kernel/rme_siginv.o
 .eh_frame      0x0000000000000000      0x360 ./Kernel/rme_siginv.o
 .group         0x0000000000000000        0x8 ./UVM.o
 .debug_macro   0x0000000000000000      0x5aa ./UVM.o
 .note.GNU-stack
                0x0000000000000000        0x0 ./UVM.o

Memory Configuration

Name             Origin             Length             Attributes
*default*        0x0000000000000000 0xffffffffffffffff

Linker script and memory map

                0x0000000000100000                __RME_X64_Mboot_Load_Addr = 0x100000
                0xffffffff80100000                . = 0xffffffff80100000
                0xffffffff80100000                PROVIDE (begin, .)

.text           0xffffffff80100000   0x11e6cf load address 0x0000000000100000
 *platform_x64_asm.o(.text .rela.text .stub .text.* .gnu.linkonce.t.*)
 .text          0xffffffff80100000   0x10c75e ./Platform/rme_platform_x64_asm.o
                0xffffffff80100000                __RME_X64_Mboot_Header
                0xffffffff80108000                __RME_X64_Mboot_Entry
                0xffffffff80108089                __RME_X64_SMP_Boot_32
                0xffffffff801080d9                _start
                0xffffffff80109000                RME_X64_Kpgt
                0xffffffff8020b800                __RME_X64_In
                0xffffffff8020b800                __RME_X64_Kern_Boot_Stack
                0xffffffff8020b80a                __RME_X64_Out
                0xffffffff8020b816                __RME_X64_Read_MSR
                0xffffffff8020b82a                __RME_X64_Write_MSR
                0xffffffff8020b83f                __RME_X64_CPU_Local_Get
                0xffffffff8020b849                __RME_X64_CPUID_Get
                0xffffffff8020b875                __RME_X64_GDT_Load
                0xffffffff8020b879                __RME_X64_IDT_Load
                0xffffffff8020b87d                __RME_X64_TSS_Load
                0xffffffff8020b881                __RME_X64_Comp_Swap
                0xffffffff8020b894                __RME_X64_Fetch_Add
                0xffffffff8020b89d                __RME_X64_Fetch_And
                0xffffffff8020b8a5                __RME_X64_Write_Release
                0xffffffff8020b8a9                __RME_X64_Pgtbl_Set
                0xffffffff8020b8ad                __RME_Disable_Int
                0xffffffff8020b8af                __RME_Enable_Int
                0xffffffff8020b8b1                __RME_X64_Halt
                0xffffffff8020b8b3                _RME_Kmain
                0xffffffff8020b8bb                __RME_X64_MSB_Get
                0xffffffff8020b8c0                __RME_Enter_User_Mode
                0xffffffff8020b8d3                __RME_X64_FAULT_DE_Handler
                0xffffffff8020b8df                __RME_X64_TRAP_DB_Handler
                0xffffffff8020b8eb                __RME_X64_INT_NMI_Handler
                0xffffffff8020b8f7                __RME_X64_TRAP_BP_Handler
                0xffffffff8020b903                __RME_X64_TRAP_OF_Handler
                0xffffffff8020b90c                __RME_X64_FAULT_BR_Handler
                0xffffffff8020b915                __RME_X64_FAULT_UD_Handler
                0xffffffff8020b91e                __RME_X64_FAULT_NM_Handler
                0xffffffff8020b927                __RME_X64_ABORT_DF_Handler
                0xffffffff8020b92e                __RME_X64_ABORT_OLD_MF_Handler
                0xffffffff8020b937                __RME_X64_FAULT_TS_Handler
                0xffffffff8020b93e                __RME_X64_FAULT_NP_Handler
                0xffffffff8020b945                __RME_X64_FAULT_SS_Handler
                0xffffffff8020b94c                __RME_X64_FAULT_GP_Handler
                0xffffffff8020b953                __RME_X64_FAULT_PF_Handler
                0xffffffff8020b95a                __RME_X64_FAULT_MF_Handler
                0xffffffff8020b963                __RME_X64_FAULT_AC_Handler
                0xffffffff8020b96a                __RME_X64_ABORT_MC_Handler
                0xffffffff8020b973                __RME_X64_FAULT_XM_Handler
                0xffffffff8020b97c                __RME_X64_FAULT_VE_Handler
                0xffffffff8020b9d5                __RME_X64_USER32_Handler
                0xffffffff8020b9e1                __RME_X64_USER33_Handler
                0xffffffff8020b9ed                __RME_X64_USER34_Handler
                0xffffffff8020b9f9                __RME_X64_USER35_Handler
                0xffffffff8020ba05                __RME_X64_USER36_Handler
                0xffffffff8020ba11                __RME_X64_USER37_Handler
                0xffffffff8020ba1d                __RME_X64_USER38_Handler
                0xffffffff8020ba29                __RME_X64_USER39_Handler
                0xffffffff8020ba35                __RME_X64_USER40_Handler
                0xffffffff8020ba41                __RME_X64_USER41_Handler
                0xffffffff8020ba4d                __RME_X64_USER42_Handler
                0xffffffff8020ba59                __RME_X64_USER43_Handler
                0xffffffff8020ba65                __RME_X64_USER44_Handler
                0xffffffff8020ba71                __RME_X64_USER45_Handler
                0xffffffff8020ba7d                __RME_X64_USER46_Handler
                0xffffffff8020ba89                __RME_X64_USER47_Handler
                0xffffffff8020ba95                __RME_X64_USER48_Handler
                0xffffffff8020baa1                __RME_X64_USER49_Handler
                0xffffffff8020baad                __RME_X64_USER50_Handler
                0xffffffff8020bab9                __RME_X64_USER51_Handler
                0xffffffff8020bac5                __RME_X64_USER52_Handler
                0xffffffff8020bad1                __RME_X64_USER53_Handler
                0xffffffff8020badd                __RME_X64_USER54_Handler
                0xffffffff8020bae9                __RME_X64_USER55_Handler
                0xffffffff8020baf5                __RME_X64_USER56_Handler
                0xffffffff8020bb01                __RME_X64_USER57_Handler
                0xffffffff8020bb0d                __RME_X64_USER58_Handler
                0xffffffff8020bb19                __RME_X64_USER59_Handler
                0xffffffff8020bb25                __RME_X64_USER60_Handler
                0xffffffff8020bb31                __RME_X64_USER61_Handler
                0xffffffff8020bb3d                __RME_X64_USER62_Handler
                0xffffffff8020bb49                __RME_X64_USER63_Handler
                0xffffffff8020bb55                __RME_X64_USER64_Handler
                0xffffffff8020bb61                __RME_X64_USER65_Handler
                0xffffffff8020bb6d                __RME_X64_USER66_Handler
                0xffffffff8020bb79                __RME_X64_USER67_Handler
                0xffffffff8020bb85                __RME_X64_USER68_Handler
                0xffffffff8020bb91                __RME_X64_USER69_Handler
                0xffffffff8020bb9d                __RME_X64_USER70_Handler
                0xffffffff8020bba9                __RME_X64_USER71_Handler
                0xffffffff8020bbb5                __RME_X64_USER72_Handler
                0xffffffff8020bbc1                __RME_X64_USER73_Handler
                0xffffffff8020bbcd                __RME_X64_USER74_Handler
                0xffffffff8020bbd9                __RME_X64_USER75_Handler
                0xffffffff8020bbe5                __RME_X64_USER76_Handler
                0xffffffff8020bbf1                __RME_X64_USER77_Handler
                0xffffffff8020bbfd                __RME_X64_USER78_Handler
                0xffffffff8020bc09                __RME_X64_USER79_Handler
                0xffffffff8020bc15                __RME_X64_USER80_Handler
                0xffffffff8020bc21                __RME_X64_USER81_Handler
                0xffffffff8020bc2d                __RME_X64_USER82_Handler
                0xffffffff8020bc39                __RME_X64_USER83_Handler
                0xffffffff8020bc45                __RME_X64_USER84_Handler
                0xffffffff8020bc51                __RME_X64_USER85_Handler
                0xffffffff8020bc5d                __RME_X64_USER86_Handler
                0xffffffff8020bc69                __RME_X64_USER87_Handler
                0xffffffff8020bc75                __RME_X64_USER88_Handler
                0xffffffff8020bc81                __RME_X64_USER89_Handler
                0xffffffff8020bc8d                __RME_X64_USER90_Handler
                0xffffffff8020bc99                __RME_X64_USER91_Handler
                0xffffffff8020bca5                __RME_X64_USER92_Handler
                0xffffffff8020bcb1                __RME_X64_USER93_Handler
                0xffffffff8020bcbd                __RME_X64_USER94_Handler
                0xffffffff8020bcc9                __RME_X64_USER95_Handler
                0xffffffff8020bcd5                __RME_X64_USER96_Handler
                0xffffffff8020bce1                __RME_X64_USER97_Handler
                0xffffffff8020bced                __RME_X64_USER98_Handler
                0xffffffff8020bcf9                __RME_X64_USER99_Handler
                0xffffffff8020bd05                __RME_X64_USER100_Handler
                0xffffffff8020bd11                __RME_X64_USER101_Handler
                0xffffffff8020bd1d                __RME_X64_USER102_Handler
                0xffffffff8020bd29                __RME_X64_USER103_Handler
                0xffffffff8020bd35                __RME_X64_USER104_Handler
                0xffffffff8020bd41                __RME_X64_USER105_Handler
                0xffffffff8020bd4d                __RME_X64_USER106_Handler
                0xffffffff8020bd59                __RME_X64_USER107_Handler
                0xffffffff8020bd65                __RME_X64_USER108_Handler
                0xffffffff8020bd71                __RME_X64_USER109_Handler
                0xffffffff8020bd7d                __RME_X64_USER110_Handler
                0xffffffff8020bd89                __RME_X64_USER111_Handler
                0xffffffff8020bd95                __RME_X64_USER112_Handler
                0xffffffff8020bda1                __RME_X64_USER113_Handler
                0xffffffff8020bdad                __RME_X64_USER114_Handler
                0xffffffff8020bdb9                __RME_X64_USER115_Handler
                0xffffffff8020bdc5                __RME_X64_USER116_Handler
                0xffffffff8020bdd1                __RME_X64_USER117_Handler
                0xffffffff8020bddd                __RME_X64_USER118_Handler
                0xffffffff8020bde9                __RME_X64_USER119_Handler
                0xffffffff8020bdf5                __RME_X64_USER120_Handler
                0xffffffff8020be01                __RME_X64_USER121_Handler
                0xffffffff8020be0d                __RME_X64_USER122_Handler
                0xffffffff8020be19                __RME_X64_USER123_Handler
                0xffffffff8020be25                __RME_X64_USER124_Handler
                0xffffffff8020be31                __RME_X64_USER125_Handler
                0xffffffff8020be3d                __RME_X64_USER126_Handler
                0xffffffff8020be49                __RME_X64_USER127_Handler
                0xffffffff8020be55                __RME_X64_USER128_Handler
                0xffffffff8020be64                __RME_X64_USER129_Handler
                0xffffffff8020be73                __RME_X64_USER130_Handler
                0xffffffff8020be82                __RME_X64_USER131_Handler
                0xffffffff8020be91                __RME_X64_USER132_Handler
                0xffffffff8020bea0                __RME_X64_USER133_Handler
                0xffffffff8020beaf                __RME_X64_USER134_Handler
                0xffffffff8020bebe                __RME_X64_USER135_Handler
                0xffffffff8020becd                __RME_X64_USER136_Handler
                0xffffffff8020bedc                __RME_X64_USER137_Handler
                0xffffffff8020beeb                __RME_X64_USER138_Handler
                0xffffffff8020befa                __RME_X64_USER139_Handler
                0xffffffff8020bf09                __RME_X64_USER140_Handler
                0xffffffff8020bf18                __RME_X64_USER141_Handler
                0xffffffff8020bf27                __RME_X64_USER142_Handler
                0xffffffff8020bf36                __RME_X64_USER143_Handler
                0xffffffff8020bf45                __RME_X64_USER144_Handler
                0xffffffff8020bf54                __RME_X64_USER145_Handler
                0xffffffff8020bf63                __RME_X64_USER146_Handler
                0xffffffff8020bf72                __RME_X64_USER147_Handler
                0xffffffff8020bf81                __RME_X64_USER148_Handler
                0xffffffff8020bf90                __RME_X64_USER149_Handler
                0xffffffff8020bf9f                __RME_X64_USER150_Handler
                0xffffffff8020bfae                __RME_X64_USER151_Handler
                0xffffffff8020bfbd                __RME_X64_USER152_Handler
                0xffffffff8020bfcc                __RME_X64_USER153_Handler
                0xffffffff8020bfdb                __RME_X64_USER154_Handler
                0xffffffff8020bfea                __RME_X64_USER155_Handler
                0xffffffff8020bff9                __RME_X64_USER156_Handler
                0xffffffff8020c008                __RME_X64_USER157_Handler
                0xffffffff8020c017                __RME_X64_USER158_Handler
                0xffffffff8020c026                __RME_X64_USER159_Handler
                0xffffffff8020c035                __RME_X64_USER160_Handler
                0xffffffff8020c044                __RME_X64_USER161_Handler
                0xffffffff8020c053                __RME_X64_USER162_Handler
                0xffffffff8020c062                __RME_X64_USER163_Handler
                0xffffffff8020c071                __RME_X64_USER164_Handler
                0xffffffff8020c080                __RME_X64_USER165_Handler
                0xffffffff8020c08f                __RME_X64_USER166_Handler
                0xffffffff8020c09e                __RME_X64_USER167_Handler
                0xffffffff8020c0ad                __RME_X64_USER168_Handler
                0xffffffff8020c0bc                __RME_X64_USER169_Handler
                0xffffffff8020c0cb                __RME_X64_USER170_Handler
                0xffffffff8020c0da                __RME_X64_USER171_Handler
                0xffffffff8020c0e9                __RME_X64_USER172_Handler
                0xffffffff8020c0f8                __RME_X64_USER173_Handler
                0xffffffff8020c107                __RME_X64_USER174_Handler
                0xffffffff8020c116                __RME_X64_USER175_Handler
                0xffffffff8020c125                __RME_X64_USER176_Handler
                0xffffffff8020c134                __RME_X64_USER177_Handler
                0xffffffff8020c143                __RME_X64_USER178_Handler
                0xffffffff8020c152                __RME_X64_USER179_Handler
                0xffffffff8020c161                __RME_X64_USER180_Handler
                0xffffffff8020c170                __RME_X64_USER181_Handler
                0xffffffff8020c17f                __RME_X64_USER182_Handler
                0xffffffff8020c18e                __RME_X64_USER183_Handler
                0xffffffff8020c19d                __RME_X64_USER184_Handler
                0xffffffff8020c1ac                __RME_X64_USER185_Handler
                0xffffffff8020c1bb                __RME_X64_USER186_Handler
                0xffffffff8020c1ca                __RME_X64_USER187_Handler
                0xffffffff8020c1d9                __RME_X64_USER188_Handler
                0xffffffff8020c1e8                __RME_X64_USER189_Handler
                0xffffffff8020c1f7                __RME_X64_USER190_Handler
                0xffffffff8020c206                __RME_X64_USER191_Handler
                0xffffffff8020c215                __RME_X64_USER192_Handler
                0xffffffff8020c224                __RME_X64_USER193_Handler
                0xffffffff8020c233                __RME_X64_USER194_Handler
                0xffffffff8020c242                __RME_X64_USER195_Handler
                0xffffffff8020c251                __RME_X64_USER196_Handler
                0xffffffff8020c260                __RME_X64_USER197_Handler
                0xffffffff8020c26f                __RME_X64_USER198_Handler
                0xffffffff8020c27e                __RME_X64_USER199_Handler
                0xffffffff8020c28d                __RME_X64_USER200_Handler
                0xffffffff8020c29c                __RME_X64_USER201_Handler
                0xffffffff8020c2ab                __RME_X64_USER202_Handler
                0xffffffff8020c2ba                __RME_X64_USER203_Handler
                0xffffffff8020c2c9                __RME_X64_USER204_Handler
                0xffffffff8020c2d8                __RME_X64_USER205_Handler
                0xffffffff8020c2e7                __RME_X64_USER206_Handler
                0xffffffff8020c2f6                __RME_X64_USER207_Handler
                0xffffffff8020c305                __RME_X64_USER208_Handler
                0xffffffff8020c314                __RME_X64_USER209_Handler
                0xffffffff8020c323                __RME_X64_USER210_Handler
                0xffffffff8020c332                __RME_X64_USER211_Handler
                0xffffffff8020c341                __RME_X64_USER212_Handler
                0xffffffff8020c350                __RME_X64_USER213_Handler
                0xffffffff8020c35f                __RME_X64_USER214_Handler
                0xffffffff8020c36e                __RME_X64_USER215_Handler
                0xffffffff8020c37d                __RME_X64_USER216_Handler
                0xffffffff8020c38c                __RME_X64_USER217_Handler
                0xffffffff8020c39b                __RME_X64_USER218_Handler
                0xffffffff8020c3aa                __RME_X64_USER219_Handler
                0xffffffff8020c3b9                __RME_X64_USER220_Handler
                0xffffffff8020c3c8                __RME_X64_USER221_Handler
                0xffffffff8020c3d7                __RME_X64_USER222_Handler
                0xffffffff8020c3e6                __RME_X64_USER223_Handler
                0xffffffff8020c3f5                __RME_X64_USER224_Handler
                0xffffffff8020c404                __RME_X64_USER225_Handler
                0xffffffff8020c413                __RME_X64_USER226_Handler
                0xffffffff8020c422                __RME_X64_USER227_Handler
                0xffffffff8020c431                __RME_X64_USER228_Handler
                0xffffffff8020c440                __RME_X64_USER229_Handler
                0xffffffff8020c44f                __RME_X64_USER230_Handler
                0xffffffff8020c45e                __RME_X64_USER231_Handler
                0xffffffff8020c46d                __RME_X64_USER232_Handler
                0xffffffff8020c47c                __RME_X64_USER233_Handler
                0xffffffff8020c48b                __RME_X64_USER234_Handler
                0xffffffff8020c49a                __RME_X64_USER235_Handler
                0xffffffff8020c4a9                __RME_X64_USER236_Handler
                0xffffffff8020c4b8                __RME_X64_USER237_Handler
                0xffffffff8020c4c7                __RME_X64_USER238_Handler
                0xffffffff8020c4d6                __RME_X64_USER239_Handler
                0xffffffff8020c4e5                __RME_X64_USER240_Handler
                0xffffffff8020c4f4                __RME_X64_USER241_Handler
                0xffffffff8020c503                __RME_X64_USER242_Handler
                0xffffffff8020c512                __RME_X64_USER243_Handler
                0xffffffff8020c521                __RME_X64_USER244_Handler
                0xffffffff8020c530                __RME_X64_USER245_Handler
                0xffffffff8020c53c                __RME_X64_USER246_Handler
                0xffffffff8020c548                __RME_X64_USER247_Handler
                0xffffffff8020c554                __RME_X64_USER248_Handler
                0xffffffff8020c560                __RME_X64_USER249_Handler
                0xffffffff8020c56c                __RME_X64_USER250_Handler
                0xffffffff8020c578                __RME_X64_USER251_Handler
                0xffffffff8020c584                __RME_X64_USER252_Handler
                0xffffffff8020c590                __RME_X64_USER253_Handler
                0xffffffff8020c59c                __RME_X64_USER254_Handler
                0xffffffff8020c5a8                __RME_X64_USER255_Handler
                0xffffffff8020c609                SysTick_SMP_Handler
                0xffffffff8020c663                SysTick_Handler
                0xffffffff8020c6c2                SVC_Handler
 *(.text .rela.text .stub .text.* .gnu.linkonce.t.*)
 *fill*         0xffffffff8020c75e        0x2 
 .text          0xffffffff8020c760     0x8537 ./Platform/rme_platform_x64.o
                0xffffffff802112e0                __RME_Putchar
                0xffffffff80211320                __RME_X64_LAPIC_Ack
                0xffffffff80211340                __RME_X64_SMP_Init
                0xffffffff80211520                __RME_X64_SMP_Tick
                0xffffffff80211560                __RME_Low_Level_Init
                0xffffffff80212040                __RME_Pgtbl_Kmem_Init
                0xffffffff80212910                __RME_SMP_Low_Level_Init
                0xffffffff80212b90                __RME_Boot
                0xffffffff80213d90                __RME_Reboot
                0xffffffff80213e00                __RME_Shutdown
                0xffffffff80213e70                __RME_Get_Syscall_Param
                0xffffffff80213ea0                __RME_Set_Syscall_Retval
                0xffffffff80213eb0                __RME_Thd_Reg_Init
                0xffffffff80213f00                __RME_Thd_Reg_Copy
                0xffffffff80213fe0                __RME_Thd_Cop_Init
                0xffffffff80213ff0                __RME_Thd_Cop_Save
                0xffffffff80214000                __RME_Thd_Cop_Restore
                0xffffffff80214010                __RME_Inv_Reg_Save
                0xffffffff80214030                __RME_Inv_Reg_Restore
                0xffffffff80214050                __RME_Set_Inv_Retval
                0xffffffff80214060                NDBG
                0xffffffff802140a0                write_string
                0xffffffff802140d0                __RME_Kern_Func_Handler
                0xffffffff80214290                __RME_X64_Fault_Handler
                0xffffffff80214620                __RME_X64_Generic_Handler
                0xffffffff80214640                __RME_Pgtbl_Set
                0xffffffff80214670                __RME_Pgtbl_Check
                0xffffffff802146c0                __RME_Pgtbl_Init
                0xffffffff802147a0                __RME_Pgtbl_Del_Check
                0xffffffff802147f0                __RME_Pgtbl_Page_Map
                0xffffffff80214870                __RME_Pgtbl_Page_Unmap
                0xffffffff802148d0                __RME_Pgtbl_Pgdir_Map
                0xffffffff80214970                __RME_Pgtbl_Pgdir_Unmap
                0xffffffff80214a10                __RME_Pgtbl_Lookup
                0xffffffff80214ab0                __RME_Pgtbl_Walk
 .text.unlikely
                0xffffffff80214c97        0x0 ./Platform/rme_platform_x64.o
 *fill*         0xffffffff80214c97        0x9 
 .text.startup  0xffffffff80214ca0       0x2b ./Platform/rme_platform_x64.o
                0xffffffff80214ca0                main
 .rela.text     0xffffffff80214ccb        0x0 ./Platform/rme_platform_x64.o
 *fill*         0xffffffff80214ccb        0x5 
 .text          0xffffffff80214cd0      0xfc0 ./Kernel/rme_captbl.o
                0xffffffff80214cd0                _RME_Captbl_Boot_Init
                0xffffffff80214d80                _RME_Captbl_Boot_Crt
                0xffffffff80214f70                _RME_Captbl_Crt
                0xffffffff80215260                _RME_Captbl_Del
                0xffffffff80215500                _RME_Captbl_Frz
                0xffffffff802156a0                _RME_Captbl_Add
                0xffffffff80215ad0                _RME_Captbl_Rem
 .text.unlikely
                0xffffffff80215c90        0x0 ./Kernel/rme_captbl.o
 .text          0xffffffff80215c90     0x1546 ./Kernel/rme_kernel.o
                0xffffffff80215c90                _RME_Clear
                0xffffffff80215ec0                _RME_Memcmp
                0xffffffff80215f10                _RME_Memcpy
                0xffffffff80216160                _RME_Timestamp_Inc
                0xffffffff80216340                _RME_Kern_Boot_Crt
                0xffffffff802164b0                _RME_Kern_Act
                0xffffffff802165a0                _RME_Kmem_Boot_Crt
                0xffffffff802168c0                _RME_Svc_Handler
                0xffffffff80216e20                _RME_Tick_SMP_Handler
                0xffffffff80216ea0                _RME_Tick_Handler
                0xffffffff80216f20                RME_Kmain
                0xffffffff80216f60                RME_Print_Int
                0xffffffff802170e0                RME_Print_Uint
                0xffffffff802171a0                RME_Print_String
 .text.unlikely
                0xffffffff802171d6        0x0 ./Kernel/rme_kernel.o
 *fill*         0xffffffff802171d6        0xa 
 .text          0xffffffff802171e0      0x364 ./Kernel/rme_kotbl.o
                0xffffffff802171e0                _RME_Kotbl_Init
                0xffffffff80217220                _RME_Kotbl_Mark
                0xffffffff802173d0                _RME_Kotbl_Erase
 .text.unlikely
                0xffffffff80217544        0x0 ./Kernel/rme_kotbl.o
 *fill*         0xffffffff80217544        0xc 
 .text          0xffffffff80217550     0x1728 ./Kernel/rme_pgtbl.o
                0xffffffff80217550                _RME_Pgtbl_Boot_Crt
                0xffffffff80217950                _RME_Pgtbl_Boot_Con
                0xffffffff80217b60                _RME_Pgtbl_Boot_Add
                0xffffffff80217cc0                _RME_Pgtbl_Crt
                0xffffffff80218170                _RME_Pgtbl_Del
                0xffffffff80218430                _RME_Pgtbl_Add
                0xffffffff80218760                _RME_Pgtbl_Rem
                0xffffffff802188c0                _RME_Pgtbl_Con
                0xffffffff80218b20                _RME_Pgtbl_Des
 .text.unlikely
                0xffffffff80218c78        0x0 ./Kernel/rme_pgtbl.o
 *fill*         0xffffffff80218c78        0x8 
 .text          0xffffffff80218c80     0x42c9 ./Kernel/rme_prcthd.o
                0xffffffff80218c80                _RME_CPU_Local_Init
                0xffffffff80218ce0                __RME_List_Crt
                0xffffffff80218cf0                __RME_List_Del
                0xffffffff80218d00                __RME_List_Ins
                0xffffffff80218d10                __RME_Thd_Fatal
                0xffffffff80218f10                _RME_Run_Ins
                0xffffffff80218fd0                _RME_Run_Del
                0xffffffff802190a0                _RME_Run_High
                0xffffffff80219140                _RME_Run_Notif
                0xffffffff802191a0                _RME_Run_Swt
                0xffffffff80219290                _RME_Proc_Boot_Crt
                0xffffffff80219720                _RME_Proc_Crt
                0xffffffff80219ca0                _RME_Proc_Del
                0xffffffff80219f20                _RME_Proc_Cpt
                0xffffffff8021a1a0                _RME_Proc_Pgt
                0xffffffff8021a420                _RME_Thd_Boot_Crt
                0xffffffff8021a830                _RME_Thd_Crt
                0xffffffff8021acb0                _RME_Thd_Del
                0xffffffff8021af60                _RME_Thd_Exec_Set
                0xffffffff8021b0f0                _RME_Thd_Hyp_Set
                0xffffffff8021b230                _RME_Thd_Sched_Bind
                0xffffffff8021b620                _RME_Thd_Sched_Prio
                0xffffffff8021bb40                _RME_Thd_Sched_Free
                0xffffffff8021c010                _RME_Thd_Sched_Rcv
                0xffffffff8021c180                _RME_Thd_Time_Xfer
                0xffffffff8021c710                _RME_Thd_Swt
 .text.unlikely
                0xffffffff8021cf49        0x0 ./Kernel/rme_prcthd.o
 *fill*         0xffffffff8021cf49        0x7 
 .text          0xffffffff8021cf50     0x177f ./Kernel/rme_siginv.o
                0xffffffff8021cf50                _RME_Sig_Boot_Crt
                0xffffffff8021d110                _RME_Sig_Crt
                0xffffffff8021d3c0                _RME_Sig_Del
                0xffffffff8021d650                _RME_Kern_High
                0xffffffff8021d730                _RME_Kern_Snd
                0xffffffff8021d7e0                _RME_Sig_Snd
                0xffffffff8021d9d0                _RME_Sig_Rcv
                0xffffffff8021dcc0                _RME_Inv_Crt
                0xffffffff8021e060                _RME_Inv_Del
                0xffffffff8021e2d0                _RME_Inv_Set
                0xffffffff8021e3e0                _RME_Inv_Act
                0xffffffff8021e590                _RME_Inv_Ret
 .text.unlikely
                0xffffffff8021e6cf        0x0 ./Kernel/rme_siginv.o
 .text          0xffffffff8021e6cf        0x0 ./UVM.o
                [!provide]                        PROVIDE (etext, .)

.iplt           0xffffffff8021e6d0        0x0 load address 0x000000000021e6d0
 .iplt          0xffffffff8021e6d0        0x0 ./Platform/rme_platform_x64.o

.rodata         0xffffffff8021e6e0     0x2550 load address 0x000000000021e6e0
 *(.rodata .rodata.* .gnu.linkonce.r.*)
 .rodata.str1.8
                0xffffffff8021e6e0      0x278 ./Platform/rme_platform_x64.o
 .rodata.str1.1
                0xffffffff8021e958      0x6d8 ./Platform/rme_platform_x64.o
                                        0x6e3 (size before relaxing)
 *fill*         0xffffffff8021f030       0x10 
 .rodata        0xffffffff8021f040      0x2c0 ./Platform/rme_platform_x64.o
 .rodata.str1.8
                0xffffffff8021f300       0x55 ./Kernel/rme_captbl.o
                                         0x7d (size before relaxing)
 .rodata.str1.1
                0xffffffff8021f355        0x9 ./Kernel/rme_captbl.o
                                         0x25 (size before relaxing)
 *fill*         0xffffffff8021f35e        0x2 
 .rodata.str1.8
                0xffffffff8021f360       0x55 ./Kernel/rme_kernel.o
                                         0x7d (size before relaxing)
 .rodata.str1.1
                0xffffffff8021f3b5       0x25 ./Kernel/rme_kernel.o
 *fill*         0xffffffff8021f3b5        0x3 
 .rodata        0xffffffff8021f3b8      0x118 ./Kernel/rme_kernel.o
 .rodata.str1.8
                0xffffffff8021f4d0       0x54 ./Kernel/rme_pgtbl.o
                                         0x7c (size before relaxing)
 .rodata.str1.1
                0xffffffff8021f524        0x9 ./Kernel/rme_pgtbl.o
                                         0x25 (size before relaxing)
 *fill*         0xffffffff8021f52d        0x3 
 .rodata.str1.8
                0xffffffff8021f530       0x55 ./Kernel/rme_prcthd.o
                                         0x7d (size before relaxing)
 .rodata.str1.1
                0xffffffff8021f585       0x25 ./Kernel/rme_prcthd.o
 *fill*         0xffffffff8021f585        0x3 
 .rodata.str1.8
                0xffffffff8021f588       0x58 ./Kernel/rme_siginv.o
                                         0x7d (size before relaxing)
 .rodata.str1.1
                0xffffffff8021f5e0       0x25 ./Kernel/rme_siginv.o
 .rodata        0xffffffff8021f5e0     0x1650 ./UVM.o
                0xffffffff8021f5e0                UVM_Init

.rela.dyn       0xffffffff80220c30        0x0 load address 0x0000000000220c30
 .rela.iplt     0xffffffff80220c30        0x0 ./Platform/rme_platform_x64.o
 .rela.text.startup
                0xffffffff80220c30        0x0 ./Platform/rme_platform_x64.o
                0xffffffff80221000                . = ALIGN (0x1000)
                [!provide]                        PROVIDE (data, .)

.data           0xffffffff80221000        0x0 load address 0x0000000000221000
 *(.data)
 .data          0xffffffff80221000        0x0 ./Platform/rme_platform_x64.o
 .data          0xffffffff80221000        0x0 ./Platform/rme_platform_x64_asm.o
 .data          0xffffffff80221000        0x0 ./Kernel/rme_captbl.o
 .data          0xffffffff80221000        0x0 ./Kernel/rme_kernel.o
 .data          0xffffffff80221000        0x0 ./Kernel/rme_kotbl.o
 .data          0xffffffff80221000        0x0 ./Kernel/rme_pgtbl.o
 .data          0xffffffff80221000        0x0 ./Kernel/rme_prcthd.o
 .data          0xffffffff80221000        0x0 ./Kernel/rme_siginv.o
 .data          0xffffffff80221000        0x0 ./UVM.o

.igot.plt       0xffffffff80221000        0x0 load address 0x0000000000221000
 .igot.plt      0xffffffff80221000        0x0 ./Platform/rme_platform_x64.o
                0xffffffff80221000                . = ALIGN (0x1000)
                0xffffffff80221000                PROVIDE (edata, .)
                0xffffffff80221000                . = ALIGN (0x1000)

.bss            0xffffffff80221000     0x9768 load address 0x0000000000221000
 *rme_captbl.o(.bss)
 .bss           0xffffffff80221000        0x0 ./Kernel/rme_captbl.o
 *rme_kernel.o(.bss)
 .bss           0xffffffff80221000        0x8 ./Kernel/rme_kernel.o
                0xffffffff80221000                RME_Timestamp
 *rme_pgtbl.o(.bss)
 .bss           0xffffffff80221008        0x0 ./Kernel/rme_pgtbl.o
 *rme_prcthd.o(.bss)
 .bss           0xffffffff80221008        0x0 ./Kernel/rme_prcthd.o
 *rme_siginv.o(.bss)
 .bss           0xffffffff80221008        0x0 ./Kernel/rme_siginv.o
 *rme_platform_x64.o(.bss)
 *fill*         0xffffffff80221008       0x18 
 .bss           0xffffffff80221020     0x9748 ./Platform/rme_platform_x64.o
                0xffffffff80221020                RME_X64_Mem
                0xffffffff80229020                RME_X64_Phys_Mem
 *rme_platform_x64_asm.o(.bss)
 .bss           0xffffffff8022a768        0x0 ./Platform/rme_platform_x64_asm.o
 *(COMMON)
 .bss           0xffffffff8022a768        0x0 ./UVM.o
                0xffffffff8022a768                PROVIDE (end, .)
                0xffffffff81000000                . = 0xffffffff81000000

.noinit         0xffffffff81000000        0x0 load address 0x0000000001000000
 *rme_kotbl.o(.bss)
 .bss           0xffffffff81000000        0x0 ./Kernel/rme_kotbl.o

/DISCARD/
 *(.eh_frame .rela.eh_frame .note.GNU-stack)
                0x0000000000221000                __RME_X64_Mboot_Load_End = (__RME_X64_Mboot_Load_Addr + (edata - begin))
                0x000000000022a768                __RME_X64_Mboot_BSS_End = (__RME_X64_Mboot_Load_Addr + (end - begin))
                0x0000000000108000                __RME_X64_Mboot_Entry_Addr = (__RME_X64_Mboot_Load_Addr + (__RME_X64_Mboot_Entry - begin))
LOAD ./Platform/rme_platform_x64.o
LOAD ./Platform/rme_platform_x64_asm.o
LOAD ./Kernel/rme_captbl.o
LOAD ./Kernel/rme_kernel.o
LOAD ./Kernel/rme_kotbl.o
LOAD ./Kernel/rme_pgtbl.o
LOAD ./Kernel/rme_prcthd.o
LOAD ./Kernel/rme_siginv.o
LOAD ./UVM.o
OUTPUT(RME elf64-x86-64)

.debug_info     0x0000000000000000    0x11e3b
 .debug_info    0x0000000000000000     0x6d0f ./Platform/rme_platform_x64.o
 .debug_info    0x0000000000006d0f      0xbc7 ./Kernel/rme_captbl.o
 .debug_info    0x00000000000078d6     0x1c4e ./Kernel/rme_kernel.o
 .debug_info    0x0000000000009524      0x4e1 ./Kernel/rme_kotbl.o
 .debug_info    0x0000000000009a05     0x1249 ./Kernel/rme_pgtbl.o
 .debug_info    0x000000000000ac4e     0x5345 ./Kernel/rme_prcthd.o
 .debug_info    0x000000000000ff93     0x1e48 ./Kernel/rme_siginv.o
 .debug_info    0x0000000000011ddb       0x60 ./UVM.o

.debug_abbrev   0x0000000000000000     0x14de
 .debug_abbrev  0x0000000000000000      0x4fa ./Platform/rme_platform_x64.o
 .debug_abbrev  0x00000000000004fa      0x20a ./Kernel/rme_captbl.o
 .debug_abbrev  0x0000000000000704      0x3f5 ./Kernel/rme_kernel.o
 .debug_abbrev  0x0000000000000af9      0x143 ./Kernel/rme_kotbl.o
 .debug_abbrev  0x0000000000000c3c      0x23f ./Kernel/rme_pgtbl.o
 .debug_abbrev  0x0000000000000e7b      0x370 ./Kernel/rme_prcthd.o
 .debug_abbrev  0x00000000000011eb      0x2ab ./Kernel/rme_siginv.o
 .debug_abbrev  0x0000000000001496       0x48 ./UVM.o

.debug_loc      0x0000000000000000    0x14aa7
 .debug_loc     0x0000000000000000     0x2bb7 ./Platform/rme_platform_x64.o
 .debug_loc     0x0000000000002bb7     0x1cc8 ./Kernel/rme_captbl.o
 .debug_loc     0x000000000000487f     0x26da ./Kernel/rme_kernel.o
 .debug_loc     0x0000000000006f59      0xbf2 ./Kernel/rme_kotbl.o
 .debug_loc     0x0000000000007b4b     0x2843 ./Kernel/rme_pgtbl.o
 .debug_loc     0x000000000000a38e     0x7931 ./Kernel/rme_prcthd.o
 .debug_loc     0x0000000000011cbf     0x2de8 ./Kernel/rme_siginv.o

.debug_aranges  0x0000000000000000      0x180
 .debug_aranges
                0x0000000000000000       0x40 ./Platform/rme_platform_x64.o
 .debug_aranges
                0x0000000000000040       0x30 ./Kernel/rme_captbl.o
 .debug_aranges
                0x0000000000000070       0x30 ./Kernel/rme_kernel.o
 .debug_aranges
                0x00000000000000a0       0x30 ./Kernel/rme_kotbl.o
 .debug_aranges
                0x00000000000000d0       0x30 ./Kernel/rme_pgtbl.o
 .debug_aranges
                0x0000000000000100       0x30 ./Kernel/rme_prcthd.o
 .debug_aranges
                0x0000000000000130       0x30 ./Kernel/rme_siginv.o
 .debug_aranges
                0x0000000000000160       0x20 ./UVM.o

.debug_ranges   0x0000000000000000      0xe50
 .debug_ranges  0x0000000000000000      0x360 ./Platform/rme_platform_x64.o
 .debug_ranges  0x0000000000000360       0x70 ./Kernel/rme_captbl.o
 .debug_ranges  0x00000000000003d0       0xd0 ./Kernel/rme_kernel.o
 .debug_ranges  0x00000000000004a0       0x40 ./Kernel/rme_kotbl.o
 .debug_ranges  0x00000000000004e0       0xa0 ./Kernel/rme_pgtbl.o
 .debug_ranges  0x0000000000000580      0x7b0 ./Kernel/rme_prcthd.o
 .debug_ranges  0x0000000000000d30      0x120 ./Kernel/rme_siginv.o

.debug_macro    0x0000000000000000     0x2148
 .debug_macro   0x0000000000000000      0x113 ./Platform/rme_platform_x64.o
 .debug_macro   0x0000000000000113      0x5aa ./Platform/rme_platform_x64.o
 .debug_macro   0x00000000000006bd      0x106 ./Platform/rme_platform_x64.o
 .debug_macro   0x00000000000007c3      0x5b8 ./Platform/rme_platform_x64.o
 .debug_macro   0x0000000000000d7b       0x22 ./Platform/rme_platform_x64.o
 .debug_macro   0x0000000000000d9d       0x28 ./Platform/rme_platform_x64.o
 .debug_macro   0x0000000000000dc5       0xe4 ./Platform/rme_platform_x64.o
 .debug_macro   0x0000000000000ea9       0x58 ./Platform/rme_platform_x64.o
 .debug_macro   0x0000000000000f01       0x64 ./Platform/rme_platform_x64.o
 .debug_macro   0x0000000000000f65       0x22 ./Platform/rme_platform_x64.o
 .debug_macro   0x0000000000000f87       0xd2 ./Platform/rme_platform_x64.o
 .debug_macro   0x0000000000001059       0xf1 ./Platform/rme_platform_x64.o
 .debug_macro   0x000000000000114a       0x2e ./Platform/rme_platform_x64.o
 .debug_macro   0x0000000000001178      0x560 ./Platform/rme_platform_x64.o
 .debug_macro   0x00000000000016d8       0x19 ./Platform/rme_platform_x64.o
 .debug_macro   0x00000000000016f1       0x19 ./Platform/rme_platform_x64.o
 .debug_macro   0x000000000000170a       0x19 ./Platform/rme_platform_x64.o
 .debug_macro   0x0000000000001723       0x16 ./Platform/rme_platform_x64.o
 .debug_macro   0x0000000000001739       0x16 ./Platform/rme_platform_x64.o
 .debug_macro   0x000000000000174f       0x16 ./Platform/rme_platform_x64.o
 .debug_macro   0x0000000000001765       0x35 ./Platform/rme_platform_x64.o
 .debug_macro   0x000000000000179a       0x35 ./Platform/rme_platform_x64.o
 .debug_macro   0x00000000000017cf       0x35 ./Platform/rme_platform_x64.o
 .debug_macro   0x0000000000001804       0x2f ./Platform/rme_platform_x64.o
 .debug_macro   0x0000000000001833       0x2e ./Platform/rme_platform_x64.o
 .debug_macro   0x0000000000001861       0x35 ./Platform/rme_platform_x64.o
 .debug_macro   0x0000000000001896       0x2f ./Platform/rme_platform_x64.o
 .debug_macro   0x00000000000018c5       0xe9 ./Kernel/rme_captbl.o
 .debug_macro   0x00000000000019ae       0xe4 ./Kernel/rme_captbl.o
 .debug_macro   0x0000000000001a92       0x16 ./Kernel/rme_captbl.o
 .debug_macro   0x0000000000001aa8       0x35 ./Kernel/rme_captbl.o
 .debug_macro   0x0000000000001add       0x35 ./Kernel/rme_captbl.o
 .debug_macro   0x0000000000001b12      0x128 ./Kernel/rme_kernel.o
 .debug_macro   0x0000000000001c3a       0x35 ./Kernel/rme_kernel.o
 .debug_macro   0x0000000000001c6f       0xc5 ./Kernel/rme_kotbl.o
 .debug_macro   0x0000000000001d34       0x2e ./Kernel/rme_kotbl.o
 .debug_macro   0x0000000000001d62       0xf2 ./Kernel/rme_pgtbl.o
 .debug_macro   0x0000000000001e54       0x2f ./Kernel/rme_pgtbl.o
 .debug_macro   0x0000000000001e83      0x128 ./Kernel/rme_prcthd.o
 .debug_macro   0x0000000000001fab       0x35 ./Kernel/rme_prcthd.o
 .debug_macro   0x0000000000001fe0      0x128 ./Kernel/rme_siginv.o
 .debug_macro   0x0000000000002108       0x2f ./Kernel/rme_siginv.o
 .debug_macro   0x0000000000002137       0x11 ./UVM.o

.debug_line     0x0000000000000000     0x57b2
 .debug_line    0x0000000000000000     0x14dd ./Platform/rme_platform_x64.o
 .debug_line    0x00000000000014dd      0x966 ./Kernel/rme_captbl.o
 .debug_line    0x0000000000001e43      0x7ca ./Kernel/rme_kernel.o
 .debug_line    0x000000000000260d      0x4c3 ./Kernel/rme_kotbl.o
 .debug_line    0x0000000000002ad0      0xa9a ./Kernel/rme_pgtbl.o
 .debug_line    0x000000000000356a     0x16c8 ./Kernel/rme_prcthd.o
 .debug_line    0x0000000000004c32      0xb57 ./Kernel/rme_siginv.o
 .debug_line    0x0000000000005789       0x29 ./UVM.o

.debug_str      0x0000000000000000     0x9a46
 .debug_str     0x0000000000000000     0x9037 ./Platform/rme_platform_x64.o
                                       0x91b1 (size before relaxing)
 .debug_str     0x0000000000009037      0x220 ./Kernel/rme_captbl.o
                                       0x7c3a (size before relaxing)
 .debug_str     0x0000000000009257      0x343 ./Kernel/rme_kernel.o
                                       0x865a (size before relaxing)
 .debug_str     0x000000000000959a       0xa6 ./Kernel/rme_kotbl.o
                                       0x65ea (size before relaxing)
 .debug_str     0x0000000000009640       0xea ./Kernel/rme_pgtbl.o
                                       0x7d1e (size before relaxing)
 .debug_str     0x000000000000972a      0x22d ./Kernel/rme_prcthd.o
                                       0x8685 (size before relaxing)
 .debug_str     0x0000000000009957       0x8c ./Kernel/rme_siginv.o
                                       0x843a (size before relaxing)
 .debug_str     0x00000000000099e3       0x63 ./UVM.o
                                       0x1a96 (size before relaxing)

.comment        0x0000000000000000       0x35
 .comment       0x0000000000000000       0x35 ./Platform/rme_platform_x64.o
                                         0x36 (size before relaxing)
 .comment       0x0000000000000035       0x36 ./Kernel/rme_captbl.o
 .comment       0x0000000000000035       0x36 ./Kernel/rme_kernel.o
 .comment       0x0000000000000035       0x36 ./Kernel/rme_kotbl.o
 .comment       0x0000000000000035       0x36 ./Kernel/rme_pgtbl.o
 .comment       0x0000000000000035       0x36 ./Kernel/rme_prcthd.o
 .comment       0x0000000000000035       0x36 ./Kernel/rme_siginv.o
 .comment       0x0000000000000035       0x36 ./UVM.o
