
Discarded input sections

 .group         0x0000000000000000        0x8 ./Platform/platform_x64.o
 .group         0x0000000000000000        0x8 ./Platform/platform_x64.o
 .group         0x0000000000000000        0x8 ./Platform/platform_x64.o
 .group         0x0000000000000000        0x8 ./Platform/platform_x64.o
 .group         0x0000000000000000        0x8 ./Platform/platform_x64.o
 .group         0x0000000000000000        0x8 ./Platform/platform_x64.o
 .group         0x0000000000000000        0x8 ./Platform/platform_x64.o
 .group         0x0000000000000000        0x8 ./Platform/platform_x64.o
 .group         0x0000000000000000        0x8 ./Platform/platform_x64.o
 .group         0x0000000000000000        0x8 ./Platform/platform_x64.o
 .group         0x0000000000000000        0x8 ./Platform/platform_x64.o
 .group         0x0000000000000000        0x8 ./Platform/platform_x64.o
 .group         0x0000000000000000        0x8 ./Platform/platform_x64.o
 .group         0x0000000000000000        0x8 ./Platform/platform_x64.o
 .group         0x0000000000000000        0x8 ./Platform/platform_x64.o
 .group         0x0000000000000000        0x8 ./Platform/platform_x64.o
 .group         0x0000000000000000        0x8 ./Platform/platform_x64.o
 .group         0x0000000000000000        0x8 ./Platform/platform_x64.o
 .group         0x0000000000000000        0x8 ./Platform/platform_x64.o
 .group         0x0000000000000000        0x8 ./Platform/platform_x64.o
 .group         0x0000000000000000        0x8 ./Platform/platform_x64.o
 .group         0x0000000000000000        0x8 ./Platform/platform_x64.o
 .group         0x0000000000000000        0x8 ./Platform/platform_x64.o
 .group         0x0000000000000000        0x8 ./Platform/platform_x64.o
 .group         0x0000000000000000        0x8 ./Platform/platform_x64.o
 .group         0x0000000000000000        0x8 ./Platform/platform_x64.o
 .note.GNU-stack
                0x0000000000000000        0x0 ./Platform/platform_x64.o
 .eh_frame      0x0000000000000000      0x530 ./Platform/platform_x64.o
 .group         0x0000000000000000        0x8 ./Kernel/captbl.o
 .group         0x0000000000000000        0x8 ./Kernel/captbl.o
 .group         0x0000000000000000        0x8 ./Kernel/captbl.o
 .group         0x0000000000000000        0x8 ./Kernel/captbl.o
 .group         0x0000000000000000        0x8 ./Kernel/captbl.o
 .group         0x0000000000000000        0x8 ./Kernel/captbl.o
 .group         0x0000000000000000        0x8 ./Kernel/captbl.o
 .group         0x0000000000000000        0x8 ./Kernel/captbl.o
 .group         0x0000000000000000        0x8 ./Kernel/captbl.o
 .group         0x0000000000000000        0x8 ./Kernel/captbl.o
 .group         0x0000000000000000        0x8 ./Kernel/captbl.o
 .group         0x0000000000000000        0x8 ./Kernel/captbl.o
 .group         0x0000000000000000        0x8 ./Kernel/captbl.o
 .group         0x0000000000000000        0x8 ./Kernel/captbl.o
 .group         0x0000000000000000        0x8 ./Kernel/captbl.o
 .group         0x0000000000000000        0x8 ./Kernel/captbl.o
 .group         0x0000000000000000        0x8 ./Kernel/captbl.o
 .group         0x0000000000000000        0x8 ./Kernel/captbl.o
 .group         0x0000000000000000        0x8 ./Kernel/captbl.o
 .group         0x0000000000000000        0x8 ./Kernel/captbl.o
 .debug_macro   0x0000000000000000      0x5aa ./Kernel/captbl.o
 .debug_macro   0x0000000000000000       0xd2 ./Kernel/captbl.o
 .debug_macro   0x0000000000000000       0xc9 ./Kernel/captbl.o
 .debug_macro   0x0000000000000000       0x22 ./Kernel/captbl.o
 .debug_macro   0x0000000000000000      0x560 ./Kernel/captbl.o
 .debug_macro   0x0000000000000000      0x10c ./Kernel/captbl.o
 .debug_macro   0x0000000000000000      0x5b8 ./Kernel/captbl.o
 .debug_macro   0x0000000000000000       0x22 ./Kernel/captbl.o
 .debug_macro   0x0000000000000000       0x58 ./Kernel/captbl.o
 .debug_macro   0x0000000000000000       0x28 ./Kernel/captbl.o
 .debug_macro   0x0000000000000000       0x19 ./Kernel/captbl.o
 .debug_macro   0x0000000000000000       0x19 ./Kernel/captbl.o
 .debug_macro   0x0000000000000000       0x19 ./Kernel/captbl.o
 .debug_macro   0x0000000000000000       0x16 ./Kernel/captbl.o
 .debug_macro   0x0000000000000000       0x35 ./Kernel/captbl.o
 .debug_macro   0x0000000000000000       0x2e ./Kernel/captbl.o
 .note.GNU-stack
                0x0000000000000000        0x0 ./Kernel/captbl.o
 .eh_frame      0x0000000000000000      0x1d8 ./Kernel/captbl.o
 .group         0x0000000000000000        0x8 ./Kernel/kernel.o
 .group         0x0000000000000000        0x8 ./Kernel/kernel.o
 .group         0x0000000000000000        0x8 ./Kernel/kernel.o
 .group         0x0000000000000000        0x8 ./Kernel/kernel.o
 .group         0x0000000000000000        0x8 ./Kernel/kernel.o
 .group         0x0000000000000000        0x8 ./Kernel/kernel.o
 .group         0x0000000000000000        0x8 ./Kernel/kernel.o
 .group         0x0000000000000000        0x8 ./Kernel/kernel.o
 .group         0x0000000000000000        0x8 ./Kernel/kernel.o
 .group         0x0000000000000000        0x8 ./Kernel/kernel.o
 .group         0x0000000000000000        0x8 ./Kernel/kernel.o
 .group         0x0000000000000000        0x8 ./Kernel/kernel.o
 .group         0x0000000000000000        0x8 ./Kernel/kernel.o
 .group         0x0000000000000000        0x8 ./Kernel/kernel.o
 .group         0x0000000000000000        0x8 ./Kernel/kernel.o
 .group         0x0000000000000000        0x8 ./Kernel/kernel.o
 .group         0x0000000000000000        0x8 ./Kernel/kernel.o
 .group         0x0000000000000000        0x8 ./Kernel/kernel.o
 .group         0x0000000000000000        0x8 ./Kernel/kernel.o
 .group         0x0000000000000000        0x8 ./Kernel/kernel.o
 .group         0x0000000000000000        0x8 ./Kernel/kernel.o
 .group         0x0000000000000000        0x8 ./Kernel/kernel.o
 .group         0x0000000000000000        0x8 ./Kernel/kernel.o
 .group         0x0000000000000000        0x8 ./Kernel/kernel.o
 .group         0x0000000000000000        0x8 ./Kernel/kernel.o
 .group         0x0000000000000000        0x8 ./Kernel/kernel.o
 .group         0x0000000000000000        0x8 ./Kernel/kernel.o
 .debug_macro   0x0000000000000000      0x5aa ./Kernel/kernel.o
 .debug_macro   0x0000000000000000       0xd2 ./Kernel/kernel.o
 .debug_macro   0x0000000000000000       0xc9 ./Kernel/kernel.o
 .debug_macro   0x0000000000000000       0x22 ./Kernel/kernel.o
 .debug_macro   0x0000000000000000      0x560 ./Kernel/kernel.o
 .debug_macro   0x0000000000000000      0x10c ./Kernel/kernel.o
 .debug_macro   0x0000000000000000      0x5b8 ./Kernel/kernel.o
 .debug_macro   0x0000000000000000       0x22 ./Kernel/kernel.o
 .debug_macro   0x0000000000000000       0xde ./Kernel/kernel.o
 .debug_macro   0x0000000000000000       0x58 ./Kernel/kernel.o
 .debug_macro   0x0000000000000000       0x28 ./Kernel/kernel.o
 .debug_macro   0x0000000000000000       0x64 ./Kernel/kernel.o
 .debug_macro   0x0000000000000000       0x22 ./Kernel/kernel.o
 .debug_macro   0x0000000000000000       0x19 ./Kernel/kernel.o
 .debug_macro   0x0000000000000000       0x19 ./Kernel/kernel.o
 .debug_macro   0x0000000000000000       0x19 ./Kernel/kernel.o
 .debug_macro   0x0000000000000000       0x16 ./Kernel/kernel.o
 .debug_macro   0x0000000000000000       0x16 ./Kernel/kernel.o
 .debug_macro   0x0000000000000000       0x16 ./Kernel/kernel.o
 .debug_macro   0x0000000000000000       0x16 ./Kernel/kernel.o
 .debug_macro   0x0000000000000000       0x35 ./Kernel/kernel.o
 .debug_macro   0x0000000000000000       0x35 ./Kernel/kernel.o
 .debug_macro   0x0000000000000000       0x2f ./Kernel/kernel.o
 .debug_macro   0x0000000000000000       0x2e ./Kernel/kernel.o
 .debug_macro   0x0000000000000000       0x35 ./Kernel/kernel.o
 .debug_macro   0x0000000000000000       0x2f ./Kernel/kernel.o
 .note.GNU-stack
                0x0000000000000000        0x0 ./Kernel/kernel.o
 .eh_frame      0x0000000000000000      0x308 ./Kernel/kernel.o
 .group         0x0000000000000000        0x8 ./Kernel/kotbl.o
 .group         0x0000000000000000        0x8 ./Kernel/kotbl.o
 .group         0x0000000000000000        0x8 ./Kernel/kotbl.o
 .group         0x0000000000000000        0x8 ./Kernel/kotbl.o
 .group         0x0000000000000000        0x8 ./Kernel/kotbl.o
 .group         0x0000000000000000        0x8 ./Kernel/kotbl.o
 .group         0x0000000000000000        0x8 ./Kernel/kotbl.o
 .group         0x0000000000000000        0x8 ./Kernel/kotbl.o
 .group         0x0000000000000000        0x8 ./Kernel/kotbl.o
 .group         0x0000000000000000        0x8 ./Kernel/kotbl.o
 .group         0x0000000000000000        0x8 ./Kernel/kotbl.o
 .group         0x0000000000000000        0x8 ./Kernel/kotbl.o
 .group         0x0000000000000000        0x8 ./Kernel/kotbl.o
 .group         0x0000000000000000        0x8 ./Kernel/kotbl.o
 .group         0x0000000000000000        0x8 ./Kernel/kotbl.o
 .group         0x0000000000000000        0x8 ./Kernel/kotbl.o
 .debug_macro   0x0000000000000000      0x5aa ./Kernel/kotbl.o
 .debug_macro   0x0000000000000000       0xd2 ./Kernel/kotbl.o
 .debug_macro   0x0000000000000000       0xc9 ./Kernel/kotbl.o
 .debug_macro   0x0000000000000000       0x22 ./Kernel/kotbl.o
 .debug_macro   0x0000000000000000      0x560 ./Kernel/kotbl.o
 .debug_macro   0x0000000000000000      0x10c ./Kernel/kotbl.o
 .debug_macro   0x0000000000000000      0x5b8 ./Kernel/kotbl.o
 .debug_macro   0x0000000000000000       0x22 ./Kernel/kotbl.o
 .debug_macro   0x0000000000000000       0x28 ./Kernel/kotbl.o
 .debug_macro   0x0000000000000000       0x19 ./Kernel/kotbl.o
 .debug_macro   0x0000000000000000       0x19 ./Kernel/kotbl.o
 .debug_macro   0x0000000000000000       0x16 ./Kernel/kotbl.o
 .debug_macro   0x0000000000000000       0x16 ./Kernel/kotbl.o
 .debug_macro   0x0000000000000000       0x35 ./Kernel/kotbl.o
 .debug_macro   0x0000000000000000       0x35 ./Kernel/kotbl.o
 .note.GNU-stack
                0x0000000000000000        0x0 ./Kernel/kotbl.o
 .eh_frame      0x0000000000000000      0x110 ./Kernel/kotbl.o
 .group         0x0000000000000000        0x8 ./Kernel/pgtbl.o
 .group         0x0000000000000000        0x8 ./Kernel/pgtbl.o
 .group         0x0000000000000000        0x8 ./Kernel/pgtbl.o
 .group         0x0000000000000000        0x8 ./Kernel/pgtbl.o
 .group         0x0000000000000000        0x8 ./Kernel/pgtbl.o
 .group         0x0000000000000000        0x8 ./Kernel/pgtbl.o
 .group         0x0000000000000000        0x8 ./Kernel/pgtbl.o
 .group         0x0000000000000000        0x8 ./Kernel/pgtbl.o
 .group         0x0000000000000000        0x8 ./Kernel/pgtbl.o
 .group         0x0000000000000000        0x8 ./Kernel/pgtbl.o
 .group         0x0000000000000000        0x8 ./Kernel/pgtbl.o
 .group         0x0000000000000000        0x8 ./Kernel/pgtbl.o
 .group         0x0000000000000000        0x8 ./Kernel/pgtbl.o
 .group         0x0000000000000000        0x8 ./Kernel/pgtbl.o
 .group         0x0000000000000000        0x8 ./Kernel/pgtbl.o
 .group         0x0000000000000000        0x8 ./Kernel/pgtbl.o
 .group         0x0000000000000000        0x8 ./Kernel/pgtbl.o
 .group         0x0000000000000000        0x8 ./Kernel/pgtbl.o
 .group         0x0000000000000000        0x8 ./Kernel/pgtbl.o
 .group         0x0000000000000000        0x8 ./Kernel/pgtbl.o
 .group         0x0000000000000000        0x8 ./Kernel/pgtbl.o
 .debug_macro   0x0000000000000000      0x5aa ./Kernel/pgtbl.o
 .debug_macro   0x0000000000000000       0xd2 ./Kernel/pgtbl.o
 .debug_macro   0x0000000000000000       0xc9 ./Kernel/pgtbl.o
 .debug_macro   0x0000000000000000       0x22 ./Kernel/pgtbl.o
 .debug_macro   0x0000000000000000      0x560 ./Kernel/pgtbl.o
 .debug_macro   0x0000000000000000      0x10c ./Kernel/pgtbl.o
 .debug_macro   0x0000000000000000      0x5b8 ./Kernel/pgtbl.o
 .debug_macro   0x0000000000000000       0x22 ./Kernel/pgtbl.o
 .debug_macro   0x0000000000000000       0xde ./Kernel/pgtbl.o
 .debug_macro   0x0000000000000000       0x28 ./Kernel/pgtbl.o
 .debug_macro   0x0000000000000000       0x58 ./Kernel/pgtbl.o
 .debug_macro   0x0000000000000000       0x19 ./Kernel/pgtbl.o
 .debug_macro   0x0000000000000000       0x19 ./Kernel/pgtbl.o
 .debug_macro   0x0000000000000000       0x19 ./Kernel/pgtbl.o
 .debug_macro   0x0000000000000000       0x16 ./Kernel/pgtbl.o
 .debug_macro   0x0000000000000000       0x16 ./Kernel/pgtbl.o
 .debug_macro   0x0000000000000000       0x35 ./Kernel/pgtbl.o
 .debug_macro   0x0000000000000000       0x35 ./Kernel/pgtbl.o
 .debug_macro   0x0000000000000000       0x35 ./Kernel/pgtbl.o
 .debug_macro   0x0000000000000000       0x2e ./Kernel/pgtbl.o
 .note.GNU-stack
                0x0000000000000000        0x0 ./Kernel/pgtbl.o
 .eh_frame      0x0000000000000000      0x2e8 ./Kernel/pgtbl.o
 .group         0x0000000000000000        0x8 ./Kernel/prcthd.o
 .group         0x0000000000000000        0x8 ./Kernel/prcthd.o
 .group         0x0000000000000000        0x8 ./Kernel/prcthd.o
 .group         0x0000000000000000        0x8 ./Kernel/prcthd.o
 .group         0x0000000000000000        0x8 ./Kernel/prcthd.o
 .group         0x0000000000000000        0x8 ./Kernel/prcthd.o
 .group         0x0000000000000000        0x8 ./Kernel/prcthd.o
 .group         0x0000000000000000        0x8 ./Kernel/prcthd.o
 .group         0x0000000000000000        0x8 ./Kernel/prcthd.o
 .group         0x0000000000000000        0x8 ./Kernel/prcthd.o
 .group         0x0000000000000000        0x8 ./Kernel/prcthd.o
 .group         0x0000000000000000        0x8 ./Kernel/prcthd.o
 .group         0x0000000000000000        0x8 ./Kernel/prcthd.o
 .group         0x0000000000000000        0x8 ./Kernel/prcthd.o
 .group         0x0000000000000000        0x8 ./Kernel/prcthd.o
 .group         0x0000000000000000        0x8 ./Kernel/prcthd.o
 .group         0x0000000000000000        0x8 ./Kernel/prcthd.o
 .group         0x0000000000000000        0x8 ./Kernel/prcthd.o
 .group         0x0000000000000000        0x8 ./Kernel/prcthd.o
 .group         0x0000000000000000        0x8 ./Kernel/prcthd.o
 .group         0x0000000000000000        0x8 ./Kernel/prcthd.o
 .group         0x0000000000000000        0x8 ./Kernel/prcthd.o
 .group         0x0000000000000000        0x8 ./Kernel/prcthd.o
 .group         0x0000000000000000        0x8 ./Kernel/prcthd.o
 .group         0x0000000000000000        0x8 ./Kernel/prcthd.o
 .group         0x0000000000000000        0x8 ./Kernel/prcthd.o
 .group         0x0000000000000000        0x8 ./Kernel/prcthd.o
 .debug_macro   0x0000000000000000      0x5aa ./Kernel/prcthd.o
 .debug_macro   0x0000000000000000       0xd2 ./Kernel/prcthd.o
 .debug_macro   0x0000000000000000       0xc9 ./Kernel/prcthd.o
 .debug_macro   0x0000000000000000       0x22 ./Kernel/prcthd.o
 .debug_macro   0x0000000000000000      0x560 ./Kernel/prcthd.o
 .debug_macro   0x0000000000000000      0x10c ./Kernel/prcthd.o
 .debug_macro   0x0000000000000000      0x5b8 ./Kernel/prcthd.o
 .debug_macro   0x0000000000000000       0x22 ./Kernel/prcthd.o
 .debug_macro   0x0000000000000000       0xde ./Kernel/prcthd.o
 .debug_macro   0x0000000000000000       0x58 ./Kernel/prcthd.o
 .debug_macro   0x0000000000000000       0x22 ./Kernel/prcthd.o
 .debug_macro   0x0000000000000000       0x28 ./Kernel/prcthd.o
 .debug_macro   0x0000000000000000       0x64 ./Kernel/prcthd.o
 .debug_macro   0x0000000000000000       0x19 ./Kernel/prcthd.o
 .debug_macro   0x0000000000000000       0x19 ./Kernel/prcthd.o
 .debug_macro   0x0000000000000000       0x19 ./Kernel/prcthd.o
 .debug_macro   0x0000000000000000       0x16 ./Kernel/prcthd.o
 .debug_macro   0x0000000000000000       0x16 ./Kernel/prcthd.o
 .debug_macro   0x0000000000000000       0x16 ./Kernel/prcthd.o
 .debug_macro   0x0000000000000000       0x16 ./Kernel/prcthd.o
 .debug_macro   0x0000000000000000       0x35 ./Kernel/prcthd.o
 .debug_macro   0x0000000000000000       0x35 ./Kernel/prcthd.o
 .debug_macro   0x0000000000000000       0x35 ./Kernel/prcthd.o
 .debug_macro   0x0000000000000000       0x2f ./Kernel/prcthd.o
 .debug_macro   0x0000000000000000       0x2e ./Kernel/prcthd.o
 .debug_macro   0x0000000000000000       0x2f ./Kernel/prcthd.o
 .note.GNU-stack
                0x0000000000000000        0x0 ./Kernel/prcthd.o
 .eh_frame      0x0000000000000000      0x5f0 ./Kernel/prcthd.o
 .group         0x0000000000000000        0x8 ./Kernel/siginv.o
 .group         0x0000000000000000        0x8 ./Kernel/siginv.o
 .group         0x0000000000000000        0x8 ./Kernel/siginv.o
 .group         0x0000000000000000        0x8 ./Kernel/siginv.o
 .group         0x0000000000000000        0x8 ./Kernel/siginv.o
 .group         0x0000000000000000        0x8 ./Kernel/siginv.o
 .group         0x0000000000000000        0x8 ./Kernel/siginv.o
 .group         0x0000000000000000        0x8 ./Kernel/siginv.o
 .group         0x0000000000000000        0x8 ./Kernel/siginv.o
 .group         0x0000000000000000        0x8 ./Kernel/siginv.o
 .group         0x0000000000000000        0x8 ./Kernel/siginv.o
 .group         0x0000000000000000        0x8 ./Kernel/siginv.o
 .group         0x0000000000000000        0x8 ./Kernel/siginv.o
 .group         0x0000000000000000        0x8 ./Kernel/siginv.o
 .group         0x0000000000000000        0x8 ./Kernel/siginv.o
 .group         0x0000000000000000        0x8 ./Kernel/siginv.o
 .group         0x0000000000000000        0x8 ./Kernel/siginv.o
 .group         0x0000000000000000        0x8 ./Kernel/siginv.o
 .group         0x0000000000000000        0x8 ./Kernel/siginv.o
 .group         0x0000000000000000        0x8 ./Kernel/siginv.o
 .group         0x0000000000000000        0x8 ./Kernel/siginv.o
 .group         0x0000000000000000        0x8 ./Kernel/siginv.o
 .group         0x0000000000000000        0x8 ./Kernel/siginv.o
 .group         0x0000000000000000        0x8 ./Kernel/siginv.o
 .group         0x0000000000000000        0x8 ./Kernel/siginv.o
 .group         0x0000000000000000        0x8 ./Kernel/siginv.o
 .group         0x0000000000000000        0x8 ./Kernel/siginv.o
 .debug_macro   0x0000000000000000      0x5aa ./Kernel/siginv.o
 .debug_macro   0x0000000000000000       0xd2 ./Kernel/siginv.o
 .debug_macro   0x0000000000000000       0xc9 ./Kernel/siginv.o
 .debug_macro   0x0000000000000000       0x22 ./Kernel/siginv.o
 .debug_macro   0x0000000000000000      0x560 ./Kernel/siginv.o
 .debug_macro   0x0000000000000000      0x10c ./Kernel/siginv.o
 .debug_macro   0x0000000000000000      0x5b8 ./Kernel/siginv.o
 .debug_macro   0x0000000000000000       0x22 ./Kernel/siginv.o
 .debug_macro   0x0000000000000000       0xde ./Kernel/siginv.o
 .debug_macro   0x0000000000000000       0x58 ./Kernel/siginv.o
 .debug_macro   0x0000000000000000       0x28 ./Kernel/siginv.o
 .debug_macro   0x0000000000000000       0x64 ./Kernel/siginv.o
 .debug_macro   0x0000000000000000       0x22 ./Kernel/siginv.o
 .debug_macro   0x0000000000000000       0x19 ./Kernel/siginv.o
 .debug_macro   0x0000000000000000       0x19 ./Kernel/siginv.o
 .debug_macro   0x0000000000000000       0x19 ./Kernel/siginv.o
 .debug_macro   0x0000000000000000       0x16 ./Kernel/siginv.o
 .debug_macro   0x0000000000000000       0x16 ./Kernel/siginv.o
 .debug_macro   0x0000000000000000       0x16 ./Kernel/siginv.o
 .debug_macro   0x0000000000000000       0x16 ./Kernel/siginv.o
 .debug_macro   0x0000000000000000       0x35 ./Kernel/siginv.o
 .debug_macro   0x0000000000000000       0x35 ./Kernel/siginv.o
 .debug_macro   0x0000000000000000       0x35 ./Kernel/siginv.o
 .debug_macro   0x0000000000000000       0x2f ./Kernel/siginv.o
 .debug_macro   0x0000000000000000       0x2e ./Kernel/siginv.o
 .debug_macro   0x0000000000000000       0x35 ./Kernel/siginv.o
 .note.GNU-stack
                0x0000000000000000        0x0 ./Kernel/siginv.o
 .eh_frame      0x0000000000000000      0x350 ./Kernel/siginv.o
 .group         0x0000000000000000        0x8 ./UVM.o
 .debug_macro   0x0000000000000000      0x5aa ./UVM.o
 .note.GNU-stack
                0x0000000000000000        0x0 ./UVM.o

Memory Configuration

Name             Origin             Length             Attributes
*default*        0x0000000000000000 0xffffffffffffffff

Linker script and memory map

                0x0000000000100000                __RME_X64_Mboot_Load_Addr = 0x100000
                0xffffffff80100000                . = 0xffffffff80100000
                0xffffffff80100000                PROVIDE (begin, .)

.text           0xffffffff80100000   0x11e10f load address 0x0000000000100000
 *platform_x64_asm.o(.text .rela.text .stub .text.* .gnu.linkonce.t.*)
 .text          0xffffffff80100000   0x10c763 ./Platform/platform_x64_asm.o
                0xffffffff80100000                __RME_X64_Mboot_Header
                0xffffffff80108000                __RME_X64_Mboot_Entry
                0xffffffff80108089                __RME_X64_SMP_Boot_32
                0xffffffff801080d9                _start
                0xffffffff80109000                RME_X64_Kpgt
                0xffffffff8020b800                __RME_X64_In
                0xffffffff8020b800                __RME_X64_Kern_Boot_Stack
                0xffffffff8020b80a                __RME_X64_Out
                0xffffffff8020b816                __RME_X64_Read_MSR
                0xffffffff8020b82a                __RME_X64_Write_MSR
                0xffffffff8020b83f                __RME_CPUID_Get
                0xffffffff8020b849                __RME_X64_CPUID_Get
                0xffffffff8020b875                __RME_X64_GDT_Load
                0xffffffff8020b879                __RME_X64_IDT_Load
                0xffffffff8020b87d                __RME_X64_TSS_Load
                0xffffffff8020b881                __RME_Comp_Swap
                0xffffffff8020b89e                __RME_Fetch_Add
                0xffffffff8020b8a6                __RME_Fetch_And
                0xffffffff8020b8ae                __RME_X64_Pgtbl_Set
                0xffffffff8020b8b2                __RME_Disable_Int
                0xffffffff8020b8b4                __RME_Enable_Int
                0xffffffff8020b8b6                __RME_X64_Halt
                0xffffffff8020b8b8                _RME_Kmain
                0xffffffff8020b8c0                __RME_MSB_Get
                0xffffffff8020b8c5                __RME_Enter_User_Mode
                0xffffffff8020b8d8                __RME_X64_FAULT_DE_Handler
                0xffffffff8020b8e4                __RME_X64_TRAP_DB_Handler
                0xffffffff8020b8f0                __RME_X64_INT_NMI_Handler
                0xffffffff8020b8fc                __RME_X64_TRAP_BP_Handler
                0xffffffff8020b908                __RME_X64_TRAP_OF_Handler
                0xffffffff8020b911                __RME_X64_FAULT_BR_Handler
                0xffffffff8020b91a                __RME_X64_FAULT_UD_Handler
                0xffffffff8020b923                __RME_X64_FAULT_NM_Handler
                0xffffffff8020b92c                __RME_X64_ABORT_DF_Handler
                0xffffffff8020b933                __RME_X64_ABORT_OLD_MF_Handler
                0xffffffff8020b93c                __RME_X64_FAULT_TS_Handler
                0xffffffff8020b943                __RME_X64_FAULT_NP_Handler
                0xffffffff8020b94a                __RME_X64_FAULT_SS_Handler
                0xffffffff8020b951                __RME_X64_FAULT_GP_Handler
                0xffffffff8020b958                __RME_X64_FAULT_PF_Handler
                0xffffffff8020b95f                __RME_X64_FAULT_MF_Handler
                0xffffffff8020b968                __RME_X64_FAULT_AC_Handler
                0xffffffff8020b96f                __RME_X64_ABORT_MC_Handler
                0xffffffff8020b978                __RME_X64_FAULT_XM_Handler
                0xffffffff8020b981                __RME_X64_FAULT_VE_Handler
                0xffffffff8020b9da                __RME_X64_USER32_Handler
                0xffffffff8020b9e6                __RME_X64_USER33_Handler
                0xffffffff8020b9f2                __RME_X64_USER34_Handler
                0xffffffff8020b9fe                __RME_X64_USER35_Handler
                0xffffffff8020ba0a                __RME_X64_USER36_Handler
                0xffffffff8020ba16                __RME_X64_USER37_Handler
                0xffffffff8020ba22                __RME_X64_USER38_Handler
                0xffffffff8020ba2e                __RME_X64_USER39_Handler
                0xffffffff8020ba3a                __RME_X64_USER40_Handler
                0xffffffff8020ba46                __RME_X64_USER41_Handler
                0xffffffff8020ba52                __RME_X64_USER42_Handler
                0xffffffff8020ba5e                __RME_X64_USER43_Handler
                0xffffffff8020ba6a                __RME_X64_USER44_Handler
                0xffffffff8020ba76                __RME_X64_USER45_Handler
                0xffffffff8020ba82                __RME_X64_USER46_Handler
                0xffffffff8020ba8e                __RME_X64_USER47_Handler
                0xffffffff8020ba9a                __RME_X64_USER48_Handler
                0xffffffff8020baa6                __RME_X64_USER49_Handler
                0xffffffff8020bab2                __RME_X64_USER50_Handler
                0xffffffff8020babe                __RME_X64_USER51_Handler
                0xffffffff8020baca                __RME_X64_USER52_Handler
                0xffffffff8020bad6                __RME_X64_USER53_Handler
                0xffffffff8020bae2                __RME_X64_USER54_Handler
                0xffffffff8020baee                __RME_X64_USER55_Handler
                0xffffffff8020bafa                __RME_X64_USER56_Handler
                0xffffffff8020bb06                __RME_X64_USER57_Handler
                0xffffffff8020bb12                __RME_X64_USER58_Handler
                0xffffffff8020bb1e                __RME_X64_USER59_Handler
                0xffffffff8020bb2a                __RME_X64_USER60_Handler
                0xffffffff8020bb36                __RME_X64_USER61_Handler
                0xffffffff8020bb42                __RME_X64_USER62_Handler
                0xffffffff8020bb4e                __RME_X64_USER63_Handler
                0xffffffff8020bb5a                __RME_X64_USER64_Handler
                0xffffffff8020bb66                __RME_X64_USER65_Handler
                0xffffffff8020bb72                __RME_X64_USER66_Handler
                0xffffffff8020bb7e                __RME_X64_USER67_Handler
                0xffffffff8020bb8a                __RME_X64_USER68_Handler
                0xffffffff8020bb96                __RME_X64_USER69_Handler
                0xffffffff8020bba2                __RME_X64_USER70_Handler
                0xffffffff8020bbae                __RME_X64_USER71_Handler
                0xffffffff8020bbba                __RME_X64_USER72_Handler
                0xffffffff8020bbc6                __RME_X64_USER73_Handler
                0xffffffff8020bbd2                __RME_X64_USER74_Handler
                0xffffffff8020bbde                __RME_X64_USER75_Handler
                0xffffffff8020bbea                __RME_X64_USER76_Handler
                0xffffffff8020bbf6                __RME_X64_USER77_Handler
                0xffffffff8020bc02                __RME_X64_USER78_Handler
                0xffffffff8020bc0e                __RME_X64_USER79_Handler
                0xffffffff8020bc1a                __RME_X64_USER80_Handler
                0xffffffff8020bc26                __RME_X64_USER81_Handler
                0xffffffff8020bc32                __RME_X64_USER82_Handler
                0xffffffff8020bc3e                __RME_X64_USER83_Handler
                0xffffffff8020bc4a                __RME_X64_USER84_Handler
                0xffffffff8020bc56                __RME_X64_USER85_Handler
                0xffffffff8020bc62                __RME_X64_USER86_Handler
                0xffffffff8020bc6e                __RME_X64_USER87_Handler
                0xffffffff8020bc7a                __RME_X64_USER88_Handler
                0xffffffff8020bc86                __RME_X64_USER89_Handler
                0xffffffff8020bc92                __RME_X64_USER90_Handler
                0xffffffff8020bc9e                __RME_X64_USER91_Handler
                0xffffffff8020bcaa                __RME_X64_USER92_Handler
                0xffffffff8020bcb6                __RME_X64_USER93_Handler
                0xffffffff8020bcc2                __RME_X64_USER94_Handler
                0xffffffff8020bcce                __RME_X64_USER95_Handler
                0xffffffff8020bcda                __RME_X64_USER96_Handler
                0xffffffff8020bce6                __RME_X64_USER97_Handler
                0xffffffff8020bcf2                __RME_X64_USER98_Handler
                0xffffffff8020bcfe                __RME_X64_USER99_Handler
                0xffffffff8020bd0a                __RME_X64_USER100_Handler
                0xffffffff8020bd16                __RME_X64_USER101_Handler
                0xffffffff8020bd22                __RME_X64_USER102_Handler
                0xffffffff8020bd2e                __RME_X64_USER103_Handler
                0xffffffff8020bd3a                __RME_X64_USER104_Handler
                0xffffffff8020bd46                __RME_X64_USER105_Handler
                0xffffffff8020bd52                __RME_X64_USER106_Handler
                0xffffffff8020bd5e                __RME_X64_USER107_Handler
                0xffffffff8020bd6a                __RME_X64_USER108_Handler
                0xffffffff8020bd76                __RME_X64_USER109_Handler
                0xffffffff8020bd82                __RME_X64_USER110_Handler
                0xffffffff8020bd8e                __RME_X64_USER111_Handler
                0xffffffff8020bd9a                __RME_X64_USER112_Handler
                0xffffffff8020bda6                __RME_X64_USER113_Handler
                0xffffffff8020bdb2                __RME_X64_USER114_Handler
                0xffffffff8020bdbe                __RME_X64_USER115_Handler
                0xffffffff8020bdca                __RME_X64_USER116_Handler
                0xffffffff8020bdd6                __RME_X64_USER117_Handler
                0xffffffff8020bde2                __RME_X64_USER118_Handler
                0xffffffff8020bdee                __RME_X64_USER119_Handler
                0xffffffff8020bdfa                __RME_X64_USER120_Handler
                0xffffffff8020be06                __RME_X64_USER121_Handler
                0xffffffff8020be12                __RME_X64_USER122_Handler
                0xffffffff8020be1e                __RME_X64_USER123_Handler
                0xffffffff8020be2a                __RME_X64_USER124_Handler
                0xffffffff8020be36                __RME_X64_USER125_Handler
                0xffffffff8020be42                __RME_X64_USER126_Handler
                0xffffffff8020be4e                __RME_X64_USER127_Handler
                0xffffffff8020be5a                __RME_X64_USER128_Handler
                0xffffffff8020be69                __RME_X64_USER129_Handler
                0xffffffff8020be78                __RME_X64_USER130_Handler
                0xffffffff8020be87                __RME_X64_USER131_Handler
                0xffffffff8020be96                __RME_X64_USER132_Handler
                0xffffffff8020bea5                __RME_X64_USER133_Handler
                0xffffffff8020beb4                __RME_X64_USER134_Handler
                0xffffffff8020bec3                __RME_X64_USER135_Handler
                0xffffffff8020bed2                __RME_X64_USER136_Handler
                0xffffffff8020bee1                __RME_X64_USER137_Handler
                0xffffffff8020bef0                __RME_X64_USER138_Handler
                0xffffffff8020beff                __RME_X64_USER139_Handler
                0xffffffff8020bf0e                __RME_X64_USER140_Handler
                0xffffffff8020bf1d                __RME_X64_USER141_Handler
                0xffffffff8020bf2c                __RME_X64_USER142_Handler
                0xffffffff8020bf3b                __RME_X64_USER143_Handler
                0xffffffff8020bf4a                __RME_X64_USER144_Handler
                0xffffffff8020bf59                __RME_X64_USER145_Handler
                0xffffffff8020bf68                __RME_X64_USER146_Handler
                0xffffffff8020bf77                __RME_X64_USER147_Handler
                0xffffffff8020bf86                __RME_X64_USER148_Handler
                0xffffffff8020bf95                __RME_X64_USER149_Handler
                0xffffffff8020bfa4                __RME_X64_USER150_Handler
                0xffffffff8020bfb3                __RME_X64_USER151_Handler
                0xffffffff8020bfc2                __RME_X64_USER152_Handler
                0xffffffff8020bfd1                __RME_X64_USER153_Handler
                0xffffffff8020bfe0                __RME_X64_USER154_Handler
                0xffffffff8020bfef                __RME_X64_USER155_Handler
                0xffffffff8020bffe                __RME_X64_USER156_Handler
                0xffffffff8020c00d                __RME_X64_USER157_Handler
                0xffffffff8020c01c                __RME_X64_USER158_Handler
                0xffffffff8020c02b                __RME_X64_USER159_Handler
                0xffffffff8020c03a                __RME_X64_USER160_Handler
                0xffffffff8020c049                __RME_X64_USER161_Handler
                0xffffffff8020c058                __RME_X64_USER162_Handler
                0xffffffff8020c067                __RME_X64_USER163_Handler
                0xffffffff8020c076                __RME_X64_USER164_Handler
                0xffffffff8020c085                __RME_X64_USER165_Handler
                0xffffffff8020c094                __RME_X64_USER166_Handler
                0xffffffff8020c0a3                __RME_X64_USER167_Handler
                0xffffffff8020c0b2                __RME_X64_USER168_Handler
                0xffffffff8020c0c1                __RME_X64_USER169_Handler
                0xffffffff8020c0d0                __RME_X64_USER170_Handler
                0xffffffff8020c0df                __RME_X64_USER171_Handler
                0xffffffff8020c0ee                __RME_X64_USER172_Handler
                0xffffffff8020c0fd                __RME_X64_USER173_Handler
                0xffffffff8020c10c                __RME_X64_USER174_Handler
                0xffffffff8020c11b                __RME_X64_USER175_Handler
                0xffffffff8020c12a                __RME_X64_USER176_Handler
                0xffffffff8020c139                __RME_X64_USER177_Handler
                0xffffffff8020c148                __RME_X64_USER178_Handler
                0xffffffff8020c157                __RME_X64_USER179_Handler
                0xffffffff8020c166                __RME_X64_USER180_Handler
                0xffffffff8020c175                __RME_X64_USER181_Handler
                0xffffffff8020c184                __RME_X64_USER182_Handler
                0xffffffff8020c193                __RME_X64_USER183_Handler
                0xffffffff8020c1a2                __RME_X64_USER184_Handler
                0xffffffff8020c1b1                __RME_X64_USER185_Handler
                0xffffffff8020c1c0                __RME_X64_USER186_Handler
                0xffffffff8020c1cf                __RME_X64_USER187_Handler
                0xffffffff8020c1de                __RME_X64_USER188_Handler
                0xffffffff8020c1ed                __RME_X64_USER189_Handler
                0xffffffff8020c1fc                __RME_X64_USER190_Handler
                0xffffffff8020c20b                __RME_X64_USER191_Handler
                0xffffffff8020c21a                __RME_X64_USER192_Handler
                0xffffffff8020c229                __RME_X64_USER193_Handler
                0xffffffff8020c238                __RME_X64_USER194_Handler
                0xffffffff8020c247                __RME_X64_USER195_Handler
                0xffffffff8020c256                __RME_X64_USER196_Handler
                0xffffffff8020c265                __RME_X64_USER197_Handler
                0xffffffff8020c274                __RME_X64_USER198_Handler
                0xffffffff8020c283                __RME_X64_USER199_Handler
                0xffffffff8020c292                __RME_X64_USER200_Handler
                0xffffffff8020c2a1                __RME_X64_USER201_Handler
                0xffffffff8020c2b0                __RME_X64_USER202_Handler
                0xffffffff8020c2bf                __RME_X64_USER203_Handler
                0xffffffff8020c2ce                __RME_X64_USER204_Handler
                0xffffffff8020c2dd                __RME_X64_USER205_Handler
                0xffffffff8020c2ec                __RME_X64_USER206_Handler
                0xffffffff8020c2fb                __RME_X64_USER207_Handler
                0xffffffff8020c30a                __RME_X64_USER208_Handler
                0xffffffff8020c319                __RME_X64_USER209_Handler
                0xffffffff8020c328                __RME_X64_USER210_Handler
                0xffffffff8020c337                __RME_X64_USER211_Handler
                0xffffffff8020c346                __RME_X64_USER212_Handler
                0xffffffff8020c355                __RME_X64_USER213_Handler
                0xffffffff8020c364                __RME_X64_USER214_Handler
                0xffffffff8020c373                __RME_X64_USER215_Handler
                0xffffffff8020c382                __RME_X64_USER216_Handler
                0xffffffff8020c391                __RME_X64_USER217_Handler
                0xffffffff8020c3a0                __RME_X64_USER218_Handler
                0xffffffff8020c3af                __RME_X64_USER219_Handler
                0xffffffff8020c3be                __RME_X64_USER220_Handler
                0xffffffff8020c3cd                __RME_X64_USER221_Handler
                0xffffffff8020c3dc                __RME_X64_USER222_Handler
                0xffffffff8020c3eb                __RME_X64_USER223_Handler
                0xffffffff8020c3fa                __RME_X64_USER224_Handler
                0xffffffff8020c409                __RME_X64_USER225_Handler
                0xffffffff8020c418                __RME_X64_USER226_Handler
                0xffffffff8020c427                __RME_X64_USER227_Handler
                0xffffffff8020c436                __RME_X64_USER228_Handler
                0xffffffff8020c445                __RME_X64_USER229_Handler
                0xffffffff8020c454                __RME_X64_USER230_Handler
                0xffffffff8020c463                __RME_X64_USER231_Handler
                0xffffffff8020c472                __RME_X64_USER232_Handler
                0xffffffff8020c481                __RME_X64_USER233_Handler
                0xffffffff8020c490                __RME_X64_USER234_Handler
                0xffffffff8020c49f                __RME_X64_USER235_Handler
                0xffffffff8020c4ae                __RME_X64_USER236_Handler
                0xffffffff8020c4bd                __RME_X64_USER237_Handler
                0xffffffff8020c4cc                __RME_X64_USER238_Handler
                0xffffffff8020c4db                __RME_X64_USER239_Handler
                0xffffffff8020c4ea                __RME_X64_USER240_Handler
                0xffffffff8020c4f9                __RME_X64_USER241_Handler
                0xffffffff8020c508                __RME_X64_USER242_Handler
                0xffffffff8020c517                __RME_X64_USER243_Handler
                0xffffffff8020c526                __RME_X64_USER244_Handler
                0xffffffff8020c535                __RME_X64_USER245_Handler
                0xffffffff8020c541                __RME_X64_USER246_Handler
                0xffffffff8020c54d                __RME_X64_USER247_Handler
                0xffffffff8020c559                __RME_X64_USER248_Handler
                0xffffffff8020c565                __RME_X64_USER249_Handler
                0xffffffff8020c571                __RME_X64_USER250_Handler
                0xffffffff8020c57d                __RME_X64_USER251_Handler
                0xffffffff8020c589                __RME_X64_USER252_Handler
                0xffffffff8020c595                __RME_X64_USER253_Handler
                0xffffffff8020c5a1                __RME_X64_USER254_Handler
                0xffffffff8020c5ad                __RME_X64_USER255_Handler
                0xffffffff8020c60e                SysTick_SMP_Handler
                0xffffffff8020c668                SysTick_Handler
                0xffffffff8020c6c7                SVC_Handler
 *(.text .rela.text .stub .text.* .gnu.linkonce.t.*)
 *fill*         0xffffffff8020c763        0xd 
 .text          0xffffffff8020c770     0x82b3 ./Platform/platform_x64.o
                0xffffffff802112d0                __RME_Putchar
                0xffffffff80211310                __RME_X64_LAPIC_Ack
                0xffffffff80211330                __RME_X64_SMP_Init
                0xffffffff80211510                __RME_X64_SMP_Tick
                0xffffffff80211550                __RME_Low_Level_Init
                0xffffffff80211f30                __RME_Pgtbl_Kmem_Init
                0xffffffff80212800                __RME_SMP_Low_Level_Init
                0xffffffff80212910                __RME_Boot
                0xffffffff80213ae0                __RME_Reboot
                0xffffffff80213b50                __RME_Shutdown
                0xffffffff80213bc0                __RME_Get_Syscall_Param
                0xffffffff80213bf0                __RME_Set_Syscall_Retval
                0xffffffff80213c00                __RME_Thd_Reg_Init
                0xffffffff80213c50                __RME_Thd_Reg_Copy
                0xffffffff80213d30                __RME_Thd_Cop_Init
                0xffffffff80213d40                __RME_Thd_Cop_Save
                0xffffffff80213d50                __RME_Thd_Cop_Restore
                0xffffffff80213d60                __RME_Inv_Reg_Save
                0xffffffff80213d80                __RME_Inv_Reg_Restore
                0xffffffff80213da0                __RME_Set_Inv_Retval
                0xffffffff80213db0                NDBG
                0xffffffff80213df0                write_string
                0xffffffff80213e20                __RME_Kern_Func_Handler
                0xffffffff80213ff0                __RME_X64_Fault_Handler
                0xffffffff80214380                __RME_X64_Generic_Handler
                0xffffffff802143a0                __RME_Pgtbl_Set
                0xffffffff802143d0                __RME_Pgtbl_Check
                0xffffffff80214420                __RME_Pgtbl_Init
                0xffffffff80214510                __RME_Pgtbl_Del_Check
                0xffffffff80214560                __RME_Pgtbl_Page_Map
                0xffffffff80214600                __RME_Pgtbl_Page_Unmap
                0xffffffff80214660                __RME_Pgtbl_Pgdir_Map
                0xffffffff80214740                __RME_Pgtbl_Pgdir_Unmap
                0xffffffff80214810                __RME_Pgtbl_Lookup
                0xffffffff802148c0                __RME_Pgtbl_Walk
 .text.unlikely
                0xffffffff80214a23        0x0 ./Platform/platform_x64.o
 *fill*         0xffffffff80214a23        0xd 
 .text.startup  0xffffffff80214a30       0x2b ./Platform/platform_x64.o
                0xffffffff80214a30                main
 .rela.text     0xffffffff80214a5b        0x0 ./Platform/platform_x64.o
 *fill*         0xffffffff80214a5b        0x5 
 .text          0xffffffff80214a60      0xfc0 ./Kernel/captbl.o
                0xffffffff80214a60                _RME_Captbl_Boot_Init
                0xffffffff80214b10                _RME_Captbl_Boot_Crt
                0xffffffff80214d00                _RME_Captbl_Crt
                0xffffffff80214fc0                _RME_Captbl_Del
                0xffffffff80215280                _RME_Captbl_Frz
                0xffffffff80215410                _RME_Captbl_Add
                0xffffffff80215850                _RME_Captbl_Rem
 .text.unlikely
                0xffffffff80215a20        0x0 ./Kernel/captbl.o
 .text          0xffffffff80215a20     0x15b6 ./Kernel/kernel.o
                0xffffffff80215a20                _RME_Clear
                0xffffffff80215c50                _RME_Memcmp
                0xffffffff80215ca0                _RME_Memcpy
                0xffffffff80215ef0                _RME_Timestamp_Inc
                0xffffffff802160d0                _RME_Kern_Boot_Crt
                0xffffffff80216240                _RME_Kern_Act
                0xffffffff80216340                _RME_Kmem_Boot_Crt
                0xffffffff80216670                _RME_Svc_Handler
                0xffffffff80216bd0                _RME_Tick_SMP_Handler
                0xffffffff80216c60                _RME_Tick_Handler
                0xffffffff80216d00                RME_Kmain
                0xffffffff80216d60                RME_Print_Int
                0xffffffff80216ee0                RME_Print_Uint
                0xffffffff80216fa0                RME_Print_String
 .text.unlikely
                0xffffffff80216fd6        0x0 ./Kernel/kernel.o
 *fill*         0xffffffff80216fd6        0xa 
 .text          0xffffffff80216fe0      0x435 ./Kernel/kotbl.o
                0xffffffff80216fe0                _RME_Kotbl_Init
                0xffffffff80217020                _RME_Kotbl_Mark
                0xffffffff80217250                _RME_Kotbl_Erase
 .text.unlikely
                0xffffffff80217415        0x0 ./Kernel/kotbl.o
 *fill*         0xffffffff80217415        0xb 
 .text          0xffffffff80217420     0x167d ./Kernel/pgtbl.o
                0xffffffff80217420                _RME_Pgtbl_Boot_Crt
                0xffffffff80217820                _RME_Pgtbl_Boot_Con
                0xffffffff80217a10                _RME_Pgtbl_Boot_Add
                0xffffffff80217b70                _RME_Pgtbl_Crt
                0xffffffff80218010                _RME_Pgtbl_Del
                0xffffffff802182d0                _RME_Pgtbl_Add
                0xffffffff802185d0                _RME_Pgtbl_Rem
                0xffffffff80218720                _RME_Pgtbl_Con
                0xffffffff80218950                _RME_Pgtbl_Des
 .text.unlikely
                0xffffffff80218a9d        0x0 ./Kernel/pgtbl.o
 *fill*         0xffffffff80218a9d        0x3 
 .text          0xffffffff80218aa0     0x3e9d ./Kernel/prcthd.o
                0xffffffff80218aa0                __RME_List_Crt
                0xffffffff80218ab0                __RME_List_Del
                0xffffffff80218ac0                __RME_List_Ins
                0xffffffff80218ad0                __RME_Thd_Fatal
                0xffffffff80218c90                _RME_Run_Ins
                0xffffffff80218d00                _RME_Run_Del
                0xffffffff80218d70                _RME_Run_High
                0xffffffff80218e10                _RME_Run_Notif
                0xffffffff80218e70                _RME_Run_Swt
                0xffffffff80218f60                _RME_Prcthd_Init
                0xffffffff80218fd0                _RME_Proc_Boot_Crt
                0xffffffff80219480                _RME_Proc_Crt
                0xffffffff802199e0                _RME_Proc_Del
                0xffffffff80219c90                _RME_Proc_Cpt
                0xffffffff80219ef0                _RME_Proc_Pgt
                0xffffffff8021a150                _RME_Thd_Boot_Crt
                0xffffffff8021a500                _RME_Thd_Crt
                0xffffffff8021a970                _RME_Thd_Del
                0xffffffff8021ac70                _RME_Thd_Exec_Set
                0xffffffff8021ae00                _RME_Thd_Hyp_Set
                0xffffffff8021af40                _RME_Thd_Sched_Bind
                0xffffffff8021b300                _RME_Thd_Sched_Prio
                0xffffffff8021b780                _RME_Thd_Sched_Free
                0xffffffff8021bc10                _RME_Thd_Sched_Rcv
                0xffffffff8021bd80                _RME_Thd_Time_Xfer
                0xffffffff8021c250                _RME_Thd_Swt
 .text.unlikely
                0xffffffff8021c93d        0x0 ./Kernel/prcthd.o
 *fill*         0xffffffff8021c93d        0x3 
 .text          0xffffffff8021c940     0x17cf ./Kernel/siginv.o
                0xffffffff8021c940                _RME_Sig_Boot_Crt
                0xffffffff8021caf0                _RME_Sig_Crt
                0xffffffff8021cd60                _RME_Sig_Del
                0xffffffff8021d020                _RME_Kern_High
                0xffffffff8021d110                _RME_Kern_Snd
                0xffffffff8021d1c0                _RME_Sig_Snd
                0xffffffff8021d3a0                _RME_Sig_Rcv
                0xffffffff8021d700                _RME_Inv_Crt
                0xffffffff8021da80                _RME_Inv_Del
                0xffffffff8021dd20                _RME_Inv_Set
                0xffffffff8021de20                _RME_Inv_Act
                0xffffffff8021dfd0                _RME_Inv_Ret
 .text.unlikely
                0xffffffff8021e10f        0x0 ./Kernel/siginv.o
 .text          0xffffffff8021e10f        0x0 ./UVM.o
                [!provide]                        PROVIDE (etext, .)

.iplt           0xffffffff8021e110        0x0 load address 0x000000000021e110
 .iplt          0xffffffff8021e110        0x0 ./Platform/platform_x64.o

.rodata         0xffffffff8021e120     0x2550 load address 0x000000000021e120
 *(.rodata .rodata.* .gnu.linkonce.r.*)
 .rodata.str1.8
                0xffffffff8021e120      0x270 ./Platform/platform_x64.o
 .rodata.str1.1
                0xffffffff8021e390      0x6d9 ./Platform/platform_x64.o
                                        0x6e1 (size before relaxing)
 *fill*         0xffffffff8021ea69       0x17 
 .rodata        0xffffffff8021ea80      0x2c0 ./Platform/platform_x64.o
 .rodata.str1.8
                0xffffffff8021ed40       0x51 ./Kernel/captbl.o
                                         0x79 (size before relaxing)
 .rodata.str1.1
                0xffffffff8021ed91        0x9 ./Kernel/captbl.o
                                         0x25 (size before relaxing)
 *fill*         0xffffffff8021ed9a        0x6 
 .rodata.str1.8
                0xffffffff8021eda0       0x51 ./Kernel/kernel.o
                                         0x79 (size before relaxing)
 .rodata.str1.1
                0xffffffff8021edf1       0x25 ./Kernel/kernel.o
 *fill*         0xffffffff8021edf1        0x7 
 .rodata        0xffffffff8021edf8      0x118 ./Kernel/kernel.o
 .rodata.str1.8
                0xffffffff8021ef10       0x50 ./Kernel/pgtbl.o
                                         0x78 (size before relaxing)
 .rodata.str1.1
                0xffffffff8021ef60        0x9 ./Kernel/pgtbl.o
                                         0x25 (size before relaxing)
 *fill*         0xffffffff8021ef69        0x7 
 .rodata.str1.8
                0xffffffff8021ef70       0x51 ./Kernel/prcthd.o
                                         0x79 (size before relaxing)
 .rodata.str1.1
                0xffffffff8021efc1       0x25 ./Kernel/prcthd.o
 *fill*         0xffffffff8021efc1        0x7 
 .rodata.str1.8
                0xffffffff8021efc8       0x58 ./Kernel/siginv.o
                                         0x79 (size before relaxing)
 .rodata.str1.1
                0xffffffff8021f020       0x25 ./Kernel/siginv.o
 .rodata        0xffffffff8021f020     0x1650 ./UVM.o
                0xffffffff8021f020                UVM_Init

.rela.dyn       0xffffffff80220670        0x0 load address 0x0000000000220670
 .rela.iplt     0xffffffff80220670        0x0 ./Platform/platform_x64.o
 .rela.text.startup
                0xffffffff80220670        0x0 ./Platform/platform_x64.o
                0xffffffff80221000                . = ALIGN (0x1000)
                [!provide]                        PROVIDE (data, .)

.data           0xffffffff80221000        0x0 load address 0x0000000000221000
 *(.data)
 .data          0xffffffff80221000        0x0 ./Platform/platform_x64.o
 .data          0xffffffff80221000        0x0 ./Platform/platform_x64_asm.o
 .data          0xffffffff80221000        0x0 ./Kernel/captbl.o
 .data          0xffffffff80221000        0x0 ./Kernel/kernel.o
 .data          0xffffffff80221000        0x0 ./Kernel/kotbl.o
 .data          0xffffffff80221000        0x0 ./Kernel/pgtbl.o
 .data          0xffffffff80221000        0x0 ./Kernel/prcthd.o
 .data          0xffffffff80221000        0x0 ./Kernel/siginv.o
 .data          0xffffffff80221000        0x0 ./UVM.o

.igot.plt       0xffffffff80221000        0x0 load address 0x0000000000221000
 .igot.plt      0xffffffff80221000        0x0 ./Platform/platform_x64.o
                0xffffffff80221000                . = ALIGN (0x1000)
                0xffffffff80221000                PROVIDE (edata, .)
                0xffffffff80221000                . = ALIGN (0x1000)

.bss            0xffffffff80221000    0x4b768 load address 0x0000000000221000
 *captbl.o(.bss)
 .bss           0xffffffff80221000        0x0 ./Kernel/captbl.o
 *kernel.o(.bss)
 .bss           0xffffffff80221000     0x1808 ./Kernel/kernel.o
                0xffffffff80221000                RME_Int_Sig
                0xffffffff80221800                RME_Tick_Sig
                0xffffffff80222000                RME_Cur_Thd
                0xffffffff80222800                RME_Timestamp
 *pgtbl.o(.bss)
 .bss           0xffffffff80222808        0x0 ./Kernel/pgtbl.o
 *prcthd.o(.bss)
 *fill*         0xffffffff80222808       0x18 
 .bss           0xffffffff80222820    0x40800 ./Kernel/prcthd.o
 *siginv.o(.bss)
 .bss           0xffffffff80263020        0x0 ./Kernel/siginv.o
 *platform_x64.o(.bss)
 .bss           0xffffffff80263020     0x9748 ./Platform/platform_x64.o
                0xffffffff80263020                RME_X64_Mem
                0xffffffff8026b020                RME_X64_Phys_Mem
 *platform_x64_asm.o(.bss)
 .bss           0xffffffff8026c768        0x0 ./Platform/platform_x64_asm.o
 *(COMMON)
 .bss           0xffffffff8026c768        0x0 ./UVM.o
                0xffffffff8026c768                PROVIDE (end, .)
                0xffffffff81000000                . = 0xffffffff81000000

.noinit         0xffffffff81000000        0x0 load address 0x0000000001000000
 *kotbl.o(.bss)
 .bss           0xffffffff81000000        0x0 ./Kernel/kotbl.o

/DISCARD/
 *(.eh_frame .rela.eh_frame .note.GNU-stack)
                0x0000000000221000                __RME_X64_Mboot_Load_End = (__RME_X64_Mboot_Load_Addr + (edata - begin))
                0x000000000026c768                __RME_X64_Mboot_BSS_End = (__RME_X64_Mboot_Load_Addr + (end - begin))
                0x0000000000108000                __RME_X64_Mboot_Entry_Addr = (__RME_X64_Mboot_Load_Addr + (__RME_X64_Mboot_Entry - begin))
LOAD ./Platform/platform_x64.o
LOAD ./Platform/platform_x64_asm.o
LOAD ./Kernel/captbl.o
LOAD ./Kernel/kernel.o
LOAD ./Kernel/kotbl.o
LOAD ./Kernel/pgtbl.o
LOAD ./Kernel/prcthd.o
LOAD ./Kernel/siginv.o
LOAD ./UVM.o
OUTPUT(RME elf64-x86-64)

.debug_info     0x0000000000000000     0xf647
 .debug_info    0x0000000000000000     0x658b ./Platform/platform_x64.o
 .debug_info    0x000000000000658b      0x9ad ./Kernel/captbl.o
 .debug_info    0x0000000000006f38     0x1bce ./Kernel/kernel.o
 .debug_info    0x0000000000008b06      0x3d0 ./Kernel/kotbl.o
 .debug_info    0x0000000000008ed6     0x110d ./Kernel/pgtbl.o
 .debug_info    0x0000000000009fe3     0x3b86 ./Kernel/prcthd.o
 .debug_info    0x000000000000db69     0x1a7e ./Kernel/siginv.o
 .debug_info    0x000000000000f5e7       0x60 ./UVM.o

.debug_abbrev   0x0000000000000000     0x1321
 .debug_abbrev  0x0000000000000000      0x518 ./Platform/platform_x64.o
 .debug_abbrev  0x0000000000000518      0x1bd ./Kernel/captbl.o
 .debug_abbrev  0x00000000000006d5      0x3b6 ./Kernel/kernel.o
 .debug_abbrev  0x0000000000000a8b      0x100 ./Kernel/kotbl.o
 .debug_abbrev  0x0000000000000b8b      0x1db ./Kernel/pgtbl.o
 .debug_abbrev  0x0000000000000d66      0x33b ./Kernel/prcthd.o
 .debug_abbrev  0x00000000000010a1      0x238 ./Kernel/siginv.o
 .debug_abbrev  0x00000000000012d9       0x48 ./UVM.o

.debug_loc      0x0000000000000000     0xf18c
 .debug_loc     0x0000000000000000     0x23c5 ./Platform/platform_x64.o
 .debug_loc     0x00000000000023c5     0x125c ./Kernel/captbl.o
 .debug_loc     0x0000000000003621     0x25e5 ./Kernel/kernel.o
 .debug_loc     0x0000000000005c06      0x9c8 ./Kernel/kotbl.o
 .debug_loc     0x00000000000065ce     0x1e2d ./Kernel/pgtbl.o
 .debug_loc     0x00000000000083fb     0x5243 ./Kernel/prcthd.o
 .debug_loc     0x000000000000d63e     0x1b4e ./Kernel/siginv.o

.debug_aranges  0x0000000000000000      0x180
 .debug_aranges
                0x0000000000000000       0x40 ./Platform/platform_x64.o
 .debug_aranges
                0x0000000000000040       0x30 ./Kernel/captbl.o
 .debug_aranges
                0x0000000000000070       0x30 ./Kernel/kernel.o
 .debug_aranges
                0x00000000000000a0       0x30 ./Kernel/kotbl.o
 .debug_aranges
                0x00000000000000d0       0x30 ./Kernel/pgtbl.o
 .debug_aranges
                0x0000000000000100       0x30 ./Kernel/prcthd.o
 .debug_aranges
                0x0000000000000130       0x30 ./Kernel/siginv.o
 .debug_aranges
                0x0000000000000160       0x20 ./UVM.o

.debug_ranges   0x0000000000000000      0x8c0
 .debug_ranges  0x0000000000000000      0x290 ./Platform/platform_x64.o
 .debug_ranges  0x0000000000000290       0x70 ./Kernel/kernel.o
 .debug_ranges  0x0000000000000300      0x5c0 ./Kernel/prcthd.o

.debug_macro    0x0000000000000000     0x210e
 .debug_macro   0x0000000000000000      0x113 ./Platform/platform_x64.o
 .debug_macro   0x0000000000000113      0x5aa ./Platform/platform_x64.o
 .debug_macro   0x00000000000006bd      0x10c ./Platform/platform_x64.o
 .debug_macro   0x00000000000007c9      0x5b8 ./Platform/platform_x64.o
 .debug_macro   0x0000000000000d81       0x22 ./Platform/platform_x64.o
 .debug_macro   0x0000000000000da3       0x28 ./Platform/platform_x64.o
 .debug_macro   0x0000000000000dcb       0xde ./Platform/platform_x64.o
 .debug_macro   0x0000000000000ea9       0x58 ./Platform/platform_x64.o
 .debug_macro   0x0000000000000f01       0x64 ./Platform/platform_x64.o
 .debug_macro   0x0000000000000f65       0x22 ./Platform/platform_x64.o
 .debug_macro   0x0000000000000f87       0xd2 ./Platform/platform_x64.o
 .debug_macro   0x0000000000001059       0xc9 ./Platform/platform_x64.o
 .debug_macro   0x0000000000001122       0x22 ./Platform/platform_x64.o
 .debug_macro   0x0000000000001144      0x560 ./Platform/platform_x64.o
 .debug_macro   0x00000000000016a4       0x19 ./Platform/platform_x64.o
 .debug_macro   0x00000000000016bd       0x19 ./Platform/platform_x64.o
 .debug_macro   0x00000000000016d6       0x19 ./Platform/platform_x64.o
 .debug_macro   0x00000000000016ef       0x16 ./Platform/platform_x64.o
 .debug_macro   0x0000000000001705       0x16 ./Platform/platform_x64.o
 .debug_macro   0x000000000000171b       0x16 ./Platform/platform_x64.o
 .debug_macro   0x0000000000001731       0x35 ./Platform/platform_x64.o
 .debug_macro   0x0000000000001766       0x35 ./Platform/platform_x64.o
 .debug_macro   0x000000000000179b       0x35 ./Platform/platform_x64.o
 .debug_macro   0x00000000000017d0       0x2f ./Platform/platform_x64.o
 .debug_macro   0x00000000000017ff       0x2e ./Platform/platform_x64.o
 .debug_macro   0x000000000000182d       0x35 ./Platform/platform_x64.o
 .debug_macro   0x0000000000001862       0x2f ./Platform/platform_x64.o
 .debug_macro   0x0000000000001891       0xe9 ./Kernel/captbl.o
 .debug_macro   0x000000000000197a       0xde ./Kernel/captbl.o
 .debug_macro   0x0000000000001a58       0x16 ./Kernel/captbl.o
 .debug_macro   0x0000000000001a6e       0x35 ./Kernel/captbl.o
 .debug_macro   0x0000000000001aa3       0x35 ./Kernel/captbl.o
 .debug_macro   0x0000000000001ad8      0x128 ./Kernel/kernel.o
 .debug_macro   0x0000000000001c00       0x35 ./Kernel/kernel.o
 .debug_macro   0x0000000000001c35       0xc5 ./Kernel/kotbl.o
 .debug_macro   0x0000000000001cfa       0x2e ./Kernel/kotbl.o
 .debug_macro   0x0000000000001d28       0xf2 ./Kernel/pgtbl.o
 .debug_macro   0x0000000000001e1a       0x2f ./Kernel/pgtbl.o
 .debug_macro   0x0000000000001e49      0x128 ./Kernel/prcthd.o
 .debug_macro   0x0000000000001f71       0x35 ./Kernel/prcthd.o
 .debug_macro   0x0000000000001fa6      0x128 ./Kernel/siginv.o
 .debug_macro   0x00000000000020ce       0x2f ./Kernel/siginv.o
 .debug_macro   0x00000000000020fd       0x11 ./UVM.o

.debug_line     0x0000000000000000     0x510e
 .debug_line    0x0000000000000000     0x13cc ./Platform/platform_x64.o
 .debug_line    0x00000000000013cc      0x88f ./Kernel/captbl.o
 .debug_line    0x0000000000001c5b      0x777 ./Kernel/kernel.o
 .debug_line    0x00000000000023d2      0x48e ./Kernel/kotbl.o
 .debug_line    0x0000000000002860      0x9a7 ./Kernel/pgtbl.o
 .debug_line    0x0000000000003207     0x14ab ./Kernel/prcthd.o
 .debug_line    0x00000000000046b2      0xa33 ./Kernel/siginv.o
 .debug_line    0x00000000000050e5       0x29 ./UVM.o

.debug_str      0x0000000000000000     0x94ef
 .debug_str     0x0000000000000000     0x8ae3 ./Platform/platform_x64.o
                                       0x8c55 (size before relaxing)
 .debug_str     0x0000000000008ae3      0x218 ./Kernel/captbl.o
                                       0x7775 (size before relaxing)
 .debug_str     0x0000000000008cfb      0x350 ./Kernel/kernel.o
                                       0x814b (size before relaxing)
 .debug_str     0x000000000000904b       0x97 ./Kernel/kotbl.o
                                       0x62b9 (size before relaxing)
 .debug_str     0x00000000000090e2       0xe6 ./Kernel/pgtbl.o
                                       0x7863 (size before relaxing)
 .debug_str     0x00000000000091c8      0x23c ./Kernel/prcthd.o
                                       0x8169 (size before relaxing)
 .debug_str     0x0000000000009404       0x88 ./Kernel/siginv.o
                                       0x7efb (size before relaxing)
 .debug_str     0x000000000000948c       0x63 ./UVM.o
                                       0x1a96 (size before relaxing)

.comment        0x0000000000000000       0x34
 .comment       0x0000000000000000       0x34 ./Platform/platform_x64.o
                                         0x35 (size before relaxing)
 .comment       0x0000000000000034       0x35 ./Kernel/captbl.o
 .comment       0x0000000000000034       0x35 ./Kernel/kernel.o
 .comment       0x0000000000000034       0x35 ./Kernel/kotbl.o
 .comment       0x0000000000000034       0x35 ./Kernel/pgtbl.o
 .comment       0x0000000000000034       0x35 ./Kernel/prcthd.o
 .comment       0x0000000000000034       0x35 ./Kernel/siginv.o
 .comment       0x0000000000000034       0x35 ./UVM.o
