
Discarded input sections

 .group         0x0000000000000000        0x8 ./Platform/rme_platform_x64.o
 .group         0x0000000000000000        0x8 ./Platform/rme_platform_x64.o
 .group         0x0000000000000000        0x8 ./Platform/rme_platform_x64.o
 .group         0x0000000000000000        0x8 ./Platform/rme_platform_x64.o
 .group         0x0000000000000000        0x8 ./Platform/rme_platform_x64.o
 .group         0x0000000000000000        0x8 ./Platform/rme_platform_x64.o
 .group         0x0000000000000000        0x8 ./Platform/rme_platform_x64.o
 .group         0x0000000000000000        0x8 ./Platform/rme_platform_x64.o
 .group         0x0000000000000000        0x8 ./Platform/rme_platform_x64.o
 .group         0x0000000000000000        0x8 ./Platform/rme_platform_x64.o
 .group         0x0000000000000000        0x8 ./Platform/rme_platform_x64.o
 .group         0x0000000000000000        0x8 ./Platform/rme_platform_x64.o
 .group         0x0000000000000000        0x8 ./Platform/rme_platform_x64.o
 .group         0x0000000000000000        0x8 ./Platform/rme_platform_x64.o
 .group         0x0000000000000000        0x8 ./Platform/rme_platform_x64.o
 .group         0x0000000000000000        0x8 ./Platform/rme_platform_x64.o
 .group         0x0000000000000000        0x8 ./Platform/rme_platform_x64.o
 .group         0x0000000000000000        0x8 ./Platform/rme_platform_x64.o
 .group         0x0000000000000000        0x8 ./Platform/rme_platform_x64.o
 .group         0x0000000000000000        0x8 ./Platform/rme_platform_x64.o
 .group         0x0000000000000000        0x8 ./Platform/rme_platform_x64.o
 .group         0x0000000000000000        0x8 ./Platform/rme_platform_x64.o
 .group         0x0000000000000000        0x8 ./Platform/rme_platform_x64.o
 .group         0x0000000000000000        0x8 ./Platform/rme_platform_x64.o
 .group         0x0000000000000000        0x8 ./Platform/rme_platform_x64.o
 .group         0x0000000000000000        0x8 ./Platform/rme_platform_x64.o
 .note.GNU-stack
                0x0000000000000000        0x0 ./Platform/rme_platform_x64.o
 .eh_frame      0x0000000000000000      0x530 ./Platform/rme_platform_x64.o
 .group         0x0000000000000000        0x8 ./Kernel/rme_captbl.o
 .group         0x0000000000000000        0x8 ./Kernel/rme_captbl.o
 .group         0x0000000000000000        0x8 ./Kernel/rme_captbl.o
 .group         0x0000000000000000        0x8 ./Kernel/rme_captbl.o
 .group         0x0000000000000000        0x8 ./Kernel/rme_captbl.o
 .group         0x0000000000000000        0x8 ./Kernel/rme_captbl.o
 .group         0x0000000000000000        0x8 ./Kernel/rme_captbl.o
 .group         0x0000000000000000        0x8 ./Kernel/rme_captbl.o
 .group         0x0000000000000000        0x8 ./Kernel/rme_captbl.o
 .group         0x0000000000000000        0x8 ./Kernel/rme_captbl.o
 .group         0x0000000000000000        0x8 ./Kernel/rme_captbl.o
 .group         0x0000000000000000        0x8 ./Kernel/rme_captbl.o
 .group         0x0000000000000000        0x8 ./Kernel/rme_captbl.o
 .group         0x0000000000000000        0x8 ./Kernel/rme_captbl.o
 .group         0x0000000000000000        0x8 ./Kernel/rme_captbl.o
 .group         0x0000000000000000        0x8 ./Kernel/rme_captbl.o
 .group         0x0000000000000000        0x8 ./Kernel/rme_captbl.o
 .group         0x0000000000000000        0x8 ./Kernel/rme_captbl.o
 .group         0x0000000000000000        0x8 ./Kernel/rme_captbl.o
 .group         0x0000000000000000        0x8 ./Kernel/rme_captbl.o
 .debug_macro   0x0000000000000000      0x5aa ./Kernel/rme_captbl.o
 .debug_macro   0x0000000000000000       0xd2 ./Kernel/rme_captbl.o
 .debug_macro   0x0000000000000000       0xd5 ./Kernel/rme_captbl.o
 .debug_macro   0x0000000000000000       0x22 ./Kernel/rme_captbl.o
 .debug_macro   0x0000000000000000      0x575 ./Kernel/rme_captbl.o
 .debug_macro   0x0000000000000000      0x106 ./Kernel/rme_captbl.o
 .debug_macro   0x0000000000000000      0x5b8 ./Kernel/rme_captbl.o
 .debug_macro   0x0000000000000000       0x22 ./Kernel/rme_captbl.o
 .debug_macro   0x0000000000000000       0x58 ./Kernel/rme_captbl.o
 .debug_macro   0x0000000000000000       0x28 ./Kernel/rme_captbl.o
 .debug_macro   0x0000000000000000       0x19 ./Kernel/rme_captbl.o
 .debug_macro   0x0000000000000000       0x19 ./Kernel/rme_captbl.o
 .debug_macro   0x0000000000000000       0x19 ./Kernel/rme_captbl.o
 .debug_macro   0x0000000000000000       0x16 ./Kernel/rme_captbl.o
 .debug_macro   0x0000000000000000       0x35 ./Kernel/rme_captbl.o
 .debug_macro   0x0000000000000000       0x2e ./Kernel/rme_captbl.o
 .note.GNU-stack
                0x0000000000000000        0x0 ./Kernel/rme_captbl.o
 .eh_frame      0x0000000000000000      0x2c8 ./Kernel/rme_captbl.o
 .group         0x0000000000000000        0x8 ./Kernel/rme_kernel.o
 .group         0x0000000000000000        0x8 ./Kernel/rme_kernel.o
 .group         0x0000000000000000        0x8 ./Kernel/rme_kernel.o
 .group         0x0000000000000000        0x8 ./Kernel/rme_kernel.o
 .group         0x0000000000000000        0x8 ./Kernel/rme_kernel.o
 .group         0x0000000000000000        0x8 ./Kernel/rme_kernel.o
 .group         0x0000000000000000        0x8 ./Kernel/rme_kernel.o
 .group         0x0000000000000000        0x8 ./Kernel/rme_kernel.o
 .group         0x0000000000000000        0x8 ./Kernel/rme_kernel.o
 .group         0x0000000000000000        0x8 ./Kernel/rme_kernel.o
 .group         0x0000000000000000        0x8 ./Kernel/rme_kernel.o
 .group         0x0000000000000000        0x8 ./Kernel/rme_kernel.o
 .group         0x0000000000000000        0x8 ./Kernel/rme_kernel.o
 .group         0x0000000000000000        0x8 ./Kernel/rme_kernel.o
 .group         0x0000000000000000        0x8 ./Kernel/rme_kernel.o
 .group         0x0000000000000000        0x8 ./Kernel/rme_kernel.o
 .group         0x0000000000000000        0x8 ./Kernel/rme_kernel.o
 .group         0x0000000000000000        0x8 ./Kernel/rme_kernel.o
 .group         0x0000000000000000        0x8 ./Kernel/rme_kernel.o
 .group         0x0000000000000000        0x8 ./Kernel/rme_kernel.o
 .group         0x0000000000000000        0x8 ./Kernel/rme_kernel.o
 .group         0x0000000000000000        0x8 ./Kernel/rme_kernel.o
 .group         0x0000000000000000        0x8 ./Kernel/rme_kernel.o
 .group         0x0000000000000000        0x8 ./Kernel/rme_kernel.o
 .group         0x0000000000000000        0x8 ./Kernel/rme_kernel.o
 .group         0x0000000000000000        0x8 ./Kernel/rme_kernel.o
 .group         0x0000000000000000        0x8 ./Kernel/rme_kernel.o
 .debug_macro   0x0000000000000000      0x5aa ./Kernel/rme_kernel.o
 .debug_macro   0x0000000000000000       0xd2 ./Kernel/rme_kernel.o
 .debug_macro   0x0000000000000000       0xd5 ./Kernel/rme_kernel.o
 .debug_macro   0x0000000000000000       0x22 ./Kernel/rme_kernel.o
 .debug_macro   0x0000000000000000      0x575 ./Kernel/rme_kernel.o
 .debug_macro   0x0000000000000000      0x106 ./Kernel/rme_kernel.o
 .debug_macro   0x0000000000000000      0x5b8 ./Kernel/rme_kernel.o
 .debug_macro   0x0000000000000000       0x22 ./Kernel/rme_kernel.o
 .debug_macro   0x0000000000000000       0xde ./Kernel/rme_kernel.o
 .debug_macro   0x0000000000000000       0x58 ./Kernel/rme_kernel.o
 .debug_macro   0x0000000000000000       0x28 ./Kernel/rme_kernel.o
 .debug_macro   0x0000000000000000       0x64 ./Kernel/rme_kernel.o
 .debug_macro   0x0000000000000000       0x22 ./Kernel/rme_kernel.o
 .debug_macro   0x0000000000000000       0x19 ./Kernel/rme_kernel.o
 .debug_macro   0x0000000000000000       0x19 ./Kernel/rme_kernel.o
 .debug_macro   0x0000000000000000       0x19 ./Kernel/rme_kernel.o
 .debug_macro   0x0000000000000000       0x16 ./Kernel/rme_kernel.o
 .debug_macro   0x0000000000000000       0x16 ./Kernel/rme_kernel.o
 .debug_macro   0x0000000000000000       0x16 ./Kernel/rme_kernel.o
 .debug_macro   0x0000000000000000       0x16 ./Kernel/rme_kernel.o
 .debug_macro   0x0000000000000000       0x35 ./Kernel/rme_kernel.o
 .debug_macro   0x0000000000000000       0x35 ./Kernel/rme_kernel.o
 .debug_macro   0x0000000000000000       0x2f ./Kernel/rme_kernel.o
 .debug_macro   0x0000000000000000       0x2e ./Kernel/rme_kernel.o
 .debug_macro   0x0000000000000000       0x35 ./Kernel/rme_kernel.o
 .debug_macro   0x0000000000000000       0x2f ./Kernel/rme_kernel.o
 .note.GNU-stack
                0x0000000000000000        0x0 ./Kernel/rme_kernel.o
 .eh_frame      0x0000000000000000      0x348 ./Kernel/rme_kernel.o
 .group         0x0000000000000000        0x8 ./Kernel/rme_kotbl.o
 .group         0x0000000000000000        0x8 ./Kernel/rme_kotbl.o
 .group         0x0000000000000000        0x8 ./Kernel/rme_kotbl.o
 .group         0x0000000000000000        0x8 ./Kernel/rme_kotbl.o
 .group         0x0000000000000000        0x8 ./Kernel/rme_kotbl.o
 .group         0x0000000000000000        0x8 ./Kernel/rme_kotbl.o
 .group         0x0000000000000000        0x8 ./Kernel/rme_kotbl.o
 .group         0x0000000000000000        0x8 ./Kernel/rme_kotbl.o
 .group         0x0000000000000000        0x8 ./Kernel/rme_kotbl.o
 .group         0x0000000000000000        0x8 ./Kernel/rme_kotbl.o
 .group         0x0000000000000000        0x8 ./Kernel/rme_kotbl.o
 .group         0x0000000000000000        0x8 ./Kernel/rme_kotbl.o
 .group         0x0000000000000000        0x8 ./Kernel/rme_kotbl.o
 .group         0x0000000000000000        0x8 ./Kernel/rme_kotbl.o
 .group         0x0000000000000000        0x8 ./Kernel/rme_kotbl.o
 .group         0x0000000000000000        0x8 ./Kernel/rme_kotbl.o
 .debug_macro   0x0000000000000000      0x5aa ./Kernel/rme_kotbl.o
 .debug_macro   0x0000000000000000       0xd2 ./Kernel/rme_kotbl.o
 .debug_macro   0x0000000000000000       0xd5 ./Kernel/rme_kotbl.o
 .debug_macro   0x0000000000000000       0x22 ./Kernel/rme_kotbl.o
 .debug_macro   0x0000000000000000      0x575 ./Kernel/rme_kotbl.o
 .debug_macro   0x0000000000000000      0x106 ./Kernel/rme_kotbl.o
 .debug_macro   0x0000000000000000      0x5b8 ./Kernel/rme_kotbl.o
 .debug_macro   0x0000000000000000       0x22 ./Kernel/rme_kotbl.o
 .debug_macro   0x0000000000000000       0x28 ./Kernel/rme_kotbl.o
 .debug_macro   0x0000000000000000       0x19 ./Kernel/rme_kotbl.o
 .debug_macro   0x0000000000000000       0x19 ./Kernel/rme_kotbl.o
 .debug_macro   0x0000000000000000       0x16 ./Kernel/rme_kotbl.o
 .debug_macro   0x0000000000000000       0x16 ./Kernel/rme_kotbl.o
 .debug_macro   0x0000000000000000       0x35 ./Kernel/rme_kotbl.o
 .debug_macro   0x0000000000000000       0x35 ./Kernel/rme_kotbl.o
 .note.GNU-stack
                0x0000000000000000        0x0 ./Kernel/rme_kotbl.o
 .eh_frame      0x0000000000000000      0x110 ./Kernel/rme_kotbl.o
 .group         0x0000000000000000        0x8 ./Kernel/rme_pgtbl.o
 .group         0x0000000000000000        0x8 ./Kernel/rme_pgtbl.o
 .group         0x0000000000000000        0x8 ./Kernel/rme_pgtbl.o
 .group         0x0000000000000000        0x8 ./Kernel/rme_pgtbl.o
 .group         0x0000000000000000        0x8 ./Kernel/rme_pgtbl.o
 .group         0x0000000000000000        0x8 ./Kernel/rme_pgtbl.o
 .group         0x0000000000000000        0x8 ./Kernel/rme_pgtbl.o
 .group         0x0000000000000000        0x8 ./Kernel/rme_pgtbl.o
 .group         0x0000000000000000        0x8 ./Kernel/rme_pgtbl.o
 .group         0x0000000000000000        0x8 ./Kernel/rme_pgtbl.o
 .group         0x0000000000000000        0x8 ./Kernel/rme_pgtbl.o
 .group         0x0000000000000000        0x8 ./Kernel/rme_pgtbl.o
 .group         0x0000000000000000        0x8 ./Kernel/rme_pgtbl.o
 .group         0x0000000000000000        0x8 ./Kernel/rme_pgtbl.o
 .group         0x0000000000000000        0x8 ./Kernel/rme_pgtbl.o
 .group         0x0000000000000000        0x8 ./Kernel/rme_pgtbl.o
 .group         0x0000000000000000        0x8 ./Kernel/rme_pgtbl.o
 .group         0x0000000000000000        0x8 ./Kernel/rme_pgtbl.o
 .group         0x0000000000000000        0x8 ./Kernel/rme_pgtbl.o
 .group         0x0000000000000000        0x8 ./Kernel/rme_pgtbl.o
 .group         0x0000000000000000        0x8 ./Kernel/rme_pgtbl.o
 .debug_macro   0x0000000000000000      0x5aa ./Kernel/rme_pgtbl.o
 .debug_macro   0x0000000000000000       0xd2 ./Kernel/rme_pgtbl.o
 .debug_macro   0x0000000000000000       0xd5 ./Kernel/rme_pgtbl.o
 .debug_macro   0x0000000000000000       0x22 ./Kernel/rme_pgtbl.o
 .debug_macro   0x0000000000000000      0x575 ./Kernel/rme_pgtbl.o
 .debug_macro   0x0000000000000000      0x106 ./Kernel/rme_pgtbl.o
 .debug_macro   0x0000000000000000      0x5b8 ./Kernel/rme_pgtbl.o
 .debug_macro   0x0000000000000000       0x22 ./Kernel/rme_pgtbl.o
 .debug_macro   0x0000000000000000       0xde ./Kernel/rme_pgtbl.o
 .debug_macro   0x0000000000000000       0x28 ./Kernel/rme_pgtbl.o
 .debug_macro   0x0000000000000000       0x58 ./Kernel/rme_pgtbl.o
 .debug_macro   0x0000000000000000       0x19 ./Kernel/rme_pgtbl.o
 .debug_macro   0x0000000000000000       0x19 ./Kernel/rme_pgtbl.o
 .debug_macro   0x0000000000000000       0x19 ./Kernel/rme_pgtbl.o
 .debug_macro   0x0000000000000000       0x16 ./Kernel/rme_pgtbl.o
 .debug_macro   0x0000000000000000       0x16 ./Kernel/rme_pgtbl.o
 .debug_macro   0x0000000000000000       0x35 ./Kernel/rme_pgtbl.o
 .debug_macro   0x0000000000000000       0x35 ./Kernel/rme_pgtbl.o
 .debug_macro   0x0000000000000000       0x35 ./Kernel/rme_pgtbl.o
 .debug_macro   0x0000000000000000       0x2e ./Kernel/rme_pgtbl.o
 .note.GNU-stack
                0x0000000000000000        0x0 ./Kernel/rme_pgtbl.o
 .eh_frame      0x0000000000000000      0x328 ./Kernel/rme_pgtbl.o
 .group         0x0000000000000000        0x8 ./Kernel/rme_prcthd.o
 .group         0x0000000000000000        0x8 ./Kernel/rme_prcthd.o
 .group         0x0000000000000000        0x8 ./Kernel/rme_prcthd.o
 .group         0x0000000000000000        0x8 ./Kernel/rme_prcthd.o
 .group         0x0000000000000000        0x8 ./Kernel/rme_prcthd.o
 .group         0x0000000000000000        0x8 ./Kernel/rme_prcthd.o
 .group         0x0000000000000000        0x8 ./Kernel/rme_prcthd.o
 .group         0x0000000000000000        0x8 ./Kernel/rme_prcthd.o
 .group         0x0000000000000000        0x8 ./Kernel/rme_prcthd.o
 .group         0x0000000000000000        0x8 ./Kernel/rme_prcthd.o
 .group         0x0000000000000000        0x8 ./Kernel/rme_prcthd.o
 .group         0x0000000000000000        0x8 ./Kernel/rme_prcthd.o
 .group         0x0000000000000000        0x8 ./Kernel/rme_prcthd.o
 .group         0x0000000000000000        0x8 ./Kernel/rme_prcthd.o
 .group         0x0000000000000000        0x8 ./Kernel/rme_prcthd.o
 .group         0x0000000000000000        0x8 ./Kernel/rme_prcthd.o
 .group         0x0000000000000000        0x8 ./Kernel/rme_prcthd.o
 .group         0x0000000000000000        0x8 ./Kernel/rme_prcthd.o
 .group         0x0000000000000000        0x8 ./Kernel/rme_prcthd.o
 .group         0x0000000000000000        0x8 ./Kernel/rme_prcthd.o
 .group         0x0000000000000000        0x8 ./Kernel/rme_prcthd.o
 .group         0x0000000000000000        0x8 ./Kernel/rme_prcthd.o
 .group         0x0000000000000000        0x8 ./Kernel/rme_prcthd.o
 .group         0x0000000000000000        0x8 ./Kernel/rme_prcthd.o
 .group         0x0000000000000000        0x8 ./Kernel/rme_prcthd.o
 .group         0x0000000000000000        0x8 ./Kernel/rme_prcthd.o
 .group         0x0000000000000000        0x8 ./Kernel/rme_prcthd.o
 .debug_macro   0x0000000000000000      0x5aa ./Kernel/rme_prcthd.o
 .debug_macro   0x0000000000000000       0xd2 ./Kernel/rme_prcthd.o
 .debug_macro   0x0000000000000000       0xd5 ./Kernel/rme_prcthd.o
 .debug_macro   0x0000000000000000       0x22 ./Kernel/rme_prcthd.o
 .debug_macro   0x0000000000000000      0x575 ./Kernel/rme_prcthd.o
 .debug_macro   0x0000000000000000      0x106 ./Kernel/rme_prcthd.o
 .debug_macro   0x0000000000000000      0x5b8 ./Kernel/rme_prcthd.o
 .debug_macro   0x0000000000000000       0x22 ./Kernel/rme_prcthd.o
 .debug_macro   0x0000000000000000       0xde ./Kernel/rme_prcthd.o
 .debug_macro   0x0000000000000000       0x58 ./Kernel/rme_prcthd.o
 .debug_macro   0x0000000000000000       0x22 ./Kernel/rme_prcthd.o
 .debug_macro   0x0000000000000000       0x28 ./Kernel/rme_prcthd.o
 .debug_macro   0x0000000000000000       0x64 ./Kernel/rme_prcthd.o
 .debug_macro   0x0000000000000000       0x19 ./Kernel/rme_prcthd.o
 .debug_macro   0x0000000000000000       0x19 ./Kernel/rme_prcthd.o
 .debug_macro   0x0000000000000000       0x19 ./Kernel/rme_prcthd.o
 .debug_macro   0x0000000000000000       0x16 ./Kernel/rme_prcthd.o
 .debug_macro   0x0000000000000000       0x16 ./Kernel/rme_prcthd.o
 .debug_macro   0x0000000000000000       0x16 ./Kernel/rme_prcthd.o
 .debug_macro   0x0000000000000000       0x16 ./Kernel/rme_prcthd.o
 .debug_macro   0x0000000000000000       0x35 ./Kernel/rme_prcthd.o
 .debug_macro   0x0000000000000000       0x35 ./Kernel/rme_prcthd.o
 .debug_macro   0x0000000000000000       0x35 ./Kernel/rme_prcthd.o
 .debug_macro   0x0000000000000000       0x2f ./Kernel/rme_prcthd.o
 .debug_macro   0x0000000000000000       0x2e ./Kernel/rme_prcthd.o
 .debug_macro   0x0000000000000000       0x2f ./Kernel/rme_prcthd.o
 .note.GNU-stack
                0x0000000000000000        0x0 ./Kernel/rme_prcthd.o
 .eh_frame      0x0000000000000000      0x768 ./Kernel/rme_prcthd.o
 .group         0x0000000000000000        0x8 ./Kernel/rme_siginv.o
 .group         0x0000000000000000        0x8 ./Kernel/rme_siginv.o
 .group         0x0000000000000000        0x8 ./Kernel/rme_siginv.o
 .group         0x0000000000000000        0x8 ./Kernel/rme_siginv.o
 .group         0x0000000000000000        0x8 ./Kernel/rme_siginv.o
 .group         0x0000000000000000        0x8 ./Kernel/rme_siginv.o
 .group         0x0000000000000000        0x8 ./Kernel/rme_siginv.o
 .group         0x0000000000000000        0x8 ./Kernel/rme_siginv.o
 .group         0x0000000000000000        0x8 ./Kernel/rme_siginv.o
 .group         0x0000000000000000        0x8 ./Kernel/rme_siginv.o
 .group         0x0000000000000000        0x8 ./Kernel/rme_siginv.o
 .group         0x0000000000000000        0x8 ./Kernel/rme_siginv.o
 .group         0x0000000000000000        0x8 ./Kernel/rme_siginv.o
 .group         0x0000000000000000        0x8 ./Kernel/rme_siginv.o
 .group         0x0000000000000000        0x8 ./Kernel/rme_siginv.o
 .group         0x0000000000000000        0x8 ./Kernel/rme_siginv.o
 .group         0x0000000000000000        0x8 ./Kernel/rme_siginv.o
 .group         0x0000000000000000        0x8 ./Kernel/rme_siginv.o
 .group         0x0000000000000000        0x8 ./Kernel/rme_siginv.o
 .group         0x0000000000000000        0x8 ./Kernel/rme_siginv.o
 .group         0x0000000000000000        0x8 ./Kernel/rme_siginv.o
 .group         0x0000000000000000        0x8 ./Kernel/rme_siginv.o
 .group         0x0000000000000000        0x8 ./Kernel/rme_siginv.o
 .group         0x0000000000000000        0x8 ./Kernel/rme_siginv.o
 .group         0x0000000000000000        0x8 ./Kernel/rme_siginv.o
 .group         0x0000000000000000        0x8 ./Kernel/rme_siginv.o
 .group         0x0000000000000000        0x8 ./Kernel/rme_siginv.o
 .debug_macro   0x0000000000000000      0x5aa ./Kernel/rme_siginv.o
 .debug_macro   0x0000000000000000       0xd2 ./Kernel/rme_siginv.o
 .debug_macro   0x0000000000000000       0xd5 ./Kernel/rme_siginv.o
 .debug_macro   0x0000000000000000       0x22 ./Kernel/rme_siginv.o
 .debug_macro   0x0000000000000000      0x575 ./Kernel/rme_siginv.o
 .debug_macro   0x0000000000000000      0x106 ./Kernel/rme_siginv.o
 .debug_macro   0x0000000000000000      0x5b8 ./Kernel/rme_siginv.o
 .debug_macro   0x0000000000000000       0x22 ./Kernel/rme_siginv.o
 .debug_macro   0x0000000000000000       0xde ./Kernel/rme_siginv.o
 .debug_macro   0x0000000000000000       0x58 ./Kernel/rme_siginv.o
 .debug_macro   0x0000000000000000       0x28 ./Kernel/rme_siginv.o
 .debug_macro   0x0000000000000000       0x64 ./Kernel/rme_siginv.o
 .debug_macro   0x0000000000000000       0x22 ./Kernel/rme_siginv.o
 .debug_macro   0x0000000000000000       0x19 ./Kernel/rme_siginv.o
 .debug_macro   0x0000000000000000       0x19 ./Kernel/rme_siginv.o
 .debug_macro   0x0000000000000000       0x19 ./Kernel/rme_siginv.o
 .debug_macro   0x0000000000000000       0x16 ./Kernel/rme_siginv.o
 .debug_macro   0x0000000000000000       0x16 ./Kernel/rme_siginv.o
 .debug_macro   0x0000000000000000       0x16 ./Kernel/rme_siginv.o
 .debug_macro   0x0000000000000000       0x16 ./Kernel/rme_siginv.o
 .debug_macro   0x0000000000000000       0x35 ./Kernel/rme_siginv.o
 .debug_macro   0x0000000000000000       0x35 ./Kernel/rme_siginv.o
 .debug_macro   0x0000000000000000       0x35 ./Kernel/rme_siginv.o
 .debug_macro   0x0000000000000000       0x2f ./Kernel/rme_siginv.o
 .debug_macro   0x0000000000000000       0x2e ./Kernel/rme_siginv.o
 .debug_macro   0x0000000000000000       0x35 ./Kernel/rme_siginv.o
 .note.GNU-stack
                0x0000000000000000        0x0 ./Kernel/rme_siginv.o
 .eh_frame      0x0000000000000000      0x448 ./Kernel/rme_siginv.o
 .group         0x0000000000000000        0x8 ./UVM.o
 .debug_macro   0x0000000000000000      0x5aa ./UVM.o
 .note.GNU-stack
                0x0000000000000000        0x0 ./UVM.o

Memory Configuration

Name             Origin             Length             Attributes
*default*        0x0000000000000000 0xffffffffffffffff

Linker script and memory map

                0x0000000000100000                __RME_X64_Mboot_Load_Addr = 0x100000
                0xffffffff80100000                . = 0xffffffff80100000
                0xffffffff80100000                PROVIDE (begin, .)

.text           0xffffffff80100000   0x11eabf load address 0x0000000000100000
 *platform_x64_asm.o(.text .rela.text .stub .text.* .gnu.linkonce.t.*)
 .text          0xffffffff80100000   0x10c767 ./Platform/rme_platform_x64_asm.o
                0xffffffff80100000                __RME_X64_Mboot_Header
                0xffffffff80108000                __RME_X64_Mboot_Entry
                0xffffffff80108089                __RME_X64_SMP_Boot_32
                0xffffffff801080d9                _start
                0xffffffff80109000                RME_X64_Kpgt
                0xffffffff8020b800                __RME_X64_In
                0xffffffff8020b800                __RME_X64_Kern_Boot_Stack
                0xffffffff8020b80a                __RME_X64_Out
                0xffffffff8020b816                __RME_X64_Read_MSR
                0xffffffff8020b82a                __RME_X64_Write_MSR
                0xffffffff8020b83f                __RME_X64_CPU_Local_Get
                0xffffffff8020b849                __RME_X64_CPUID_Get
                0xffffffff8020b875                __RME_X64_GDT_Load
                0xffffffff8020b879                __RME_X64_IDT_Load
                0xffffffff8020b87d                __RME_X64_TSS_Load
                0xffffffff8020b881                __RME_Comp_Swap
                0xffffffff8020b89e                __RME_Fetch_Add
                0xffffffff8020b8a6                __RME_Fetch_And
                0xffffffff8020b8ae                __RME_X64_Write_Release
                0xffffffff8020b8b2                __RME_X64_Pgtbl_Set
                0xffffffff8020b8b6                __RME_Disable_Int
                0xffffffff8020b8b8                __RME_Enable_Int
                0xffffffff8020b8ba                __RME_X64_Halt
                0xffffffff8020b8bc                _RME_Kmain
                0xffffffff8020b8c4                __RME_MSB_Get
                0xffffffff8020b8c9                __RME_Enter_User_Mode
                0xffffffff8020b8dc                __RME_X64_FAULT_DE_Handler
                0xffffffff8020b8e8                __RME_X64_TRAP_DB_Handler
                0xffffffff8020b8f4                __RME_X64_INT_NMI_Handler
                0xffffffff8020b900                __RME_X64_TRAP_BP_Handler
                0xffffffff8020b90c                __RME_X64_TRAP_OF_Handler
                0xffffffff8020b915                __RME_X64_FAULT_BR_Handler
                0xffffffff8020b91e                __RME_X64_FAULT_UD_Handler
                0xffffffff8020b927                __RME_X64_FAULT_NM_Handler
                0xffffffff8020b930                __RME_X64_ABORT_DF_Handler
                0xffffffff8020b937                __RME_X64_ABORT_OLD_MF_Handler
                0xffffffff8020b940                __RME_X64_FAULT_TS_Handler
                0xffffffff8020b947                __RME_X64_FAULT_NP_Handler
                0xffffffff8020b94e                __RME_X64_FAULT_SS_Handler
                0xffffffff8020b955                __RME_X64_FAULT_GP_Handler
                0xffffffff8020b95c                __RME_X64_FAULT_PF_Handler
                0xffffffff8020b963                __RME_X64_FAULT_MF_Handler
                0xffffffff8020b96c                __RME_X64_FAULT_AC_Handler
                0xffffffff8020b973                __RME_X64_ABORT_MC_Handler
                0xffffffff8020b97c                __RME_X64_FAULT_XM_Handler
                0xffffffff8020b985                __RME_X64_FAULT_VE_Handler
                0xffffffff8020b9de                __RME_X64_USER32_Handler
                0xffffffff8020b9ea                __RME_X64_USER33_Handler
                0xffffffff8020b9f6                __RME_X64_USER34_Handler
                0xffffffff8020ba02                __RME_X64_USER35_Handler
                0xffffffff8020ba0e                __RME_X64_USER36_Handler
                0xffffffff8020ba1a                __RME_X64_USER37_Handler
                0xffffffff8020ba26                __RME_X64_USER38_Handler
                0xffffffff8020ba32                __RME_X64_USER39_Handler
                0xffffffff8020ba3e                __RME_X64_USER40_Handler
                0xffffffff8020ba4a                __RME_X64_USER41_Handler
                0xffffffff8020ba56                __RME_X64_USER42_Handler
                0xffffffff8020ba62                __RME_X64_USER43_Handler
                0xffffffff8020ba6e                __RME_X64_USER44_Handler
                0xffffffff8020ba7a                __RME_X64_USER45_Handler
                0xffffffff8020ba86                __RME_X64_USER46_Handler
                0xffffffff8020ba92                __RME_X64_USER47_Handler
                0xffffffff8020ba9e                __RME_X64_USER48_Handler
                0xffffffff8020baaa                __RME_X64_USER49_Handler
                0xffffffff8020bab6                __RME_X64_USER50_Handler
                0xffffffff8020bac2                __RME_X64_USER51_Handler
                0xffffffff8020bace                __RME_X64_USER52_Handler
                0xffffffff8020bada                __RME_X64_USER53_Handler
                0xffffffff8020bae6                __RME_X64_USER54_Handler
                0xffffffff8020baf2                __RME_X64_USER55_Handler
                0xffffffff8020bafe                __RME_X64_USER56_Handler
                0xffffffff8020bb0a                __RME_X64_USER57_Handler
                0xffffffff8020bb16                __RME_X64_USER58_Handler
                0xffffffff8020bb22                __RME_X64_USER59_Handler
                0xffffffff8020bb2e                __RME_X64_USER60_Handler
                0xffffffff8020bb3a                __RME_X64_USER61_Handler
                0xffffffff8020bb46                __RME_X64_USER62_Handler
                0xffffffff8020bb52                __RME_X64_USER63_Handler
                0xffffffff8020bb5e                __RME_X64_USER64_Handler
                0xffffffff8020bb6a                __RME_X64_USER65_Handler
                0xffffffff8020bb76                __RME_X64_USER66_Handler
                0xffffffff8020bb82                __RME_X64_USER67_Handler
                0xffffffff8020bb8e                __RME_X64_USER68_Handler
                0xffffffff8020bb9a                __RME_X64_USER69_Handler
                0xffffffff8020bba6                __RME_X64_USER70_Handler
                0xffffffff8020bbb2                __RME_X64_USER71_Handler
                0xffffffff8020bbbe                __RME_X64_USER72_Handler
                0xffffffff8020bbca                __RME_X64_USER73_Handler
                0xffffffff8020bbd6                __RME_X64_USER74_Handler
                0xffffffff8020bbe2                __RME_X64_USER75_Handler
                0xffffffff8020bbee                __RME_X64_USER76_Handler
                0xffffffff8020bbfa                __RME_X64_USER77_Handler
                0xffffffff8020bc06                __RME_X64_USER78_Handler
                0xffffffff8020bc12                __RME_X64_USER79_Handler
                0xffffffff8020bc1e                __RME_X64_USER80_Handler
                0xffffffff8020bc2a                __RME_X64_USER81_Handler
                0xffffffff8020bc36                __RME_X64_USER82_Handler
                0xffffffff8020bc42                __RME_X64_USER83_Handler
                0xffffffff8020bc4e                __RME_X64_USER84_Handler
                0xffffffff8020bc5a                __RME_X64_USER85_Handler
                0xffffffff8020bc66                __RME_X64_USER86_Handler
                0xffffffff8020bc72                __RME_X64_USER87_Handler
                0xffffffff8020bc7e                __RME_X64_USER88_Handler
                0xffffffff8020bc8a                __RME_X64_USER89_Handler
                0xffffffff8020bc96                __RME_X64_USER90_Handler
                0xffffffff8020bca2                __RME_X64_USER91_Handler
                0xffffffff8020bcae                __RME_X64_USER92_Handler
                0xffffffff8020bcba                __RME_X64_USER93_Handler
                0xffffffff8020bcc6                __RME_X64_USER94_Handler
                0xffffffff8020bcd2                __RME_X64_USER95_Handler
                0xffffffff8020bcde                __RME_X64_USER96_Handler
                0xffffffff8020bcea                __RME_X64_USER97_Handler
                0xffffffff8020bcf6                __RME_X64_USER98_Handler
                0xffffffff8020bd02                __RME_X64_USER99_Handler
                0xffffffff8020bd0e                __RME_X64_USER100_Handler
                0xffffffff8020bd1a                __RME_X64_USER101_Handler
                0xffffffff8020bd26                __RME_X64_USER102_Handler
                0xffffffff8020bd32                __RME_X64_USER103_Handler
                0xffffffff8020bd3e                __RME_X64_USER104_Handler
                0xffffffff8020bd4a                __RME_X64_USER105_Handler
                0xffffffff8020bd56                __RME_X64_USER106_Handler
                0xffffffff8020bd62                __RME_X64_USER107_Handler
                0xffffffff8020bd6e                __RME_X64_USER108_Handler
                0xffffffff8020bd7a                __RME_X64_USER109_Handler
                0xffffffff8020bd86                __RME_X64_USER110_Handler
                0xffffffff8020bd92                __RME_X64_USER111_Handler
                0xffffffff8020bd9e                __RME_X64_USER112_Handler
                0xffffffff8020bdaa                __RME_X64_USER113_Handler
                0xffffffff8020bdb6                __RME_X64_USER114_Handler
                0xffffffff8020bdc2                __RME_X64_USER115_Handler
                0xffffffff8020bdce                __RME_X64_USER116_Handler
                0xffffffff8020bdda                __RME_X64_USER117_Handler
                0xffffffff8020bde6                __RME_X64_USER118_Handler
                0xffffffff8020bdf2                __RME_X64_USER119_Handler
                0xffffffff8020bdfe                __RME_X64_USER120_Handler
                0xffffffff8020be0a                __RME_X64_USER121_Handler
                0xffffffff8020be16                __RME_X64_USER122_Handler
                0xffffffff8020be22                __RME_X64_USER123_Handler
                0xffffffff8020be2e                __RME_X64_USER124_Handler
                0xffffffff8020be3a                __RME_X64_USER125_Handler
                0xffffffff8020be46                __RME_X64_USER126_Handler
                0xffffffff8020be52                __RME_X64_USER127_Handler
                0xffffffff8020be5e                __RME_X64_USER128_Handler
                0xffffffff8020be6d                __RME_X64_USER129_Handler
                0xffffffff8020be7c                __RME_X64_USER130_Handler
                0xffffffff8020be8b                __RME_X64_USER131_Handler
                0xffffffff8020be9a                __RME_X64_USER132_Handler
                0xffffffff8020bea9                __RME_X64_USER133_Handler
                0xffffffff8020beb8                __RME_X64_USER134_Handler
                0xffffffff8020bec7                __RME_X64_USER135_Handler
                0xffffffff8020bed6                __RME_X64_USER136_Handler
                0xffffffff8020bee5                __RME_X64_USER137_Handler
                0xffffffff8020bef4                __RME_X64_USER138_Handler
                0xffffffff8020bf03                __RME_X64_USER139_Handler
                0xffffffff8020bf12                __RME_X64_USER140_Handler
                0xffffffff8020bf21                __RME_X64_USER141_Handler
                0xffffffff8020bf30                __RME_X64_USER142_Handler
                0xffffffff8020bf3f                __RME_X64_USER143_Handler
                0xffffffff8020bf4e                __RME_X64_USER144_Handler
                0xffffffff8020bf5d                __RME_X64_USER145_Handler
                0xffffffff8020bf6c                __RME_X64_USER146_Handler
                0xffffffff8020bf7b                __RME_X64_USER147_Handler
                0xffffffff8020bf8a                __RME_X64_USER148_Handler
                0xffffffff8020bf99                __RME_X64_USER149_Handler
                0xffffffff8020bfa8                __RME_X64_USER150_Handler
                0xffffffff8020bfb7                __RME_X64_USER151_Handler
                0xffffffff8020bfc6                __RME_X64_USER152_Handler
                0xffffffff8020bfd5                __RME_X64_USER153_Handler
                0xffffffff8020bfe4                __RME_X64_USER154_Handler
                0xffffffff8020bff3                __RME_X64_USER155_Handler
                0xffffffff8020c002                __RME_X64_USER156_Handler
                0xffffffff8020c011                __RME_X64_USER157_Handler
                0xffffffff8020c020                __RME_X64_USER158_Handler
                0xffffffff8020c02f                __RME_X64_USER159_Handler
                0xffffffff8020c03e                __RME_X64_USER160_Handler
                0xffffffff8020c04d                __RME_X64_USER161_Handler
                0xffffffff8020c05c                __RME_X64_USER162_Handler
                0xffffffff8020c06b                __RME_X64_USER163_Handler
                0xffffffff8020c07a                __RME_X64_USER164_Handler
                0xffffffff8020c089                __RME_X64_USER165_Handler
                0xffffffff8020c098                __RME_X64_USER166_Handler
                0xffffffff8020c0a7                __RME_X64_USER167_Handler
                0xffffffff8020c0b6                __RME_X64_USER168_Handler
                0xffffffff8020c0c5                __RME_X64_USER169_Handler
                0xffffffff8020c0d4                __RME_X64_USER170_Handler
                0xffffffff8020c0e3                __RME_X64_USER171_Handler
                0xffffffff8020c0f2                __RME_X64_USER172_Handler
                0xffffffff8020c101                __RME_X64_USER173_Handler
                0xffffffff8020c110                __RME_X64_USER174_Handler
                0xffffffff8020c11f                __RME_X64_USER175_Handler
                0xffffffff8020c12e                __RME_X64_USER176_Handler
                0xffffffff8020c13d                __RME_X64_USER177_Handler
                0xffffffff8020c14c                __RME_X64_USER178_Handler
                0xffffffff8020c15b                __RME_X64_USER179_Handler
                0xffffffff8020c16a                __RME_X64_USER180_Handler
                0xffffffff8020c179                __RME_X64_USER181_Handler
                0xffffffff8020c188                __RME_X64_USER182_Handler
                0xffffffff8020c197                __RME_X64_USER183_Handler
                0xffffffff8020c1a6                __RME_X64_USER184_Handler
                0xffffffff8020c1b5                __RME_X64_USER185_Handler
                0xffffffff8020c1c4                __RME_X64_USER186_Handler
                0xffffffff8020c1d3                __RME_X64_USER187_Handler
                0xffffffff8020c1e2                __RME_X64_USER188_Handler
                0xffffffff8020c1f1                __RME_X64_USER189_Handler
                0xffffffff8020c200                __RME_X64_USER190_Handler
                0xffffffff8020c20f                __RME_X64_USER191_Handler
                0xffffffff8020c21e                __RME_X64_USER192_Handler
                0xffffffff8020c22d                __RME_X64_USER193_Handler
                0xffffffff8020c23c                __RME_X64_USER194_Handler
                0xffffffff8020c24b                __RME_X64_USER195_Handler
                0xffffffff8020c25a                __RME_X64_USER196_Handler
                0xffffffff8020c269                __RME_X64_USER197_Handler
                0xffffffff8020c278                __RME_X64_USER198_Handler
                0xffffffff8020c287                __RME_X64_USER199_Handler
                0xffffffff8020c296                __RME_X64_USER200_Handler
                0xffffffff8020c2a5                __RME_X64_USER201_Handler
                0xffffffff8020c2b4                __RME_X64_USER202_Handler
                0xffffffff8020c2c3                __RME_X64_USER203_Handler
                0xffffffff8020c2d2                __RME_X64_USER204_Handler
                0xffffffff8020c2e1                __RME_X64_USER205_Handler
                0xffffffff8020c2f0                __RME_X64_USER206_Handler
                0xffffffff8020c2ff                __RME_X64_USER207_Handler
                0xffffffff8020c30e                __RME_X64_USER208_Handler
                0xffffffff8020c31d                __RME_X64_USER209_Handler
                0xffffffff8020c32c                __RME_X64_USER210_Handler
                0xffffffff8020c33b                __RME_X64_USER211_Handler
                0xffffffff8020c34a                __RME_X64_USER212_Handler
                0xffffffff8020c359                __RME_X64_USER213_Handler
                0xffffffff8020c368                __RME_X64_USER214_Handler
                0xffffffff8020c377                __RME_X64_USER215_Handler
                0xffffffff8020c386                __RME_X64_USER216_Handler
                0xffffffff8020c395                __RME_X64_USER217_Handler
                0xffffffff8020c3a4                __RME_X64_USER218_Handler
                0xffffffff8020c3b3                __RME_X64_USER219_Handler
                0xffffffff8020c3c2                __RME_X64_USER220_Handler
                0xffffffff8020c3d1                __RME_X64_USER221_Handler
                0xffffffff8020c3e0                __RME_X64_USER222_Handler
                0xffffffff8020c3ef                __RME_X64_USER223_Handler
                0xffffffff8020c3fe                __RME_X64_USER224_Handler
                0xffffffff8020c40d                __RME_X64_USER225_Handler
                0xffffffff8020c41c                __RME_X64_USER226_Handler
                0xffffffff8020c42b                __RME_X64_USER227_Handler
                0xffffffff8020c43a                __RME_X64_USER228_Handler
                0xffffffff8020c449                __RME_X64_USER229_Handler
                0xffffffff8020c458                __RME_X64_USER230_Handler
                0xffffffff8020c467                __RME_X64_USER231_Handler
                0xffffffff8020c476                __RME_X64_USER232_Handler
                0xffffffff8020c485                __RME_X64_USER233_Handler
                0xffffffff8020c494                __RME_X64_USER234_Handler
                0xffffffff8020c4a3                __RME_X64_USER235_Handler
                0xffffffff8020c4b2                __RME_X64_USER236_Handler
                0xffffffff8020c4c1                __RME_X64_USER237_Handler
                0xffffffff8020c4d0                __RME_X64_USER238_Handler
                0xffffffff8020c4df                __RME_X64_USER239_Handler
                0xffffffff8020c4ee                __RME_X64_USER240_Handler
                0xffffffff8020c4fd                __RME_X64_USER241_Handler
                0xffffffff8020c50c                __RME_X64_USER242_Handler
                0xffffffff8020c51b                __RME_X64_USER243_Handler
                0xffffffff8020c52a                __RME_X64_USER244_Handler
                0xffffffff8020c539                __RME_X64_USER245_Handler
                0xffffffff8020c545                __RME_X64_USER246_Handler
                0xffffffff8020c551                __RME_X64_USER247_Handler
                0xffffffff8020c55d                __RME_X64_USER248_Handler
                0xffffffff8020c569                __RME_X64_USER249_Handler
                0xffffffff8020c575                __RME_X64_USER250_Handler
                0xffffffff8020c581                __RME_X64_USER251_Handler
                0xffffffff8020c58d                __RME_X64_USER252_Handler
                0xffffffff8020c599                __RME_X64_USER253_Handler
                0xffffffff8020c5a5                __RME_X64_USER254_Handler
                0xffffffff8020c5b1                __RME_X64_USER255_Handler
                0xffffffff8020c612                SysTick_SMP_Handler
                0xffffffff8020c66c                SysTick_Handler
                0xffffffff8020c6cb                SVC_Handler
 *(.text .rela.text .stub .text.* .gnu.linkonce.t.*)
 *fill*         0xffffffff8020c767        0x9 
 .text          0xffffffff8020c770     0x85d7 ./Platform/rme_platform_x64.o
                0xffffffff802112f0                __RME_Putchar
                0xffffffff80211330                __RME_X64_LAPIC_Ack
                0xffffffff80211350                __RME_X64_SMP_Init
                0xffffffff80211530                __RME_X64_SMP_Tick
                0xffffffff80211570                __RME_Low_Level_Init
                0xffffffff80212050                __RME_Pgtbl_Kmem_Init
                0xffffffff80212920                __RME_SMP_Low_Level_Init
                0xffffffff80212ba0                __RME_Boot
                0xffffffff80213da0                __RME_Reboot
                0xffffffff80213e10                __RME_Shutdown
                0xffffffff80213e80                __RME_Get_Syscall_Param
                0xffffffff80213eb0                __RME_Set_Syscall_Retval
                0xffffffff80213ec0                __RME_Thd_Reg_Init
                0xffffffff80213f10                __RME_Thd_Reg_Copy
                0xffffffff80213ff0                __RME_Thd_Cop_Init
                0xffffffff80214000                __RME_Thd_Cop_Save
                0xffffffff80214010                __RME_Thd_Cop_Restore
                0xffffffff80214020                __RME_Inv_Reg_Save
                0xffffffff80214040                __RME_Inv_Reg_Restore
                0xffffffff80214060                __RME_Set_Inv_Retval
                0xffffffff80214070                NDBG
                0xffffffff802140b0                write_string
                0xffffffff802140e0                __RME_Kern_Func_Handler
                0xffffffff802142a0                __RME_X64_Fault_Handler
                0xffffffff80214630                __RME_X64_Generic_Handler
                0xffffffff80214650                __RME_Pgtbl_Set
                0xffffffff80214680                __RME_Pgtbl_Check
                0xffffffff802146d0                __RME_Pgtbl_Init
                0xffffffff802147c0                __RME_Pgtbl_Del_Check
                0xffffffff80214810                __RME_Pgtbl_Page_Map
                0xffffffff802148b0                __RME_Pgtbl_Page_Unmap
                0xffffffff80214910                __RME_Pgtbl_Pgdir_Map
                0xffffffff802149f0                __RME_Pgtbl_Pgdir_Unmap
                0xffffffff80214ac0                __RME_Pgtbl_Lookup
                0xffffffff80214b60                __RME_Pgtbl_Walk
 .text.unlikely
                0xffffffff80214d47        0x0 ./Platform/rme_platform_x64.o
 *fill*         0xffffffff80214d47        0x9 
 .text.startup  0xffffffff80214d50       0x2b ./Platform/rme_platform_x64.o
                0xffffffff80214d50                main
 .rela.text     0xffffffff80214d7b        0x0 ./Platform/rme_platform_x64.o
 *fill*         0xffffffff80214d7b        0x5 
 .text          0xffffffff80214d80      0xf90 ./Kernel/rme_captbl.o
                0xffffffff80214d80                _RME_Captbl_Boot_Init
                0xffffffff80214e30                _RME_Captbl_Boot_Crt
                0xffffffff80215020                _RME_Captbl_Crt
                0xffffffff802152e0                _RME_Captbl_Del
                0xffffffff802155b0                _RME_Captbl_Frz
                0xffffffff80215750                _RME_Captbl_Add
                0xffffffff80215b60                _RME_Captbl_Rem
 .text.unlikely
                0xffffffff80215d10        0x0 ./Kernel/rme_captbl.o
 .text          0xffffffff80215d10     0x1596 ./Kernel/rme_kernel.o
                0xffffffff80215d10                _RME_Clear
                0xffffffff80215f40                _RME_Memcmp
                0xffffffff80215f90                _RME_Memcpy
                0xffffffff802161e0                _RME_Timestamp_Inc
                0xffffffff802163c0                _RME_Kern_Boot_Crt
                0xffffffff80216530                _RME_Kern_Act
                0xffffffff80216620                _RME_Kmem_Boot_Crt
                0xffffffff80216990                _RME_Svc_Handler
                0xffffffff80216ef0                _RME_Tick_SMP_Handler
                0xffffffff80216f70                _RME_Tick_Handler
                0xffffffff80216ff0                RME_Kmain
                0xffffffff80217030                RME_Print_Int
                0xffffffff802171b0                RME_Print_Uint
                0xffffffff80217270                RME_Print_String
 .text.unlikely
                0xffffffff802172a6        0x0 ./Kernel/rme_kernel.o
 *fill*         0xffffffff802172a6        0xa 
 .text          0xffffffff802172b0      0x435 ./Kernel/rme_kotbl.o
                0xffffffff802172b0                _RME_Kotbl_Init
                0xffffffff802172f0                _RME_Kotbl_Mark
                0xffffffff80217520                _RME_Kotbl_Erase
 .text.unlikely
                0xffffffff802176e5        0x0 ./Kernel/rme_kotbl.o
 *fill*         0xffffffff802176e5        0xb 
 .text          0xffffffff802176f0     0x1778 ./Kernel/rme_pgtbl.o
                0xffffffff802176f0                _RME_Pgtbl_Boot_Crt
                0xffffffff80217b10                _RME_Pgtbl_Boot_Con
                0xffffffff80217d20                _RME_Pgtbl_Boot_Add
                0xffffffff80217e80                _RME_Pgtbl_Crt
                0xffffffff80218360                _RME_Pgtbl_Del
                0xffffffff80218620                _RME_Pgtbl_Add
                0xffffffff80218950                _RME_Pgtbl_Rem
                0xffffffff80218ab0                _RME_Pgtbl_Con
                0xffffffff80218d10                _RME_Pgtbl_Des
 .text.unlikely
                0xffffffff80218e68        0x0 ./Kernel/rme_pgtbl.o
 *fill*         0xffffffff80218e68        0x8 
 .text          0xffffffff80218e70     0x4459 ./Kernel/rme_prcthd.o
                0xffffffff80218e70                _RME_CPU_Local_Init
                0xffffffff80218ed0                __RME_List_Crt
                0xffffffff80218ee0                __RME_List_Del
                0xffffffff80218ef0                __RME_List_Ins
                0xffffffff80218f00                __RME_Thd_Fatal
                0xffffffff80219100                _RME_Run_Ins
                0xffffffff802191c0                _RME_Run_Del
                0xffffffff80219290                _RME_Run_High
                0xffffffff80219330                _RME_Run_Notif
                0xffffffff80219390                _RME_Run_Swt
                0xffffffff80219480                _RME_Proc_Boot_Crt
                0xffffffff80219970                _RME_Proc_Crt
                0xffffffff80219f80                _RME_Proc_Del
                0xffffffff8021a230                _RME_Proc_Cpt
                0xffffffff8021a4c0                _RME_Proc_Pgt
                0xffffffff8021a750                _RME_Thd_Boot_Crt
                0xffffffff8021abb0                _RME_Thd_Crt
                0xffffffff8021afe0                _RME_Thd_Del
                0xffffffff8021b2c0                _RME_Thd_Exec_Set
                0xffffffff8021b450                _RME_Thd_Hyp_Set
                0xffffffff8021b590                _RME_Thd_Sched_Bind
                0xffffffff8021b9a0                _RME_Thd_Sched_Prio
                0xffffffff8021beb0                _RME_Thd_Sched_Free
                0xffffffff8021c390                _RME_Thd_Sched_Rcv
                0xffffffff8021c500                _RME_Thd_Time_Xfer
                0xffffffff8021ca90                _RME_Thd_Swt
 .text.unlikely
                0xffffffff8021d2c9        0x0 ./Kernel/rme_prcthd.o
 *fill*         0xffffffff8021d2c9        0x7 
 .text          0xffffffff8021d2d0     0x17ef ./Kernel/rme_siginv.o
                0xffffffff8021d2d0                _RME_Sig_Boot_Crt
                0xffffffff8021d470                _RME_Sig_Crt
                0xffffffff8021d700                _RME_Sig_Del
                0xffffffff8021d9d0                _RME_Kern_High
                0xffffffff8021dab0                _RME_Kern_Snd
                0xffffffff8021db70                _RME_Sig_Snd
                0xffffffff8021dd60                _RME_Sig_Rcv
                0xffffffff8021e090                _RME_Inv_Crt
                0xffffffff8021e430                _RME_Inv_Del
                0xffffffff8021e6c0                _RME_Inv_Set
                0xffffffff8021e7d0                _RME_Inv_Act
                0xffffffff8021e980                _RME_Inv_Ret
 .text.unlikely
                0xffffffff8021eabf        0x0 ./Kernel/rme_siginv.o
 .text          0xffffffff8021eabf        0x0 ./UVM.o
                [!provide]                        PROVIDE (etext, .)

.iplt           0xffffffff8021eac0        0x0 load address 0x000000000021eac0
 .iplt          0xffffffff8021eac0        0x0 ./Platform/rme_platform_x64.o

.rodata         0xffffffff8021eac0     0x2550 load address 0x000000000021eac0
 *(.rodata .rodata.* .gnu.linkonce.r.*)
 .rodata.str1.8
                0xffffffff8021eac0      0x278 ./Platform/rme_platform_x64.o
 .rodata.str1.1
                0xffffffff8021ed38      0x6d8 ./Platform/rme_platform_x64.o
                                        0x6e3 (size before relaxing)
 *fill*         0xffffffff8021f410       0x10 
 .rodata        0xffffffff8021f420      0x2c0 ./Platform/rme_platform_x64.o
 .rodata.str1.8
                0xffffffff8021f6e0       0x55 ./Kernel/rme_captbl.o
                                         0x7d (size before relaxing)
 .rodata.str1.1
                0xffffffff8021f735        0x9 ./Kernel/rme_captbl.o
                                         0x25 (size before relaxing)
 *fill*         0xffffffff8021f73e        0x2 
 .rodata.str1.8
                0xffffffff8021f740       0x55 ./Kernel/rme_kernel.o
                                         0x7d (size before relaxing)
 .rodata.str1.1
                0xffffffff8021f795       0x25 ./Kernel/rme_kernel.o
 *fill*         0xffffffff8021f795        0x3 
 .rodata        0xffffffff8021f798      0x118 ./Kernel/rme_kernel.o
 .rodata.str1.8
                0xffffffff8021f8b0       0x54 ./Kernel/rme_pgtbl.o
                                         0x7c (size before relaxing)
 .rodata.str1.1
                0xffffffff8021f904       0x25 ./Kernel/rme_pgtbl.o
 *fill*         0xffffffff8021f904        0x4 
 .rodata.str1.8
                0xffffffff8021f908       0x55 ./Kernel/rme_prcthd.o
                                         0x7d (size before relaxing)
 .rodata.str1.1
                0xffffffff8021f95d        0x9 ./Kernel/rme_prcthd.o
                                         0x25 (size before relaxing)
 *fill*         0xffffffff8021f966        0x2 
 .rodata.str1.8
                0xffffffff8021f968       0x58 ./Kernel/rme_siginv.o
                                         0x7d (size before relaxing)
 .rodata.str1.1
                0xffffffff8021f9c0       0x25 ./Kernel/rme_siginv.o
 .rodata        0xffffffff8021f9c0     0x1650 ./UVM.o
                0xffffffff8021f9c0                UVM_Init

.rela.dyn       0xffffffff80221010        0x0 load address 0x0000000000221010
 .rela.iplt     0xffffffff80221010        0x0 ./Platform/rme_platform_x64.o
 .rela.text.startup
                0xffffffff80221010        0x0 ./Platform/rme_platform_x64.o
                0xffffffff80222000                . = ALIGN (0x1000)
                [!provide]                        PROVIDE (data, .)

.data           0xffffffff80222000        0x0 load address 0x0000000000222000
 *(.data)
 .data          0xffffffff80222000        0x0 ./Platform/rme_platform_x64.o
 .data          0xffffffff80222000        0x0 ./Platform/rme_platform_x64_asm.o
 .data          0xffffffff80222000        0x0 ./Kernel/rme_captbl.o
 .data          0xffffffff80222000        0x0 ./Kernel/rme_kernel.o
 .data          0xffffffff80222000        0x0 ./Kernel/rme_kotbl.o
 .data          0xffffffff80222000        0x0 ./Kernel/rme_pgtbl.o
 .data          0xffffffff80222000        0x0 ./Kernel/rme_prcthd.o
 .data          0xffffffff80222000        0x0 ./Kernel/rme_siginv.o
 .data          0xffffffff80222000        0x0 ./UVM.o

.igot.plt       0xffffffff80222000        0x0 load address 0x0000000000222000
 .igot.plt      0xffffffff80222000        0x0 ./Platform/rme_platform_x64.o
                0xffffffff80222000                . = ALIGN (0x1000)
                0xffffffff80222000                PROVIDE (edata, .)
                0xffffffff80222000                . = ALIGN (0x1000)

.bss            0xffffffff80222000     0x9768 load address 0x0000000000222000
 *rme_captbl.o(.bss)
 .bss           0xffffffff80222000        0x0 ./Kernel/rme_captbl.o
 *rme_kernel.o(.bss)
 .bss           0xffffffff80222000        0x8 ./Kernel/rme_kernel.o
                0xffffffff80222000                RME_Timestamp
 *rme_pgtbl.o(.bss)
 .bss           0xffffffff80222008        0x0 ./Kernel/rme_pgtbl.o
 *rme_prcthd.o(.bss)
 .bss           0xffffffff80222008        0x0 ./Kernel/rme_prcthd.o
 *rme_siginv.o(.bss)
 .bss           0xffffffff80222008        0x0 ./Kernel/rme_siginv.o
 *rme_platform_x64.o(.bss)
 *fill*         0xffffffff80222008       0x18 
 .bss           0xffffffff80222020     0x9748 ./Platform/rme_platform_x64.o
                0xffffffff80222020                RME_X64_Mem
                0xffffffff8022a020                RME_X64_Phys_Mem
 *rme_platform_x64_asm.o(.bss)
 .bss           0xffffffff8022b768        0x0 ./Platform/rme_platform_x64_asm.o
 *(COMMON)
 .bss           0xffffffff8022b768        0x0 ./UVM.o
                0xffffffff8022b768                PROVIDE (end, .)
                0xffffffff81000000                . = 0xffffffff81000000

.noinit         0xffffffff81000000        0x0 load address 0x0000000001000000
 *rme_kotbl.o(.bss)
 .bss           0xffffffff81000000        0x0 ./Kernel/rme_kotbl.o

/DISCARD/
 *(.eh_frame .rela.eh_frame .note.GNU-stack)
                0x0000000000222000                __RME_X64_Mboot_Load_End = (__RME_X64_Mboot_Load_Addr + (edata - begin))
                0x000000000022b768                __RME_X64_Mboot_BSS_End = (__RME_X64_Mboot_Load_Addr + (end - begin))
                0x0000000000108000                __RME_X64_Mboot_Entry_Addr = (__RME_X64_Mboot_Load_Addr + (__RME_X64_Mboot_Entry - begin))
LOAD ./Platform/rme_platform_x64.o
LOAD ./Platform/rme_platform_x64_asm.o
LOAD ./Kernel/rme_captbl.o
LOAD ./Kernel/rme_kernel.o
LOAD ./Kernel/rme_kotbl.o
LOAD ./Kernel/rme_pgtbl.o
LOAD ./Kernel/rme_prcthd.o
LOAD ./Kernel/rme_siginv.o
LOAD ./UVM.o
OUTPUT(RME elf64-x86-64)

.debug_info     0x0000000000000000    0x11009
 .debug_info    0x0000000000000000     0x6c03 ./Platform/rme_platform_x64.o
 .debug_info    0x0000000000006c03      0x9a8 ./Kernel/rme_captbl.o
 .debug_info    0x00000000000075ab     0x1bc2 ./Kernel/rme_kernel.o
 .debug_info    0x000000000000916d      0x3d0 ./Kernel/rme_kotbl.o
 .debug_info    0x000000000000953d     0x116a ./Kernel/rme_pgtbl.o
 .debug_info    0x000000000000a6a7     0x4dea ./Kernel/rme_prcthd.o
 .debug_info    0x000000000000f491     0x1b18 ./Kernel/rme_siginv.o
 .debug_info    0x0000000000010fa9       0x60 ./UVM.o

.debug_abbrev   0x0000000000000000     0x12b3
 .debug_abbrev  0x0000000000000000      0x4eb ./Platform/rme_platform_x64.o
 .debug_abbrev  0x00000000000004eb      0x1b0 ./Kernel/rme_captbl.o
 .debug_abbrev  0x000000000000069b      0x394 ./Kernel/rme_kernel.o
 .debug_abbrev  0x0000000000000a2f       0xf3 ./Kernel/rme_kotbl.o
 .debug_abbrev  0x0000000000000b22      0x1ce ./Kernel/rme_pgtbl.o
 .debug_abbrev  0x0000000000000cf0      0x350 ./Kernel/rme_prcthd.o
 .debug_abbrev  0x0000000000001040      0x22b ./Kernel/rme_siginv.o
 .debug_abbrev  0x000000000000126b       0x48 ./UVM.o

.debug_loc      0x0000000000000000    0x113f7
 .debug_loc     0x0000000000000000     0x29a5 ./Platform/rme_platform_x64.o
 .debug_loc     0x00000000000029a5     0x1367 ./Kernel/rme_captbl.o
 .debug_loc     0x0000000000003d0c     0x25bf ./Kernel/rme_kernel.o
 .debug_loc     0x00000000000062cb      0x9c8 ./Kernel/rme_kotbl.o
 .debug_loc     0x0000000000006c93     0x2416 ./Kernel/rme_pgtbl.o
 .debug_loc     0x00000000000090a9     0x6367 ./Kernel/rme_prcthd.o
 .debug_loc     0x000000000000f410     0x1fe7 ./Kernel/rme_siginv.o

.debug_aranges  0x0000000000000000      0x180
 .debug_aranges
                0x0000000000000000       0x40 ./Platform/rme_platform_x64.o
 .debug_aranges
                0x0000000000000040       0x30 ./Kernel/rme_captbl.o
 .debug_aranges
                0x0000000000000070       0x30 ./Kernel/rme_kernel.o
 .debug_aranges
                0x00000000000000a0       0x30 ./Kernel/rme_kotbl.o
 .debug_aranges
                0x00000000000000d0       0x30 ./Kernel/rme_pgtbl.o
 .debug_aranges
                0x0000000000000100       0x30 ./Kernel/rme_prcthd.o
 .debug_aranges
                0x0000000000000130       0x30 ./Kernel/rme_siginv.o
 .debug_aranges
                0x0000000000000160       0x20 ./UVM.o

.debug_ranges   0x0000000000000000      0x880
 .debug_ranges  0x0000000000000000      0x290 ./Platform/rme_platform_x64.o
 .debug_ranges  0x0000000000000290       0x70 ./Kernel/rme_kernel.o
 .debug_ranges  0x0000000000000300      0x580 ./Kernel/rme_prcthd.o

.debug_macro    0x0000000000000000     0x2129
 .debug_macro   0x0000000000000000      0x113 ./Platform/rme_platform_x64.o
 .debug_macro   0x0000000000000113      0x5aa ./Platform/rme_platform_x64.o
 .debug_macro   0x00000000000006bd      0x106 ./Platform/rme_platform_x64.o
 .debug_macro   0x00000000000007c3      0x5b8 ./Platform/rme_platform_x64.o
 .debug_macro   0x0000000000000d7b       0x22 ./Platform/rme_platform_x64.o
 .debug_macro   0x0000000000000d9d       0x28 ./Platform/rme_platform_x64.o
 .debug_macro   0x0000000000000dc5       0xde ./Platform/rme_platform_x64.o
 .debug_macro   0x0000000000000ea3       0x58 ./Platform/rme_platform_x64.o
 .debug_macro   0x0000000000000efb       0x64 ./Platform/rme_platform_x64.o
 .debug_macro   0x0000000000000f5f       0x22 ./Platform/rme_platform_x64.o
 .debug_macro   0x0000000000000f81       0xd2 ./Platform/rme_platform_x64.o
 .debug_macro   0x0000000000001053       0xd5 ./Platform/rme_platform_x64.o
 .debug_macro   0x0000000000001128       0x22 ./Platform/rme_platform_x64.o
 .debug_macro   0x000000000000114a      0x575 ./Platform/rme_platform_x64.o
 .debug_macro   0x00000000000016bf       0x19 ./Platform/rme_platform_x64.o
 .debug_macro   0x00000000000016d8       0x19 ./Platform/rme_platform_x64.o
 .debug_macro   0x00000000000016f1       0x19 ./Platform/rme_platform_x64.o
 .debug_macro   0x000000000000170a       0x16 ./Platform/rme_platform_x64.o
 .debug_macro   0x0000000000001720       0x16 ./Platform/rme_platform_x64.o
 .debug_macro   0x0000000000001736       0x16 ./Platform/rme_platform_x64.o
 .debug_macro   0x000000000000174c       0x35 ./Platform/rme_platform_x64.o
 .debug_macro   0x0000000000001781       0x35 ./Platform/rme_platform_x64.o
 .debug_macro   0x00000000000017b6       0x35 ./Platform/rme_platform_x64.o
 .debug_macro   0x00000000000017eb       0x2f ./Platform/rme_platform_x64.o
 .debug_macro   0x000000000000181a       0x2e ./Platform/rme_platform_x64.o
 .debug_macro   0x0000000000001848       0x35 ./Platform/rme_platform_x64.o
 .debug_macro   0x000000000000187d       0x2f ./Platform/rme_platform_x64.o
 .debug_macro   0x00000000000018ac       0xe9 ./Kernel/rme_captbl.o
 .debug_macro   0x0000000000001995       0xde ./Kernel/rme_captbl.o
 .debug_macro   0x0000000000001a73       0x16 ./Kernel/rme_captbl.o
 .debug_macro   0x0000000000001a89       0x35 ./Kernel/rme_captbl.o
 .debug_macro   0x0000000000001abe       0x35 ./Kernel/rme_captbl.o
 .debug_macro   0x0000000000001af3      0x128 ./Kernel/rme_kernel.o
 .debug_macro   0x0000000000001c1b       0x35 ./Kernel/rme_kernel.o
 .debug_macro   0x0000000000001c50       0xc5 ./Kernel/rme_kotbl.o
 .debug_macro   0x0000000000001d15       0x2e ./Kernel/rme_kotbl.o
 .debug_macro   0x0000000000001d43       0xf2 ./Kernel/rme_pgtbl.o
 .debug_macro   0x0000000000001e35       0x2f ./Kernel/rme_pgtbl.o
 .debug_macro   0x0000000000001e64      0x128 ./Kernel/rme_prcthd.o
 .debug_macro   0x0000000000001f8c       0x35 ./Kernel/rme_prcthd.o
 .debug_macro   0x0000000000001fc1      0x128 ./Kernel/rme_siginv.o
 .debug_macro   0x00000000000020e9       0x2f ./Kernel/rme_siginv.o
 .debug_macro   0x0000000000002118       0x11 ./UVM.o

.debug_line     0x0000000000000000     0x50d5
 .debug_line    0x0000000000000000     0x1470 ./Platform/rme_platform_x64.o
 .debug_line    0x0000000000001470      0x816 ./Kernel/rme_captbl.o
 .debug_line    0x0000000000001c86      0x7b7 ./Kernel/rme_kernel.o
 .debug_line    0x000000000000243d      0x4ae ./Kernel/rme_kotbl.o
 .debug_line    0x00000000000028eb      0xa27 ./Kernel/rme_pgtbl.o
 .debug_line    0x0000000000003312     0x140f ./Kernel/rme_prcthd.o
 .debug_line    0x0000000000004721      0x98b ./Kernel/rme_siginv.o
 .debug_line    0x00000000000050ac       0x29 ./UVM.o

.debug_str      0x0000000000000000     0x995e
 .debug_str     0x0000000000000000     0x8f5d ./Platform/rme_platform_x64.o
                                       0x90d7 (size before relaxing)
 .debug_str     0x0000000000008f5d      0x220 ./Kernel/rme_captbl.o
                                       0x7b52 (size before relaxing)
 .debug_str     0x000000000000917d      0x343 ./Kernel/rme_kernel.o
                                       0x857b (size before relaxing)
 .debug_str     0x00000000000094c0       0x9b ./Kernel/rme_kotbl.o
                                       0x652d (size before relaxing)
 .debug_str     0x000000000000955b       0xea ./Kernel/rme_pgtbl.o
                                       0x7c40 (size before relaxing)
 .debug_str     0x0000000000009645      0x22a ./Kernel/rme_prcthd.o
                                       0x859a (size before relaxing)
 .debug_str     0x000000000000986f       0x8c ./Kernel/rme_siginv.o
                                       0x8348 (size before relaxing)
 .debug_str     0x00000000000098fb       0x63 ./UVM.o
                                       0x1a96 (size before relaxing)

.comment        0x0000000000000000       0x35
 .comment       0x0000000000000000       0x35 ./Platform/rme_platform_x64.o
                                         0x36 (size before relaxing)
 .comment       0x0000000000000035       0x36 ./Kernel/rme_captbl.o
 .comment       0x0000000000000035       0x36 ./Kernel/rme_kernel.o
 .comment       0x0000000000000035       0x36 ./Kernel/rme_kotbl.o
 .comment       0x0000000000000035       0x36 ./Kernel/rme_pgtbl.o
 .comment       0x0000000000000035       0x36 ./Kernel/rme_prcthd.o
 .comment       0x0000000000000035       0x36 ./Kernel/rme_siginv.o
 .comment       0x0000000000000035       0x36 ./UVM.o
