
Discarded input sections

 .group         0x0000000000000000        0x8 ./Platform/platform_x64.o
 .group         0x0000000000000000        0x8 ./Platform/platform_x64.o
 .group         0x0000000000000000        0x8 ./Platform/platform_x64.o
 .group         0x0000000000000000        0x8 ./Platform/platform_x64.o
 .group         0x0000000000000000        0x8 ./Platform/platform_x64.o
 .group         0x0000000000000000        0x8 ./Platform/platform_x64.o
 .group         0x0000000000000000        0x8 ./Platform/platform_x64.o
 .group         0x0000000000000000        0x8 ./Platform/platform_x64.o
 .group         0x0000000000000000        0x8 ./Platform/platform_x64.o
 .group         0x0000000000000000        0x8 ./Platform/platform_x64.o
 .group         0x0000000000000000        0x8 ./Platform/platform_x64.o
 .group         0x0000000000000000        0x8 ./Platform/platform_x64.o
 .group         0x0000000000000000        0x8 ./Platform/platform_x64.o
 .group         0x0000000000000000        0x8 ./Platform/platform_x64.o
 .group         0x0000000000000000        0x8 ./Platform/platform_x64.o
 .group         0x0000000000000000        0x8 ./Platform/platform_x64.o
 .group         0x0000000000000000        0x8 ./Platform/platform_x64.o
 .group         0x0000000000000000        0x8 ./Platform/platform_x64.o
 .group         0x0000000000000000        0x8 ./Platform/platform_x64.o
 .group         0x0000000000000000        0x8 ./Platform/platform_x64.o
 .group         0x0000000000000000        0x8 ./Platform/platform_x64.o
 .group         0x0000000000000000        0x8 ./Platform/platform_x64.o
 .group         0x0000000000000000        0x8 ./Platform/platform_x64.o
 .group         0x0000000000000000        0x8 ./Platform/platform_x64.o
 .group         0x0000000000000000        0x8 ./Platform/platform_x64.o
 .group         0x0000000000000000        0x8 ./Platform/platform_x64.o
 .note.GNU-stack
                0x0000000000000000        0x0 ./Platform/platform_x64.o
 .eh_frame      0x0000000000000000      0x530 ./Platform/platform_x64.o
 .group         0x0000000000000000        0x8 ./Kernel/captbl.o
 .group         0x0000000000000000        0x8 ./Kernel/captbl.o
 .group         0x0000000000000000        0x8 ./Kernel/captbl.o
 .group         0x0000000000000000        0x8 ./Kernel/captbl.o
 .group         0x0000000000000000        0x8 ./Kernel/captbl.o
 .group         0x0000000000000000        0x8 ./Kernel/captbl.o
 .group         0x0000000000000000        0x8 ./Kernel/captbl.o
 .group         0x0000000000000000        0x8 ./Kernel/captbl.o
 .group         0x0000000000000000        0x8 ./Kernel/captbl.o
 .group         0x0000000000000000        0x8 ./Kernel/captbl.o
 .group         0x0000000000000000        0x8 ./Kernel/captbl.o
 .group         0x0000000000000000        0x8 ./Kernel/captbl.o
 .group         0x0000000000000000        0x8 ./Kernel/captbl.o
 .group         0x0000000000000000        0x8 ./Kernel/captbl.o
 .group         0x0000000000000000        0x8 ./Kernel/captbl.o
 .group         0x0000000000000000        0x8 ./Kernel/captbl.o
 .group         0x0000000000000000        0x8 ./Kernel/captbl.o
 .group         0x0000000000000000        0x8 ./Kernel/captbl.o
 .group         0x0000000000000000        0x8 ./Kernel/captbl.o
 .group         0x0000000000000000        0x8 ./Kernel/captbl.o
 .debug_macro   0x0000000000000000      0x5aa ./Kernel/captbl.o
 .debug_macro   0x0000000000000000       0xd2 ./Kernel/captbl.o
 .debug_macro   0x0000000000000000       0xd7 ./Kernel/captbl.o
 .debug_macro   0x0000000000000000       0x22 ./Kernel/captbl.o
 .debug_macro   0x0000000000000000      0x560 ./Kernel/captbl.o
 .debug_macro   0x0000000000000000      0x10c ./Kernel/captbl.o
 .debug_macro   0x0000000000000000      0x5b8 ./Kernel/captbl.o
 .debug_macro   0x0000000000000000       0x22 ./Kernel/captbl.o
 .debug_macro   0x0000000000000000       0x58 ./Kernel/captbl.o
 .debug_macro   0x0000000000000000       0x28 ./Kernel/captbl.o
 .debug_macro   0x0000000000000000       0x19 ./Kernel/captbl.o
 .debug_macro   0x0000000000000000       0x19 ./Kernel/captbl.o
 .debug_macro   0x0000000000000000       0x19 ./Kernel/captbl.o
 .debug_macro   0x0000000000000000       0x16 ./Kernel/captbl.o
 .debug_macro   0x0000000000000000       0x35 ./Kernel/captbl.o
 .debug_macro   0x0000000000000000       0x2e ./Kernel/captbl.o
 .note.GNU-stack
                0x0000000000000000        0x0 ./Kernel/captbl.o
 .eh_frame      0x0000000000000000      0x1f8 ./Kernel/captbl.o
 .group         0x0000000000000000        0x8 ./Kernel/kernel.o
 .group         0x0000000000000000        0x8 ./Kernel/kernel.o
 .group         0x0000000000000000        0x8 ./Kernel/kernel.o
 .group         0x0000000000000000        0x8 ./Kernel/kernel.o
 .group         0x0000000000000000        0x8 ./Kernel/kernel.o
 .group         0x0000000000000000        0x8 ./Kernel/kernel.o
 .group         0x0000000000000000        0x8 ./Kernel/kernel.o
 .group         0x0000000000000000        0x8 ./Kernel/kernel.o
 .group         0x0000000000000000        0x8 ./Kernel/kernel.o
 .group         0x0000000000000000        0x8 ./Kernel/kernel.o
 .group         0x0000000000000000        0x8 ./Kernel/kernel.o
 .group         0x0000000000000000        0x8 ./Kernel/kernel.o
 .group         0x0000000000000000        0x8 ./Kernel/kernel.o
 .group         0x0000000000000000        0x8 ./Kernel/kernel.o
 .group         0x0000000000000000        0x8 ./Kernel/kernel.o
 .group         0x0000000000000000        0x8 ./Kernel/kernel.o
 .group         0x0000000000000000        0x8 ./Kernel/kernel.o
 .group         0x0000000000000000        0x8 ./Kernel/kernel.o
 .group         0x0000000000000000        0x8 ./Kernel/kernel.o
 .group         0x0000000000000000        0x8 ./Kernel/kernel.o
 .group         0x0000000000000000        0x8 ./Kernel/kernel.o
 .group         0x0000000000000000        0x8 ./Kernel/kernel.o
 .group         0x0000000000000000        0x8 ./Kernel/kernel.o
 .group         0x0000000000000000        0x8 ./Kernel/kernel.o
 .group         0x0000000000000000        0x8 ./Kernel/kernel.o
 .group         0x0000000000000000        0x8 ./Kernel/kernel.o
 .group         0x0000000000000000        0x8 ./Kernel/kernel.o
 .debug_macro   0x0000000000000000      0x5aa ./Kernel/kernel.o
 .debug_macro   0x0000000000000000       0xd2 ./Kernel/kernel.o
 .debug_macro   0x0000000000000000       0xd7 ./Kernel/kernel.o
 .debug_macro   0x0000000000000000       0x22 ./Kernel/kernel.o
 .debug_macro   0x0000000000000000      0x560 ./Kernel/kernel.o
 .debug_macro   0x0000000000000000      0x10c ./Kernel/kernel.o
 .debug_macro   0x0000000000000000      0x5b8 ./Kernel/kernel.o
 .debug_macro   0x0000000000000000       0x22 ./Kernel/kernel.o
 .debug_macro   0x0000000000000000       0xde ./Kernel/kernel.o
 .debug_macro   0x0000000000000000       0x58 ./Kernel/kernel.o
 .debug_macro   0x0000000000000000       0x28 ./Kernel/kernel.o
 .debug_macro   0x0000000000000000       0x64 ./Kernel/kernel.o
 .debug_macro   0x0000000000000000       0x22 ./Kernel/kernel.o
 .debug_macro   0x0000000000000000       0x19 ./Kernel/kernel.o
 .debug_macro   0x0000000000000000       0x19 ./Kernel/kernel.o
 .debug_macro   0x0000000000000000       0x19 ./Kernel/kernel.o
 .debug_macro   0x0000000000000000       0x16 ./Kernel/kernel.o
 .debug_macro   0x0000000000000000       0x16 ./Kernel/kernel.o
 .debug_macro   0x0000000000000000       0x16 ./Kernel/kernel.o
 .debug_macro   0x0000000000000000       0x16 ./Kernel/kernel.o
 .debug_macro   0x0000000000000000       0x35 ./Kernel/kernel.o
 .debug_macro   0x0000000000000000       0x35 ./Kernel/kernel.o
 .debug_macro   0x0000000000000000       0x2f ./Kernel/kernel.o
 .debug_macro   0x0000000000000000       0x2e ./Kernel/kernel.o
 .debug_macro   0x0000000000000000       0x35 ./Kernel/kernel.o
 .debug_macro   0x0000000000000000       0x2f ./Kernel/kernel.o
 .note.GNU-stack
                0x0000000000000000        0x0 ./Kernel/kernel.o
 .eh_frame      0x0000000000000000      0x2f0 ./Kernel/kernel.o
 .group         0x0000000000000000        0x8 ./Kernel/kotbl.o
 .group         0x0000000000000000        0x8 ./Kernel/kotbl.o
 .group         0x0000000000000000        0x8 ./Kernel/kotbl.o
 .group         0x0000000000000000        0x8 ./Kernel/kotbl.o
 .group         0x0000000000000000        0x8 ./Kernel/kotbl.o
 .group         0x0000000000000000        0x8 ./Kernel/kotbl.o
 .group         0x0000000000000000        0x8 ./Kernel/kotbl.o
 .group         0x0000000000000000        0x8 ./Kernel/kotbl.o
 .group         0x0000000000000000        0x8 ./Kernel/kotbl.o
 .group         0x0000000000000000        0x8 ./Kernel/kotbl.o
 .group         0x0000000000000000        0x8 ./Kernel/kotbl.o
 .group         0x0000000000000000        0x8 ./Kernel/kotbl.o
 .group         0x0000000000000000        0x8 ./Kernel/kotbl.o
 .group         0x0000000000000000        0x8 ./Kernel/kotbl.o
 .group         0x0000000000000000        0x8 ./Kernel/kotbl.o
 .group         0x0000000000000000        0x8 ./Kernel/kotbl.o
 .debug_macro   0x0000000000000000      0x5aa ./Kernel/kotbl.o
 .debug_macro   0x0000000000000000       0xd2 ./Kernel/kotbl.o
 .debug_macro   0x0000000000000000       0xd7 ./Kernel/kotbl.o
 .debug_macro   0x0000000000000000       0x22 ./Kernel/kotbl.o
 .debug_macro   0x0000000000000000      0x560 ./Kernel/kotbl.o
 .debug_macro   0x0000000000000000      0x10c ./Kernel/kotbl.o
 .debug_macro   0x0000000000000000      0x5b8 ./Kernel/kotbl.o
 .debug_macro   0x0000000000000000       0x22 ./Kernel/kotbl.o
 .debug_macro   0x0000000000000000       0x28 ./Kernel/kotbl.o
 .debug_macro   0x0000000000000000       0x19 ./Kernel/kotbl.o
 .debug_macro   0x0000000000000000       0x19 ./Kernel/kotbl.o
 .debug_macro   0x0000000000000000       0x16 ./Kernel/kotbl.o
 .debug_macro   0x0000000000000000       0x16 ./Kernel/kotbl.o
 .debug_macro   0x0000000000000000       0x35 ./Kernel/kotbl.o
 .debug_macro   0x0000000000000000       0x35 ./Kernel/kotbl.o
 .note.GNU-stack
                0x0000000000000000        0x0 ./Kernel/kotbl.o
 .eh_frame      0x0000000000000000      0x110 ./Kernel/kotbl.o
 .group         0x0000000000000000        0x8 ./Kernel/pgtbl.o
 .group         0x0000000000000000        0x8 ./Kernel/pgtbl.o
 .group         0x0000000000000000        0x8 ./Kernel/pgtbl.o
 .group         0x0000000000000000        0x8 ./Kernel/pgtbl.o
 .group         0x0000000000000000        0x8 ./Kernel/pgtbl.o
 .group         0x0000000000000000        0x8 ./Kernel/pgtbl.o
 .group         0x0000000000000000        0x8 ./Kernel/pgtbl.o
 .group         0x0000000000000000        0x8 ./Kernel/pgtbl.o
 .group         0x0000000000000000        0x8 ./Kernel/pgtbl.o
 .group         0x0000000000000000        0x8 ./Kernel/pgtbl.o
 .group         0x0000000000000000        0x8 ./Kernel/pgtbl.o
 .group         0x0000000000000000        0x8 ./Kernel/pgtbl.o
 .group         0x0000000000000000        0x8 ./Kernel/pgtbl.o
 .group         0x0000000000000000        0x8 ./Kernel/pgtbl.o
 .group         0x0000000000000000        0x8 ./Kernel/pgtbl.o
 .group         0x0000000000000000        0x8 ./Kernel/pgtbl.o
 .group         0x0000000000000000        0x8 ./Kernel/pgtbl.o
 .group         0x0000000000000000        0x8 ./Kernel/pgtbl.o
 .group         0x0000000000000000        0x8 ./Kernel/pgtbl.o
 .group         0x0000000000000000        0x8 ./Kernel/pgtbl.o
 .group         0x0000000000000000        0x8 ./Kernel/pgtbl.o
 .debug_macro   0x0000000000000000      0x5aa ./Kernel/pgtbl.o
 .debug_macro   0x0000000000000000       0xd2 ./Kernel/pgtbl.o
 .debug_macro   0x0000000000000000       0xd7 ./Kernel/pgtbl.o
 .debug_macro   0x0000000000000000       0x22 ./Kernel/pgtbl.o
 .debug_macro   0x0000000000000000      0x560 ./Kernel/pgtbl.o
 .debug_macro   0x0000000000000000      0x10c ./Kernel/pgtbl.o
 .debug_macro   0x0000000000000000      0x5b8 ./Kernel/pgtbl.o
 .debug_macro   0x0000000000000000       0x22 ./Kernel/pgtbl.o
 .debug_macro   0x0000000000000000       0xde ./Kernel/pgtbl.o
 .debug_macro   0x0000000000000000       0x28 ./Kernel/pgtbl.o
 .debug_macro   0x0000000000000000       0x58 ./Kernel/pgtbl.o
 .debug_macro   0x0000000000000000       0x19 ./Kernel/pgtbl.o
 .debug_macro   0x0000000000000000       0x19 ./Kernel/pgtbl.o
 .debug_macro   0x0000000000000000       0x19 ./Kernel/pgtbl.o
 .debug_macro   0x0000000000000000       0x16 ./Kernel/pgtbl.o
 .debug_macro   0x0000000000000000       0x16 ./Kernel/pgtbl.o
 .debug_macro   0x0000000000000000       0x35 ./Kernel/pgtbl.o
 .debug_macro   0x0000000000000000       0x35 ./Kernel/pgtbl.o
 .debug_macro   0x0000000000000000       0x35 ./Kernel/pgtbl.o
 .debug_macro   0x0000000000000000       0x2e ./Kernel/pgtbl.o
 .note.GNU-stack
                0x0000000000000000        0x0 ./Kernel/pgtbl.o
 .eh_frame      0x0000000000000000      0x2f8 ./Kernel/pgtbl.o
 .group         0x0000000000000000        0x8 ./Kernel/prcthd.o
 .group         0x0000000000000000        0x8 ./Kernel/prcthd.o
 .group         0x0000000000000000        0x8 ./Kernel/prcthd.o
 .group         0x0000000000000000        0x8 ./Kernel/prcthd.o
 .group         0x0000000000000000        0x8 ./Kernel/prcthd.o
 .group         0x0000000000000000        0x8 ./Kernel/prcthd.o
 .group         0x0000000000000000        0x8 ./Kernel/prcthd.o
 .group         0x0000000000000000        0x8 ./Kernel/prcthd.o
 .group         0x0000000000000000        0x8 ./Kernel/prcthd.o
 .group         0x0000000000000000        0x8 ./Kernel/prcthd.o
 .group         0x0000000000000000        0x8 ./Kernel/prcthd.o
 .group         0x0000000000000000        0x8 ./Kernel/prcthd.o
 .group         0x0000000000000000        0x8 ./Kernel/prcthd.o
 .group         0x0000000000000000        0x8 ./Kernel/prcthd.o
 .group         0x0000000000000000        0x8 ./Kernel/prcthd.o
 .group         0x0000000000000000        0x8 ./Kernel/prcthd.o
 .group         0x0000000000000000        0x8 ./Kernel/prcthd.o
 .group         0x0000000000000000        0x8 ./Kernel/prcthd.o
 .group         0x0000000000000000        0x8 ./Kernel/prcthd.o
 .group         0x0000000000000000        0x8 ./Kernel/prcthd.o
 .group         0x0000000000000000        0x8 ./Kernel/prcthd.o
 .group         0x0000000000000000        0x8 ./Kernel/prcthd.o
 .group         0x0000000000000000        0x8 ./Kernel/prcthd.o
 .group         0x0000000000000000        0x8 ./Kernel/prcthd.o
 .group         0x0000000000000000        0x8 ./Kernel/prcthd.o
 .group         0x0000000000000000        0x8 ./Kernel/prcthd.o
 .group         0x0000000000000000        0x8 ./Kernel/prcthd.o
 .debug_macro   0x0000000000000000      0x5aa ./Kernel/prcthd.o
 .debug_macro   0x0000000000000000       0xd2 ./Kernel/prcthd.o
 .debug_macro   0x0000000000000000       0xd7 ./Kernel/prcthd.o
 .debug_macro   0x0000000000000000       0x22 ./Kernel/prcthd.o
 .debug_macro   0x0000000000000000      0x560 ./Kernel/prcthd.o
 .debug_macro   0x0000000000000000      0x10c ./Kernel/prcthd.o
 .debug_macro   0x0000000000000000      0x5b8 ./Kernel/prcthd.o
 .debug_macro   0x0000000000000000       0x22 ./Kernel/prcthd.o
 .debug_macro   0x0000000000000000       0xde ./Kernel/prcthd.o
 .debug_macro   0x0000000000000000       0x58 ./Kernel/prcthd.o
 .debug_macro   0x0000000000000000       0x22 ./Kernel/prcthd.o
 .debug_macro   0x0000000000000000       0x28 ./Kernel/prcthd.o
 .debug_macro   0x0000000000000000       0x64 ./Kernel/prcthd.o
 .debug_macro   0x0000000000000000       0x19 ./Kernel/prcthd.o
 .debug_macro   0x0000000000000000       0x19 ./Kernel/prcthd.o
 .debug_macro   0x0000000000000000       0x19 ./Kernel/prcthd.o
 .debug_macro   0x0000000000000000       0x16 ./Kernel/prcthd.o
 .debug_macro   0x0000000000000000       0x16 ./Kernel/prcthd.o
 .debug_macro   0x0000000000000000       0x16 ./Kernel/prcthd.o
 .debug_macro   0x0000000000000000       0x16 ./Kernel/prcthd.o
 .debug_macro   0x0000000000000000       0x35 ./Kernel/prcthd.o
 .debug_macro   0x0000000000000000       0x35 ./Kernel/prcthd.o
 .debug_macro   0x0000000000000000       0x35 ./Kernel/prcthd.o
 .debug_macro   0x0000000000000000       0x2f ./Kernel/prcthd.o
 .debug_macro   0x0000000000000000       0x2e ./Kernel/prcthd.o
 .debug_macro   0x0000000000000000       0x2f ./Kernel/prcthd.o
 .note.GNU-stack
                0x0000000000000000        0x0 ./Kernel/prcthd.o
 .eh_frame      0x0000000000000000      0x618 ./Kernel/prcthd.o
 .group         0x0000000000000000        0x8 ./Kernel/siginv.o
 .group         0x0000000000000000        0x8 ./Kernel/siginv.o
 .group         0x0000000000000000        0x8 ./Kernel/siginv.o
 .group         0x0000000000000000        0x8 ./Kernel/siginv.o
 .group         0x0000000000000000        0x8 ./Kernel/siginv.o
 .group         0x0000000000000000        0x8 ./Kernel/siginv.o
 .group         0x0000000000000000        0x8 ./Kernel/siginv.o
 .group         0x0000000000000000        0x8 ./Kernel/siginv.o
 .group         0x0000000000000000        0x8 ./Kernel/siginv.o
 .group         0x0000000000000000        0x8 ./Kernel/siginv.o
 .group         0x0000000000000000        0x8 ./Kernel/siginv.o
 .group         0x0000000000000000        0x8 ./Kernel/siginv.o
 .group         0x0000000000000000        0x8 ./Kernel/siginv.o
 .group         0x0000000000000000        0x8 ./Kernel/siginv.o
 .group         0x0000000000000000        0x8 ./Kernel/siginv.o
 .group         0x0000000000000000        0x8 ./Kernel/siginv.o
 .group         0x0000000000000000        0x8 ./Kernel/siginv.o
 .group         0x0000000000000000        0x8 ./Kernel/siginv.o
 .group         0x0000000000000000        0x8 ./Kernel/siginv.o
 .group         0x0000000000000000        0x8 ./Kernel/siginv.o
 .group         0x0000000000000000        0x8 ./Kernel/siginv.o
 .group         0x0000000000000000        0x8 ./Kernel/siginv.o
 .group         0x0000000000000000        0x8 ./Kernel/siginv.o
 .group         0x0000000000000000        0x8 ./Kernel/siginv.o
 .group         0x0000000000000000        0x8 ./Kernel/siginv.o
 .group         0x0000000000000000        0x8 ./Kernel/siginv.o
 .group         0x0000000000000000        0x8 ./Kernel/siginv.o
 .debug_macro   0x0000000000000000      0x5aa ./Kernel/siginv.o
 .debug_macro   0x0000000000000000       0xd2 ./Kernel/siginv.o
 .debug_macro   0x0000000000000000       0xd7 ./Kernel/siginv.o
 .debug_macro   0x0000000000000000       0x22 ./Kernel/siginv.o
 .debug_macro   0x0000000000000000      0x560 ./Kernel/siginv.o
 .debug_macro   0x0000000000000000      0x10c ./Kernel/siginv.o
 .debug_macro   0x0000000000000000      0x5b8 ./Kernel/siginv.o
 .debug_macro   0x0000000000000000       0x22 ./Kernel/siginv.o
 .debug_macro   0x0000000000000000       0xde ./Kernel/siginv.o
 .debug_macro   0x0000000000000000       0x58 ./Kernel/siginv.o
 .debug_macro   0x0000000000000000       0x28 ./Kernel/siginv.o
 .debug_macro   0x0000000000000000       0x64 ./Kernel/siginv.o
 .debug_macro   0x0000000000000000       0x22 ./Kernel/siginv.o
 .debug_macro   0x0000000000000000       0x19 ./Kernel/siginv.o
 .debug_macro   0x0000000000000000       0x19 ./Kernel/siginv.o
 .debug_macro   0x0000000000000000       0x19 ./Kernel/siginv.o
 .debug_macro   0x0000000000000000       0x16 ./Kernel/siginv.o
 .debug_macro   0x0000000000000000       0x16 ./Kernel/siginv.o
 .debug_macro   0x0000000000000000       0x16 ./Kernel/siginv.o
 .debug_macro   0x0000000000000000       0x16 ./Kernel/siginv.o
 .debug_macro   0x0000000000000000       0x35 ./Kernel/siginv.o
 .debug_macro   0x0000000000000000       0x35 ./Kernel/siginv.o
 .debug_macro   0x0000000000000000       0x35 ./Kernel/siginv.o
 .debug_macro   0x0000000000000000       0x2f ./Kernel/siginv.o
 .debug_macro   0x0000000000000000       0x2e ./Kernel/siginv.o
 .debug_macro   0x0000000000000000       0x35 ./Kernel/siginv.o
 .note.GNU-stack
                0x0000000000000000        0x0 ./Kernel/siginv.o
 .eh_frame      0x0000000000000000      0x3a8 ./Kernel/siginv.o
 .group         0x0000000000000000        0x8 ./UVM.o
 .debug_macro   0x0000000000000000      0x5aa ./UVM.o
 .note.GNU-stack
                0x0000000000000000        0x0 ./UVM.o

Memory Configuration

Name             Origin             Length             Attributes
*default*        0x0000000000000000 0xffffffffffffffff

Linker script and memory map

                0x0000000000100000                __RME_X64_Mboot_Load_Addr = 0x100000
                0xffffffff80100000                . = 0xffffffff80100000
                0xffffffff80100000                PROVIDE (begin, .)

.text           0xffffffff80100000   0x11e70f load address 0x0000000000100000
 *platform_x64_asm.o(.text .rela.text .stub .text.* .gnu.linkonce.t.*)
 .text          0xffffffff80100000   0x10c767 ./Platform/platform_x64_asm.o
                0xffffffff80100000                __RME_X64_Mboot_Header
                0xffffffff80108000                __RME_X64_Mboot_Entry
                0xffffffff80108089                __RME_X64_SMP_Boot_32
                0xffffffff801080d9                _start
                0xffffffff80109000                RME_X64_Kpgt
                0xffffffff8020b800                __RME_X64_In
                0xffffffff8020b800                __RME_X64_Kern_Boot_Stack
                0xffffffff8020b80a                __RME_X64_Out
                0xffffffff8020b816                __RME_X64_Read_MSR
                0xffffffff8020b82a                __RME_X64_Write_MSR
                0xffffffff8020b83f                __RME_CPUID_Get
                0xffffffff8020b849                __RME_X64_CPUID_Get
                0xffffffff8020b875                __RME_X64_GDT_Load
                0xffffffff8020b879                __RME_X64_IDT_Load
                0xffffffff8020b87d                __RME_X64_TSS_Load
                0xffffffff8020b881                __RME_Comp_Swap
                0xffffffff8020b89e                __RME_Fetch_Add
                0xffffffff8020b8a6                __RME_Fetch_And
                0xffffffff8020b8ae                __RME_X64_Write_Release
                0xffffffff8020b8b2                __RME_X64_Pgtbl_Set
                0xffffffff8020b8b6                __RME_Disable_Int
                0xffffffff8020b8b8                __RME_Enable_Int
                0xffffffff8020b8ba                __RME_X64_Halt
                0xffffffff8020b8bc                _RME_Kmain
                0xffffffff8020b8c4                __RME_MSB_Get
                0xffffffff8020b8c9                __RME_Enter_User_Mode
                0xffffffff8020b8dc                __RME_X64_FAULT_DE_Handler
                0xffffffff8020b8e8                __RME_X64_TRAP_DB_Handler
                0xffffffff8020b8f4                __RME_X64_INT_NMI_Handler
                0xffffffff8020b900                __RME_X64_TRAP_BP_Handler
                0xffffffff8020b90c                __RME_X64_TRAP_OF_Handler
                0xffffffff8020b915                __RME_X64_FAULT_BR_Handler
                0xffffffff8020b91e                __RME_X64_FAULT_UD_Handler
                0xffffffff8020b927                __RME_X64_FAULT_NM_Handler
                0xffffffff8020b930                __RME_X64_ABORT_DF_Handler
                0xffffffff8020b937                __RME_X64_ABORT_OLD_MF_Handler
                0xffffffff8020b940                __RME_X64_FAULT_TS_Handler
                0xffffffff8020b947                __RME_X64_FAULT_NP_Handler
                0xffffffff8020b94e                __RME_X64_FAULT_SS_Handler
                0xffffffff8020b955                __RME_X64_FAULT_GP_Handler
                0xffffffff8020b95c                __RME_X64_FAULT_PF_Handler
                0xffffffff8020b963                __RME_X64_FAULT_MF_Handler
                0xffffffff8020b96c                __RME_X64_FAULT_AC_Handler
                0xffffffff8020b973                __RME_X64_ABORT_MC_Handler
                0xffffffff8020b97c                __RME_X64_FAULT_XM_Handler
                0xffffffff8020b985                __RME_X64_FAULT_VE_Handler
                0xffffffff8020b9de                __RME_X64_USER32_Handler
                0xffffffff8020b9ea                __RME_X64_USER33_Handler
                0xffffffff8020b9f6                __RME_X64_USER34_Handler
                0xffffffff8020ba02                __RME_X64_USER35_Handler
                0xffffffff8020ba0e                __RME_X64_USER36_Handler
                0xffffffff8020ba1a                __RME_X64_USER37_Handler
                0xffffffff8020ba26                __RME_X64_USER38_Handler
                0xffffffff8020ba32                __RME_X64_USER39_Handler
                0xffffffff8020ba3e                __RME_X64_USER40_Handler
                0xffffffff8020ba4a                __RME_X64_USER41_Handler
                0xffffffff8020ba56                __RME_X64_USER42_Handler
                0xffffffff8020ba62                __RME_X64_USER43_Handler
                0xffffffff8020ba6e                __RME_X64_USER44_Handler
                0xffffffff8020ba7a                __RME_X64_USER45_Handler
                0xffffffff8020ba86                __RME_X64_USER46_Handler
                0xffffffff8020ba92                __RME_X64_USER47_Handler
                0xffffffff8020ba9e                __RME_X64_USER48_Handler
                0xffffffff8020baaa                __RME_X64_USER49_Handler
                0xffffffff8020bab6                __RME_X64_USER50_Handler
                0xffffffff8020bac2                __RME_X64_USER51_Handler
                0xffffffff8020bace                __RME_X64_USER52_Handler
                0xffffffff8020bada                __RME_X64_USER53_Handler
                0xffffffff8020bae6                __RME_X64_USER54_Handler
                0xffffffff8020baf2                __RME_X64_USER55_Handler
                0xffffffff8020bafe                __RME_X64_USER56_Handler
                0xffffffff8020bb0a                __RME_X64_USER57_Handler
                0xffffffff8020bb16                __RME_X64_USER58_Handler
                0xffffffff8020bb22                __RME_X64_USER59_Handler
                0xffffffff8020bb2e                __RME_X64_USER60_Handler
                0xffffffff8020bb3a                __RME_X64_USER61_Handler
                0xffffffff8020bb46                __RME_X64_USER62_Handler
                0xffffffff8020bb52                __RME_X64_USER63_Handler
                0xffffffff8020bb5e                __RME_X64_USER64_Handler
                0xffffffff8020bb6a                __RME_X64_USER65_Handler
                0xffffffff8020bb76                __RME_X64_USER66_Handler
                0xffffffff8020bb82                __RME_X64_USER67_Handler
                0xffffffff8020bb8e                __RME_X64_USER68_Handler
                0xffffffff8020bb9a                __RME_X64_USER69_Handler
                0xffffffff8020bba6                __RME_X64_USER70_Handler
                0xffffffff8020bbb2                __RME_X64_USER71_Handler
                0xffffffff8020bbbe                __RME_X64_USER72_Handler
                0xffffffff8020bbca                __RME_X64_USER73_Handler
                0xffffffff8020bbd6                __RME_X64_USER74_Handler
                0xffffffff8020bbe2                __RME_X64_USER75_Handler
                0xffffffff8020bbee                __RME_X64_USER76_Handler
                0xffffffff8020bbfa                __RME_X64_USER77_Handler
                0xffffffff8020bc06                __RME_X64_USER78_Handler
                0xffffffff8020bc12                __RME_X64_USER79_Handler
                0xffffffff8020bc1e                __RME_X64_USER80_Handler
                0xffffffff8020bc2a                __RME_X64_USER81_Handler
                0xffffffff8020bc36                __RME_X64_USER82_Handler
                0xffffffff8020bc42                __RME_X64_USER83_Handler
                0xffffffff8020bc4e                __RME_X64_USER84_Handler
                0xffffffff8020bc5a                __RME_X64_USER85_Handler
                0xffffffff8020bc66                __RME_X64_USER86_Handler
                0xffffffff8020bc72                __RME_X64_USER87_Handler
                0xffffffff8020bc7e                __RME_X64_USER88_Handler
                0xffffffff8020bc8a                __RME_X64_USER89_Handler
                0xffffffff8020bc96                __RME_X64_USER90_Handler
                0xffffffff8020bca2                __RME_X64_USER91_Handler
                0xffffffff8020bcae                __RME_X64_USER92_Handler
                0xffffffff8020bcba                __RME_X64_USER93_Handler
                0xffffffff8020bcc6                __RME_X64_USER94_Handler
                0xffffffff8020bcd2                __RME_X64_USER95_Handler
                0xffffffff8020bcde                __RME_X64_USER96_Handler
                0xffffffff8020bcea                __RME_X64_USER97_Handler
                0xffffffff8020bcf6                __RME_X64_USER98_Handler
                0xffffffff8020bd02                __RME_X64_USER99_Handler
                0xffffffff8020bd0e                __RME_X64_USER100_Handler
                0xffffffff8020bd1a                __RME_X64_USER101_Handler
                0xffffffff8020bd26                __RME_X64_USER102_Handler
                0xffffffff8020bd32                __RME_X64_USER103_Handler
                0xffffffff8020bd3e                __RME_X64_USER104_Handler
                0xffffffff8020bd4a                __RME_X64_USER105_Handler
                0xffffffff8020bd56                __RME_X64_USER106_Handler
                0xffffffff8020bd62                __RME_X64_USER107_Handler
                0xffffffff8020bd6e                __RME_X64_USER108_Handler
                0xffffffff8020bd7a                __RME_X64_USER109_Handler
                0xffffffff8020bd86                __RME_X64_USER110_Handler
                0xffffffff8020bd92                __RME_X64_USER111_Handler
                0xffffffff8020bd9e                __RME_X64_USER112_Handler
                0xffffffff8020bdaa                __RME_X64_USER113_Handler
                0xffffffff8020bdb6                __RME_X64_USER114_Handler
                0xffffffff8020bdc2                __RME_X64_USER115_Handler
                0xffffffff8020bdce                __RME_X64_USER116_Handler
                0xffffffff8020bdda                __RME_X64_USER117_Handler
                0xffffffff8020bde6                __RME_X64_USER118_Handler
                0xffffffff8020bdf2                __RME_X64_USER119_Handler
                0xffffffff8020bdfe                __RME_X64_USER120_Handler
                0xffffffff8020be0a                __RME_X64_USER121_Handler
                0xffffffff8020be16                __RME_X64_USER122_Handler
                0xffffffff8020be22                __RME_X64_USER123_Handler
                0xffffffff8020be2e                __RME_X64_USER124_Handler
                0xffffffff8020be3a                __RME_X64_USER125_Handler
                0xffffffff8020be46                __RME_X64_USER126_Handler
                0xffffffff8020be52                __RME_X64_USER127_Handler
                0xffffffff8020be5e                __RME_X64_USER128_Handler
                0xffffffff8020be6d                __RME_X64_USER129_Handler
                0xffffffff8020be7c                __RME_X64_USER130_Handler
                0xffffffff8020be8b                __RME_X64_USER131_Handler
                0xffffffff8020be9a                __RME_X64_USER132_Handler
                0xffffffff8020bea9                __RME_X64_USER133_Handler
                0xffffffff8020beb8                __RME_X64_USER134_Handler
                0xffffffff8020bec7                __RME_X64_USER135_Handler
                0xffffffff8020bed6                __RME_X64_USER136_Handler
                0xffffffff8020bee5                __RME_X64_USER137_Handler
                0xffffffff8020bef4                __RME_X64_USER138_Handler
                0xffffffff8020bf03                __RME_X64_USER139_Handler
                0xffffffff8020bf12                __RME_X64_USER140_Handler
                0xffffffff8020bf21                __RME_X64_USER141_Handler
                0xffffffff8020bf30                __RME_X64_USER142_Handler
                0xffffffff8020bf3f                __RME_X64_USER143_Handler
                0xffffffff8020bf4e                __RME_X64_USER144_Handler
                0xffffffff8020bf5d                __RME_X64_USER145_Handler
                0xffffffff8020bf6c                __RME_X64_USER146_Handler
                0xffffffff8020bf7b                __RME_X64_USER147_Handler
                0xffffffff8020bf8a                __RME_X64_USER148_Handler
                0xffffffff8020bf99                __RME_X64_USER149_Handler
                0xffffffff8020bfa8                __RME_X64_USER150_Handler
                0xffffffff8020bfb7                __RME_X64_USER151_Handler
                0xffffffff8020bfc6                __RME_X64_USER152_Handler
                0xffffffff8020bfd5                __RME_X64_USER153_Handler
                0xffffffff8020bfe4                __RME_X64_USER154_Handler
                0xffffffff8020bff3                __RME_X64_USER155_Handler
                0xffffffff8020c002                __RME_X64_USER156_Handler
                0xffffffff8020c011                __RME_X64_USER157_Handler
                0xffffffff8020c020                __RME_X64_USER158_Handler
                0xffffffff8020c02f                __RME_X64_USER159_Handler
                0xffffffff8020c03e                __RME_X64_USER160_Handler
                0xffffffff8020c04d                __RME_X64_USER161_Handler
                0xffffffff8020c05c                __RME_X64_USER162_Handler
                0xffffffff8020c06b                __RME_X64_USER163_Handler
                0xffffffff8020c07a                __RME_X64_USER164_Handler
                0xffffffff8020c089                __RME_X64_USER165_Handler
                0xffffffff8020c098                __RME_X64_USER166_Handler
                0xffffffff8020c0a7                __RME_X64_USER167_Handler
                0xffffffff8020c0b6                __RME_X64_USER168_Handler
                0xffffffff8020c0c5                __RME_X64_USER169_Handler
                0xffffffff8020c0d4                __RME_X64_USER170_Handler
                0xffffffff8020c0e3                __RME_X64_USER171_Handler
                0xffffffff8020c0f2                __RME_X64_USER172_Handler
                0xffffffff8020c101                __RME_X64_USER173_Handler
                0xffffffff8020c110                __RME_X64_USER174_Handler
                0xffffffff8020c11f                __RME_X64_USER175_Handler
                0xffffffff8020c12e                __RME_X64_USER176_Handler
                0xffffffff8020c13d                __RME_X64_USER177_Handler
                0xffffffff8020c14c                __RME_X64_USER178_Handler
                0xffffffff8020c15b                __RME_X64_USER179_Handler
                0xffffffff8020c16a                __RME_X64_USER180_Handler
                0xffffffff8020c179                __RME_X64_USER181_Handler
                0xffffffff8020c188                __RME_X64_USER182_Handler
                0xffffffff8020c197                __RME_X64_USER183_Handler
                0xffffffff8020c1a6                __RME_X64_USER184_Handler
                0xffffffff8020c1b5                __RME_X64_USER185_Handler
                0xffffffff8020c1c4                __RME_X64_USER186_Handler
                0xffffffff8020c1d3                __RME_X64_USER187_Handler
                0xffffffff8020c1e2                __RME_X64_USER188_Handler
                0xffffffff8020c1f1                __RME_X64_USER189_Handler
                0xffffffff8020c200                __RME_X64_USER190_Handler
                0xffffffff8020c20f                __RME_X64_USER191_Handler
                0xffffffff8020c21e                __RME_X64_USER192_Handler
                0xffffffff8020c22d                __RME_X64_USER193_Handler
                0xffffffff8020c23c                __RME_X64_USER194_Handler
                0xffffffff8020c24b                __RME_X64_USER195_Handler
                0xffffffff8020c25a                __RME_X64_USER196_Handler
                0xffffffff8020c269                __RME_X64_USER197_Handler
                0xffffffff8020c278                __RME_X64_USER198_Handler
                0xffffffff8020c287                __RME_X64_USER199_Handler
                0xffffffff8020c296                __RME_X64_USER200_Handler
                0xffffffff8020c2a5                __RME_X64_USER201_Handler
                0xffffffff8020c2b4                __RME_X64_USER202_Handler
                0xffffffff8020c2c3                __RME_X64_USER203_Handler
                0xffffffff8020c2d2                __RME_X64_USER204_Handler
                0xffffffff8020c2e1                __RME_X64_USER205_Handler
                0xffffffff8020c2f0                __RME_X64_USER206_Handler
                0xffffffff8020c2ff                __RME_X64_USER207_Handler
                0xffffffff8020c30e                __RME_X64_USER208_Handler
                0xffffffff8020c31d                __RME_X64_USER209_Handler
                0xffffffff8020c32c                __RME_X64_USER210_Handler
                0xffffffff8020c33b                __RME_X64_USER211_Handler
                0xffffffff8020c34a                __RME_X64_USER212_Handler
                0xffffffff8020c359                __RME_X64_USER213_Handler
                0xffffffff8020c368                __RME_X64_USER214_Handler
                0xffffffff8020c377                __RME_X64_USER215_Handler
                0xffffffff8020c386                __RME_X64_USER216_Handler
                0xffffffff8020c395                __RME_X64_USER217_Handler
                0xffffffff8020c3a4                __RME_X64_USER218_Handler
                0xffffffff8020c3b3                __RME_X64_USER219_Handler
                0xffffffff8020c3c2                __RME_X64_USER220_Handler
                0xffffffff8020c3d1                __RME_X64_USER221_Handler
                0xffffffff8020c3e0                __RME_X64_USER222_Handler
                0xffffffff8020c3ef                __RME_X64_USER223_Handler
                0xffffffff8020c3fe                __RME_X64_USER224_Handler
                0xffffffff8020c40d                __RME_X64_USER225_Handler
                0xffffffff8020c41c                __RME_X64_USER226_Handler
                0xffffffff8020c42b                __RME_X64_USER227_Handler
                0xffffffff8020c43a                __RME_X64_USER228_Handler
                0xffffffff8020c449                __RME_X64_USER229_Handler
                0xffffffff8020c458                __RME_X64_USER230_Handler
                0xffffffff8020c467                __RME_X64_USER231_Handler
                0xffffffff8020c476                __RME_X64_USER232_Handler
                0xffffffff8020c485                __RME_X64_USER233_Handler
                0xffffffff8020c494                __RME_X64_USER234_Handler
                0xffffffff8020c4a3                __RME_X64_USER235_Handler
                0xffffffff8020c4b2                __RME_X64_USER236_Handler
                0xffffffff8020c4c1                __RME_X64_USER237_Handler
                0xffffffff8020c4d0                __RME_X64_USER238_Handler
                0xffffffff8020c4df                __RME_X64_USER239_Handler
                0xffffffff8020c4ee                __RME_X64_USER240_Handler
                0xffffffff8020c4fd                __RME_X64_USER241_Handler
                0xffffffff8020c50c                __RME_X64_USER242_Handler
                0xffffffff8020c51b                __RME_X64_USER243_Handler
                0xffffffff8020c52a                __RME_X64_USER244_Handler
                0xffffffff8020c539                __RME_X64_USER245_Handler
                0xffffffff8020c545                __RME_X64_USER246_Handler
                0xffffffff8020c551                __RME_X64_USER247_Handler
                0xffffffff8020c55d                __RME_X64_USER248_Handler
                0xffffffff8020c569                __RME_X64_USER249_Handler
                0xffffffff8020c575                __RME_X64_USER250_Handler
                0xffffffff8020c581                __RME_X64_USER251_Handler
                0xffffffff8020c58d                __RME_X64_USER252_Handler
                0xffffffff8020c599                __RME_X64_USER253_Handler
                0xffffffff8020c5a5                __RME_X64_USER254_Handler
                0xffffffff8020c5b1                __RME_X64_USER255_Handler
                0xffffffff8020c612                SysTick_SMP_Handler
                0xffffffff8020c66c                SysTick_Handler
                0xffffffff8020c6cb                SVC_Handler
 *(.text .rela.text .stub .text.* .gnu.linkonce.t.*)
 *fill*         0xffffffff8020c767        0x9 
 .text          0xffffffff8020c770     0x8327 ./Platform/platform_x64.o
                0xffffffff802112d0                __RME_Putchar
                0xffffffff80211310                __RME_X64_LAPIC_Ack
                0xffffffff80211330                __RME_X64_SMP_Init
                0xffffffff80211510                __RME_X64_SMP_Tick
                0xffffffff80211550                __RME_Low_Level_Init
                0xffffffff80211f30                __RME_Pgtbl_Kmem_Init
                0xffffffff80212800                __RME_SMP_Low_Level_Init
                0xffffffff80212910                __RME_Boot
                0xffffffff80213ae0                __RME_Reboot
                0xffffffff80213b50                __RME_Shutdown
                0xffffffff80213bc0                __RME_Get_Syscall_Param
                0xffffffff80213bf0                __RME_Set_Syscall_Retval
                0xffffffff80213c00                __RME_Thd_Reg_Init
                0xffffffff80213c50                __RME_Thd_Reg_Copy
                0xffffffff80213d30                __RME_Thd_Cop_Init
                0xffffffff80213d40                __RME_Thd_Cop_Save
                0xffffffff80213d50                __RME_Thd_Cop_Restore
                0xffffffff80213d60                __RME_Inv_Reg_Save
                0xffffffff80213d80                __RME_Inv_Reg_Restore
                0xffffffff80213da0                __RME_Set_Inv_Retval
                0xffffffff80213db0                NDBG
                0xffffffff80213df0                write_string
                0xffffffff80213e20                __RME_Kern_Func_Handler
                0xffffffff80213ff0                __RME_X64_Fault_Handler
                0xffffffff80214380                __RME_X64_Generic_Handler
                0xffffffff802143a0                __RME_Pgtbl_Set
                0xffffffff802143d0                __RME_Pgtbl_Check
                0xffffffff80214420                __RME_Pgtbl_Init
                0xffffffff80214510                __RME_Pgtbl_Del_Check
                0xffffffff80214560                __RME_Pgtbl_Page_Map
                0xffffffff80214600                __RME_Pgtbl_Page_Unmap
                0xffffffff80214660                __RME_Pgtbl_Pgdir_Map
                0xffffffff80214740                __RME_Pgtbl_Pgdir_Unmap
                0xffffffff80214810                __RME_Pgtbl_Lookup
                0xffffffff802148b0                __RME_Pgtbl_Walk
 .text.unlikely
                0xffffffff80214a97        0x0 ./Platform/platform_x64.o
 *fill*         0xffffffff80214a97        0x9 
 .text.startup  0xffffffff80214aa0       0x2b ./Platform/platform_x64.o
                0xffffffff80214aa0                main
 .rela.text     0xffffffff80214acb        0x0 ./Platform/platform_x64.o
 *fill*         0xffffffff80214acb        0x5 
 .text          0xffffffff80214ad0     0x1101 ./Kernel/captbl.o
                0xffffffff80214ad0                _RME_Captbl_Boot_Init
                0xffffffff80214b90                _RME_Captbl_Boot_Crt
                0xffffffff80214d90                _RME_Captbl_Crt
                0xffffffff802150a0                _RME_Captbl_Del
                0xffffffff80215380                _RME_Captbl_Frz
                0xffffffff80215560                _RME_Captbl_Add
                0xffffffff802159e0                _RME_Captbl_Rem
 .text.unlikely
                0xffffffff80215bd1        0x0 ./Kernel/captbl.o
 *fill*         0xffffffff80215bd1        0xf 
 .text          0xffffffff80215be0     0x1606 ./Kernel/kernel.o
                0xffffffff80215be0                _RME_Clear
                0xffffffff80215e10                _RME_Memcmp
                0xffffffff80215e60                _RME_Memcpy
                0xffffffff802160b0                _RME_Timestamp_Inc
                0xffffffff80216290                _RME_Kern_Boot_Crt
                0xffffffff80216430                _RME_Kern_Act
                0xffffffff80216520                _RME_Kmem_Boot_Crt
                0xffffffff80216880                _RME_Svc_Handler
                0xffffffff80216de0                _RME_Tick_SMP_Handler
                0xffffffff80216e70                _RME_Tick_Handler
                0xffffffff80216f10                RME_Kmain
                0xffffffff80216f70                RME_Print_Int
                0xffffffff802170f0                RME_Print_Uint
                0xffffffff802171b0                RME_Print_String
 .text.unlikely
                0xffffffff802171e6        0x0 ./Kernel/kernel.o
 *fill*         0xffffffff802171e6        0xa 
 .text          0xffffffff802171f0      0x435 ./Kernel/kotbl.o
                0xffffffff802171f0                _RME_Kotbl_Init
                0xffffffff80217230                _RME_Kotbl_Mark
                0xffffffff80217460                _RME_Kotbl_Erase
 .text.unlikely
                0xffffffff80217625        0x0 ./Kernel/kotbl.o
 *fill*         0xffffffff80217625        0xb 
 .text          0xffffffff80217630     0x1748 ./Kernel/pgtbl.o
                0xffffffff80217630                _RME_Pgtbl_Boot_Crt
                0xffffffff80217a30                _RME_Pgtbl_Boot_Con
                0xffffffff80217c40                _RME_Pgtbl_Boot_Add
                0xffffffff80217da0                _RME_Pgtbl_Crt
                0xffffffff80218260                _RME_Pgtbl_Del
                0xffffffff80218530                _RME_Pgtbl_Add
                0xffffffff80218860                _RME_Pgtbl_Rem
                0xffffffff802189c0                _RME_Pgtbl_Con
                0xffffffff80218c20                _RME_Pgtbl_Des
 .text.unlikely
                0xffffffff80218d78        0x0 ./Kernel/pgtbl.o
 *fill*         0xffffffff80218d78        0x8 
 .text          0xffffffff80218d80     0x407d ./Kernel/prcthd.o
                0xffffffff80218d80                __RME_List_Crt
                0xffffffff80218d90                __RME_List_Del
                0xffffffff80218da0                __RME_List_Ins
                0xffffffff80218db0                __RME_Thd_Fatal
                0xffffffff80218f70                _RME_Run_Ins
                0xffffffff80218fe0                _RME_Run_Del
                0xffffffff80219050                _RME_Run_High
                0xffffffff802190f0                _RME_Run_Notif
                0xffffffff80219150                _RME_Run_Swt
                0xffffffff80219240                _RME_Prcthd_Init
                0xffffffff802192b0                _RME_Proc_Boot_Crt
                0xffffffff80219780                _RME_Proc_Crt
                0xffffffff80219d40                _RME_Proc_Del
                0xffffffff8021a000                _RME_Proc_Cpt
                0xffffffff8021a290                _RME_Proc_Pgt
                0xffffffff8021a520                _RME_Thd_Boot_Crt
                0xffffffff8021a910                _RME_Thd_Crt
                0xffffffff8021ade0                _RME_Thd_Del
                0xffffffff8021b0e0                _RME_Thd_Exec_Set
                0xffffffff8021b270                _RME_Thd_Hyp_Set
                0xffffffff8021b3b0                _RME_Thd_Sched_Bind
                0xffffffff8021b7c0                _RME_Thd_Sched_Prio
                0xffffffff8021bc30                _RME_Thd_Sched_Free
                0xffffffff8021c0b0                _RME_Thd_Sched_Rcv
                0xffffffff8021c220                _RME_Thd_Time_Xfer
                0xffffffff8021c700                _RME_Thd_Swt
 .text.unlikely
                0xffffffff8021cdfd        0x0 ./Kernel/prcthd.o
 *fill*         0xffffffff8021cdfd        0x3 
 .text          0xffffffff8021ce00     0x190f ./Kernel/siginv.o
                0xffffffff8021ce00                _RME_Sig_Boot_Crt
                0xffffffff8021cfc0                _RME_Sig_Crt
                0xffffffff8021d2a0                _RME_Sig_Del
                0xffffffff8021d580                _RME_Kern_High
                0xffffffff8021d670                _RME_Kern_Snd
                0xffffffff8021d720                _RME_Sig_Snd
                0xffffffff8021d910                _RME_Sig_Rcv
                0xffffffff8021dc60                _RME_Inv_Crt
                0xffffffff8021e050                _RME_Inv_Del
                0xffffffff8021e310                _RME_Inv_Set
                0xffffffff8021e420                _RME_Inv_Act
                0xffffffff8021e5d0                _RME_Inv_Ret
 .text.unlikely
                0xffffffff8021e70f        0x0 ./Kernel/siginv.o
 .text          0xffffffff8021e70f        0x0 ./UVM.o
                [!provide]                        PROVIDE (etext, .)

.iplt           0xffffffff8021e710        0x0 load address 0x000000000021e710
 .iplt          0xffffffff8021e710        0x0 ./Platform/platform_x64.o

.rodata         0xffffffff8021e720     0x2550 load address 0x000000000021e720
 *(.rodata .rodata.* .gnu.linkonce.r.*)
 .rodata.str1.8
                0xffffffff8021e720      0x270 ./Platform/platform_x64.o
 .rodata.str1.1
                0xffffffff8021e990      0x6d9 ./Platform/platform_x64.o
                                        0x6e1 (size before relaxing)
 *fill*         0xffffffff8021f069       0x17 
 .rodata        0xffffffff8021f080      0x2c0 ./Platform/platform_x64.o
 .rodata.str1.8
                0xffffffff8021f340       0x51 ./Kernel/captbl.o
                                         0x79 (size before relaxing)
 .rodata.str1.1
                0xffffffff8021f391        0x9 ./Kernel/captbl.o
                                         0x25 (size before relaxing)
 *fill*         0xffffffff8021f39a        0x6 
 .rodata.str1.8
                0xffffffff8021f3a0       0x51 ./Kernel/kernel.o
                                         0x79 (size before relaxing)
 .rodata.str1.1
                0xffffffff8021f3f1       0x25 ./Kernel/kernel.o
 *fill*         0xffffffff8021f3f1        0x7 
 .rodata        0xffffffff8021f3f8      0x118 ./Kernel/kernel.o
 .rodata.str1.8
                0xffffffff8021f510       0x50 ./Kernel/pgtbl.o
                                         0x78 (size before relaxing)
 .rodata.str1.1
                0xffffffff8021f560        0x9 ./Kernel/pgtbl.o
                                         0x25 (size before relaxing)
 *fill*         0xffffffff8021f569        0x7 
 .rodata.str1.8
                0xffffffff8021f570       0x51 ./Kernel/prcthd.o
                                         0x79 (size before relaxing)
 .rodata.str1.1
                0xffffffff8021f5c1       0x25 ./Kernel/prcthd.o
 *fill*         0xffffffff8021f5c1        0x7 
 .rodata.str1.8
                0xffffffff8021f5c8       0x58 ./Kernel/siginv.o
                                         0x79 (size before relaxing)
 .rodata.str1.1
                0xffffffff8021f620       0x25 ./Kernel/siginv.o
 .rodata        0xffffffff8021f620     0x1650 ./UVM.o
                0xffffffff8021f620                UVM_Init

.rela.dyn       0xffffffff80220c70        0x0 load address 0x0000000000220c70
 .rela.iplt     0xffffffff80220c70        0x0 ./Platform/platform_x64.o
 .rela.text.startup
                0xffffffff80220c70        0x0 ./Platform/platform_x64.o
                0xffffffff80221000                . = ALIGN (0x1000)
                [!provide]                        PROVIDE (data, .)

.data           0xffffffff80221000        0x0 load address 0x0000000000221000
 *(.data)
 .data          0xffffffff80221000        0x0 ./Platform/platform_x64.o
 .data          0xffffffff80221000        0x0 ./Platform/platform_x64_asm.o
 .data          0xffffffff80221000        0x0 ./Kernel/captbl.o
 .data          0xffffffff80221000        0x0 ./Kernel/kernel.o
 .data          0xffffffff80221000        0x0 ./Kernel/kotbl.o
 .data          0xffffffff80221000        0x0 ./Kernel/pgtbl.o
 .data          0xffffffff80221000        0x0 ./Kernel/prcthd.o
 .data          0xffffffff80221000        0x0 ./Kernel/siginv.o
 .data          0xffffffff80221000        0x0 ./UVM.o

.igot.plt       0xffffffff80221000        0x0 load address 0x0000000000221000
 .igot.plt      0xffffffff80221000        0x0 ./Platform/platform_x64.o
                0xffffffff80221000                . = ALIGN (0x1000)
                0xffffffff80221000                PROVIDE (edata, .)
                0xffffffff80221000                . = ALIGN (0x1000)

.bss            0xffffffff80221000    0x4b768 load address 0x0000000000221000
 *captbl.o(.bss)
 .bss           0xffffffff80221000        0x0 ./Kernel/captbl.o
 *kernel.o(.bss)
 .bss           0xffffffff80221000     0x1808 ./Kernel/kernel.o
                0xffffffff80221000                RME_Int_Sig
                0xffffffff80221800                RME_Tick_Sig
                0xffffffff80222000                RME_Cur_Thd
                0xffffffff80222800                RME_Timestamp
 *pgtbl.o(.bss)
 .bss           0xffffffff80222808        0x0 ./Kernel/pgtbl.o
 *prcthd.o(.bss)
 *fill*         0xffffffff80222808       0x18 
 .bss           0xffffffff80222820    0x40800 ./Kernel/prcthd.o
 *siginv.o(.bss)
 .bss           0xffffffff80263020        0x0 ./Kernel/siginv.o
 *platform_x64.o(.bss)
 .bss           0xffffffff80263020     0x9748 ./Platform/platform_x64.o
                0xffffffff80263020                RME_X64_Mem
                0xffffffff8026b020                RME_X64_Phys_Mem
 *platform_x64_asm.o(.bss)
 .bss           0xffffffff8026c768        0x0 ./Platform/platform_x64_asm.o
 *(COMMON)
 .bss           0xffffffff8026c768        0x0 ./UVM.o
                0xffffffff8026c768                PROVIDE (end, .)
                0xffffffff81000000                . = 0xffffffff81000000

.noinit         0xffffffff81000000        0x0 load address 0x0000000001000000
 *kotbl.o(.bss)
 .bss           0xffffffff81000000        0x0 ./Kernel/kotbl.o

/DISCARD/
 *(.eh_frame .rela.eh_frame .note.GNU-stack)
                0x0000000000221000                __RME_X64_Mboot_Load_End = (__RME_X64_Mboot_Load_Addr + (edata - begin))
                0x000000000026c768                __RME_X64_Mboot_BSS_End = (__RME_X64_Mboot_Load_Addr + (end - begin))
                0x0000000000108000                __RME_X64_Mboot_Entry_Addr = (__RME_X64_Mboot_Load_Addr + (__RME_X64_Mboot_Entry - begin))
LOAD ./Platform/platform_x64.o
LOAD ./Platform/platform_x64_asm.o
LOAD ./Kernel/captbl.o
LOAD ./Kernel/kernel.o
LOAD ./Kernel/kotbl.o
LOAD ./Kernel/pgtbl.o
LOAD ./Kernel/prcthd.o
LOAD ./Kernel/siginv.o
LOAD ./UVM.o
OUTPUT(RME elf64-x86-64)

.debug_info     0x0000000000000000     0xf831
 .debug_info    0x0000000000000000     0x65ac ./Platform/platform_x64.o
 .debug_info    0x00000000000065ac      0xa39 ./Kernel/captbl.o
 .debug_info    0x0000000000006fe5     0x1bfc ./Kernel/kernel.o
 .debug_info    0x0000000000008be1      0x3d0 ./Kernel/kotbl.o
 .debug_info    0x0000000000008fb1     0x112b ./Kernel/pgtbl.o
 .debug_info    0x000000000000a0dc     0x3c10 ./Kernel/prcthd.o
 .debug_info    0x000000000000dcec     0x1ae5 ./Kernel/siginv.o
 .debug_info    0x000000000000f7d1       0x60 ./UVM.o

.debug_abbrev   0x0000000000000000     0x131d
 .debug_abbrev  0x0000000000000000      0x509 ./Platform/platform_x64.o
 .debug_abbrev  0x0000000000000509      0x1c8 ./Kernel/captbl.o
 .debug_abbrev  0x00000000000006d1      0x3b6 ./Kernel/kernel.o
 .debug_abbrev  0x0000000000000a87      0x100 ./Kernel/kotbl.o
 .debug_abbrev  0x0000000000000b87      0x1db ./Kernel/pgtbl.o
 .debug_abbrev  0x0000000000000d62      0x33b ./Kernel/prcthd.o
 .debug_abbrev  0x000000000000109d      0x238 ./Kernel/siginv.o
 .debug_abbrev  0x00000000000012d5       0x48 ./UVM.o

.debug_loc      0x0000000000000000     0xfbd3
 .debug_loc     0x0000000000000000     0x27d6 ./Platform/platform_x64.o
 .debug_loc     0x00000000000027d6     0x1305 ./Kernel/captbl.o
 .debug_loc     0x0000000000003adb     0x258b ./Kernel/kernel.o
 .debug_loc     0x0000000000006066      0x9c8 ./Kernel/kotbl.o
 .debug_loc     0x0000000000006a2e     0x1ef1 ./Kernel/pgtbl.o
 .debug_loc     0x000000000000891f     0x548c ./Kernel/prcthd.o
 .debug_loc     0x000000000000ddab     0x1e28 ./Kernel/siginv.o

.debug_aranges  0x0000000000000000      0x180
 .debug_aranges
                0x0000000000000000       0x40 ./Platform/platform_x64.o
 .debug_aranges
                0x0000000000000040       0x30 ./Kernel/captbl.o
 .debug_aranges
                0x0000000000000070       0x30 ./Kernel/kernel.o
 .debug_aranges
                0x00000000000000a0       0x30 ./Kernel/kotbl.o
 .debug_aranges
                0x00000000000000d0       0x30 ./Kernel/pgtbl.o
 .debug_aranges
                0x0000000000000100       0x30 ./Kernel/prcthd.o
 .debug_aranges
                0x0000000000000130       0x30 ./Kernel/siginv.o
 .debug_aranges
                0x0000000000000160       0x20 ./UVM.o

.debug_ranges   0x0000000000000000      0x8b0
 .debug_ranges  0x0000000000000000      0x290 ./Platform/platform_x64.o
 .debug_ranges  0x0000000000000290       0x70 ./Kernel/kernel.o
 .debug_ranges  0x0000000000000300      0x5b0 ./Kernel/prcthd.o

.debug_macro    0x0000000000000000     0x211c
 .debug_macro   0x0000000000000000      0x113 ./Platform/platform_x64.o
 .debug_macro   0x0000000000000113      0x5aa ./Platform/platform_x64.o
 .debug_macro   0x00000000000006bd      0x10c ./Platform/platform_x64.o
 .debug_macro   0x00000000000007c9      0x5b8 ./Platform/platform_x64.o
 .debug_macro   0x0000000000000d81       0x22 ./Platform/platform_x64.o
 .debug_macro   0x0000000000000da3       0x28 ./Platform/platform_x64.o
 .debug_macro   0x0000000000000dcb       0xde ./Platform/platform_x64.o
 .debug_macro   0x0000000000000ea9       0x58 ./Platform/platform_x64.o
 .debug_macro   0x0000000000000f01       0x64 ./Platform/platform_x64.o
 .debug_macro   0x0000000000000f65       0x22 ./Platform/platform_x64.o
 .debug_macro   0x0000000000000f87       0xd2 ./Platform/platform_x64.o
 .debug_macro   0x0000000000001059       0xd7 ./Platform/platform_x64.o
 .debug_macro   0x0000000000001130       0x22 ./Platform/platform_x64.o
 .debug_macro   0x0000000000001152      0x560 ./Platform/platform_x64.o
 .debug_macro   0x00000000000016b2       0x19 ./Platform/platform_x64.o
 .debug_macro   0x00000000000016cb       0x19 ./Platform/platform_x64.o
 .debug_macro   0x00000000000016e4       0x19 ./Platform/platform_x64.o
 .debug_macro   0x00000000000016fd       0x16 ./Platform/platform_x64.o
 .debug_macro   0x0000000000001713       0x16 ./Platform/platform_x64.o
 .debug_macro   0x0000000000001729       0x16 ./Platform/platform_x64.o
 .debug_macro   0x000000000000173f       0x35 ./Platform/platform_x64.o
 .debug_macro   0x0000000000001774       0x35 ./Platform/platform_x64.o
 .debug_macro   0x00000000000017a9       0x35 ./Platform/platform_x64.o
 .debug_macro   0x00000000000017de       0x2f ./Platform/platform_x64.o
 .debug_macro   0x000000000000180d       0x2e ./Platform/platform_x64.o
 .debug_macro   0x000000000000183b       0x35 ./Platform/platform_x64.o
 .debug_macro   0x0000000000001870       0x2f ./Platform/platform_x64.o
 .debug_macro   0x000000000000189f       0xe9 ./Kernel/captbl.o
 .debug_macro   0x0000000000001988       0xde ./Kernel/captbl.o
 .debug_macro   0x0000000000001a66       0x16 ./Kernel/captbl.o
 .debug_macro   0x0000000000001a7c       0x35 ./Kernel/captbl.o
 .debug_macro   0x0000000000001ab1       0x35 ./Kernel/captbl.o
 .debug_macro   0x0000000000001ae6      0x128 ./Kernel/kernel.o
 .debug_macro   0x0000000000001c0e       0x35 ./Kernel/kernel.o
 .debug_macro   0x0000000000001c43       0xc5 ./Kernel/kotbl.o
 .debug_macro   0x0000000000001d08       0x2e ./Kernel/kotbl.o
 .debug_macro   0x0000000000001d36       0xf2 ./Kernel/pgtbl.o
 .debug_macro   0x0000000000001e28       0x2f ./Kernel/pgtbl.o
 .debug_macro   0x0000000000001e57      0x128 ./Kernel/prcthd.o
 .debug_macro   0x0000000000001f7f       0x35 ./Kernel/prcthd.o
 .debug_macro   0x0000000000001fb4      0x128 ./Kernel/siginv.o
 .debug_macro   0x00000000000020dc       0x2f ./Kernel/siginv.o
 .debug_macro   0x000000000000210b       0x11 ./UVM.o

.debug_line     0x0000000000000000     0x52c4
 .debug_line    0x0000000000000000     0x1404 ./Platform/platform_x64.o
 .debug_line    0x0000000000001404      0x8c7 ./Kernel/captbl.o
 .debug_line    0x0000000000001ccb      0x7ac ./Kernel/kernel.o
 .debug_line    0x0000000000002477      0x48e ./Kernel/kotbl.o
 .debug_line    0x0000000000002905      0xa23 ./Kernel/pgtbl.o
 .debug_line    0x0000000000003328     0x150a ./Kernel/prcthd.o
 .debug_line    0x0000000000004832      0xa69 ./Kernel/siginv.o
 .debug_line    0x000000000000529b       0x29 ./UVM.o

.debug_str      0x0000000000000000     0x9668
 .debug_str     0x0000000000000000     0x8c44 ./Platform/platform_x64.o
                                       0x8db6 (size before relaxing)
 .debug_str     0x0000000000008c44      0x230 ./Kernel/captbl.o
                                       0x78ee (size before relaxing)
 .debug_str     0x0000000000008e74      0x350 ./Kernel/kernel.o
                                       0x82c4 (size before relaxing)
 .debug_str     0x00000000000091c4       0x97 ./Kernel/kotbl.o
                                       0x62fb (size before relaxing)
 .debug_str     0x000000000000925b       0xe6 ./Kernel/pgtbl.o
                                       0x79dc (size before relaxing)
 .debug_str     0x0000000000009341      0x23c ./Kernel/prcthd.o
                                       0x82e2 (size before relaxing)
 .debug_str     0x000000000000957d       0x88 ./Kernel/siginv.o
                                       0x8074 (size before relaxing)
 .debug_str     0x0000000000009605       0x63 ./UVM.o
                                       0x1a96 (size before relaxing)

.comment        0x0000000000000000       0x35
 .comment       0x0000000000000000       0x35 ./Platform/platform_x64.o
                                         0x36 (size before relaxing)
 .comment       0x0000000000000035       0x36 ./Kernel/captbl.o
 .comment       0x0000000000000035       0x36 ./Kernel/kernel.o
 .comment       0x0000000000000035       0x36 ./Kernel/kotbl.o
 .comment       0x0000000000000035       0x36 ./Kernel/pgtbl.o
 .comment       0x0000000000000035       0x36 ./Kernel/prcthd.o
 .comment       0x0000000000000035       0x36 ./Kernel/siginv.o
 .comment       0x0000000000000035       0x36 ./UVM.o
